cuda:3
thetaphi at main: True
Loading dataset...
Extended H5: retain valid unknown-truth inputs; supervised loss is masked; exclude_gap_hits=True
Using ILCStreamingDataset (shuffle_buffer=256, files_per_chunk=32, seed=1001)
ILCStreamingDataset: path=/data/suehara/mldata/pfa/murata/data/tc/tc_nnqq_2M_nobrems/train, files=1960, events~=1960000, shuffle_buffer=256, files_per_chunk=32
Extended H5: retain valid unknown-truth inputs; supervised loss is masked; exclude_gap_hits=True
Using ILCStreamingDataset (shuffle_buffer=256, files_per_chunk=32, seed=1001)
ILCStreamingDataset: path=/data/suehara/mldata/pfa/murata/data/tc/tc_nnqq_2M_nobrems/validation, files=20, events~=20000, shuffle_buffer=256, files_per_chunk=32
Training dataset size:  1960000
Validating dataset size:  20000
Batch size:  128
Loading GravNetModelMultiHead (heads=3, reg_heads=2, interaction=none)
restart period :  30
[rank 3] epoch=0 train_batch=2000/15313 loss=1.067958
[rank 3] epoch=0 train_batch=4000/15313 loss=1.054347
[rank 3] epoch=0 train_batch=6000/15313 loss=1.046322
[rank 3] epoch=0 train_batch=8000/15313 loss=1.045817
[rank 3] epoch=0 train_batch=10000/15313 loss=1.051494
[rank 3] epoch=0 train_batch=12000/15313 loss=1.040688
[rank 3] epoch=0 train_batch=14000/15313 loss=1.036925
[rank 3] epoch=1 train_batch=2000/15313 loss=1.029552
[rank 3] epoch=1 train_batch=4000/15313 loss=1.025513
[rank 3] epoch=1 train_batch=6000/15313 loss=1.027598
[rank 3] epoch=1 train_batch=8000/15313 loss=1.023013
[rank 3] epoch=1 train_batch=10000/15313 loss=1.019876
[rank 3] epoch=1 train_batch=12000/15313 loss=1.016315
[rank 3] epoch=1 train_batch=14000/15313 loss=1.017539
[rank 3] epoch=2 train_batch=2000/15313 loss=1.649990
[rank 3] epoch=2 train_batch=4000/15313 loss=1.717578
[rank 3] epoch=2 train_batch=6000/15313 loss=1.742851
[rank 3] epoch=2 train_batch=8000/15313 loss=1.646838
[rank 3] epoch=2 train_batch=10000/15313 loss=1.713414
[rank 3] epoch=2 train_batch=12000/15313 loss=1.673787
[rank 3] epoch=2 train_batch=14000/15313 loss=1.645797
[rank 3] epoch=3 train_batch=2000/15313 loss=1.671194
[rank 3] epoch=3 train_batch=4000/15313 loss=1.702484
[rank 3] epoch=3 train_batch=6000/15313 loss=1.699888
[rank 3] epoch=3 train_batch=8000/15313 loss=1.770203
[rank 3] epoch=3 train_batch=10000/15313 loss=1.740499
[rank 3] epoch=3 train_batch=12000/15313 loss=1.679079
[rank 3] epoch=3 train_batch=14000/15313 loss=1.735915
[rank 3] epoch=4 train_batch=2000/15313 loss=2.741290
[rank 3] epoch=4 train_batch=4000/15313 loss=2.662635
[rank 3] epoch=4 train_batch=6000/15313 loss=2.731279
[rank 3] epoch=4 train_batch=8000/15313 loss=2.582432
[rank 3] epoch=4 train_batch=10000/15313 loss=2.671169
[rank 3] epoch=4 train_batch=12000/15313 loss=2.803733
[rank 3] epoch=4 train_batch=14000/15313 loss=2.739575
[rank 3] epoch=5 train_batch=2000/15313 loss=2.781225
[rank 3] epoch=5 train_batch=4000/15313 loss=2.952833
[rank 3] epoch=5 train_batch=6000/15313 loss=2.774019
[rank 3] epoch=5 train_batch=8000/15313 loss=2.787474
[rank 3] epoch=5 train_batch=10000/15313 loss=2.696116
[rank 3] epoch=5 train_batch=12000/15313 loss=2.623299
[rank 3] epoch=5 train_batch=14000/15313 loss=2.561001
[rank 3] epoch=6 train_batch=2000/15313 loss=2.662998
[rank 3] epoch=6 train_batch=4000/15313 loss=2.508845
[rank 3] epoch=6 train_batch=6000/15313 loss=2.405207
[rank 3] epoch=6 train_batch=8000/15313 loss=2.442075
[rank 3] epoch=6 train_batch=10000/15313 loss=2.386041
[rank 3] epoch=6 train_batch=12000/15313 loss=2.469039
[rank 3] epoch=6 train_batch=14000/15313 loss=2.325159
[rank 3] epoch=7 train_batch=2000/15313 loss=2.392828
[rank 3] epoch=7 train_batch=4000/15313 loss=2.290218
[rank 3] epoch=7 train_batch=6000/15313 loss=2.489372
[rank 3] epoch=7 train_batch=8000/15313 loss=2.434095
[rank 3] epoch=7 train_batch=10000/15313 loss=2.376601
[rank 3] epoch=7 train_batch=12000/15313 loss=2.337035
[rank 3] epoch=7 train_batch=14000/15313 loss=2.409341
[rank 3] epoch=8 train_batch=2000/15313 loss=2.361013
[rank 3] epoch=8 train_batch=4000/15313 loss=2.315125
[rank 3] epoch=8 train_batch=6000/15313 loss=2.242790
[rank 3] epoch=8 train_batch=8000/15313 loss=2.439275
[rank 3] epoch=8 train_batch=10000/15313 loss=2.237535
[rank 3] epoch=8 train_batch=12000/15313 loss=2.279147
[rank 3] epoch=8 train_batch=14000/15313 loss=2.287393
[rank 3] epoch=9 train_batch=2000/15313 loss=2.134423
[rank 3] epoch=9 train_batch=4000/15313 loss=2.073966
[rank 3] epoch=9 train_batch=6000/15313 loss=2.116852
[rank 3] epoch=9 train_batch=8000/15313 loss=2.138631
[rank 3] epoch=9 train_batch=10000/15313 loss=2.060932
[rank 3] epoch=9 train_batch=12000/15313 loss=2.075514
[rank 3] epoch=9 train_batch=14000/15313 loss=2.076062
[rank 3] epoch=10 train_batch=2000/15313 loss=2.156374
[rank 3] epoch=10 train_batch=4000/15313 loss=1.970337
[rank 3] epoch=10 train_batch=6000/15313 loss=2.002510
[rank 3] epoch=10 train_batch=8000/15313 loss=2.080793
[rank 3] epoch=10 train_batch=10000/15313 loss=1.976958
[rank 3] epoch=10 train_batch=12000/15313 loss=1.971016
[rank 3] epoch=10 train_batch=14000/15313 loss=2.029928
[rank 3] epoch=11 train_batch=2000/15313 loss=1.904194
[rank 3] epoch=11 train_batch=4000/15313 loss=1.999723
[rank 3] epoch=11 train_batch=6000/15313 loss=2.017221
[rank 3] epoch=11 train_batch=8000/15313 loss=2.038157
[rank 3] epoch=11 train_batch=10000/15313 loss=2.026446
[rank 3] epoch=11 train_batch=12000/15313 loss=1.959184
[rank 3] epoch=11 train_batch=14000/15313 loss=2.001575
[rank 3] epoch=12 train_batch=2000/15313 loss=1.977176
[rank 3] epoch=12 train_batch=4000/15313 loss=1.984328
[rank 3] epoch=12 train_batch=6000/15313 loss=2.015298
[rank 3] epoch=12 train_batch=8000/15313 loss=1.900184
[rank 3] epoch=12 train_batch=10000/15313 loss=1.941119
[rank 3] epoch=12 train_batch=12000/15313 loss=1.978585
[rank 3] epoch=12 train_batch=14000/15313 loss=2.060761
[rank 3] epoch=13 train_batch=2000/15313 loss=2.026232
[rank 3] epoch=13 train_batch=4000/15313 loss=2.017599
[rank 3] epoch=13 train_batch=6000/15313 loss=1.928882
[rank 3] epoch=13 train_batch=8000/15313 loss=1.876561
[rank 3] epoch=13 train_batch=10000/15313 loss=2.031171
[rank 3] epoch=13 train_batch=12000/15313 loss=1.912302
[rank 3] epoch=13 train_batch=14000/15313 loss=1.911211
[rank 3] epoch=14 train_batch=2000/15313 loss=1.869136
[rank 3] epoch=14 train_batch=4000/15313 loss=1.967808
[rank 3] epoch=14 train_batch=6000/15313 loss=1.878100
[rank 3] epoch=14 train_batch=8000/15313 loss=1.877665
[rank 3] epoch=14 train_batch=10000/15313 loss=1.979788
[rank 3] epoch=14 train_batch=12000/15313 loss=1.852866
[rank 3] epoch=14 train_batch=14000/15313 loss=1.944029
[rank 3] epoch=15 train_batch=2000/15313 loss=1.901469
[rank 3] epoch=15 train_batch=4000/15313 loss=1.846154
[rank 3] epoch=15 train_batch=6000/15313 loss=1.871841
[rank 3] epoch=15 train_batch=8000/15313 loss=1.940599
[rank 3] epoch=15 train_batch=10000/15313 loss=1.778998
[rank 3] epoch=15 train_batch=12000/15313 loss=1.860462
[rank 3] epoch=15 train_batch=14000/15313 loss=1.908715
[rank 3] epoch=16 train_batch=2000/15313 loss=1.944900
[rank 3] epoch=16 train_batch=4000/15313 loss=1.892934
[rank 3] epoch=16 train_batch=6000/15313 loss=1.933552
[rank 3] epoch=16 train_batch=8000/15313 loss=1.873073
[rank 3] epoch=16 train_batch=10000/15313 loss=1.870691
[rank 3] epoch=16 train_batch=12000/15313 loss=1.811007
[rank 3] epoch=16 train_batch=14000/15313 loss=1.885653
[rank 3] epoch=17 train_batch=2000/15313 loss=1.818588
[rank 3] epoch=17 train_batch=4000/15313 loss=1.869287
[rank 3] epoch=17 train_batch=6000/15313 loss=1.880889
[rank 3] epoch=17 train_batch=8000/15313 loss=1.824099
[rank 3] epoch=17 train_batch=10000/15313 loss=1.885590
[rank 3] epoch=17 train_batch=12000/15313 loss=1.913446
[rank 3] epoch=17 train_batch=14000/15313 loss=1.869049
[rank 3] epoch=18 train_batch=2000/15313 loss=1.820704
[rank 3] epoch=18 train_batch=4000/15313 loss=1.842023
[rank 3] epoch=18 train_batch=6000/15313 loss=1.942526
[rank 3] epoch=18 train_batch=8000/15313 loss=1.853542
[rank 3] epoch=18 train_batch=10000/15313 loss=1.827394
[rank 3] epoch=18 train_batch=12000/15313 loss=1.888154
[rank 3] epoch=18 train_batch=14000/15313 loss=1.904623
[rank 3] epoch=19 train_batch=2000/15313 loss=1.823711
[rank 3] epoch=19 train_batch=4000/15313 loss=1.790992
[rank 3] epoch=19 train_batch=6000/15313 loss=1.800208
[rank 3] epoch=19 train_batch=8000/15313 loss=1.870286
[rank 3] epoch=19 train_batch=10000/15313 loss=1.842355
[rank 3] epoch=19 train_batch=12000/15313 loss=1.838614
[rank 3] epoch=19 train_batch=14000/15313 loss=1.869918
[rank 3] epoch=20 train_batch=2000/15313 loss=1.842844
[rank 3] epoch=20 train_batch=4000/15313 loss=1.773883
[rank 3] epoch=20 train_batch=6000/15313 loss=1.770797
[rank 3] epoch=20 train_batch=8000/15313 loss=1.837920
[rank 3] epoch=20 train_batch=10000/15313 loss=1.834897
[rank 3] epoch=20 train_batch=12000/15313 loss=1.774746
[rank 3] epoch=20 train_batch=14000/15313 loss=1.793787
[rank 3] epoch=21 train_batch=2000/15313 loss=1.857894
[rank 3] epoch=21 train_batch=4000/15313 loss=1.893449
[rank 3] epoch=21 train_batch=6000/15313 loss=1.836276
[rank 3] epoch=21 train_batch=8000/15313 loss=1.788942
[rank 3] epoch=21 train_batch=10000/15313 loss=1.818949
[rank 3] epoch=21 train_batch=12000/15313 loss=1.795472
[rank 3] epoch=21 train_batch=14000/15313 loss=1.855546
[rank 3] epoch=22 train_batch=2000/15313 loss=1.785903
[rank 3] epoch=22 train_batch=4000/15313 loss=1.863934
[rank 3] epoch=22 train_batch=6000/15313 loss=1.816359
[rank 3] epoch=22 train_batch=8000/15313 loss=1.817888
[rank 3] epoch=22 train_batch=10000/15313 loss=1.785794
[rank 3] epoch=22 train_batch=12000/15313 loss=1.730154
[rank 3] epoch=22 train_batch=14000/15313 loss=1.757536
[rank 3] epoch=23 train_batch=2000/15313 loss=1.820558
[rank 3] epoch=23 train_batch=4000/15313 loss=1.735887
[rank 3] epoch=23 train_batch=6000/15313 loss=1.823814
[rank 3] epoch=23 train_batch=8000/15313 loss=1.755289
[rank 3] epoch=23 train_batch=10000/15313 loss=1.789821
[rank 3] epoch=23 train_batch=12000/15313 loss=1.831051
[rank 3] epoch=23 train_batch=14000/15313 loss=1.756019
[rank 3] epoch=24 train_batch=2000/15313 loss=1.795805
[rank 3] epoch=24 train_batch=4000/15313 loss=1.756035
[rank 3] epoch=24 train_batch=6000/15313 loss=1.902626
[rank 3] epoch=24 train_batch=8000/15313 loss=1.797809
[rank 3] epoch=24 train_batch=10000/15313 loss=1.771882
[rank 3] epoch=24 train_batch=12000/15313 loss=1.759574
[rank 3] epoch=24 train_batch=14000/15313 loss=1.732731
[rank 3] epoch=25 train_batch=2000/15313 loss=1.732535
[rank 3] epoch=25 train_batch=4000/15313 loss=1.766387
[rank 3] epoch=25 train_batch=6000/15313 loss=1.757504
[rank 3] epoch=25 train_batch=8000/15313 loss=1.762978
[rank 3] epoch=25 train_batch=10000/15313 loss=1.793274
[rank 3] epoch=25 train_batch=12000/15313 loss=1.788678
[rank 3] epoch=25 train_batch=14000/15313 loss=1.731897
[rank 3] epoch=26 train_batch=2000/15313 loss=1.758253
[rank 3] epoch=26 train_batch=4000/15313 loss=1.796396
[rank 3] epoch=26 train_batch=6000/15313 loss=1.819849
[rank 3] epoch=26 train_batch=8000/15313 loss=1.768827
[rank 3] epoch=26 train_batch=10000/15313 loss=1.770112
[rank 3] epoch=26 train_batch=12000/15313 loss=1.897359
[rank 3] epoch=26 train_batch=14000/15313 loss=1.803769
[rank 3] epoch=27 train_batch=2000/15313 loss=1.807400
[rank 3] epoch=27 train_batch=4000/15313 loss=1.731167
[rank 3] epoch=27 train_batch=6000/15313 loss=1.748566
[rank 3] epoch=27 train_batch=8000/15313 loss=1.788708
[rank 3] epoch=27 train_batch=10000/15313 loss=1.855179
[rank 3] epoch=27 train_batch=12000/15313 loss=1.831356
[rank 3] epoch=27 train_batch=14000/15313 loss=1.846392
[rank 3] epoch=28 train_batch=2000/15313 loss=1.749654
[rank 3] epoch=28 train_batch=4000/15313 loss=1.763398
[rank 3] epoch=28 train_batch=6000/15313 loss=1.743559
[rank 3] epoch=28 train_batch=8000/15313 loss=1.781665
[rank 3] epoch=28 train_batch=10000/15313 loss=1.724610
[rank 3] epoch=28 train_batch=12000/15313 loss=1.773984
[rank 3] epoch=28 train_batch=14000/15313 loss=1.770270
[rank 3] epoch=29 train_batch=2000/15313 loss=1.762231
[rank 3] epoch=29 train_batch=4000/15313 loss=1.792507
[rank 3] epoch=29 train_batch=6000/15313 loss=1.798006
[rank 3] epoch=29 train_batch=8000/15313 loss=1.731501
[rank 3] epoch=29 train_batch=10000/15313 loss=1.700939
[rank 3] epoch=29 train_batch=12000/15313 loss=1.707656
[rank 3] epoch=29 train_batch=14000/15313 loss=1.815219
[rank 3] epoch=30 train_batch=2000/15313 loss=1.912797
[rank 3] epoch=30 train_batch=4000/15313 loss=1.865080
[rank 3] epoch=30 train_batch=6000/15313 loss=1.837539
[rank 3] epoch=30 train_batch=8000/15313 loss=1.936480
[rank 3] epoch=30 train_batch=10000/15313 loss=1.887185
[rank 3] epoch=30 train_batch=12000/15313 loss=1.968636
[rank 3] epoch=30 train_batch=14000/15313 loss=1.881654
[rank 3] epoch=31 train_batch=2000/15313 loss=1.854514
[rank 3] epoch=31 train_batch=4000/15313 loss=1.854955
[rank 3] epoch=31 train_batch=6000/15313 loss=1.862681
[rank 3] epoch=31 train_batch=8000/15313 loss=1.933381
[rank 3] epoch=31 train_batch=10000/15313 loss=1.796558
[rank 3] epoch=31 train_batch=12000/15313 loss=1.837103
[rank 3] epoch=31 train_batch=14000/15313 loss=1.803883
[rank 3] epoch=32 train_batch=2000/15313 loss=1.765601
[rank 3] epoch=32 train_batch=4000/15313 loss=1.859720
[rank 3] epoch=32 train_batch=6000/15313 loss=1.817147
[rank 3] epoch=32 train_batch=8000/15313 loss=1.795603
[rank 3] epoch=32 train_batch=10000/15313 loss=1.850085
[rank 3] epoch=32 train_batch=12000/15313 loss=1.794681
[rank 3] epoch=32 train_batch=14000/15313 loss=1.785430
[rank 3] epoch=33 train_batch=2000/15313 loss=1.839156
[rank 3] epoch=33 train_batch=4000/15313 loss=1.717532
[rank 3] epoch=33 train_batch=6000/15313 loss=1.867262
[rank 3] epoch=33 train_batch=8000/15313 loss=1.797540
[rank 3] epoch=33 train_batch=10000/15313 loss=1.796092
[rank 3] epoch=33 train_batch=12000/15313 loss=1.774575
[rank 3] epoch=33 train_batch=14000/15313 loss=1.848515
[rank 3] epoch=34 train_batch=2000/15313 loss=1.754462
[rank 3] epoch=34 train_batch=4000/15313 loss=1.728659
[rank 3] epoch=34 train_batch=6000/15313 loss=1.831954
[rank 3] epoch=34 train_batch=8000/15313 loss=1.851524
[rank 3] epoch=34 train_batch=10000/15313 loss=1.706807
[rank 3] epoch=34 train_batch=12000/15313 loss=1.746190
[rank 3] epoch=34 train_batch=14000/15313 loss=1.859096
[rank 3] epoch=35 train_batch=2000/15313 loss=1.710828
[rank 3] epoch=35 train_batch=4000/15313 loss=1.745550
[rank 3] epoch=35 train_batch=6000/15313 loss=1.745659
[rank 3] epoch=35 train_batch=8000/15313 loss=1.790720
[rank 3] epoch=35 train_batch=10000/15313 loss=1.648665
[rank 3] epoch=35 train_batch=12000/15313 loss=1.658286
[rank 3] epoch=35 train_batch=14000/15313 loss=1.735546
[rank 3] epoch=36 train_batch=2000/15313 loss=1.648764
[rank 3] epoch=36 train_batch=4000/15313 loss=1.759870
[rank 3] epoch=36 train_batch=6000/15313 loss=1.730410
[rank 3] epoch=36 train_batch=8000/15313 loss=1.741170
[rank 3] epoch=36 train_batch=10000/15313 loss=1.707858
[rank 3] epoch=36 train_batch=12000/15313 loss=1.600584
[rank 3] epoch=36 train_batch=14000/15313 loss=1.705611
[rank 3] epoch=37 train_batch=2000/15313 loss=1.713192
[rank 3] epoch=37 train_batch=4000/15313 loss=1.642497
[rank 3] epoch=37 train_batch=6000/15313 loss=1.740490
[rank 3] epoch=37 train_batch=8000/15313 loss=1.744461
[rank 3] epoch=37 train_batch=10000/15313 loss=1.737938
[rank 3] epoch=37 train_batch=12000/15313 loss=1.653714
[rank 3] epoch=37 train_batch=14000/15313 loss=1.742466
[rank 3] epoch=38 train_batch=2000/15313 loss=1.656484
[rank 3] epoch=38 train_batch=4000/15313 loss=1.760560
[rank 3] epoch=38 train_batch=6000/15313 loss=1.711400
[rank 3] epoch=38 train_batch=8000/15313 loss=1.687849
[rank 3] epoch=38 train_batch=10000/15313 loss=1.745125
[rank 3] epoch=38 train_batch=12000/15313 loss=1.754419
[rank 3] epoch=38 train_batch=14000/15313 loss=1.709845
[rank 3] epoch=39 train_batch=2000/15313 loss=1.740047
[rank 3] epoch=39 train_batch=4000/15313 loss=1.739751
[rank 3] epoch=39 train_batch=6000/15313 loss=1.780494
[rank 3] epoch=39 train_batch=8000/15313 loss=1.793950
[rank 3] epoch=39 train_batch=10000/15313 loss=1.739960
Exception ignored in: <function _MultiProcessingDataLoaderIter.__del__ at 0x70f612076040>
Traceback (most recent call last):
  File "/opt/pyenv/versions/3.9.18/lib/python3.9/site-packages/torch/utils/data/dataloader.py", line 1479, in __del__
    self._shutdown_workers()
  File "/opt/pyenv/versions/3.9.18/lib/python3.9/site-packages/torch/utils/data/dataloader.py", line 1443, in _shutdown_workers
    w.join(timeout=_utils.MP_STATUS_CHECK_INTERVAL)
  File "/opt/pyenv/versions/3.9.18/lib/python3.9/multiprocessing/process.py", line 149, in join
    res = self._popen.wait(timeout)
  File "/opt/pyenv/versions/3.9.18/lib/python3.9/multiprocessing/popen_fork.py", line 40, in wait
    if not wait([self.sentinel], timeout):
  File "/opt/pyenv/versions/3.9.18/lib/python3.9/multiprocessing/connection.py", line 931, in wait
    ready = selector.select(timeout)
  File "/opt/pyenv/versions/3.9.18/lib/python3.9/selectors.py", line 416, in select
    fd_event_list = self._selector.poll(timeout)
KeyboardInterrupt: 
Exception ignored in: <function tqdm.__del__ at 0x70f6e99651f0>
Traceback (most recent call last):
  File "/opt/pyenv/versions/3.9.18/lib/python3.9/site-packages/tqdm/std.py", line 1148, in __del__
    def __del__(self):
KeyboardInterrupt: 
Process SpawnProcess-4:
Traceback (most recent call last):
  File "/opt/pyenv/versions/3.9.18/lib/python3.9/multiprocessing/process.py", line 318, in _bootstrap
    util._exit_function()
  File "/opt/pyenv/versions/3.9.18/lib/python3.9/multiprocessing/util.py", line 357, in _exit_function
    p.join()
  File "/opt/pyenv/versions/3.9.18/lib/python3.9/multiprocessing/process.py", line 149, in join
    res = self._popen.wait(timeout)
  File "/opt/pyenv/versions/3.9.18/lib/python3.9/multiprocessing/popen_fork.py", line 43, in wait
    return self.poll(os.WNOHANG if timeout == 0.0 else 0)
  File "/opt/pyenv/versions/3.9.18/lib/python3.9/multiprocessing/popen_fork.py", line 27, in poll
    pid, sts = os.waitpid(self.pid, flag)
KeyboardInterrupt
