cuda:0
thetaphi at main: True
Loading dataset...
Extended H5: retain valid unknown-truth inputs; supervised loss is masked; exclude_gap_hits=True
Using ILCStreamingDataset (shuffle_buffer=256, files_per_chunk=32, seed=1001)
ILCStreamingDataset: path=/data/suehara/mldata/pfa/murata/data/tc/tc_nnqq_2M_nobrems/train, files=1960, events~=1960000, shuffle_buffer=256, files_per_chunk=32
Extended H5: retain valid unknown-truth inputs; supervised loss is masked; exclude_gap_hits=True
Using ILCStreamingDataset (shuffle_buffer=256, files_per_chunk=32, seed=1001)
ILCStreamingDataset: path=/data/suehara/mldata/pfa/murata/data/tc/tc_nnqq_2M_nobrems/validation, files=20, events~=20000, shuffle_buffer=256, files_per_chunk=32
Training dataset size:  1960000
Validating dataset size:  20000
Batch size:  128
Loading GravNetModelMultiHead (heads=3, reg_heads=2, interaction=none)
restart period :  30
DDP scheduler setup: local_batch_size=32, local_epoch_size=490000, world_size=4
[rank 0] epoch=0 train_batch=2000/15313 loss=1.064402
[rank 0] epoch=0 train_batch=4000/15313 loss=1.055520
[rank 0] epoch=0 train_batch=6000/15313 loss=1.047764
[rank 0] epoch=0 train_batch=8000/15313 loss=1.046760
[rank 0] epoch=0 train_batch=10000/15313 loss=1.052220
[rank 0] epoch=0 train_batch=12000/15313 loss=1.044717
[rank 0] epoch=0 train_batch=14000/15313 loss=1.037215
Training epoch 0
[2.18757002e-02 4.64642649e-04 2.48882200e-01 5.91721922e-04
 8.25187200e-02 2.99207985e-08 6.80032380e-02 1.03054098e-03
 2.50626764e-01 1.41812084e-08 8.98579065e-03 2.06646818e-03
 1.33398487e-01 3.29119009e-03 4.76111968e-03 1.62467679e-03
 8.57338583e-02 2.51635290e-03 7.49729759e-02 1.37369030e-03
 4.73865489e-03 7.50421400e-04 2.09194677e-02 6.37149107e-09
 1.10709755e-02 7.07540057e-04 2.60269878e-02 4.80963345e-09
 1.60098070e-03 7.36440459e-04 2.25129251e-02 1.03136243e-03
 1.47697395e-03 7.56489979e-04 2.33076146e-02 1.09166884e-03
 3.20857459e-02 4.99326857e-04 1.59467544e-03 4.34722302e-04
 1.00724891e-02 2.43404910e-09 5.61080823e-03 2.88067799e-04
 1.55327115e-02 2.27471687e-09 8.53450185e-04 3.27278819e-04
 1.15888873e-02 4.70539786e-04 7.79969668e-04 4.03358942e-04
 1.27394529e-02 5.91773524e-04 2.09137950e-02 2.60139199e-04
 1.06872133e-03 3.94884471e-04 3.10846299e-03 6.46420810e-10
 3.93659911e-03 1.81805873e-04 1.25308589e-02 2.81358590e-10
 5.56288641e-04 1.80973216e-04 7.89480187e-03 2.73056797e-04
 5.29576311e-04 2.35175170e-04 9.11786869e-03 3.53556436e-04
 1.83309929e-02 1.33965103e-04 7.57384582e-04 3.88546320e-04
 5.38297804e-02 1.18676102e-03 2.17555290e-03 1.44785679e-03
 3.98438285e-02 2.55185428e-03 3.26233079e-03 8.81578240e-04
 3.88965710e-02 1.36009386e-03 1.81895585e-03 8.97236006e-04
 2.95314458e-02 1.32363170e-03 2.17464840e-03 1.35796802e-03
 0.00000000e+00 0.00000000e+00 0.00000000e+00 0.00000000e+00
 0.00000000e+00 0.00000000e+00 0.00000000e+00 0.00000000e+00
 0.00000000e+00 0.00000000e+00 0.00000000e+00 0.00000000e+00
 0.00000000e+00 0.00000000e+00 0.00000000e+00 0.00000000e+00
 0.00000000e+00 0.00000000e+00 0.00000000e+00 0.00000000e+00
 0.00000000e+00 0.00000000e+00 0.00000000e+00 0.00000000e+00
 0.00000000e+00 0.00000000e+00 0.00000000e+00 0.00000000e+00
 0.00000000e+00 0.00000000e+00 0.00000000e+00 0.00000000e+00
 2.30064665e-02 1.73223462e-03 2.32288190e-02 2.72682965e-03
 2.53249999e-02 4.72172902e-03 0.00000000e+00 0.00000000e+00
 0.00000000e+00 0.00000000e+00 0.00000000e+00 0.00000000e+00
 0.00000000e+00 0.00000000e+00 0.00000000e+00 0.00000000e+00
 0.00000000e+00 0.00000000e+00]
train  L_V                   = +0.0602 (1.0%)
 train    L_V_attractive      = +0.0331 (0.5%)
 train      L_V_attractive_charged      = +0.0157 (0.3%)
 train      L_V_attractive_neutral      = +0.0174 (0.3%)
 train    L_V_repulsive       = +0.0271 (0.4%)
 train      L_V_repulsive_charged       = +0.0121 (0.2%)
 train      L_V_repulsive_neutral       = +0.0150 (0.2%)
 train    L_charged_cluster   = +0.0000 (0.0%)
 train  L_beta              = +2.3910 (39.2%)
 train    L_beta_noise        = +0.0000 (0.0%)
 train    L_beta_sig          = +1.3934 (22.9%)
 train    L_beta_suppress     = +0.0000 (0.0%)
 train    L_beta_track        = +0.9977 (16.4%)
 train      L_beta_norms_term   = -0.0009 (-0.0%)
 train      L_beta_logbeta_term = +1.3943 (22.9%)
 train  L_E   = +3.6448 (59.8%)
 train    L_E_charge = +0.0000 (0.0%)
 train    L_E_cond = +0.8105 (13.3%)
 train    L_E_cluster = +2.8343 (46.5%)
 train    L_E_w_photon   = +0.0000 (0.0%)
 train    L_E_w_charged_hadron   = +0.0000 (0.0%)
 train    L_E_w_neutral_hadron   = +0.0000 (0.0%)
 train    L_E_w_muon     = +0.0000 (0.0%)
 train    L_E_w_electron = +0.0000 (0.0%)
learning rate :  [0.00039890465297888624]
train loss :  1.060197114944458
test   L_V                   = +0.0351 (0.5%)
    L_V_attractive      = +0.0194 (0.3%)
      L_V_attractive_charged      = +0.0097 (0.1%)
      L_V_attractive_neutral      = +0.0096 (0.1%)
    L_V_repulsive       = +0.0157 (0.2%)
      L_V_repulsive_charged       = +0.0061 (0.1%)
      L_V_repulsive_neutral       = +0.0096 (0.1%)
    L_charged_cluster   = +0.0000 (0.0%)
  L_beta              = +3.3803 (47.9%)
    L_beta_noise        = +0.0000 (0.0%)
    L_beta_sig          = +2.3804 (33.7%)
    L_beta_suppress     = +0.0000 (0.0%)
    L_beta_track        = +0.9999 (14.2%)
      L_beta_norms_term   = -0.0000 (-0.0%)
      L_beta_logbeta_term = +2.3804 (33.7%)
  L_E   = +3.6425 (51.6%)
    L_E_charge = +0.0000 (0.0%)
    L_E_cond = +0.8109 (11.5%)
    L_E_cluster = +2.8316 (40.1%)
    L_E_w_photon   = +0.0000 (0.0%)
    L_E_w_charged_hadron   = +0.0000 (0.0%)
    L_E_w_neutral_hadron   = +0.0000 (0.0%)
    L_E_w_muon     = +0.0000 (0.0%)
    L_E_w_electron = +0.0000 (0.0%)
Returning 1.0350664854049683
[rank 0] epoch=1 train_batch=2000/15313 loss=1.029657
[rank 0] epoch=1 train_batch=4000/15313 loss=1.027115
[rank 0] epoch=1 train_batch=6000/15313 loss=1.024524
[rank 0] epoch=1 train_batch=8000/15313 loss=1.023665
[rank 0] epoch=1 train_batch=10000/15313 loss=1.018700
[rank 0] epoch=1 train_batch=12000/15313 loss=1.017199
[rank 0] epoch=1 train_batch=14000/15313 loss=1.017502
Training epoch 1
[2.37270326e-03 2.20258974e-04 1.24731788e-01 1.63584070e-04
 2.17852543e-03 3.12883869e-10 7.48860219e-03 3.03492729e-04
 6.78454695e-02 1.58226906e-09 2.79476991e-03 3.35291136e-04
 3.28589879e-02 4.85047278e-04 9.44845305e-04 4.02795198e-04
 2.30337289e-02 5.81122519e-04 1.44104536e-02 2.41180798e-04
 6.12571640e-04 1.78567387e-04 1.68412912e-03 2.21704362e-10
 1.69103529e-03 1.70627461e-04 7.01247803e-03 5.93278728e-10
 4.63715714e-04 1.87276078e-04 5.53474621e-03 2.33708204e-04
 3.48629860e-04 1.66405411e-04 4.48566727e-03 2.28759025e-04
 5.33180667e-03 9.67947627e-05 3.65438255e-04 1.33013854e-04
 1.65390902e-03 2.78045609e-10 3.00756946e-03 1.42760580e-04
 4.44802889e-03 5.35328705e-10 3.09581899e-04 1.45016059e-04
 3.06048929e-03 1.67637465e-04 2.69423464e-04 1.44989301e-04
 3.30923497e-03 1.88210225e-04 4.79833320e-03 6.39583057e-05
 3.42734393e-04 2.37227201e-04 9.94519478e-04 1.65432958e-10
 1.66119247e-03 1.76276433e-04 2.61191755e-03 9.57651990e-11
 2.05899162e-04 1.25344002e-04 2.06825065e-03 1.42647925e-04
 2.37920458e-04 1.21879963e-04 3.21269668e-03 1.56046431e-04
 4.54621504e-03 3.97996140e-05 2.88670705e-04 1.17142448e-04
 7.27631081e-03 1.97511054e-04 4.15537151e-04 2.18817383e-04
 5.92586438e-03 2.81519701e-04 4.33726597e-04 2.52887861e-04
 7.46463186e-03 3.09408898e-04 3.99378143e-04 2.49103149e-04
 4.88576783e-03 2.93459315e-04 4.23738355e-04 3.37398974e-04
 0.00000000e+00 0.00000000e+00 0.00000000e+00 0.00000000e+00
 0.00000000e+00 0.00000000e+00 0.00000000e+00 0.00000000e+00
 0.00000000e+00 0.00000000e+00 0.00000000e+00 0.00000000e+00
 0.00000000e+00 0.00000000e+00 0.00000000e+00 0.00000000e+00
 0.00000000e+00 0.00000000e+00 0.00000000e+00 0.00000000e+00
 0.00000000e+00 0.00000000e+00 0.00000000e+00 0.00000000e+00
 0.00000000e+00 0.00000000e+00 0.00000000e+00 0.00000000e+00
 0.00000000e+00 0.00000000e+00 0.00000000e+00 0.00000000e+00
 4.34974212e-03 3.18658821e-04 4.14662155e-03 3.00556355e-04
 4.51873288e-03 6.80644973e-08 0.00000000e+00 0.00000000e+00
 0.00000000e+00 0.00000000e+00 0.00000000e+00 0.00000000e+00
 0.00000000e+00 0.00000000e+00 0.00000000e+00 0.00000000e+00
 0.00000000e+00 0.00000000e+00]
train  L_V                   = +0.0228 (0.3%)
 train    L_V_attractive      = +0.0130 (0.2%)
 train      L_V_attractive_charged      = +0.0061 (0.1%)
 train      L_V_attractive_neutral      = +0.0068 (0.1%)
 train    L_V_repulsive       = +0.0098 (0.1%)
 train      L_V_repulsive_charged       = +0.0036 (0.0%)
 train      L_V_repulsive_neutral       = +0.0061 (0.1%)
 train    L_charged_cluster   = +0.0000 (0.0%)
 train  L_beta              = +4.0084 (52.2%)
 train    L_beta_noise        = +0.0000 (0.0%)
 train    L_beta_sig          = +3.0084 (39.2%)
 train    L_beta_suppress     = +0.0000 (0.0%)
 train    L_beta_track        = +1.0000 (13.0%)
 train      L_beta_norms_term   = -0.0000 (-0.0%)
 train      L_beta_logbeta_term = +3.0085 (39.2%)
 train  L_E   = +3.6422 (47.5%)
 train    L_E_charge = +0.0000 (0.0%)
 train    L_E_cond = +0.8096 (10.6%)
 train    L_E_cluster = +2.8326 (36.9%)
 train    L_E_w_photon   = +0.0000 (0.0%)
 train    L_E_w_charged_hadron   = +0.0000 (0.0%)
 train    L_E_w_neutral_hadron   = +0.0000 (0.0%)
 train    L_E_w_muon     = +0.0000 (0.0%)
 train    L_E_w_electron = +0.0000 (0.0%)
learning rate :  [0.00039890465297888624, 0.00039563061276672447]
train loss :  1.022751808166504
test   L_V                   = +0.0171 (0.2%)
    L_V_attractive      = +0.0076 (0.1%)
      L_V_attractive_charged      = +0.0038 (0.0%)
      L_V_attractive_neutral      = +0.0037 (0.0%)
    L_V_repulsive       = +0.0095 (0.1%)
      L_V_repulsive_charged       = +0.0033 (0.0%)
      L_V_repulsive_neutral       = +0.0062 (0.1%)
    L_charged_cluster   = +0.0000 (0.0%)
  L_beta              = +4.5124 (55.3%)
    L_beta_noise        = +0.0000 (0.0%)
    L_beta_sig          = +3.5124 (43.0%)
    L_beta_suppress     = +0.0000 (0.0%)
    L_beta_track        = +1.0000 (12.2%)
      L_beta_norms_term   = -0.0000 (-0.0%)
      L_beta_logbeta_term = +3.5124 (43.0%)
  L_E   = +3.6375 (44.5%)
    L_E_charge = +0.0000 (0.0%)
    L_E_cond = +0.8097 (9.9%)
    L_E_cluster = +2.8279 (34.6%)
    L_E_w_photon   = +0.0000 (0.0%)
    L_E_w_charged_hadron   = +0.0000 (0.0%)
    L_E_w_neutral_hadron   = +0.0000 (0.0%)
    L_E_w_muon     = +0.0000 (0.0%)
    L_E_w_electron = +0.0000 (0.0%)
Returning 1.0170835256576538
[rank 0] epoch=2 train_batch=2000/15313 loss=1.662425
[rank 0] epoch=2 train_batch=4000/15313 loss=1.699953
[rank 0] epoch=2 train_batch=6000/15313 loss=1.673366
[rank 0] epoch=2 train_batch=8000/15313 loss=1.628565
[rank 0] epoch=2 train_batch=10000/15313 loss=1.687763
[rank 0] epoch=2 train_batch=12000/15313 loss=1.675958
[rank 0] epoch=2 train_batch=14000/15313 loss=1.710954
Training epoch 2
[3.82569746e+00 3.43444132e-02 2.42527940e+00 3.10514757e-02
 4.42651254e-01 2.17611070e-07 6.10429144e-01 5.45073415e-02
 1.39411617e+00 1.93890870e-07 2.80255147e-01 2.06955544e-01
 2.31684038e+00 1.80901358e-01 3.47662628e-01 2.50834190e-01
 2.79904681e+00 2.42849425e-01 5.05601893e+00 1.78080010e-01
 3.12607235e-01 5.88446048e-02 2.25743746e+00 3.78579283e-07
 7.82427853e-01 5.74995425e-02 7.91041380e-01 1.94440879e-07
 9.49048282e-02 8.15450924e-02 8.00947520e-01 6.88879250e-02
 1.12077355e-01 8.04715545e-02 9.60678314e-01 8.13084703e-02
 1.47497303e+00 4.47415472e-02 8.94103959e-02 5.30207843e-03
 8.33920400e-01 2.62828186e-07 1.62109734e-01 6.10729485e-03
 1.44532244e-01 4.85221241e-08 1.56383559e-02 7.48591958e-03
 1.33933368e-01 7.64758018e-03 1.33917982e-02 5.72776517e-03
 9.49960229e-02 6.46894375e-03 1.51531662e-01 3.47293099e-03
 7.37686381e-03 2.64786409e-03 2.36501056e-02 4.04241749e-09
 2.63068602e-02 1.03626964e-03 3.46456442e-02 7.64972368e-10
 4.00405556e-03 2.04626303e-03 3.29182284e-02 1.90672164e-03
 4.63909726e-03 3.10647827e-03 4.36513945e-02 3.08443664e-03
 1.05529499e-01 3.66070881e-03 7.18708963e-03 2.88019703e-03
 2.69947644e-01 4.04613881e-03 1.52228265e-02 5.77706126e-03
 1.70470192e-01 5.83466364e-03 1.56892786e-02 5.43657328e-03
 1.54096463e-01 5.07739433e-03 1.76163452e-02 6.07468873e-03
 1.57641355e-01 5.79848113e-03 1.99535236e-02 1.78651399e-02
 0.00000000e+00 0.00000000e+00 0.00000000e+00 0.00000000e+00
 0.00000000e+00 0.00000000e+00 0.00000000e+00 0.00000000e+00
 0.00000000e+00 0.00000000e+00 0.00000000e+00 0.00000000e+00
 0.00000000e+00 0.00000000e+00 0.00000000e+00 0.00000000e+00
 0.00000000e+00 0.00000000e+00 0.00000000e+00 0.00000000e+00
 0.00000000e+00 0.00000000e+00 0.00000000e+00 0.00000000e+00
 0.00000000e+00 0.00000000e+00 0.00000000e+00 0.00000000e+00
 0.00000000e+00 0.00000000e+00 0.00000000e+00 0.00000000e+00
 1.85689172e-01 1.38499670e-02 2.04203650e-01 1.30493994e-02
 2.54473001e-01 7.91687972e-03 0.00000000e+00 0.00000000e+00
 0.00000000e+00 0.00000000e+00 0.00000000e+00 0.00000000e+00
 0.00000000e+00 0.00000000e+00 0.00000000e+00 0.00000000e+00
 0.00000000e+00 0.00000000e+00]
train  L_V                   = +0.3294 (7.6%)
 train    L_V_attractive      = +0.1242 (2.9%)
 train      L_V_attractive_charged      = +0.0967 (2.2%)
 train      L_V_attractive_neutral      = +0.0276 (0.6%)
 train    L_V_repulsive       = +0.2052 (4.7%)
 train      L_V_repulsive_charged       = +0.0941 (2.2%)
 train      L_V_repulsive_neutral       = +0.1111 (2.6%)
 train    L_charged_cluster   = +0.0000 (0.0%)
 train  L_beta              = +0.3420 (7.9%)
 train    L_beta_noise        = +0.0000 (0.0%)
 train    L_beta_sig          = -0.2882 (-6.7%)
 train    L_beta_suppress     = +0.0000 (0.0%)
 train    L_beta_track        = +0.6302 (14.6%)
 train      L_beta_norms_term   = -0.3752 (-8.7%)
 train      L_beta_logbeta_term = +0.0870 (2.0%)
 train  L_E   = +3.6490 (84.5%)
 train    L_E_charge = +0.0000 (0.0%)
 train    L_E_cond = +0.8107 (18.8%)
 train    L_E_cluster = +2.8382 (65.7%)
 train    L_E_w_photon   = +0.0000 (0.0%)
 train    L_E_w_charged_hadron   = +0.0000 (0.0%)
 train    L_E_w_neutral_hadron   = +0.0000 (0.0%)
 train    L_E_w_muon     = +0.0000 (0.0%)
 train    L_E_w_electron = +0.0000 (0.0%)
learning rate :  [0.00039890465297888624, 0.00039563061276672447, 0.000390213750433216]
train loss :  1.6714130640029907
test   L_V                   = +0.4657 (10.6%)
    L_V_attractive      = +0.1831 (4.2%)
      L_V_attractive_charged      = +0.1389 (3.2%)
      L_V_attractive_neutral      = +0.0442 (1.0%)
    L_V_repulsive       = +0.2826 (6.4%)
      L_V_repulsive_charged       = +0.1311 (3.0%)
      L_V_repulsive_neutral       = +0.1515 (3.4%)
    L_charged_cluster   = +0.0000 (0.0%)
  L_beta              = +0.2724 (6.2%)
    L_beta_noise        = +0.0000 (0.0%)
    L_beta_sig          = -0.3450 (-7.9%)
    L_beta_suppress     = +0.0000 (0.0%)
    L_beta_track        = +0.6174 (14.1%)
      L_beta_norms_term   = -0.4074 (-9.3%)
      L_beta_logbeta_term = +0.0625 (1.4%)
  L_E   = +3.6549 (83.2%)
    L_E_charge = +0.0000 (0.0%)
    L_E_cond = +0.8100 (18.4%)
    L_E_cluster = +2.8449 (64.8%)
    L_E_w_photon   = +0.0000 (0.0%)
    L_E_w_charged_hadron   = +0.0000 (0.0%)
    L_E_w_neutral_hadron   = +0.0000 (0.0%)
    L_E_w_muon     = +0.0000 (0.0%)
    L_E_w_electron = +0.0000 (0.0%)
Returning 1.738065481185913
[rank 0] epoch=3 train_batch=2000/15313 loss=1.621685
[rank 0] epoch=3 train_batch=4000/15313 loss=1.688639
[rank 0] epoch=3 train_batch=6000/15313 loss=1.772488
[rank 0] epoch=3 train_batch=8000/15313 loss=1.700729
[rank 0] epoch=3 train_batch=10000/15313 loss=1.673752
[rank 0] epoch=3 train_batch=12000/15313 loss=1.747465
[rank 0] epoch=3 train_batch=14000/15313 loss=1.719354
Training epoch 3
[4.88526414e+00 4.62065650e-02 2.56515300e+00 3.41540677e-02
 3.12351521e-01 2.08223321e-07 6.58835521e-01 5.78930332e-02
 1.26379476e+00 1.43026453e-07 3.57586895e-01 2.79313716e-01
 2.44243022e+00 2.11829722e-01 4.46136710e-01 3.49427976e-01
 2.94107992e+00 2.86190779e-01 5.85581286e+00 2.35593178e-01
 3.62833684e-01 6.25160644e-02 2.69959711e+00 5.13199546e-07
 8.81798946e-01 5.30529883e-02 6.34849340e-01 2.58176244e-07
 8.58998560e-02 7.08399351e-02 5.68291567e-01 5.38664002e-02
 9.58340794e-02 7.23709391e-02 6.88987399e-01 6.35886645e-02
 1.22087939e+00 4.45355106e-02 6.78443289e-02 2.88775669e-03
 6.15356805e-01 3.85189772e-07 1.39541808e-01 3.16692725e-03
 9.77020529e-02 4.56206834e-08 9.42816131e-03 5.22757789e-03
 7.05834509e-02 4.68070526e-03 8.94538271e-03 4.18782011e-03
 5.92461987e-02 4.47044959e-03 8.14525607e-02 2.27647824e-03
 4.64416643e-03 1.37139887e-03 1.26067404e-02 3.32502096e-09
 1.58740097e-02 3.66233221e-04 1.74286923e-02 5.14745122e-10
 2.21209674e-03 1.14960597e-03 1.80946781e-02 9.56391851e-04
 2.56934317e-03 1.56793426e-03 2.17996882e-02 1.47111656e-03
 5.82737892e-02 1.71374570e-03 3.12015602e-03 1.87501656e-03
 1.92620594e-01 3.18018916e-03 8.15539203e-03 3.71861491e-03
 8.31222772e-02 3.05977397e-03 6.21319411e-03 2.21349317e-03
 7.55772045e-02 1.72121699e-03 7.55156801e-03 2.51411780e-03
 6.60012042e-02 1.86667088e-03 8.64796574e-03 7.43175825e-03
 0.00000000e+00 0.00000000e+00 0.00000000e+00 0.00000000e+00
 0.00000000e+00 0.00000000e+00 0.00000000e+00 0.00000000e+00
 0.00000000e+00 0.00000000e+00 0.00000000e+00 0.00000000e+00
 0.00000000e+00 0.00000000e+00 0.00000000e+00 0.00000000e+00
 0.00000000e+00 0.00000000e+00 0.00000000e+00 0.00000000e+00
 0.00000000e+00 0.00000000e+00 0.00000000e+00 0.00000000e+00
 0.00000000e+00 0.00000000e+00 0.00000000e+00 0.00000000e+00
 0.00000000e+00 0.00000000e+00 0.00000000e+00 0.00000000e+00
 7.64931071e-02 5.91966466e-03 8.94632112e-02 5.49350048e-03
 1.04277613e-01 3.66783946e-03 0.00000000e+00 0.00000000e+00
 0.00000000e+00 0.00000000e+00 0.00000000e+00 0.00000000e+00
 0.00000000e+00 0.00000000e+00 0.00000000e+00 0.00000000e+00
 0.00000000e+00 0.00000000e+00]
train  L_V                   = +0.3335 (7.7%)
 train    L_V_attractive      = +0.1259 (2.9%)
 train      L_V_attractive_charged      = +0.0994 (2.3%)
 train      L_V_attractive_neutral      = +0.0265 (0.6%)
 train    L_V_repulsive       = +0.2076 (4.8%)
 train      L_V_repulsive_charged       = +0.0936 (2.2%)
 train      L_V_repulsive_neutral       = +0.1141 (2.6%)
 train    L_charged_cluster   = +0.0000 (0.0%)
 train  L_beta              = +0.3598 (8.3%)
 train    L_beta_noise        = +0.0000 (0.0%)
 train    L_beta_sig          = -0.2714 (-6.3%)
 train    L_beta_suppress     = +0.0000 (0.0%)
 train    L_beta_track        = +0.6312 (14.5%)
 train      L_beta_norms_term   = -0.3607 (-8.3%)
 train      L_beta_logbeta_term = +0.0893 (2.1%)
 train  L_E   = +3.6493 (84.0%)
 train    L_E_charge = +0.0000 (0.0%)
 train    L_E_cond = +0.8106 (18.7%)
 train    L_E_cluster = +2.8387 (65.4%)
 train    L_E_w_photon   = +0.0000 (0.0%)
 train    L_E_w_charged_hadron   = +0.0000 (0.0%)
 train    L_E_w_neutral_hadron   = +0.0000 (0.0%)
 train    L_E_w_muon     = +0.0000 (0.0%)
 train    L_E_w_electron = +0.0000 (0.0%)
learning rate :  [0.00039890465297888624, 0.00039563061276672447, 0.000390213750433216, 0.00038271341425563806]
train loss :  1.6933188438415527
test   L_V                   = +0.3272 (7.4%)
    L_V_attractive      = +0.0958 (2.2%)
      L_V_attractive_charged      = +0.0737 (1.7%)
      L_V_attractive_neutral      = +0.0221 (0.5%)
    L_V_repulsive       = +0.2314 (5.3%)
      L_V_repulsive_charged       = +0.1028 (2.3%)
      L_V_repulsive_neutral       = +0.1287 (2.9%)
    L_charged_cluster   = +0.0000 (0.0%)
  L_beta              = +0.4186 (9.5%)
    L_beta_noise        = +0.0000 (0.0%)
    L_beta_sig          = -0.2251 (-5.1%)
    L_beta_suppress     = +0.0000 (0.0%)
    L_beta_track        = +0.6437 (14.6%)
      L_beta_norms_term   = -0.3349 (-7.6%)
      L_beta_logbeta_term = +0.1098 (2.5%)
  L_E   = +3.6507 (83.0%)
    L_E_charge = +0.0000 (0.0%)
    L_E_cond = +0.8114 (18.5%)
    L_E_cluster = +2.8393 (64.6%)
    L_E_w_photon   = +0.0000 (0.0%)
    L_E_w_charged_hadron   = +0.0000 (0.0%)
    L_E_w_neutral_hadron   = +0.0000 (0.0%)
    L_E_w_muon     = +0.0000 (0.0%)
    L_E_w_electron = +0.0000 (0.0%)
Returning 1.7458583116531372
[rank 0] epoch=4 train_batch=2000/15313 loss=2.745548
[rank 0] epoch=4 train_batch=4000/15313 loss=2.764334
[rank 0] epoch=4 train_batch=6000/15313 loss=2.726588
[rank 0] epoch=4 train_batch=8000/15313 loss=2.759531
[rank 0] epoch=4 train_batch=10000/15313 loss=2.708282
[rank 0] epoch=4 train_batch=12000/15313 loss=2.699705
[rank 0] epoch=4 train_batch=14000/15313 loss=2.741730
Training epoch 4
[6.77552444e+00 4.02433372e-02 2.14793491e+00 2.34645730e-02
 2.21135221e-01 1.65624193e-07 5.21732945e-01 4.15906717e-02
 9.00033311e-01 9.05251352e-08 3.20567737e-01 2.66097350e-01
 1.91833161e+00 1.66894400e-01 3.87010964e-01 3.19668721e-01
 2.12896947e+00 2.20988899e-01 4.90644769e+00 2.03765856e-01
 3.09237771e-01 4.56144775e-02 2.29495230e+00 4.41258043e-07
 7.46852682e-01 3.30589166e-02 4.26473624e-01 2.58749374e-07
 6.42421379e-02 5.00652514e-02 3.69906691e-01 3.62891048e-02
 7.38595859e-02 5.76520051e-02 4.71525241e-01 4.53336182e-02
 8.83038861e-01 3.33778829e-02 4.44955661e-02 1.71775244e-03
 3.61620063e-01 4.13710541e-07 1.01740511e-01 1.20355866e-03
 6.16114549e-02 3.91443714e-08 5.71540269e-03 3.41176176e-03
 3.95668894e-02 2.65775033e-03 6.28976392e-03 3.56284091e-03
 4.20443645e-02 3.59032896e-03 5.48325389e-02 1.75357068e-03
 4.48054615e-03 1.27711847e-03 9.03630205e-03 2.65307186e-09
 1.08839850e-02 2.52469715e-04 1.16455739e-02 4.50803398e-10
 1.53139177e-03 8.70757774e-04 1.18001998e-02 6.30448765e-04
 1.84576053e-03 1.17131399e-03 1.43146086e-02 1.07922946e-03
 3.99053377e-02 8.59841942e-04 2.29804112e-03 1.25229053e-03
 1.61398251e-01 1.10993003e-03 4.52482744e-03 3.18680184e-03
 5.32972658e-02 2.27546327e-03 2.77580937e-03 1.13463908e-03
 3.45385123e-02 7.51405323e-04 2.76129350e-03 1.11965696e-03
 2.52238858e-02 7.02940157e-04 3.54622695e-03 2.89626967e-03
 4.76924973e-02 1.15915965e-03 1.65791075e-03 7.00253869e-04
 2.32854553e-02 9.42185229e-04 1.38899803e-03 5.25538869e-04
 1.86337768e-02 7.31443160e-04 1.16007996e-03 4.90766069e-04
 1.48049932e-02 5.65778817e-04 1.00703811e-03 8.51690033e-04
 1.29804474e-01 3.99493230e-03 1.99475761e-03 9.66585122e-04
 2.45858624e-02 1.14011966e-03 1.76867899e-03 1.03852725e-03
 2.21987116e-02 1.05606138e-03 2.11739574e-03 1.29026551e-03
 2.04127650e-02 1.06625089e-03 3.42939955e-03 5.48904198e-03
 3.23314458e-02 2.25345642e-03 3.86245708e-02 2.15159955e-03
 4.51148796e-02 1.49324133e-03 9.83937238e-03 5.51866407e-04
 6.95132587e-03 6.82206353e-04 1.03060377e-02 1.30368258e-03
 2.95938690e-02 3.50503418e-03 3.42879441e-02 4.67293694e-03
 8.57445155e-02 1.10851101e-02]
train  L_V                   = +0.3518 (20.3%)
 train    L_V_attractive      = +0.1352 (7.8%)
 train      L_V_attractive_charged      = +0.1081 (6.2%)
 train      L_V_attractive_neutral      = +0.0271 (1.6%)
 train    L_V_repulsive       = +0.2166 (12.5%)
 train      L_V_repulsive_charged       = +0.0996 (5.7%)
 train      L_V_repulsive_neutral       = +0.1169 (6.7%)
 train    L_charged_cluster   = +0.0000 (0.0%)
 train  L_beta              = +0.3719 (21.4%)
 train    L_beta_noise        = +0.0000 (0.0%)
 train    L_beta_sig          = -0.2567 (-14.8%)
 train    L_beta_suppress     = +0.0000 (0.0%)
 train    L_beta_track        = +0.6286 (36.2%)
 train      L_beta_norms_term   = -0.3481 (-20.0%)
 train      L_beta_logbeta_term = +0.0914 (5.3%)
 train  L_E   = +1.0125 (58.3%)
 train    L_E_charge = +0.0000 (0.0%)
 train    L_E_cond = +0.6440 (37.1%)
 train    L_E_cluster = +0.3685 (21.2%)
 train    L_E_w_photon   = +0.0000 (0.0%)
 train    L_E_w_charged_hadron   = +0.0000 (0.0%)
 train    L_E_w_neutral_hadron   = +0.0000 (0.0%)
 train    L_E_w_muon     = +0.0000 (0.0%)
 train    L_E_w_electron = +0.0000 (0.0%)
learning rate :  [0.00039890465297888624, 0.00039563061276672447, 0.000390213750433216, 0.00038271341425563806, 0.0003732117794866986]
train loss :  2.7361154556274414
test   L_V                   = +0.6435 (32.1%)
    L_V_attractive      = +0.1290 (6.4%)
      L_V_attractive_charged      = +0.1021 (5.1%)
      L_V_attractive_neutral      = +0.0269 (1.3%)
    L_V_repulsive       = +0.5145 (25.6%)
      L_V_repulsive_charged       = +0.2229 (11.1%)
      L_V_repulsive_neutral       = +0.2916 (14.5%)
    L_charged_cluster   = +0.0000 (0.0%)
  L_beta              = +0.3333 (16.6%)
    L_beta_noise        = +0.0000 (0.0%)
    L_beta_sig          = -0.2899 (-14.4%)
    L_beta_suppress     = +0.0000 (0.0%)
    L_beta_track        = +0.6232 (31.0%)
      L_beta_norms_term   = -0.3743 (-18.6%)
      L_beta_logbeta_term = +0.0844 (4.2%)
  L_E   = +1.0306 (51.3%)
    L_E_charge = +0.0000 (0.0%)
    L_E_cond = +0.6700 (33.4%)
    L_E_cluster = +0.3606 (18.0%)
    L_E_w_photon   = +0.0000 (0.0%)
    L_E_w_charged_hadron   = +0.0000 (0.0%)
    L_E_w_neutral_hadron   = +0.0000 (0.0%)
    L_E_w_muon     = +0.0000 (0.0%)
    L_E_w_electron = +0.0000 (0.0%)
Returning 3.007438898086548
[rank 0] epoch=5 train_batch=2000/15313 loss=2.767349
[rank 0] epoch=5 train_batch=4000/15313 loss=2.841352
[rank 0] epoch=5 train_batch=6000/15313 loss=2.816839
[rank 0] epoch=5 train_batch=8000/15313 loss=2.823779
[rank 0] epoch=5 train_batch=10000/15313 loss=2.738432
[rank 0] epoch=5 train_batch=12000/15313 loss=2.658880
[rank 0] epoch=5 train_batch=14000/15313 loss=2.632663
Training epoch 5
[7.98971248e+00 4.37104034e-02 2.32841581e+00 2.20704900e-02
 1.96626612e-01 1.50075634e-07 4.74660601e-01 3.49835861e-02
 8.33948358e-01 6.52173176e-08 3.22027844e-01 3.21343418e-01
 1.56597735e+00 1.29239150e-01 3.08505291e-01 2.74318120e-01
 1.58075180e+00 1.73769017e-01 3.72680317e+00 1.52737820e-01
 2.22934703e-01 2.96265252e-02 1.62193652e+00 3.48704659e-07
 4.23131120e-01 1.96151734e-02 2.58961496e-01 1.96797117e-07
 4.42651444e-02 3.59192548e-02 2.39240672e-01 2.38127343e-02
 5.00725105e-02 3.81446845e-02 2.99009742e-01 2.90395775e-02
 5.17870308e-01 1.75213114e-02 2.07555882e-02 9.65218302e-04
 1.25394974e-01 3.63515767e-07 5.11276359e-02 4.92678596e-04
 3.16886312e-02 2.62685423e-08 3.00378672e-03 2.03438158e-03
 1.99357019e-02 1.32035098e-03 3.69788578e-03 2.13357310e-03
 2.20162265e-02 2.01911343e-03 3.37980540e-02 1.12356473e-03
 3.55455803e-03 7.85777579e-04 4.90349782e-03 1.99140213e-09
 7.79870468e-03 2.00794091e-04 7.86402241e-03 4.65930168e-10
 9.47227167e-04 6.12074217e-04 6.92661641e-03 3.79128979e-04
 1.27757125e-03 8.26893293e-04 8.51107724e-03 7.25090225e-04
 3.09355326e-02 5.15089098e-04 1.83017054e-03 7.36285854e-04
 3.15530506e-01 9.62173255e-04 2.55464637e-03 1.20557444e-03
 3.58581823e-02 7.43816229e-04 1.82858625e-03 8.09869173e-04
 2.18226700e-02 4.89499837e-04 1.65985279e-03 7.28727119e-04
 1.45084917e-02 4.16225234e-04 2.30365061e-03 1.96274525e-03
 4.01160302e-02 1.12654838e-03 1.27626037e-03 5.78623978e-04
 1.36023730e-02 5.44964161e-04 1.20419562e-03 3.93166469e-04
 1.13382779e-02 4.09678738e-04 1.40814451e-03 4.04061157e-04
 1.07489377e-02 3.60976768e-04 2.05348160e-03 7.87826835e-04
 1.64831045e-01 2.24606499e-03 1.05416987e-03 6.59101687e-04
 1.60214336e-02 6.76599708e-04 1.03880848e-03 5.65095267e-04
 9.54364356e-03 4.56817141e-04 1.30454172e-03 6.73377799e-04
 7.68547262e-03 4.14370272e-04 1.85006118e-03 3.80518103e-03
 1.91803518e-02 1.36515856e-03 2.30540430e-02 1.26577387e-03
 2.83762921e-02 9.08231911e-04 9.75553211e-03 3.89871925e-04
 6.00579796e-03 4.75711428e-04 9.31194982e-03 9.72481522e-04
 1.42189749e-02 1.80320822e-03 1.79958716e-02 2.69102260e-03
 5.19424176e-02 6.87777377e-03]
train  L_V                   = +0.3564 (21.0%)
 train    L_V_attractive      = +0.1377 (8.1%)
 train      L_V_attractive_charged      = +0.1099 (6.5%)
 train      L_V_attractive_neutral      = +0.0278 (1.6%)
 train    L_V_repulsive       = +0.2187 (12.9%)
 train      L_V_repulsive_charged       = +0.1008 (5.9%)
 train      L_V_repulsive_neutral       = +0.1179 (6.9%)
 train    L_charged_cluster   = +0.0000 (0.0%)
 train  L_beta              = +0.3824 (22.5%)
 train    L_beta_noise        = +0.0000 (0.0%)
 train    L_beta_sig          = -0.2465 (-14.5%)
 train    L_beta_suppress     = +0.0000 (0.0%)
 train    L_beta_track        = +0.6289 (37.0%)
 train      L_beta_norms_term   = -0.3386 (-19.9%)
 train      L_beta_logbeta_term = +0.0920 (5.4%)
 train  L_E   = +0.9596 (56.5%)
 train    L_E_charge = +0.0000 (0.0%)
 train    L_E_cond = +0.6113 (36.0%)
 train    L_E_cluster = +0.3483 (20.5%)
 train    L_E_w_photon   = +0.0000 (0.0%)
 train    L_E_w_charged_hadron   = +0.0000 (0.0%)
 train    L_E_w_neutral_hadron   = +0.0000 (0.0%)
 train    L_E_w_muon     = +0.0000 (0.0%)
 train    L_E_w_electron = +0.0000 (0.0%)
learning rate :  [0.00039890465297888624, 0.00039563061276672447, 0.000390213750433216, 0.00038271341425563806, 0.0003732117794866986, 0.00036181294802527074]
train loss :  2.6983776092529297
test   L_V                   = +0.4610 (26.5%)
    L_V_attractive      = +0.1475 (8.5%)
      L_V_attractive_charged      = +0.1215 (7.0%)
      L_V_attractive_neutral      = +0.0259 (1.5%)
    L_V_repulsive       = +0.3135 (18.0%)
      L_V_repulsive_charged       = +0.1462 (8.4%)
      L_V_repulsive_neutral       = +0.1673 (9.6%)
    L_charged_cluster   = +0.0000 (0.0%)
  L_beta              = +0.3900 (22.4%)
    L_beta_noise        = +0.0000 (0.0%)
    L_beta_sig          = -0.2334 (-13.4%)
    L_beta_suppress     = +0.0000 (0.0%)
    L_beta_track        = +0.6234 (35.8%)
      L_beta_norms_term   = -0.3382 (-19.4%)
      L_beta_logbeta_term = +0.1048 (6.0%)
  L_E   = +0.8918 (51.2%)
    L_E_charge = +0.0000 (0.0%)
    L_E_cond = +0.5424 (31.1%)
    L_E_cluster = +0.3494 (20.0%)
    L_E_w_photon   = +0.0000 (0.0%)
    L_E_w_charged_hadron   = +0.0000 (0.0%)
    L_E_w_neutral_hadron   = +0.0000 (0.0%)
    L_E_w_muon     = +0.0000 (0.0%)
    L_E_w_electron = +0.0000 (0.0%)
Returning 2.742753744125366
[rank 0] epoch=6 train_batch=2000/15313 loss=2.674917
[rank 0] epoch=6 train_batch=4000/15313 loss=2.540666
[rank 0] epoch=6 train_batch=6000/15313 loss=2.390147
[rank 0] epoch=6 train_batch=8000/15313 loss=2.416230
[rank 0] epoch=6 train_batch=10000/15313 loss=2.382759
[rank 0] epoch=6 train_batch=12000/15313 loss=2.394109
[rank 0] epoch=6 train_batch=14000/15313 loss=2.409933
Training epoch 6
[7.13194731e+00 6.04104020e-02 2.67692764e+00 3.16930620e-02
 2.11688287e-01 1.83226536e-07 6.38093994e-01 4.95250158e-02
 9.23026147e-01 1.23759420e-07 3.69932215e-01 4.26680260e-01
 1.96940176e+00 1.51877865e-01 3.48526023e-01 2.96930402e-01
 1.77741046e+00 1.90200728e-01 4.32671415e+00 1.50357981e-01
 1.87384721e-01 3.73612125e-02 1.18668107e+00 5.88398652e-07
 5.09617639e-01 2.91467822e-02 3.23906822e-01 8.05289002e-07
 5.84148827e-02 4.48761971e-02 3.08352752e-01 3.10245839e-02
 6.73124810e-02 5.36819020e-02 3.66821600e-01 3.75005304e-02
 6.85853126e-01 2.44785648e-02 2.74160690e-02 1.19490231e-03
 1.23232427e-01 1.27037477e-06 1.27349158e-01 8.79330733e-04
 7.87044163e-02 5.97542365e-08 5.85148278e-03 3.07100974e-03
 3.81623101e-02 1.81366377e-03 6.11305303e-03 2.82276865e-03
 2.77041529e-02 2.50236587e-03 5.36883347e-02 1.76261577e-03
 7.98055797e-03 1.06905660e-03 1.06819513e-02 4.12738875e-09
 1.22918503e-02 4.68965016e-04 1.42334039e-02 1.14905222e-09
 1.69375896e-03 1.08106289e-03 1.15020769e-02 6.22269501e-04
 2.36811073e-03 1.48082070e-03 1.33859041e-02 1.22472133e-03
 6.50638639e-02 8.49048689e-04 3.43057319e-03 1.04857765e-03
 9.62445804e-01 1.64538115e-03 5.01350214e-03 1.88618520e-03
 6.56224646e-02 1.04643553e-03 3.31967856e-03 1.40949686e-03
 4.54299817e-02 7.81937587e-04 2.83851573e-03 1.28259020e-03
 2.70449209e-02 6.74686245e-04 4.25860472e-03 3.59142456e-03
 6.09964260e-02 1.29620899e-03 3.52319624e-03 1.00318203e-03
 2.02302087e-02 8.99163509e-04 3.02454424e-03 8.88484082e-04
 1.78849260e-02 7.36868377e-04 5.43745946e-03 1.24316706e-03
 2.23982657e-02 1.00217043e-03 1.40571575e-02 2.52272801e-03
 1.31076778e-01 1.38537511e-03 1.31353177e-03 9.05592267e-04
 1.50583678e-02 6.14597482e-04 1.25759143e-03 7.76341964e-04
 1.05280198e-02 4.90167225e-04 2.11771131e-03 1.02674852e-03
 1.00240788e-02 5.17393132e-04 4.03594723e-03 8.75446414e-03
 3.66530328e-02 2.25558860e-03 4.26547022e-02 2.00858626e-03
 5.72785718e-02 1.50767023e-03 4.58903641e-02 1.56781410e-03
 4.20753698e-02 2.48685111e-03 6.80125497e-02 5.76063027e-03
 2.79843890e-02 3.60564979e-03 3.81045912e-02 5.67415596e-03
 1.16743152e-01 1.55950572e-02]
train  L_V                   = +0.3478 (23.5%)
 train    L_V_attractive      = +0.1354 (9.2%)
 train      L_V_attractive_charged      = +0.1086 (7.3%)
 train      L_V_attractive_neutral      = +0.0269 (1.8%)
 train    L_V_repulsive       = +0.2124 (14.4%)
 train      L_V_repulsive_charged       = +0.0991 (6.7%)
 train      L_V_repulsive_neutral       = +0.1133 (7.7%)
 train    L_charged_cluster   = +0.0000 (0.0%)
 train  L_beta              = +0.3420 (23.1%)
 train    L_beta_noise        = +0.0000 (0.0%)
 train    L_beta_sig          = -0.2836 (-19.2%)
 train    L_beta_suppress     = +0.0000 (0.0%)
 train    L_beta_track        = +0.6256 (42.3%)
 train      L_beta_norms_term   = -0.3684 (-24.9%)
 train      L_beta_logbeta_term = +0.0848 (5.7%)
 train  L_E   = +0.7895 (53.4%)
 train    L_E_charge = +0.0000 (0.0%)
 train    L_E_cond = +0.4761 (32.2%)
 train    L_E_cluster = +0.3134 (21.2%)
 train    L_E_w_photon   = +0.0000 (0.0%)
 train    L_E_w_charged_hadron   = +0.0000 (0.0%)
 train    L_E_w_neutral_hadron   = +0.0000 (0.0%)
 train    L_E_w_muon     = +0.0000 (0.0%)
 train    L_E_w_electron = +0.0000 (0.0%)
learning rate :  [0.00039890465297888624, 0.00039563061276672447, 0.000390213750433216, 0.00038271341425563806, 0.0003732117794866986, 0.00036181294802527074, 0.000348641807854205]
train loss :  2.4793972969055176
test   L_V                   = +0.4801 (23.7%)
    L_V_attractive      = +0.1910 (9.4%)
      L_V_attractive_charged      = +0.1603 (7.9%)
      L_V_attractive_neutral      = +0.0307 (1.5%)
    L_V_repulsive       = +0.2891 (14.3%)
      L_V_repulsive_charged       = +0.1447 (7.2%)
      L_V_repulsive_neutral       = +0.1444 (7.1%)
    L_charged_cluster   = +0.0000 (0.0%)
  L_beta              = +0.6086 (30.1%)
    L_beta_noise        = +0.0000 (0.0%)
    L_beta_sig          = -0.0309 (-1.5%)
    L_beta_suppress     = +0.0000 (0.0%)
    L_beta_track        = +0.6395 (31.6%)
      L_beta_norms_term   = -0.2314 (-11.4%)
      L_beta_logbeta_term = +0.2005 (9.9%)
  L_E   = +0.9331 (46.1%)
    L_E_charge = +0.0000 (0.0%)
    L_E_cond = +0.5702 (28.2%)
    L_E_cluster = +0.3629 (17.9%)
    L_E_w_photon   = +0.0000 (0.0%)
    L_E_w_charged_hadron   = +0.0000 (0.0%)
    L_E_w_neutral_hadron   = +0.0000 (0.0%)
    L_E_w_muon     = +0.0000 (0.0%)
    L_E_w_electron = +0.0000 (0.0%)
Returning 3.0218353271484375
[rank 0] epoch=7 train_batch=2000/15313 loss=2.425887
[rank 0] epoch=7 train_batch=4000/15313 loss=2.259516
[rank 0] epoch=7 train_batch=6000/15313 loss=2.555035
[rank 0] epoch=7 train_batch=8000/15313 loss=2.373665
[rank 0] epoch=7 train_batch=10000/15313 loss=2.387269
[rank 0] epoch=7 train_batch=12000/15313 loss=2.415359
[rank 0] epoch=7 train_batch=14000/15313 loss=2.297870
Training epoch 7
[7.87887447e+00 3.59188900e-02 2.30160640e+00 2.46793676e-02
 1.57810201e-01 1.57033584e-07 5.42742695e-01 4.15981736e-02
 7.11942656e-01 1.31544222e-07 3.27167879e-01 3.77416954e-01
 2.03627480e+00 1.30719198e-01 3.03926233e-01 2.48712406e-01
 1.45093984e+00 1.53024338e-01 3.74854748e+00 1.34977487e-01
 1.46228608e-01 3.83617580e-02 9.09350484e-01 5.12525046e-07
 4.71028123e-01 2.95829819e-02 2.82725531e-01 8.80949427e-07
 4.98126245e-02 4.01617506e-02 2.64390092e-01 2.71801465e-02
 5.65302734e-02 4.18470457e-02 2.84179680e-01 2.92172621e-02
 5.33211100e-01 1.97524128e-02 2.12972087e-02 1.03483768e-03
 8.26357213e-02 1.42874997e-06 1.21964513e-01 4.57242235e-04
 9.30491140e-02 5.08073205e-08 5.69666523e-03 2.91471846e-03
 3.62979515e-02 1.65501285e-03 6.78981151e-03 3.08903817e-03
 2.77306528e-02 2.65295638e-03 5.50838176e-02 1.52384713e-03
 1.04606142e-02 1.31161434e-03 1.37786616e-02 4.86087184e-09
 1.40981134e-02 8.99771724e-04 2.31613291e-02 1.91980546e-09
 2.35427828e-03 1.36986303e-03 1.35383749e-02 7.44148562e-04
 2.79644051e-03 1.75740445e-03 1.39306869e-02 1.37605975e-03
 6.10773608e-02 8.32299824e-04 3.45307943e-03 1.09018700e-03
 6.22338013e-01 1.30852314e-03 4.32717837e-03 2.02766636e-03
 4.82302260e-02 1.03509400e-03 3.47424395e-03 1.51006924e-03
 4.25213061e-02 7.76700059e-04 2.99012546e-03 1.37961845e-03
 2.78281394e-02 6.89630098e-04 4.72856632e-03 3.74412589e-03
 4.95161477e-02 9.71838976e-04 3.35461924e-03 1.31248809e-03
 1.76076459e-02 9.48814483e-04 3.58404002e-03 1.44064034e-03
 1.68076590e-02 8.39954338e-04 6.37778425e-03 1.71048489e-03
 2.37519985e-02 1.14801420e-03 2.16170397e-02 3.07647340e-03
 9.87878481e-02 1.07672789e-03 1.39675050e-03 8.85683277e-04
 1.62207685e-02 5.41834882e-04 1.33140137e-03 8.23654130e-04
 1.00992781e-02 4.59624889e-04 2.15758382e-03 1.10849441e-03
 9.23238978e-03 4.93924688e-04 4.63366808e-03 9.84192851e-03
 3.87189436e-02 2.23135164e-03 4.72068430e-02 1.99352869e-03
 6.71616276e-02 1.56117811e-03 6.00608512e-02 1.92882095e-03
 5.51979101e-02 3.01856635e-03 8.93592017e-02 7.48683615e-03
 2.94084604e-02 3.81039218e-03 4.14628391e-02 6.17217879e-03
 1.30505107e-01 1.77867984e-02]
train  L_V                   = +0.3417 (24.5%)
 train    L_V_attractive      = +0.1331 (9.6%)
 train      L_V_attractive_charged      = +0.1076 (7.7%)
 train      L_V_attractive_neutral      = +0.0256 (1.8%)
 train    L_V_repulsive       = +0.2085 (15.0%)
 train      L_V_repulsive_charged       = +0.0966 (6.9%)
 train      L_V_repulsive_neutral       = +0.1120 (8.0%)
 train    L_charged_cluster   = +0.0000 (0.0%)
 train  L_beta              = +0.3097 (22.2%)
 train    L_beta_noise        = +0.0000 (0.0%)
 train    L_beta_sig          = -0.3143 (-22.6%)
 train    L_beta_suppress     = +0.0000 (0.0%)
 train    L_beta_track        = +0.6240 (44.8%)
 train      L_beta_norms_term   = -0.3935 (-28.3%)
 train      L_beta_logbeta_term = +0.0792 (5.7%)
 train  L_E   = +0.7412 (53.2%)
 train    L_E_charge = +0.0000 (0.0%)
 train    L_E_cond = +0.4431 (31.8%)
 train    L_E_cluster = +0.2982 (21.4%)
 train    L_E_w_photon   = +0.0000 (0.0%)
 train    L_E_w_charged_hadron   = +0.0000 (0.0%)
 train    L_E_w_neutral_hadron   = +0.0000 (0.0%)
 train    L_E_w_muon     = +0.0000 (0.0%)
 train    L_E_w_electron = +0.0000 (0.0%)
learning rate :  [0.00039890465297888624, 0.00039563061276672447, 0.000390213750433216, 0.00038271341425563806, 0.0003732117794866986, 0.00036181294802527074, 0.000348641807854205, 0.0003338426647414537]
train loss :  2.3926210403442383
test   L_V                   = +85.6135 (98.8%)
    L_V_attractive      = +85.0202 (98.2%)
      L_V_attractive_charged      = +54.0293 (62.4%)
      L_V_attractive_neutral      = +30.9909 (35.8%)
    L_V_repulsive       = +0.5933 (0.7%)
      L_V_repulsive_charged       = +0.2638 (0.3%)
      L_V_repulsive_neutral       = +0.3294 (0.4%)
    L_charged_cluster   = +0.0000 (0.0%)
  L_beta              = +0.2763 (0.3%)
    L_beta_noise        = +0.0000 (0.0%)
    L_beta_sig          = -0.3476 (-0.4%)
    L_beta_suppress     = +0.0000 (0.0%)
    L_beta_track        = +0.6240 (0.7%)
      L_beta_norms_term   = -0.4343 (-0.5%)
      L_beta_logbeta_term = +0.0867 (0.1%)
  L_E   = +0.7226 (0.8%)
    L_E_charge = +0.0000 (0.0%)
    L_E_cond = +0.4100 (0.5%)
    L_E_cluster = +0.3125 (0.4%)
    L_E_w_photon   = +0.0000 (0.0%)
    L_E_w_charged_hadron   = +0.0000 (0.0%)
    L_E_w_neutral_hadron   = +0.0000 (0.0%)
    L_E_w_muon     = +0.0000 (0.0%)
    L_E_w_electron = +0.0000 (0.0%)
Returning 87.61238861083984
[rank 0] epoch=8 train_batch=2000/15313 loss=2.264613
[rank 0] epoch=8 train_batch=4000/15313 loss=2.314915
[rank 0] epoch=8 train_batch=6000/15313 loss=2.193339
[rank 0] epoch=8 train_batch=8000/15313 loss=2.333229
[rank 0] epoch=8 train_batch=10000/15313 loss=2.225832
[rank 0] epoch=8 train_batch=12000/15313 loss=2.230697
[rank 0] epoch=8 train_batch=14000/15313 loss=2.205394
Training epoch 8
[7.44438670e+00 3.72949628e-02 2.07799161e+00 2.53262993e-02
 1.67256971e-01 2.26216733e-07 6.16062759e-01 4.48338284e-02
 6.94711864e-01 1.64361044e-07 3.36350440e-01 3.66940689e-01
 2.16956108e+00 1.33637326e-01 3.17953553e-01 2.51629468e-01
 1.41205600e+00 1.54662932e-01 4.13636758e+00 1.54874026e-01
 1.58613994e-01 5.28376708e-02 9.62886369e-01 5.63045254e-07
 5.80227309e-01 4.27445123e-02 3.19769241e-01 1.03482823e-06
 6.59987273e-02 5.19988413e-02 3.49410965e-01 3.66644156e-02
 8.10607674e-02 6.18795995e-02 3.88324837e-01 4.20920141e-02
 8.05711115e-01 3.18465269e-02 3.13365493e-02 1.46816138e-03
 1.19529654e-01 2.00780805e-06 1.73463581e-01 5.73849540e-04
 1.50526757e-01 5.48710003e-08 8.04266363e-03 4.34477579e-03
 5.47742356e-02 2.38409856e-03 1.08579268e-02 4.77328009e-03
 4.24742390e-02 4.11208127e-03 8.72934377e-02 1.64161084e-03
 1.79075250e-02 2.26589362e-03 2.51224969e-02 8.62965775e-09
 2.84840206e-02 1.76112455e-03 4.75070912e-02 4.28768204e-09
 4.67849386e-03 2.43620190e-03 2.48367624e-02 1.26116386e-03
 4.74651625e-03 2.87070910e-03 2.05322065e-02 2.13839253e-03
 7.29166835e-02 1.07963067e-03 4.88608677e-03 1.57328611e-03
 1.08138214e+00 1.65340649e-03 5.59073516e-03 3.06058364e-03
 5.48104093e-02 1.49249604e-03 4.70192663e-03 2.13710817e-03
 4.95491814e-02 1.03756503e-03 4.20373233e-03 1.97934489e-03
 3.55335495e-02 9.44328599e-04 7.01044418e-03 5.34152651e-03
 6.58843501e-02 1.22531298e-03 4.63346005e-03 2.00236807e-03
 2.34099122e-02 1.17909114e-03 5.29003153e-03 2.26936046e-03
 2.61365110e-02 1.21568395e-03 1.22490433e-02 3.72866117e-03
 4.21300934e-02 1.80097666e-03 5.44614285e-02 7.68009062e-03
 9.87894561e-02 1.18414595e-03 2.24442900e-03 1.21221058e-03
 2.25738550e-02 6.67247848e-04 1.98140431e-03 1.19822849e-03
 1.42993206e-02 6.04039325e-04 3.23678063e-03 1.69388491e-03
 1.31925034e-02 6.83277152e-04 7.72296241e-03 1.55766354e-02
 5.33118153e-02 3.12070886e-03 7.05744926e-02 2.76983081e-03
 1.06310977e-01 2.21569214e-03 1.31282988e-01 4.24552680e-03
 1.07956976e-01 6.36666268e-03 1.87109517e-01 1.58765214e-02
 4.56256779e-02 5.70594300e-03 6.29290017e-02 9.30936527e-03
 2.01309060e-01 2.78663117e-02]
train  L_V                   = +0.3311 (25.4%)
 train    L_V_attractive      = +0.1294 (9.9%)
 train      L_V_attractive_charged      = +0.1044 (8.0%)
 train      L_V_attractive_neutral      = +0.0250 (1.9%)
 train    L_V_repulsive       = +0.2017 (15.5%)
 train      L_V_repulsive_charged       = +0.0944 (7.2%)
 train      L_V_repulsive_neutral       = +0.1073 (8.2%)
 train    L_charged_cluster   = +0.0000 (0.0%)
 train  L_beta              = +0.2836 (21.8%)
 train    L_beta_noise        = +0.0000 (0.0%)
 train    L_beta_sig          = -0.3373 (-25.9%)
 train    L_beta_suppress     = +0.0000 (0.0%)
 train    L_beta_track        = +0.6209 (47.6%)
 train      L_beta_norms_term   = -0.4113 (-31.5%)
 train      L_beta_logbeta_term = +0.0740 (5.7%)
 train  L_E   = +0.6891 (52.9%)
 train    L_E_charge = +0.0000 (0.0%)
 train    L_E_cond = +0.4034 (30.9%)
 train    L_E_cluster = +0.2857 (21.9%)
 train    L_E_w_photon   = +0.0000 (0.0%)
 train    L_E_w_charged_hadron   = +0.0000 (0.0%)
 train    L_E_w_neutral_hadron   = +0.0000 (0.0%)
 train    L_E_w_muon     = +0.0000 (0.0%)
 train    L_E_w_electron = +0.0000 (0.0%)
learning rate :  [0.00039890465297888624, 0.00039563061276672447, 0.000390213750433216, 0.00038271341425563806, 0.0003732117794866986, 0.00036181294802527074, 0.000348641807854205, 0.0003338426647414537, 0.00031757766119588004]
train loss :  2.3038382530212402
test   L_V                   = +0.7119 (39.2%)
    L_V_attractive      = +0.3769 (20.7%)
      L_V_attractive_charged      = +0.2271 (12.5%)
      L_V_attractive_neutral      = +0.1498 (8.2%)
    L_V_repulsive       = +0.3350 (18.4%)
      L_V_repulsive_charged       = +0.1457 (8.0%)
      L_V_repulsive_neutral       = +0.1893 (10.4%)
    L_charged_cluster   = +0.0000 (0.0%)
  L_beta              = +0.1994 (11.0%)
    L_beta_noise        = +0.0000 (0.0%)
    L_beta_sig          = -0.4110 (-22.6%)
    L_beta_suppress     = +0.0000 (0.0%)
    L_beta_track        = +0.6104 (33.6%)
      L_beta_norms_term   = -0.4608 (-25.4%)
      L_beta_logbeta_term = +0.0498 (2.7%)
  L_E   = +0.9061 (49.9%)
    L_E_charge = +0.0000 (0.0%)
    L_E_cond = +0.5388 (29.6%)
    L_E_cluster = +0.3673 (20.2%)
    L_E_w_photon   = +0.0000 (0.0%)
    L_E_w_charged_hadron   = +0.0000 (0.0%)
    L_E_w_neutral_hadron   = +0.0000 (0.0%)
    L_E_w_muon     = +0.0000 (0.0%)
    L_E_w_electron = +0.0000 (0.0%)
Returning 2.8174452781677246
[rank 0] epoch=9 train_batch=2000/15313 loss=2.133595
[rank 0] epoch=9 train_batch=4000/15313 loss=2.124611
[rank 0] epoch=9 train_batch=6000/15313 loss=2.154949
[rank 0] epoch=9 train_batch=8000/15313 loss=2.196032
[rank 0] epoch=9 train_batch=10000/15313 loss=2.125880
[rank 0] epoch=9 train_batch=12000/15313 loss=2.088381
[rank 0] epoch=9 train_batch=14000/15313 loss=2.102315
Training epoch 9
[5.73402461e+00 6.94272278e-02 1.76265025e+00 4.10329264e-02
 3.51397797e-01 4.27508171e-07 9.60768534e-01 6.39360206e-02
 8.81061682e-01 2.60187502e-07 3.20015511e-01 2.77394722e-01
 2.49517427e+00 1.20583943e-01 2.78500176e-01 1.78647079e-01
 1.41641616e+00 1.31078723e-01 4.53543738e+00 1.22704499e-01
 1.42551697e-01 5.16307095e-02 6.84140785e-01 5.16244532e-07
 4.81474224e-01 3.68572331e-02 3.19748188e-01 1.53253743e-06
 7.36297622e-02 5.21661608e-02 3.98784045e-01 3.97908622e-02
 9.94732901e-02 7.36871160e-02 4.60536066e-01 5.14607235e-02
 1.22621005e+00 4.60598699e-02 4.71271780e-02 7.09420650e-03
 1.71574413e-01 3.42368672e-06 5.31942702e-01 1.71255432e-03
 5.40685695e-01 7.23282714e-08 2.99591638e-02 1.02994732e-02
 1.84631128e-01 6.14176688e-03 4.09786910e-02 1.85083293e-02
 1.71505372e-01 1.54753505e-02 3.42388309e-01 4.16511774e-03
 7.50546015e-02 1.18770467e-02 1.20123098e-01 2.48023526e-08
 2.19349589e-01 1.17275575e-02 4.20952568e-01 2.83425708e-08
 2.99039801e-02 1.34179285e-02 1.36593995e-01 6.69070867e-03
 2.33226910e-02 1.14069148e-02 7.93190827e-02 8.39018846e-03
 2.61874584e-01 3.43410008e-03 1.83828031e-02 5.20619523e-03
 9.21127331e-01 2.54148310e-03 1.31082281e-02 7.67447925e-03
 1.00122965e-01 3.73702423e-03 1.12913448e-02 5.18373587e-03
 1.02090663e-01 2.32612545e-03 8.89626177e-03 4.90374560e-03
 8.63819067e-02 2.24022477e-03 1.78321188e-02 1.32577028e-02
 2.19219833e-01 5.79304330e-03 3.70064064e-02 1.52014786e-02
 1.39154901e-01 6.28884684e-03 2.70057890e-02 1.47010218e-02
 1.31552968e-01 6.54498838e-03 6.38981119e-02 1.99395389e-02
 2.06183257e-01 7.37897541e-03 2.58280198e-01 4.35230119e-02
 2.38460105e-01 2.69212822e-03 7.39629509e-03 3.58690895e-03
 7.92911653e-02 1.92506041e-03 6.51992779e-03 3.62567119e-03
 5.00229049e-02 1.82143547e-03 1.06425390e-02 4.78569669e-03
 4.55831186e-02 1.89306296e-03 2.43097265e-02 4.25835595e-02
 1.35637344e-01 7.63719682e-03 1.74873156e-01 6.37003893e-03
 2.96613972e-01 4.88826879e-03 5.63881553e-01 1.91016500e-02
 3.44334733e-01 2.34196624e-02 6.77215218e-01 5.60463162e-02
 1.40103532e-01 1.50284851e-02 1.68371306e-01 2.45874837e-02
 5.27956544e-01 7.42412713e-02]
train  L_V                   = +0.3046 (26.9%)
 train    L_V_attractive      = +0.1192 (10.5%)
 train      L_V_attractive_charged      = +0.0975 (8.6%)
 train      L_V_attractive_neutral      = +0.0217 (1.9%)
 train    L_V_repulsive       = +0.1854 (16.4%)
 train      L_V_repulsive_charged       = +0.0860 (7.6%)
 train      L_V_repulsive_neutral       = +0.0995 (8.8%)
 train    L_charged_cluster   = +0.0000 (0.0%)
 train  L_beta              = +0.2114 (18.7%)
 train    L_beta_noise        = +0.0000 (0.0%)
 train    L_beta_sig          = -0.4063 (-35.8%)
 train    L_beta_suppress     = +0.0000 (0.0%)
 train    L_beta_track        = +0.6177 (54.5%)
 train      L_beta_norms_term   = -0.4683 (-41.3%)
 train      L_beta_logbeta_term = +0.0620 (5.5%)
 train  L_E   = +0.6172 (54.5%)
 train    L_E_charge = +0.0000 (0.0%)
 train    L_E_cond = +0.3471 (30.6%)
 train    L_E_cluster = +0.2701 (23.8%)
 train    L_E_w_photon   = +0.0000 (0.0%)
 train    L_E_w_charged_hadron   = +0.0000 (0.0%)
 train    L_E_w_neutral_hadron   = +0.0000 (0.0%)
 train    L_E_w_muon     = +0.0000 (0.0%)
 train    L_E_w_electron = +0.0000 (0.0%)
learning rate :  [0.00039890465297888624, 0.00039563061276672447, 0.000390213750433216, 0.00038271341425563806, 0.0003732117794866986, 0.00036181294802527074, 0.000348641807854205, 0.0003338426647414537, 0.00031757766119588004, 0.00030002500000000004]
train loss :  2.1332755088806152
test   L_V                   = +3.5167 (78.5%)
    L_V_attractive      = +3.2598 (72.8%)
      L_V_attractive_charged      = +2.8095 (62.7%)
      L_V_attractive_neutral      = +0.4503 (10.1%)
    L_V_repulsive       = +0.2570 (5.7%)
      L_V_repulsive_charged       = +0.1065 (2.4%)
      L_V_repulsive_neutral       = +0.1505 (3.4%)
    L_charged_cluster   = +0.0000 (0.0%)
  L_beta              = +0.1922 (4.3%)
    L_beta_noise        = +0.0000 (0.0%)
    L_beta_sig          = -0.4284 (-9.6%)
    L_beta_suppress     = +0.0000 (0.0%)
    L_beta_track        = +0.6206 (13.9%)
      L_beta_norms_term   = -0.4853 (-10.8%)
      L_beta_logbeta_term = +0.0569 (1.3%)
  L_E   = +0.7710 (17.2%)
    L_E_charge = +0.0000 (0.0%)
    L_E_cond = +0.4771 (10.7%)
    L_E_cluster = +0.2938 (6.6%)
    L_E_w_photon   = +0.0000 (0.0%)
    L_E_w_charged_hadron   = +0.0000 (0.0%)
    L_E_w_neutral_hadron   = +0.0000 (0.0%)
    L_E_w_muon     = +0.0000 (0.0%)
    L_E_w_electron = +0.0000 (0.0%)
Returning 5.479951858520508
[rank 0] epoch=10 train_batch=2000/15313 loss=2.087412
[rank 0] epoch=10 train_batch=4000/15313 loss=2.086574
