cuda:2
thetaphi at main: True
Loading dataset...
Extended H5: retain valid unknown-truth inputs; supervised loss is masked; exclude_gap_hits=True
Using ILCStreamingDataset (shuffle_buffer=256, files_per_chunk=32, seed=1001)
ILCStreamingDataset: path=/data/suehara/mldata/pfa/murata/data/tc/tc_nnqq_2M_nobrems/train, files=1960, events~=1960000, shuffle_buffer=256, files_per_chunk=32
Extended H5: retain valid unknown-truth inputs; supervised loss is masked; exclude_gap_hits=True
Using ILCStreamingDataset (shuffle_buffer=256, files_per_chunk=32, seed=1001)
ILCStreamingDataset: path=/data/suehara/mldata/pfa/murata/data/tc/tc_nnqq_2M_nobrems/validation, files=20, events~=20000, shuffle_buffer=256, files_per_chunk=32
Training dataset size:  1960000
Validating dataset size:  20000
Batch size:  128
Loading GravNetModelMultiHead (heads=3, reg_heads=2, interaction=none)
restart period :  30
[rank 2] epoch=0 train_batch=2000/15313 loss=1.066870
[rank 2] epoch=0 train_batch=4000/15313 loss=1.058797
[rank 2] epoch=0 train_batch=6000/15313 loss=1.046393
[rank 2] epoch=0 train_batch=8000/15313 loss=1.046162
[rank 2] epoch=0 train_batch=10000/15313 loss=1.051424
[rank 2] epoch=0 train_batch=12000/15313 loss=1.047686
[rank 2] epoch=0 train_batch=14000/15313 loss=1.036873
[rank 2] epoch=1 train_batch=2000/15313 loss=1.027752
[rank 2] epoch=1 train_batch=4000/15313 loss=1.026911
[rank 2] epoch=1 train_batch=6000/15313 loss=1.025985
[rank 2] epoch=1 train_batch=8000/15313 loss=1.020994
[rank 2] epoch=1 train_batch=10000/15313 loss=1.019013
[rank 2] epoch=1 train_batch=12000/15313 loss=1.018342
[rank 2] epoch=1 train_batch=14000/15313 loss=1.016601
[rank 2] epoch=2 train_batch=2000/15313 loss=1.639401
[rank 2] epoch=2 train_batch=4000/15313 loss=1.736489
[rank 2] epoch=2 train_batch=6000/15313 loss=1.634832
[rank 2] epoch=2 train_batch=8000/15313 loss=1.564794
[rank 2] epoch=2 train_batch=10000/15313 loss=1.719875
[rank 2] epoch=2 train_batch=12000/15313 loss=1.687953
[rank 2] epoch=2 train_batch=14000/15313 loss=1.689849
[rank 2] epoch=3 train_batch=2000/15313 loss=1.696224
[rank 2] epoch=3 train_batch=4000/15313 loss=1.713907
[rank 2] epoch=3 train_batch=6000/15313 loss=1.628707
[rank 2] epoch=3 train_batch=8000/15313 loss=1.750839
[rank 2] epoch=3 train_batch=10000/15313 loss=1.674959
[rank 2] epoch=3 train_batch=12000/15313 loss=1.744213
[rank 2] epoch=3 train_batch=14000/15313 loss=1.708394
[rank 2] epoch=4 train_batch=2000/15313 loss=2.718619
[rank 2] epoch=4 train_batch=4000/15313 loss=2.750631
[rank 2] epoch=4 train_batch=6000/15313 loss=2.895903
[rank 2] epoch=4 train_batch=8000/15313 loss=2.658569
[rank 2] epoch=4 train_batch=10000/15313 loss=2.651957
[rank 2] epoch=4 train_batch=12000/15313 loss=2.882677
[rank 2] epoch=4 train_batch=14000/15313 loss=2.685586
[rank 2] epoch=5 train_batch=2000/15313 loss=2.736396
[rank 2] epoch=5 train_batch=4000/15313 loss=2.780409
[rank 2] epoch=5 train_batch=6000/15313 loss=2.779350
[rank 2] epoch=5 train_batch=8000/15313 loss=2.700952
[rank 2] epoch=5 train_batch=10000/15313 loss=2.768363
[rank 2] epoch=5 train_batch=12000/15313 loss=2.650218
[rank 2] epoch=5 train_batch=14000/15313 loss=2.507345
[rank 2] epoch=6 train_batch=2000/15313 loss=2.631791
[rank 2] epoch=6 train_batch=4000/15313 loss=2.649086
[rank 2] epoch=6 train_batch=6000/15313 loss=2.490367
[rank 2] epoch=6 train_batch=8000/15313 loss=2.417959
[rank 2] epoch=6 train_batch=10000/15313 loss=2.487916
[rank 2] epoch=6 train_batch=12000/15313 loss=2.479360
[rank 2] epoch=6 train_batch=14000/15313 loss=2.273341
[rank 2] epoch=7 train_batch=2000/15313 loss=2.406554
[rank 2] epoch=7 train_batch=4000/15313 loss=2.411964
[rank 2] epoch=7 train_batch=6000/15313 loss=2.539075
[rank 2] epoch=7 train_batch=8000/15313 loss=2.393873
[rank 2] epoch=7 train_batch=10000/15313 loss=2.401235
[rank 2] epoch=7 train_batch=12000/15313 loss=2.410874
[rank 2] epoch=7 train_batch=14000/15313 loss=2.526411
[rank 2] epoch=8 train_batch=2000/15313 loss=2.326619
[rank 2] epoch=8 train_batch=4000/15313 loss=2.257141
[rank 2] epoch=8 train_batch=6000/15313 loss=2.324851
[rank 2] epoch=8 train_batch=8000/15313 loss=2.392217
[rank 2] epoch=8 train_batch=10000/15313 loss=2.306598
[rank 2] epoch=8 train_batch=12000/15313 loss=2.224834
[rank 2] epoch=8 train_batch=14000/15313 loss=2.154432
[rank 2] epoch=9 train_batch=2000/15313 loss=2.154697
[rank 2] epoch=9 train_batch=4000/15313 loss=2.114045
[rank 2] epoch=9 train_batch=6000/15313 loss=2.158880
[rank 2] epoch=9 train_batch=8000/15313 loss=2.167827
[rank 2] epoch=9 train_batch=10000/15313 loss=2.239042
[rank 2] epoch=9 train_batch=12000/15313 loss=2.132387
[rank 2] epoch=9 train_batch=14000/15313 loss=2.218392
[rank 2] epoch=10 train_batch=2000/15313 loss=2.035957
[rank 2] epoch=10 train_batch=4000/15313 loss=2.017159
[rank 2] epoch=10 train_batch=6000/15313 loss=2.082172
[rank 2] epoch=10 train_batch=8000/15313 loss=1.978546
[rank 2] epoch=10 train_batch=10000/15313 loss=2.016765
[rank 2] epoch=10 train_batch=12000/15313 loss=2.055670
[rank 2] epoch=10 train_batch=14000/15313 loss=1.971505
[rank 2] epoch=11 train_batch=2000/15313 loss=2.017029
[rank 2] epoch=11 train_batch=4000/15313 loss=2.003733
[rank 2] epoch=11 train_batch=6000/15313 loss=1.959064
[rank 2] epoch=11 train_batch=8000/15313 loss=1.989597
[rank 2] epoch=11 train_batch=10000/15313 loss=2.060494
[rank 2] epoch=11 train_batch=12000/15313 loss=1.969804
[rank 2] epoch=11 train_batch=14000/15313 loss=2.014145
[rank 2] epoch=12 train_batch=2000/15313 loss=1.938455
[rank 2] epoch=12 train_batch=4000/15313 loss=1.988793
[rank 2] epoch=12 train_batch=6000/15313 loss=1.965838
[rank 2] epoch=12 train_batch=8000/15313 loss=1.933780
[rank 2] epoch=12 train_batch=10000/15313 loss=2.030849
[rank 2] epoch=12 train_batch=12000/15313 loss=1.878089
[rank 2] epoch=12 train_batch=14000/15313 loss=1.879169
[rank 2] epoch=13 train_batch=2000/15313 loss=1.894991
[rank 2] epoch=13 train_batch=4000/15313 loss=1.990867
[rank 2] epoch=13 train_batch=6000/15313 loss=1.989775
[rank 2] epoch=13 train_batch=8000/15313 loss=1.925680
[rank 2] epoch=13 train_batch=10000/15313 loss=1.980249
[rank 2] epoch=13 train_batch=12000/15313 loss=1.865084
[rank 2] epoch=13 train_batch=14000/15313 loss=1.935393
[rank 2] epoch=14 train_batch=2000/15313 loss=1.962107
[rank 2] epoch=14 train_batch=4000/15313 loss=1.928961
[rank 2] epoch=14 train_batch=6000/15313 loss=1.979440
[rank 2] epoch=14 train_batch=8000/15313 loss=1.955920
[rank 2] epoch=14 train_batch=10000/15313 loss=1.902625
[rank 2] epoch=14 train_batch=12000/15313 loss=1.914488
[rank 2] epoch=14 train_batch=14000/15313 loss=1.885448
[rank 2] epoch=15 train_batch=2000/15313 loss=1.910727
[rank 2] epoch=15 train_batch=4000/15313 loss=1.859227
[rank 2] epoch=15 train_batch=6000/15313 loss=1.856700
[rank 2] epoch=15 train_batch=8000/15313 loss=1.848662
[rank 2] epoch=15 train_batch=10000/15313 loss=1.927094
[rank 2] epoch=15 train_batch=12000/15313 loss=1.856565
[rank 2] epoch=15 train_batch=14000/15313 loss=1.867714
[rank 2] epoch=16 train_batch=2000/15313 loss=1.894008
[rank 2] epoch=16 train_batch=4000/15313 loss=1.891606
[rank 2] epoch=16 train_batch=6000/15313 loss=1.923474
[rank 2] epoch=16 train_batch=8000/15313 loss=1.816191
[rank 2] epoch=16 train_batch=10000/15313 loss=1.877232
[rank 2] epoch=16 train_batch=12000/15313 loss=1.919438
[rank 2] epoch=16 train_batch=14000/15313 loss=1.954385
[rank 2] epoch=17 train_batch=2000/15313 loss=1.841831
[rank 2] epoch=17 train_batch=4000/15313 loss=1.862047
[rank 2] epoch=17 train_batch=6000/15313 loss=1.867936
[rank 2] epoch=17 train_batch=8000/15313 loss=1.891810
[rank 2] epoch=17 train_batch=10000/15313 loss=1.859832
[rank 2] epoch=17 train_batch=12000/15313 loss=1.899581
[rank 2] epoch=17 train_batch=14000/15313 loss=1.885169
[rank 2] epoch=18 train_batch=2000/15313 loss=1.898371
[rank 2] epoch=18 train_batch=4000/15313 loss=1.815491
[rank 2] epoch=18 train_batch=6000/15313 loss=1.932913
[rank 2] epoch=18 train_batch=8000/15313 loss=1.836405
[rank 2] epoch=18 train_batch=10000/15313 loss=1.846342
[rank 2] epoch=18 train_batch=12000/15313 loss=1.903011
[rank 2] epoch=18 train_batch=14000/15313 loss=1.801972
[rank 2] epoch=19 train_batch=2000/15313 loss=1.881406
[rank 2] epoch=19 train_batch=4000/15313 loss=1.814561
[rank 2] epoch=19 train_batch=6000/15313 loss=1.837887
[rank 2] epoch=19 train_batch=8000/15313 loss=1.828052
[rank 2] epoch=19 train_batch=10000/15313 loss=1.790524
[rank 2] epoch=19 train_batch=12000/15313 loss=1.860498
[rank 2] epoch=19 train_batch=14000/15313 loss=1.892175
[rank 2] epoch=20 train_batch=2000/15313 loss=1.738664
[rank 2] epoch=20 train_batch=4000/15313 loss=1.754958
[rank 2] epoch=20 train_batch=6000/15313 loss=1.847148
[rank 2] epoch=20 train_batch=8000/15313 loss=1.963227
[rank 2] epoch=20 train_batch=10000/15313 loss=1.775231
[rank 2] epoch=20 train_batch=12000/15313 loss=1.886579
[rank 2] epoch=20 train_batch=14000/15313 loss=1.819764
[rank 2] epoch=21 train_batch=2000/15313 loss=1.862833
[rank 2] epoch=21 train_batch=4000/15313 loss=1.846607
[rank 2] epoch=21 train_batch=6000/15313 loss=1.820117
[rank 2] epoch=21 train_batch=8000/15313 loss=1.788924
[rank 2] epoch=21 train_batch=10000/15313 loss=1.827986
[rank 2] epoch=21 train_batch=12000/15313 loss=1.871359
[rank 2] epoch=21 train_batch=14000/15313 loss=1.790586
[rank 2] epoch=22 train_batch=2000/15313 loss=1.858202
[rank 2] epoch=22 train_batch=4000/15313 loss=1.766486
[rank 2] epoch=22 train_batch=6000/15313 loss=1.901434
[rank 2] epoch=22 train_batch=8000/15313 loss=1.803460
[rank 2] epoch=22 train_batch=10000/15313 loss=1.848643
[rank 2] epoch=22 train_batch=12000/15313 loss=1.786165
[rank 2] epoch=22 train_batch=14000/15313 loss=1.781689
[rank 2] epoch=23 train_batch=2000/15313 loss=1.728939
[rank 2] epoch=23 train_batch=4000/15313 loss=1.898925
[rank 2] epoch=23 train_batch=6000/15313 loss=1.774108
[rank 2] epoch=23 train_batch=8000/15313 loss=1.790211
[rank 2] epoch=23 train_batch=10000/15313 loss=1.785191
[rank 2] epoch=23 train_batch=12000/15313 loss=1.780788
[rank 2] epoch=23 train_batch=14000/15313 loss=1.849779
[rank 2] epoch=24 train_batch=2000/15313 loss=1.784848
[rank 2] epoch=24 train_batch=4000/15313 loss=1.819391
[rank 2] epoch=24 train_batch=6000/15313 loss=1.832990
[rank 2] epoch=24 train_batch=8000/15313 loss=1.769089
[rank 2] epoch=24 train_batch=10000/15313 loss=1.815878
[rank 2] epoch=24 train_batch=12000/15313 loss=1.840677
[rank 2] epoch=24 train_batch=14000/15313 loss=1.800708
[rank 2] epoch=25 train_batch=2000/15313 loss=1.758477
[rank 2] epoch=25 train_batch=4000/15313 loss=1.770960
[rank 2] epoch=25 train_batch=6000/15313 loss=1.768786
[rank 2] epoch=25 train_batch=8000/15313 loss=1.821025
[rank 2] epoch=25 train_batch=10000/15313 loss=1.736727
[rank 2] epoch=25 train_batch=12000/15313 loss=1.841230
[rank 2] epoch=25 train_batch=14000/15313 loss=1.827693
[rank 2] epoch=26 train_batch=2000/15313 loss=1.781608
[rank 2] epoch=26 train_batch=4000/15313 loss=1.749547
[rank 2] epoch=26 train_batch=6000/15313 loss=1.744270
[rank 2] epoch=26 train_batch=8000/15313 loss=1.768385
[rank 2] epoch=26 train_batch=10000/15313 loss=1.740514
[rank 2] epoch=26 train_batch=12000/15313 loss=1.779530
[rank 2] epoch=26 train_batch=14000/15313 loss=1.811284
[rank 2] epoch=27 train_batch=2000/15313 loss=1.780853
[rank 2] epoch=27 train_batch=4000/15313 loss=1.674905
[rank 2] epoch=27 train_batch=6000/15313 loss=1.763915
[rank 2] epoch=27 train_batch=8000/15313 loss=1.841800
[rank 2] epoch=27 train_batch=10000/15313 loss=1.835482
[rank 2] epoch=27 train_batch=12000/15313 loss=1.713048
[rank 2] epoch=27 train_batch=14000/15313 loss=1.809806
[rank 2] epoch=28 train_batch=2000/15313 loss=1.775500
[rank 2] epoch=28 train_batch=4000/15313 loss=1.677200
[rank 2] epoch=28 train_batch=6000/15313 loss=1.801573
[rank 2] epoch=28 train_batch=8000/15313 loss=1.730153
[rank 2] epoch=28 train_batch=10000/15313 loss=1.779066
[rank 2] epoch=28 train_batch=12000/15313 loss=1.831706
[rank 2] epoch=28 train_batch=14000/15313 loss=1.750378
[rank 2] epoch=29 train_batch=2000/15313 loss=1.858546
[rank 2] epoch=29 train_batch=4000/15313 loss=1.763493
[rank 2] epoch=29 train_batch=6000/15313 loss=1.728501
[rank 2] epoch=29 train_batch=8000/15313 loss=1.818527
[rank 2] epoch=29 train_batch=10000/15313 loss=1.714878
[rank 2] epoch=29 train_batch=12000/15313 loss=1.767774
[rank 2] epoch=29 train_batch=14000/15313 loss=1.876153
[rank 2] epoch=30 train_batch=2000/15313 loss=1.776723
[rank 2] epoch=30 train_batch=4000/15313 loss=1.778733
[rank 2] epoch=30 train_batch=6000/15313 loss=1.826941
[rank 2] epoch=30 train_batch=8000/15313 loss=1.818667
[rank 2] epoch=30 train_batch=10000/15313 loss=1.847600
[rank 2] epoch=30 train_batch=12000/15313 loss=1.874891
[rank 2] epoch=30 train_batch=14000/15313 loss=1.885222
[rank 2] epoch=31 train_batch=2000/15313 loss=1.934272
[rank 2] epoch=31 train_batch=4000/15313 loss=1.793384
[rank 2] epoch=31 train_batch=6000/15313 loss=1.847166
[rank 2] epoch=31 train_batch=8000/15313 loss=1.942069
[rank 2] epoch=31 train_batch=10000/15313 loss=1.831153
[rank 2] epoch=31 train_batch=12000/15313 loss=1.909786
[rank 2] epoch=31 train_batch=14000/15313 loss=1.817557
[rank 2] epoch=32 train_batch=2000/15313 loss=1.866747
[rank 2] epoch=32 train_batch=4000/15313 loss=1.797977
[rank 2] epoch=32 train_batch=6000/15313 loss=1.836074
[rank 2] epoch=32 train_batch=8000/15313 loss=1.812759
[rank 2] epoch=32 train_batch=10000/15313 loss=1.796760
[rank 2] epoch=32 train_batch=12000/15313 loss=1.886578
[rank 2] epoch=32 train_batch=14000/15313 loss=1.784082
[rank 2] epoch=33 train_batch=2000/15313 loss=1.896153
[rank 2] epoch=33 train_batch=4000/15313 loss=1.830856
[rank 2] epoch=33 train_batch=6000/15313 loss=1.850816
[rank 2] epoch=33 train_batch=8000/15313 loss=1.789008
[rank 2] epoch=33 train_batch=10000/15313 loss=1.805764
[rank 2] epoch=33 train_batch=12000/15313 loss=1.710045
[rank 2] epoch=33 train_batch=14000/15313 loss=1.766239
[rank 2] epoch=34 train_batch=2000/15313 loss=1.814017
[rank 2] epoch=34 train_batch=4000/15313 loss=1.739914
[rank 2] epoch=34 train_batch=6000/15313 loss=1.741541
[rank 2] epoch=34 train_batch=8000/15313 loss=1.803798
[rank 2] epoch=34 train_batch=10000/15313 loss=1.688519
[rank 2] epoch=34 train_batch=12000/15313 loss=1.764038
[rank 2] epoch=34 train_batch=14000/15313 loss=1.841022
[rank 2] epoch=35 train_batch=2000/15313 loss=1.729946
[rank 2] epoch=35 train_batch=4000/15313 loss=1.638807
[rank 2] epoch=35 train_batch=6000/15313 loss=1.757553
[rank 2] epoch=35 train_batch=8000/15313 loss=1.745529
[rank 2] epoch=35 train_batch=10000/15313 loss=1.826968
[rank 2] epoch=35 train_batch=12000/15313 loss=1.751843
[rank 2] epoch=35 train_batch=14000/15313 loss=1.744021
[rank 2] epoch=36 train_batch=2000/15313 loss=1.664148
[rank 2] epoch=36 train_batch=4000/15313 loss=1.638366
[rank 2] epoch=36 train_batch=6000/15313 loss=1.664244
[rank 2] epoch=36 train_batch=8000/15313 loss=1.788310
[rank 2] epoch=36 train_batch=10000/15313 loss=1.730071
[rank 2] epoch=36 train_batch=12000/15313 loss=1.735268
[rank 2] epoch=36 train_batch=14000/15313 loss=1.676087
[rank 2] epoch=37 train_batch=2000/15313 loss=1.715150
[rank 2] epoch=37 train_batch=4000/15313 loss=1.682679
[rank 2] epoch=37 train_batch=6000/15313 loss=1.726186
[rank 2] epoch=37 train_batch=8000/15313 loss=1.633857
[rank 2] epoch=37 train_batch=10000/15313 loss=1.732113
[rank 2] epoch=37 train_batch=12000/15313 loss=1.796183
[rank 2] epoch=37 train_batch=14000/15313 loss=1.822149
[rank 2] epoch=38 train_batch=2000/15313 loss=1.770680
[rank 2] epoch=38 train_batch=4000/15313 loss=1.730139
[rank 2] epoch=38 train_batch=6000/15313 loss=1.651208
[rank 2] epoch=38 train_batch=8000/15313 loss=1.593841
[rank 2] epoch=38 train_batch=10000/15313 loss=1.706477
[rank 2] epoch=38 train_batch=12000/15313 loss=1.666607
[rank 2] epoch=38 train_batch=14000/15313 loss=1.669892
[rank 2] epoch=39 train_batch=2000/15313 loss=1.752574
[rank 2] epoch=39 train_batch=4000/15313 loss=1.626681
[rank 2] epoch=39 train_batch=6000/15313 loss=1.667547
[rank 2] epoch=39 train_batch=8000/15313 loss=1.648565
[rank 2] epoch=39 train_batch=10000/15313 loss=1.637371
Exception ignored in: <function _MultiProcessingDataLoaderIter.__del__ at 0x7c39d40b7040>
Traceback (most recent call last):
  File "/opt/pyenv/versions/3.9.18/lib/python3.9/site-packages/torch/utils/data/dataloader.py", line 1479, in __del__
    self._shutdown_workers()
  File "/opt/pyenv/versions/3.9.18/lib/python3.9/site-packages/torch/utils/data/dataloader.py", line 1443, in _shutdown_workers
    w.join(timeout=_utils.MP_STATUS_CHECK_INTERVAL)
  File "/opt/pyenv/versions/3.9.18/lib/python3.9/multiprocessing/process.py", line 149, in join
    res = self._popen.wait(timeout)
  File "/opt/pyenv/versions/3.9.18/lib/python3.9/multiprocessing/popen_fork.py", line 40, in wait
    if not wait([self.sentinel], timeout):
  File "/opt/pyenv/versions/3.9.18/lib/python3.9/multiprocessing/connection.py", line 931, in wait
    ready = selector.select(timeout)
  File "/opt/pyenv/versions/3.9.18/lib/python3.9/selectors.py", line 416, in select
    fd_event_list = self._selector.poll(timeout)
KeyboardInterrupt: 
Exception ignored in: <function tqdm.__del__ at 0x7c3aab9c61f0>
Exception ignored in sys.unraisablehook: <built-in function unraisablehook>
KeyboardInterrupt
Process SpawnProcess-3:
Traceback (most recent call last):
  File "/opt/pyenv/versions/3.9.18/lib/python3.9/multiprocessing/process.py", line 318, in _bootstrap
    util._exit_function()
  File "/opt/pyenv/versions/3.9.18/lib/python3.9/multiprocessing/util.py", line 357, in _exit_function
    p.join()
  File "/opt/pyenv/versions/3.9.18/lib/python3.9/multiprocessing/process.py", line 149, in join
    res = self._popen.wait(timeout)
  File "/opt/pyenv/versions/3.9.18/lib/python3.9/multiprocessing/popen_fork.py", line 43, in wait
    return self.poll(os.WNOHANG if timeout == 0.0 else 0)
  File "/opt/pyenv/versions/3.9.18/lib/python3.9/multiprocessing/popen_fork.py", line 27, in poll
    pid, sts = os.waitpid(self.pid, flag)
KeyboardInterrupt
