cuda:2
thetaphi at main: True
Loading dataset...
Using ILCStreamingDataset (shuffle_buffer=256, files_per_chunk=32, seed=1001)
ILCStreamingDataset: path=/data/suehara/mldata/pfa/murata/data/tc/tc_nnqq_2M, files=20000, events~=2000000, shuffle_buffer=256, files_per_chunk=32
Using ILCStreamingDataset (shuffle_buffer=256, files_per_chunk=32, seed=1001)
ILCStreamingDataset: path=/data/suehara/mldata/pfa/murata/data/tc/tc_nnqq_new/train, files=716, events~=94400, shuffle_buffer=256, files_per_chunk=32
Training dataset size:  2000000
Validating dataset size:  94400
Batch size:  128
Loading GravnetModel
Hello
restart period :  30
[rank 2] epoch=0 train_batch=2000/15625 loss=1.071343
[rank 2] epoch=0 train_batch=4000/15625 loss=1.054302
[rank 2] epoch=0 train_batch=6000/15625 loss=1.052453
[rank 2] epoch=0 train_batch=8000/15625 loss=1.046828
[rank 2] epoch=0 train_batch=10000/15625 loss=1.046717
[rank 2] epoch=0 train_batch=12000/15625 loss=1.051042
[rank 2] epoch=0 train_batch=14000/15625 loss=1.079620
[rank 2] epoch=0 train_batch=16000/15625 loss=1.073423
[rank 2] epoch=0 train_batch=18000/15625 loss=1.089062
[rank 2] epoch=0 train_batch=20000/15625 loss=1.105108
[rank 2] epoch=0 train_batch=22000/15625 loss=1.104134
[rank 2] epoch=0 train_batch=24000/15625 loss=1.100118
[rank 2] epoch=0 train_batch=26000/15625 loss=1.107707
[rank 2] epoch=0 train_batch=28000/15625 loss=1.085642
[rank 2] epoch=0 train_batch=30000/15625 loss=1.101120
[rank 2] epoch=0 train_batch=32000/15625 loss=1.094628
[rank 2] epoch=0 train_batch=34000/15625 loss=1.098521
[rank 2] epoch=0 train_batch=36000/15625 loss=1.108993
[rank 2] epoch=0 train_batch=38000/15625 loss=1.103222
[rank 2] epoch=0 train_batch=40000/15625 loss=1.103342
[rank 2] epoch=0 train_batch=42000/15625 loss=1.107590
[rank 2] epoch=0 train_batch=44000/15625 loss=1.118258
[rank 2] epoch=0 train_batch=46000/15625 loss=1.117565
[rank 2] epoch=0 train_batch=48000/15625 loss=1.132010
[rank 2] epoch=0 train_batch=50000/15625 loss=1.119270
[rank 2] epoch=0 train_batch=52000/15625 loss=1.129587
[rank 2] epoch=0 train_batch=54000/15625 loss=1.125420
[rank 2] epoch=0 train_batch=56000/15625 loss=1.145310
[rank 2] epoch=0 train_batch=58000/15625 loss=1.134839
[rank 2] epoch=0 train_batch=60000/15625 loss=1.128175
[rank 2] epoch=0 train_batch=62000/15625 loss=1.135085
[rank 2] epoch=0 valid_batch=2000/735
[rank 2] epoch=1 train_batch=2000/15625 loss=1.132351
[rank 2] epoch=1 train_batch=4000/15625 loss=1.129538
[rank 2] epoch=1 train_batch=6000/15625 loss=1.115307
[rank 2] epoch=1 train_batch=8000/15625 loss=1.117029
[rank 2] epoch=1 train_batch=10000/15625 loss=1.122588
[rank 2] epoch=1 train_batch=12000/15625 loss=1.119445
[rank 2] epoch=1 train_batch=14000/15625 loss=1.122364
[rank 2] epoch=1 train_batch=16000/15625 loss=1.119551
[rank 2] epoch=1 train_batch=18000/15625 loss=1.125952
[rank 2] epoch=1 train_batch=20000/15625 loss=1.126944
[rank 2] epoch=1 train_batch=22000/15625 loss=1.115557
[rank 2] epoch=1 train_batch=24000/15625 loss=1.128694
[rank 2] epoch=1 train_batch=26000/15625 loss=1.146077
[rank 2] epoch=1 train_batch=28000/15625 loss=1.136706
[rank 2] epoch=1 train_batch=30000/15625 loss=1.129721
[rank 2] epoch=1 train_batch=32000/15625 loss=1.130670
[rank 2] epoch=1 train_batch=34000/15625 loss=1.138367
[rank 2] epoch=1 train_batch=36000/15625 loss=1.151857
[rank 2] epoch=1 train_batch=38000/15625 loss=1.123079
[rank 2] epoch=1 train_batch=40000/15625 loss=1.127544
[rank 2] epoch=1 train_batch=42000/15625 loss=1.171095
[rank 2] epoch=1 train_batch=44000/15625 loss=1.138425
[rank 2] epoch=1 train_batch=46000/15625 loss=1.145841
[rank 2] epoch=1 train_batch=48000/15625 loss=1.166732
[rank 2] epoch=1 train_batch=50000/15625 loss=1.131593
[rank 2] epoch=1 train_batch=52000/15625 loss=1.135424
[rank 2] epoch=1 train_batch=54000/15625 loss=1.140462
[rank 2] epoch=1 train_batch=56000/15625 loss=1.133250
[rank 2] epoch=1 train_batch=58000/15625 loss=1.172815
[rank 2] epoch=1 train_batch=60000/15625 loss=1.145440
[rank 2] epoch=1 train_batch=62000/15625 loss=1.416091
[rank 2] epoch=1 valid_batch=2000/735
[rank 2] epoch=2 train_batch=2000/15625 loss=2.341967
[rank 2] epoch=2 train_batch=4000/15625 loss=2.376028
[rank 2] epoch=2 train_batch=6000/15625 loss=2.511849
[rank 2] epoch=2 train_batch=8000/15625 loss=2.428126
[rank 2] epoch=2 train_batch=10000/15625 loss=2.357003
[rank 2] epoch=2 train_batch=12000/15625 loss=2.324511
[rank 2] epoch=2 train_batch=14000/15625 loss=2.337152
[rank 2] epoch=2 train_batch=16000/15625 loss=2.325157
[rank 2] epoch=2 train_batch=18000/15625 loss=2.340930
[rank 2] epoch=2 train_batch=20000/15625 loss=2.297115
[rank 2] epoch=2 train_batch=22000/15625 loss=2.338468
[rank 2] epoch=2 train_batch=24000/15625 loss=2.329710
[rank 2] epoch=2 train_batch=26000/15625 loss=2.330100
[rank 2] epoch=2 train_batch=28000/15625 loss=2.366487
[rank 2] epoch=2 train_batch=30000/15625 loss=2.403392
[rank 2] epoch=2 train_batch=32000/15625 loss=2.378123
[rank 2] epoch=2 train_batch=34000/15625 loss=2.335775
[rank 2] epoch=2 train_batch=36000/15625 loss=2.329249
[rank 2] epoch=2 train_batch=38000/15625 loss=2.314322
[rank 2] epoch=2 train_batch=40000/15625 loss=2.310843
[rank 2] epoch=2 train_batch=42000/15625 loss=2.402623
[rank 2] epoch=2 train_batch=44000/15625 loss=2.329766
[rank 2] epoch=2 train_batch=46000/15625 loss=2.347935
[rank 2] epoch=2 train_batch=48000/15625 loss=2.309414
[rank 2] epoch=2 train_batch=50000/15625 loss=2.428377
[rank 2] epoch=2 train_batch=52000/15625 loss=2.314650
[rank 2] epoch=2 train_batch=54000/15625 loss=2.414870
[rank 2] epoch=2 train_batch=56000/15625 loss=2.387110
[rank 2] epoch=2 train_batch=58000/15625 loss=2.348765
[rank 2] epoch=2 train_batch=60000/15625 loss=2.325394
[rank 2] epoch=2 train_batch=62000/15625 loss=2.490413
[rank 2] epoch=2 valid_batch=2000/735
[rank 2] epoch=3 train_batch=2000/15625 loss=2.304150
[rank 2] epoch=3 train_batch=4000/15625 loss=2.406433
[rank 2] epoch=3 train_batch=6000/15625 loss=2.445673
[rank 2] epoch=3 train_batch=8000/15625 loss=2.350715
[rank 2] epoch=3 train_batch=10000/15625 loss=2.443366
[rank 2] epoch=3 train_batch=12000/15625 loss=2.439022
[rank 2] epoch=3 train_batch=14000/15625 loss=2.656668
[rank 2] epoch=3 train_batch=16000/15625 loss=2.351103
[rank 2] epoch=3 train_batch=18000/15625 loss=2.416730
[rank 2] epoch=3 train_batch=20000/15625 loss=2.378829
[rank 2] epoch=3 train_batch=22000/15625 loss=2.492188
[rank 2] epoch=3 train_batch=24000/15625 loss=2.380273
[rank 2] epoch=3 train_batch=26000/15625 loss=2.364826
[rank 2] epoch=3 train_batch=28000/15625 loss=2.584040
[rank 2] epoch=3 train_batch=30000/15625 loss=2.389882
[rank 2] epoch=3 train_batch=32000/15625 loss=2.527905
[rank 2] epoch=3 train_batch=34000/15625 loss=2.620797
[rank 2] epoch=3 train_batch=36000/15625 loss=2.572312
[rank 2] epoch=3 train_batch=38000/15625 loss=2.723052
[rank 2] epoch=3 train_batch=40000/15625 loss=2.523670
[rank 2] epoch=3 train_batch=42000/15625 loss=2.545304
[rank 2] epoch=3 train_batch=44000/15625 loss=2.821137
[rank 2] epoch=3 train_batch=46000/15625 loss=2.567310
[rank 2] epoch=3 train_batch=48000/15625 loss=2.536418
[rank 2] epoch=3 train_batch=50000/15625 loss=2.567124
[rank 2] epoch=3 train_batch=52000/15625 loss=2.448356
[rank 2] epoch=3 train_batch=54000/15625 loss=2.510246
[rank 2] epoch=3 train_batch=56000/15625 loss=2.505207
[rank 2] epoch=3 train_batch=58000/15625 loss=2.601893
[rank 2] epoch=3 train_batch=60000/15625 loss=2.991117
[rank 2] epoch=3 train_batch=62000/15625 loss=2.567217
[rank 2] epoch=3 valid_batch=2000/735
[rank 2] epoch=4 train_batch=2000/15625 loss=1282.614380
[rank 2] epoch=4 train_batch=4000/15625 loss=1186.161011
[rank 2] epoch=4 train_batch=6000/15625 loss=1167.460205
[rank 2] epoch=4 train_batch=8000/15625 loss=1032.208374
[rank 2] epoch=4 train_batch=10000/15625 loss=1155.188477
[rank 2] epoch=4 train_batch=12000/15625 loss=1087.498901
[rank 2] epoch=4 train_batch=14000/15625 loss=894.516846
[rank 2] epoch=4 train_batch=16000/15625 loss=1017.049866
[rank 2] epoch=4 train_batch=18000/15625 loss=1381.575073
[rank 2] epoch=4 train_batch=20000/15625 loss=1054.450928
[rank 2] epoch=4 train_batch=22000/15625 loss=1071.360474
[rank 2] epoch=4 train_batch=24000/15625 loss=1168.144409
[rank 2] epoch=4 train_batch=26000/15625 loss=1255.600708
[rank 2] epoch=4 train_batch=28000/15625 loss=1199.878296
[rank 2] epoch=4 train_batch=30000/15625 loss=1160.488281
[rank 2] epoch=4 train_batch=32000/15625 loss=1064.101318
[rank 2] epoch=4 train_batch=34000/15625 loss=1358.349609
[rank 2] epoch=4 train_batch=36000/15625 loss=1133.938477
[rank 2] epoch=4 train_batch=38000/15625 loss=1219.420776
[rank 2] epoch=4 train_batch=40000/15625 loss=1141.500488
[rank 2] epoch=4 train_batch=42000/15625 loss=1422.086670
[rank 2] epoch=4 train_batch=44000/15625 loss=1151.586914
[rank 2] epoch=4 train_batch=46000/15625 loss=1382.631836
[rank 2] epoch=4 train_batch=48000/15625 loss=1007.992676
[rank 2] epoch=4 train_batch=50000/15625 loss=1120.935547
[rank 2] epoch=4 train_batch=52000/15625 loss=1342.217285
[rank 2] epoch=4 train_batch=54000/15625 loss=929.857300
[rank 2] epoch=4 train_batch=56000/15625 loss=1081.765503
[rank 2] epoch=4 train_batch=58000/15625 loss=948.578003
[rank 2] epoch=4 train_batch=60000/15625 loss=897.589355
[rank 2] epoch=4 train_batch=62000/15625 loss=1533.306885
[rank 2] epoch=4 valid_batch=2000/735
[rank 2] epoch=5 train_batch=2000/15625 loss=1141.315552
[rank 2] epoch=5 train_batch=4000/15625 loss=1087.664917
[rank 2] epoch=5 train_batch=6000/15625 loss=1116.724976
[rank 2] epoch=5 train_batch=8000/15625 loss=1034.474976
[rank 2] epoch=5 train_batch=10000/15625 loss=1136.988159
[rank 2] epoch=5 train_batch=12000/15625 loss=1087.000732
[rank 2] epoch=5 train_batch=14000/15625 loss=1041.785767
[rank 2] epoch=5 train_batch=16000/15625 loss=1025.379272
[rank 2] epoch=5 train_batch=18000/15625 loss=1019.032043
[rank 2] epoch=5 train_batch=20000/15625 loss=1220.186646
[rank 2] epoch=5 train_batch=22000/15625 loss=892.742065
[rank 2] epoch=5 train_batch=24000/15625 loss=891.451233
[rank 2] epoch=5 train_batch=26000/15625 loss=934.860596
[rank 2] epoch=5 train_batch=28000/15625 loss=1062.637451
[rank 2] epoch=5 train_batch=30000/15625 loss=967.483093
[rank 2] epoch=5 train_batch=32000/15625 loss=1236.998413
[rank 2] epoch=5 train_batch=34000/15625 loss=797.615723
[rank 2] epoch=5 train_batch=36000/15625 loss=1054.454834
[rank 2] epoch=5 train_batch=38000/15625 loss=1059.337036
[rank 2] epoch=5 train_batch=40000/15625 loss=923.168213
[rank 2] epoch=5 train_batch=42000/15625 loss=1123.433472
[rank 2] epoch=5 train_batch=44000/15625 loss=1192.008667
[rank 2] epoch=5 train_batch=46000/15625 loss=1272.371582
[rank 2] epoch=5 train_batch=48000/15625 loss=904.354370
[rank 2] epoch=5 train_batch=50000/15625 loss=840.301208
[rank 2] epoch=5 train_batch=52000/15625 loss=1090.375732
[rank 2] epoch=5 train_batch=54000/15625 loss=1007.146973
[rank 2] epoch=5 train_batch=56000/15625 loss=802.240234
[rank 2] epoch=5 train_batch=58000/15625 loss=1251.933472
[rank 2] epoch=5 train_batch=60000/15625 loss=896.345764
[rank 2] epoch=5 train_batch=62000/15625 loss=1095.885620
[rank 2] epoch=5 valid_batch=2000/735
[rank 2] epoch=6 train_batch=2000/15625 loss=891.223022
[rank 2] epoch=6 train_batch=4000/15625 loss=756.661133
[rank 2] epoch=6 train_batch=6000/15625 loss=1051.441772
[rank 2] epoch=6 train_batch=8000/15625 loss=1068.318970
[rank 2] epoch=6 train_batch=10000/15625 loss=1000.728149
[rank 2] epoch=6 train_batch=12000/15625 loss=1147.418335
[rank 2] epoch=6 train_batch=14000/15625 loss=826.330872
[rank 2] epoch=6 train_batch=16000/15625 loss=1182.654053
[rank 2] epoch=6 train_batch=18000/15625 loss=1198.464233
[rank 2] epoch=6 train_batch=20000/15625 loss=1102.910767
[rank 2] epoch=6 train_batch=22000/15625 loss=1133.716187
[rank 2] epoch=6 train_batch=24000/15625 loss=945.906616
[rank 2] epoch=6 train_batch=26000/15625 loss=930.630066
[rank 2] epoch=6 train_batch=28000/15625 loss=1326.618530
[rank 2] epoch=6 train_batch=30000/15625 loss=1019.412537
[rank 2] epoch=6 train_batch=32000/15625 loss=1032.284424
[rank 2] epoch=6 train_batch=34000/15625 loss=1136.418945
[rank 2] epoch=6 train_batch=36000/15625 loss=1018.471069
[rank 2] epoch=6 train_batch=38000/15625 loss=960.323486
[rank 2] epoch=6 train_batch=40000/15625 loss=1179.388306
[rank 2] epoch=6 train_batch=42000/15625 loss=1261.283325
[rank 2] epoch=6 train_batch=44000/15625 loss=942.660461
[rank 2] epoch=6 train_batch=46000/15625 loss=1504.714844
[rank 2] epoch=6 train_batch=48000/15625 loss=1063.608398
[rank 2] epoch=6 train_batch=50000/15625 loss=1091.121704
[rank 2] epoch=6 train_batch=52000/15625 loss=1238.166992
[rank 2] epoch=6 train_batch=54000/15625 loss=1117.646362
[rank 2] epoch=6 train_batch=56000/15625 loss=1043.891235
[rank 2] epoch=6 train_batch=58000/15625 loss=1268.843994
[rank 2] epoch=6 train_batch=60000/15625 loss=1036.453857
[rank 2] epoch=6 train_batch=62000/15625 loss=1199.650635
[rank 2] epoch=6 valid_batch=2000/735
[rank 2] epoch=7 train_batch=2000/15625 loss=1001.612305
[rank 2] epoch=7 train_batch=4000/15625 loss=1295.822144
[rank 2] epoch=7 train_batch=6000/15625 loss=1224.908081
[rank 2] epoch=7 train_batch=8000/15625 loss=859.083069
[rank 2] epoch=7 train_batch=10000/15625 loss=1017.701477
[rank 2] epoch=7 train_batch=12000/15625 loss=1002.966553
[rank 2] epoch=7 train_batch=14000/15625 loss=945.929993
[rank 2] epoch=7 train_batch=16000/15625 loss=712.014771
[rank 2] epoch=7 train_batch=18000/15625 loss=1232.971802
[rank 2] epoch=7 train_batch=20000/15625 loss=919.304199
[rank 2] epoch=7 train_batch=22000/15625 loss=1091.619629
[rank 2] epoch=7 train_batch=24000/15625 loss=814.586304
[rank 2] epoch=7 train_batch=26000/15625 loss=1046.526611
[rank 2] epoch=7 train_batch=28000/15625 loss=891.745605
[rank 2] epoch=7 train_batch=30000/15625 loss=842.711487
[rank 2] epoch=7 train_batch=32000/15625 loss=1237.117065
[rank 2] epoch=7 train_batch=34000/15625 loss=848.063171
[rank 2] epoch=7 train_batch=36000/15625 loss=1024.318237
[rank 2] epoch=7 train_batch=38000/15625 loss=1167.954468
[rank 2] epoch=7 train_batch=40000/15625 loss=893.384399
[rank 2] epoch=7 train_batch=42000/15625 loss=915.731934
[rank 2] epoch=7 train_batch=44000/15625 loss=851.034058
[rank 2] epoch=7 train_batch=46000/15625 loss=791.087524
[rank 2] epoch=7 train_batch=48000/15625 loss=886.317261
[rank 2] epoch=7 train_batch=50000/15625 loss=1039.978394
[rank 2] epoch=7 train_batch=52000/15625 loss=809.847534
[rank 2] epoch=7 train_batch=54000/15625 loss=892.042236
[rank 2] epoch=7 train_batch=56000/15625 loss=661.956055
[rank 2] epoch=7 train_batch=58000/15625 loss=884.900269
[rank 2] epoch=7 train_batch=60000/15625 loss=869.513428
[rank 2] epoch=7 train_batch=62000/15625 loss=786.119873
[rank 2] epoch=7 valid_batch=2000/735
[rank 2] epoch=8 train_batch=2000/15625 loss=660.244202
[rank 2] epoch=8 train_batch=4000/15625 loss=867.984192
[rank 2] epoch=8 train_batch=6000/15625 loss=817.686279
[rank 2] epoch=8 train_batch=8000/15625 loss=794.215942
[rank 2] epoch=8 train_batch=10000/15625 loss=992.425171
[rank 2] epoch=8 train_batch=12000/15625 loss=801.136841
[rank 2] epoch=8 train_batch=14000/15625 loss=624.634949
[rank 2] epoch=8 train_batch=16000/15625 loss=652.304504
[rank 2] epoch=8 train_batch=18000/15625 loss=779.353271
[rank 2] epoch=8 train_batch=20000/15625 loss=893.434631
[rank 2] epoch=8 train_batch=22000/15625 loss=749.015320
[rank 2] epoch=8 train_batch=24000/15625 loss=691.012268
[rank 2] epoch=8 train_batch=26000/15625 loss=966.531555
[rank 2] epoch=8 train_batch=28000/15625 loss=753.431458
[rank 2] epoch=8 train_batch=30000/15625 loss=984.451355
[rank 2] epoch=8 train_batch=32000/15625 loss=906.616699
[rank 2] epoch=8 train_batch=34000/15625 loss=698.553223
[rank 2] epoch=8 train_batch=36000/15625 loss=889.570618
[rank 2] epoch=8 train_batch=38000/15625 loss=625.433044
[rank 2] epoch=8 train_batch=40000/15625 loss=748.577759
[rank 2] epoch=8 train_batch=42000/15625 loss=732.366028
[rank 2] epoch=8 train_batch=44000/15625 loss=747.464783
[rank 2] epoch=8 train_batch=46000/15625 loss=994.429077
[rank 2] epoch=8 train_batch=48000/15625 loss=688.360413
[rank 2] epoch=8 train_batch=50000/15625 loss=909.656555
[rank 2] epoch=8 train_batch=52000/15625 loss=737.592712
[rank 2] epoch=8 train_batch=54000/15625 loss=612.357605
[rank 2] epoch=8 train_batch=56000/15625 loss=888.177307
[rank 2] epoch=8 train_batch=58000/15625 loss=559.000122
[rank 2] epoch=8 train_batch=60000/15625 loss=460.791809
[rank 2] epoch=8 train_batch=62000/15625 loss=554.453674
[rank 2] epoch=8 valid_batch=2000/735
[rank 2] epoch=9 train_batch=2000/15625 loss=687.875977
[rank 2] epoch=9 train_batch=4000/15625 loss=787.800598
[rank 2] epoch=9 train_batch=6000/15625 loss=754.083435
[rank 2] epoch=9 train_batch=8000/15625 loss=752.807617
[rank 2] epoch=9 train_batch=10000/15625 loss=835.590271
[rank 2] epoch=9 train_batch=12000/15625 loss=846.823914
[rank 2] epoch=9 train_batch=14000/15625 loss=520.230469
[rank 2] epoch=9 train_batch=16000/15625 loss=758.229492
[rank 2] epoch=9 train_batch=18000/15625 loss=635.811401
[rank 2] epoch=9 train_batch=20000/15625 loss=987.831726
[rank 2] epoch=9 train_batch=22000/15625 loss=525.109558
[rank 2] epoch=9 train_batch=24000/15625 loss=485.233795
[rank 2] epoch=9 train_batch=26000/15625 loss=517.261597
[rank 2] epoch=9 train_batch=28000/15625 loss=649.506226
[rank 2] epoch=9 train_batch=30000/15625 loss=511.000916
[rank 2] epoch=9 train_batch=32000/15625 loss=672.129089
[rank 2] epoch=9 train_batch=34000/15625 loss=733.770264
[rank 2] epoch=9 train_batch=36000/15625 loss=1182.970581
[rank 2] epoch=9 train_batch=38000/15625 loss=697.359741
[rank 2] epoch=9 train_batch=40000/15625 loss=891.259216
[rank 2] epoch=9 train_batch=42000/15625 loss=797.619873
[rank 2] epoch=9 train_batch=44000/15625 loss=1021.905273
[rank 2] epoch=9 train_batch=46000/15625 loss=721.969543
[rank 2] epoch=9 train_batch=48000/15625 loss=990.518921
[rank 2] epoch=9 train_batch=50000/15625 loss=855.336853
[rank 2] epoch=9 train_batch=52000/15625 loss=668.818970
[rank 2] epoch=9 train_batch=54000/15625 loss=806.671753
[rank 2] epoch=9 train_batch=56000/15625 loss=816.426575
[rank 2] epoch=9 train_batch=58000/15625 loss=681.534485
[rank 2] epoch=9 train_batch=60000/15625 loss=751.443542
[rank 2] epoch=9 train_batch=62000/15625 loss=664.864868
[rank 2] epoch=9 valid_batch=2000/735
[rank 2] epoch=10 train_batch=2000/15625 loss=648.590698
[rank 2] epoch=10 train_batch=4000/15625 loss=558.520264
[rank 2] epoch=10 train_batch=6000/15625 loss=694.980286
[rank 2] epoch=10 train_batch=8000/15625 loss=514.619080
[rank 2] epoch=10 train_batch=10000/15625 loss=600.141602
[rank 2] epoch=10 train_batch=12000/15625 loss=839.656433
[rank 2] epoch=10 train_batch=14000/15625 loss=492.123871
[rank 2] epoch=10 train_batch=16000/15625 loss=711.591980
[rank 2] epoch=10 train_batch=18000/15625 loss=698.893616
[rank 2] epoch=10 train_batch=20000/15625 loss=492.633575
[rank 2] epoch=10 train_batch=22000/15625 loss=633.280518
[rank 2] epoch=10 train_batch=24000/15625 loss=776.332947
[rank 2] epoch=10 train_batch=26000/15625 loss=537.040833
[rank 2] epoch=10 train_batch=28000/15625 loss=761.130310
[rank 2] epoch=10 train_batch=30000/15625 loss=683.138306
[rank 2] epoch=10 train_batch=32000/15625 loss=803.048035
[rank 2] epoch=10 train_batch=34000/15625 loss=620.916626
[rank 2] epoch=10 train_batch=36000/15625 loss=755.530945
[rank 2] epoch=10 train_batch=38000/15625 loss=773.244141
[rank 2] epoch=10 train_batch=40000/15625 loss=688.160645
[rank 2] epoch=10 train_batch=42000/15625 loss=570.040955
[rank 2] epoch=10 train_batch=44000/15625 loss=530.342468
[rank 2] epoch=10 train_batch=46000/15625 loss=662.180725
[rank 2] epoch=10 train_batch=48000/15625 loss=546.003418
[rank 2] epoch=10 train_batch=50000/15625 loss=561.562805
[rank 2] epoch=10 train_batch=52000/15625 loss=569.760498
[rank 2] epoch=10 train_batch=54000/15625 loss=488.640503
[rank 2] epoch=10 train_batch=56000/15625 loss=688.185791
[rank 2] epoch=10 train_batch=58000/15625 loss=587.608215
[rank 2] epoch=10 train_batch=60000/15625 loss=736.389282
[rank 2] epoch=10 train_batch=62000/15625 loss=573.178162
[rank 2] epoch=10 valid_batch=2000/735
[rank 2] epoch=11 train_batch=2000/15625 loss=654.011658
[rank 2] epoch=11 train_batch=4000/15625 loss=650.509338
[rank 2] epoch=11 train_batch=6000/15625 loss=582.348999
[rank 2] epoch=11 train_batch=8000/15625 loss=578.326782
[rank 2] epoch=11 train_batch=10000/15625 loss=543.671143
[rank 2] epoch=11 train_batch=12000/15625 loss=565.929321
[rank 2] epoch=11 train_batch=14000/15625 loss=515.407959
[rank 2] epoch=11 train_batch=16000/15625 loss=732.785828
[rank 2] epoch=11 train_batch=18000/15625 loss=637.320618
[rank 2] epoch=11 train_batch=20000/15625 loss=594.948364
[rank 2] epoch=11 train_batch=22000/15625 loss=547.317810
[rank 2] epoch=11 train_batch=24000/15625 loss=615.624268
[rank 2] epoch=11 train_batch=26000/15625 loss=681.742371
[rank 2] epoch=11 train_batch=28000/15625 loss=608.270630
[rank 2] epoch=11 train_batch=30000/15625 loss=529.847473
[rank 2] epoch=11 train_batch=32000/15625 loss=916.421265
[rank 2] epoch=11 train_batch=34000/15625 loss=525.295715
[rank 2] epoch=11 train_batch=36000/15625 loss=704.593689
[rank 2] epoch=11 train_batch=38000/15625 loss=665.228699
[rank 2] epoch=11 train_batch=40000/15625 loss=627.736511
[rank 2] epoch=11 train_batch=42000/15625 loss=641.131409
[rank 2] epoch=11 train_batch=44000/15625 loss=471.511963
[rank 2] epoch=11 train_batch=46000/15625 loss=642.165161
[rank 2] epoch=11 train_batch=48000/15625 loss=596.877258
[rank 2] epoch=11 train_batch=50000/15625 loss=639.673462
[rank 2] epoch=11 train_batch=52000/15625 loss=775.765869
[rank 2] epoch=11 train_batch=54000/15625 loss=935.088440
[rank 2] epoch=11 train_batch=56000/15625 loss=639.471191
[rank 2] epoch=11 train_batch=58000/15625 loss=535.992065
[rank 2] epoch=11 train_batch=60000/15625 loss=672.178284
[rank 2] epoch=11 train_batch=62000/15625 loss=842.922302
[rank 2] epoch=11 valid_batch=2000/735
[rank 2] epoch=12 train_batch=2000/15625 loss=706.468811
[rank 2] epoch=12 train_batch=4000/15625 loss=755.137451
[rank 2] epoch=12 train_batch=6000/15625 loss=838.335693
[rank 2] epoch=12 train_batch=8000/15625 loss=557.557739
[rank 2] epoch=12 train_batch=10000/15625 loss=442.301575
[rank 2] epoch=12 train_batch=12000/15625 loss=604.548401
[rank 2] epoch=12 train_batch=14000/15625 loss=541.207764
[rank 2] epoch=12 train_batch=16000/15625 loss=646.672363
[rank 2] epoch=12 train_batch=18000/15625 loss=552.155579
[rank 2] epoch=12 train_batch=20000/15625 loss=444.765778
[rank 2] epoch=12 train_batch=22000/15625 loss=510.593506
[rank 2] epoch=12 train_batch=24000/15625 loss=346.760559
[rank 2] epoch=12 train_batch=26000/15625 loss=578.369263
[rank 2] epoch=12 train_batch=28000/15625 loss=538.846069
[rank 2] epoch=12 train_batch=30000/15625 loss=865.893860
[rank 2] epoch=12 train_batch=32000/15625 loss=591.335205
[rank 2] epoch=12 train_batch=34000/15625 loss=560.491882
[rank 2] epoch=12 train_batch=36000/15625 loss=725.109436
[rank 2] epoch=12 train_batch=38000/15625 loss=633.009583
[rank 2] epoch=12 train_batch=40000/15625 loss=460.087128
[rank 2] epoch=12 train_batch=42000/15625 loss=566.675415
[rank 2] epoch=12 train_batch=44000/15625 loss=430.920959
[rank 2] epoch=12 train_batch=46000/15625 loss=471.365356
[rank 2] epoch=12 train_batch=48000/15625 loss=562.899475
[rank 2] epoch=12 train_batch=50000/15625 loss=704.900269
[rank 2] epoch=12 train_batch=52000/15625 loss=434.316498
[rank 2] epoch=12 train_batch=54000/15625 loss=578.377014
[rank 2] epoch=12 train_batch=56000/15625 loss=473.216949
[rank 2] epoch=12 train_batch=58000/15625 loss=497.610931
[rank 2] epoch=12 train_batch=60000/15625 loss=525.005310
[rank 2] epoch=12 train_batch=62000/15625 loss=421.206604
[rank 2] epoch=12 valid_batch=2000/735
[rank 2] epoch=13 train_batch=2000/15625 loss=434.235321
[rank 2] epoch=13 train_batch=4000/15625 loss=554.097046
[rank 2] epoch=13 train_batch=6000/15625 loss=618.849243
[rank 2] epoch=13 train_batch=8000/15625 loss=609.521118
[rank 2] epoch=13 train_batch=10000/15625 loss=554.695251
[rank 2] epoch=13 train_batch=12000/15625 loss=642.819702
[rank 2] epoch=13 train_batch=14000/15625 loss=536.039246
[rank 2] epoch=13 train_batch=16000/15625 loss=541.333801
[rank 2] epoch=13 train_batch=18000/15625 loss=421.731873
[rank 2] epoch=13 train_batch=20000/15625 loss=614.306091
[rank 2] epoch=13 train_batch=22000/15625 loss=541.347290
[rank 2] epoch=13 train_batch=24000/15625 loss=686.137878
[rank 2] epoch=13 train_batch=26000/15625 loss=362.916138
[rank 2] epoch=13 train_batch=28000/15625 loss=331.021332
[rank 2] epoch=13 train_batch=30000/15625 loss=444.792206
[rank 2] epoch=13 train_batch=32000/15625 loss=396.951691
[rank 2] epoch=13 train_batch=34000/15625 loss=370.062500
[rank 2] epoch=13 train_batch=36000/15625 loss=523.493286
[rank 2] epoch=13 train_batch=38000/15625 loss=392.181091
[rank 2] epoch=13 train_batch=40000/15625 loss=637.860840
[rank 2] epoch=13 train_batch=42000/15625 loss=343.818298
[rank 2] epoch=13 train_batch=44000/15625 loss=613.386230
[rank 2] epoch=13 train_batch=46000/15625 loss=416.694153
[rank 2] epoch=13 train_batch=48000/15625 loss=504.281250
[rank 2] epoch=13 train_batch=50000/15625 loss=585.009399
[rank 2] epoch=13 train_batch=52000/15625 loss=533.423645
[rank 2] epoch=13 train_batch=54000/15625 loss=617.461914
[rank 2] epoch=13 train_batch=56000/15625 loss=722.559998
[rank 2] epoch=13 train_batch=58000/15625 loss=374.858154
[rank 2] epoch=13 train_batch=60000/15625 loss=397.355316
[rank 2] epoch=13 train_batch=62000/15625 loss=494.108795
[rank 2] epoch=13 valid_batch=2000/735
[rank 2] epoch=14 train_batch=2000/15625 loss=545.001587
[rank 2] epoch=14 train_batch=4000/15625 loss=540.573059
[rank 2] epoch=14 train_batch=6000/15625 loss=446.934906
[rank 2] epoch=14 train_batch=8000/15625 loss=454.169220
[rank 2] epoch=14 train_batch=10000/15625 loss=618.354614
[rank 2] epoch=14 train_batch=12000/15625 loss=554.219116
[rank 2] epoch=14 train_batch=14000/15625 loss=763.191772
[rank 2] epoch=14 train_batch=16000/15625 loss=518.728821
[rank 2] epoch=14 train_batch=18000/15625 loss=500.144623
[rank 2] epoch=14 train_batch=20000/15625 loss=454.343140
[rank 2] epoch=14 train_batch=22000/15625 loss=585.476807
[rank 2] epoch=14 train_batch=24000/15625 loss=437.406281
[rank 2] epoch=14 train_batch=26000/15625 loss=521.452881
[rank 2] epoch=14 train_batch=28000/15625 loss=419.006805
[rank 2] epoch=14 train_batch=30000/15625 loss=421.410583
[rank 2] epoch=14 train_batch=32000/15625 loss=562.384827
[rank 2] epoch=14 train_batch=34000/15625 loss=610.412903
[rank 2] epoch=14 train_batch=36000/15625 loss=567.975037
[rank 2] epoch=14 train_batch=38000/15625 loss=512.698425
[rank 2] epoch=14 train_batch=40000/15625 loss=443.602570
[rank 2] epoch=14 train_batch=42000/15625 loss=608.067505
[rank 2] epoch=14 train_batch=44000/15625 loss=516.085754
[rank 2] epoch=14 train_batch=46000/15625 loss=336.321472
[rank 2] epoch=14 train_batch=48000/15625 loss=356.384369
[rank 2] epoch=14 train_batch=50000/15625 loss=346.498169
[rank 2] epoch=14 train_batch=52000/15625 loss=354.607697
[rank 2] epoch=14 train_batch=54000/15625 loss=446.664001
[rank 2] epoch=14 train_batch=56000/15625 loss=461.978333
[rank 2] epoch=14 train_batch=58000/15625 loss=399.783417
[rank 2] epoch=14 train_batch=60000/15625 loss=498.555298
[rank 2] epoch=14 train_batch=62000/15625 loss=580.842834
[rank 2] epoch=14 valid_batch=2000/735
[rank 2] epoch=15 train_batch=2000/15625 loss=564.434692
[rank 2] epoch=15 train_batch=4000/15625 loss=599.572693
[rank 2] epoch=15 train_batch=6000/15625 loss=550.293396
[rank 2] epoch=15 train_batch=8000/15625 loss=645.395020
[rank 2] epoch=15 train_batch=10000/15625 loss=386.553864
[rank 2] epoch=15 train_batch=12000/15625 loss=341.441528
