cuda:3
thetaphi at main: True
Loading dataset...
Using ILCStreamingDataset (shuffle_buffer=256, files_per_chunk=32, seed=1001)
ILCStreamingDataset: path=/data/suehara/mldata/pfa/murata/data/tc/tc_nnqq_2M, files=20000, events~=2000000, shuffle_buffer=256, files_per_chunk=32
Using ILCStreamingDataset (shuffle_buffer=256, files_per_chunk=32, seed=1001)
ILCStreamingDataset: path=/data/suehara/mldata/pfa/murata/data/tc/tc_nnqq_new/train, files=716, events~=94400, shuffle_buffer=256, files_per_chunk=32
Training dataset size:  2000000
Validating dataset size:  94400
Batch size:  128
Loading GravnetModel
Hello
restart period :  30
[rank 3] epoch=0 train_batch=2000/15625 loss=1.071375
[rank 3] epoch=0 train_batch=4000/15625 loss=1.054376
[rank 3] epoch=0 train_batch=6000/15625 loss=1.052357
[rank 3] epoch=0 train_batch=8000/15625 loss=1.046791
[rank 3] epoch=0 train_batch=10000/15625 loss=1.046687
[rank 3] epoch=0 train_batch=12000/15625 loss=1.051342
[rank 3] epoch=0 train_batch=14000/15625 loss=1.079800
[rank 3] epoch=0 train_batch=16000/15625 loss=1.073366
[rank 3] epoch=0 train_batch=18000/15625 loss=1.088986
[rank 3] epoch=0 train_batch=20000/15625 loss=1.104443
[rank 3] epoch=0 train_batch=22000/15625 loss=1.103435
[rank 3] epoch=0 train_batch=24000/15625 loss=1.100374
[rank 3] epoch=0 train_batch=26000/15625 loss=1.106636
[rank 3] epoch=0 train_batch=28000/15625 loss=1.086643
[rank 3] epoch=0 train_batch=30000/15625 loss=1.100850
[rank 3] epoch=0 train_batch=32000/15625 loss=1.094418
[rank 3] epoch=0 train_batch=34000/15625 loss=1.097413
[rank 3] epoch=0 train_batch=36000/15625 loss=1.108842
[rank 3] epoch=0 train_batch=38000/15625 loss=1.103929
[rank 3] epoch=0 train_batch=40000/15625 loss=1.103132
[rank 3] epoch=0 train_batch=42000/15625 loss=1.108677
[rank 3] epoch=0 train_batch=44000/15625 loss=1.118853
[rank 3] epoch=0 train_batch=46000/15625 loss=1.117406
[rank 3] epoch=0 train_batch=48000/15625 loss=1.131973
[rank 3] epoch=0 train_batch=50000/15625 loss=1.118410
[rank 3] epoch=0 train_batch=52000/15625 loss=1.130589
[rank 3] epoch=0 train_batch=54000/15625 loss=1.125642
[rank 3] epoch=0 train_batch=56000/15625 loss=1.146222
[rank 3] epoch=0 train_batch=58000/15625 loss=1.134667
[rank 3] epoch=0 train_batch=60000/15625 loss=1.127280
[rank 3] epoch=0 train_batch=62000/15625 loss=1.133580
[rank 3] epoch=0 valid_batch=2000/735
[rank 3] epoch=1 train_batch=2000/15625 loss=1.131606
[rank 3] epoch=1 train_batch=4000/15625 loss=1.129541
[rank 3] epoch=1 train_batch=6000/15625 loss=1.114566
[rank 3] epoch=1 train_batch=8000/15625 loss=1.116755
[rank 3] epoch=1 train_batch=10000/15625 loss=1.121990
[rank 3] epoch=1 train_batch=12000/15625 loss=1.118922
[rank 3] epoch=1 train_batch=14000/15625 loss=1.122485
[rank 3] epoch=1 train_batch=16000/15625 loss=1.117894
[rank 3] epoch=1 train_batch=18000/15625 loss=1.126149
[rank 3] epoch=1 train_batch=20000/15625 loss=1.126881
[rank 3] epoch=1 train_batch=22000/15625 loss=1.116921
[rank 3] epoch=1 train_batch=24000/15625 loss=1.128707
[rank 3] epoch=1 train_batch=26000/15625 loss=1.146483
[rank 3] epoch=1 train_batch=28000/15625 loss=1.140009
[rank 3] epoch=1 train_batch=30000/15625 loss=1.131201
[rank 3] epoch=1 train_batch=32000/15625 loss=1.128616
[rank 3] epoch=1 train_batch=34000/15625 loss=1.137561
[rank 3] epoch=1 train_batch=36000/15625 loss=1.154658
[rank 3] epoch=1 train_batch=38000/15625 loss=1.123818
[rank 3] epoch=1 train_batch=40000/15625 loss=1.127918
[rank 3] epoch=1 train_batch=42000/15625 loss=1.170452
[rank 3] epoch=1 train_batch=44000/15625 loss=1.139731
[rank 3] epoch=1 train_batch=46000/15625 loss=1.149488
[rank 3] epoch=1 train_batch=48000/15625 loss=1.170087
[rank 3] epoch=1 train_batch=50000/15625 loss=1.131218
[rank 3] epoch=1 train_batch=52000/15625 loss=1.135536
[rank 3] epoch=1 train_batch=54000/15625 loss=1.142343
[rank 3] epoch=1 train_batch=56000/15625 loss=1.133892
[rank 3] epoch=1 train_batch=58000/15625 loss=1.172517
[rank 3] epoch=1 train_batch=60000/15625 loss=1.148463
[rank 3] epoch=1 train_batch=62000/15625 loss=1.398051
[rank 3] epoch=1 valid_batch=2000/735
[rank 3] epoch=2 train_batch=2000/15625 loss=2.344171
[rank 3] epoch=2 train_batch=4000/15625 loss=2.378897
[rank 3] epoch=2 train_batch=6000/15625 loss=2.490880
[rank 3] epoch=2 train_batch=8000/15625 loss=2.419106
[rank 3] epoch=2 train_batch=10000/15625 loss=2.358374
[rank 3] epoch=2 train_batch=12000/15625 loss=2.321652
[rank 3] epoch=2 train_batch=14000/15625 loss=2.338505
[rank 3] epoch=2 train_batch=16000/15625 loss=2.332865
[rank 3] epoch=2 train_batch=18000/15625 loss=2.337988
[rank 3] epoch=2 train_batch=20000/15625 loss=2.299526
[rank 3] epoch=2 train_batch=22000/15625 loss=2.339085
[rank 3] epoch=2 train_batch=24000/15625 loss=2.328010
[rank 3] epoch=2 train_batch=26000/15625 loss=2.332068
[rank 3] epoch=2 train_batch=28000/15625 loss=2.368426
[rank 3] epoch=2 train_batch=30000/15625 loss=2.389532
[rank 3] epoch=2 train_batch=32000/15625 loss=2.379642
[rank 3] epoch=2 train_batch=34000/15625 loss=2.338726
[rank 3] epoch=2 train_batch=36000/15625 loss=2.325152
[rank 3] epoch=2 train_batch=38000/15625 loss=2.318713
[rank 3] epoch=2 train_batch=40000/15625 loss=2.309327
[rank 3] epoch=2 train_batch=42000/15625 loss=2.406957
[rank 3] epoch=2 train_batch=44000/15625 loss=2.334671
[rank 3] epoch=2 train_batch=46000/15625 loss=2.348970
[rank 3] epoch=2 train_batch=48000/15625 loss=2.310332
[rank 3] epoch=2 train_batch=50000/15625 loss=2.405453
[rank 3] epoch=2 train_batch=52000/15625 loss=2.316518
[rank 3] epoch=2 train_batch=54000/15625 loss=2.423784
[rank 3] epoch=2 train_batch=56000/15625 loss=2.397454
[rank 3] epoch=2 train_batch=58000/15625 loss=2.345043
[rank 3] epoch=2 train_batch=60000/15625 loss=2.324251
[rank 3] epoch=2 train_batch=62000/15625 loss=2.479056
[rank 3] epoch=2 valid_batch=2000/735
[rank 3] epoch=3 train_batch=2000/15625 loss=2.304480
[rank 3] epoch=3 train_batch=4000/15625 loss=2.458987
[rank 3] epoch=3 train_batch=6000/15625 loss=2.443366
[rank 3] epoch=3 train_batch=8000/15625 loss=2.362207
[rank 3] epoch=3 train_batch=10000/15625 loss=2.445541
[rank 3] epoch=3 train_batch=12000/15625 loss=2.438929
[rank 3] epoch=3 train_batch=14000/15625 loss=2.649846
[rank 3] epoch=3 train_batch=16000/15625 loss=2.347881
[rank 3] epoch=3 train_batch=18000/15625 loss=2.416226
[rank 3] epoch=3 train_batch=20000/15625 loss=2.376366
[rank 3] epoch=3 train_batch=22000/15625 loss=2.483323
[rank 3] epoch=3 train_batch=24000/15625 loss=2.382936
[rank 3] epoch=3 train_batch=26000/15625 loss=2.364460
[rank 3] epoch=3 train_batch=28000/15625 loss=2.582798
[rank 3] epoch=3 train_batch=30000/15625 loss=2.405252
[rank 3] epoch=3 train_batch=32000/15625 loss=2.530626
[rank 3] epoch=3 train_batch=34000/15625 loss=2.619290
[rank 3] epoch=3 train_batch=36000/15625 loss=2.573388
[rank 3] epoch=3 train_batch=38000/15625 loss=2.702702
[rank 3] epoch=3 train_batch=40000/15625 loss=2.527219
[rank 3] epoch=3 train_batch=42000/15625 loss=2.570574
[rank 3] epoch=3 train_batch=44000/15625 loss=2.782450
[rank 3] epoch=3 train_batch=46000/15625 loss=2.566316
[rank 3] epoch=3 train_batch=48000/15625 loss=2.539971
[rank 3] epoch=3 train_batch=50000/15625 loss=2.560247
[rank 3] epoch=3 train_batch=52000/15625 loss=2.461565
[rank 3] epoch=3 train_batch=54000/15625 loss=2.515484
[rank 3] epoch=3 train_batch=56000/15625 loss=2.513046
[rank 3] epoch=3 train_batch=58000/15625 loss=2.580684
[rank 3] epoch=3 train_batch=60000/15625 loss=3.074706
[rank 3] epoch=3 train_batch=62000/15625 loss=2.561779
[rank 3] epoch=3 valid_batch=2000/735
[rank 3] epoch=4 train_batch=2000/15625 loss=1282.726196
[rank 3] epoch=4 train_batch=4000/15625 loss=1189.236328
[rank 3] epoch=4 train_batch=6000/15625 loss=1178.950684
[rank 3] epoch=4 train_batch=8000/15625 loss=1047.106567
[rank 3] epoch=4 train_batch=10000/15625 loss=1148.874512
[rank 3] epoch=4 train_batch=12000/15625 loss=1090.134766
[rank 3] epoch=4 train_batch=14000/15625 loss=913.564941
[rank 3] epoch=4 train_batch=16000/15625 loss=1023.977295
[rank 3] epoch=4 train_batch=18000/15625 loss=1392.060669
[rank 3] epoch=4 train_batch=20000/15625 loss=1060.198364
[rank 3] epoch=4 train_batch=22000/15625 loss=1064.784058
[rank 3] epoch=4 train_batch=24000/15625 loss=1161.790527
[rank 3] epoch=4 train_batch=26000/15625 loss=1253.933472
[rank 3] epoch=4 train_batch=28000/15625 loss=1195.049683
[rank 3] epoch=4 train_batch=30000/15625 loss=1163.215576
[rank 3] epoch=4 train_batch=32000/15625 loss=1066.371948
[rank 3] epoch=4 train_batch=34000/15625 loss=1368.303955
[rank 3] epoch=4 train_batch=36000/15625 loss=1117.646851
[rank 3] epoch=4 train_batch=38000/15625 loss=1219.924072
[rank 3] epoch=4 train_batch=40000/15625 loss=1137.606689
[rank 3] epoch=4 train_batch=42000/15625 loss=1429.935547
[rank 3] epoch=4 train_batch=44000/15625 loss=1153.274170
[rank 3] epoch=4 train_batch=46000/15625 loss=1370.222778
[rank 3] epoch=4 train_batch=48000/15625 loss=1010.871338
[rank 3] epoch=4 train_batch=50000/15625 loss=1122.375244
[rank 3] epoch=4 train_batch=52000/15625 loss=1354.308105
[rank 3] epoch=4 train_batch=54000/15625 loss=937.175842
[rank 3] epoch=4 train_batch=56000/15625 loss=1100.917358
[rank 3] epoch=4 train_batch=58000/15625 loss=940.585083
[rank 3] epoch=4 train_batch=60000/15625 loss=890.132019
[rank 3] epoch=4 train_batch=62000/15625 loss=1523.175781
[rank 3] epoch=4 valid_batch=2000/735
[rank 3] epoch=5 train_batch=2000/15625 loss=1171.723755
[rank 3] epoch=5 train_batch=4000/15625 loss=1085.101440
[rank 3] epoch=5 train_batch=6000/15625 loss=1125.592407
[rank 3] epoch=5 train_batch=8000/15625 loss=1045.128906
[rank 3] epoch=5 train_batch=10000/15625 loss=1155.964966
[rank 3] epoch=5 train_batch=12000/15625 loss=1087.517822
[rank 3] epoch=5 train_batch=14000/15625 loss=1040.566162
[rank 3] epoch=5 train_batch=16000/15625 loss=1034.607544
[rank 3] epoch=5 train_batch=18000/15625 loss=1033.443604
[rank 3] epoch=5 train_batch=20000/15625 loss=1226.484131
[rank 3] epoch=5 train_batch=22000/15625 loss=910.476074
[rank 3] epoch=5 train_batch=24000/15625 loss=894.607727
[rank 3] epoch=5 train_batch=26000/15625 loss=961.099121
[rank 3] epoch=5 train_batch=28000/15625 loss=1060.657593
[rank 3] epoch=5 train_batch=30000/15625 loss=967.221375
[rank 3] epoch=5 train_batch=32000/15625 loss=1241.822632
[rank 3] epoch=5 train_batch=34000/15625 loss=813.876038
[rank 3] epoch=5 train_batch=36000/15625 loss=1060.901855
[rank 3] epoch=5 train_batch=38000/15625 loss=1077.479248
[rank 3] epoch=5 train_batch=40000/15625 loss=916.533691
[rank 3] epoch=5 train_batch=42000/15625 loss=1108.854126
[rank 3] epoch=5 train_batch=44000/15625 loss=1191.432251
[rank 3] epoch=5 train_batch=46000/15625 loss=1293.004639
[rank 3] epoch=5 train_batch=48000/15625 loss=894.472717
[rank 3] epoch=5 train_batch=50000/15625 loss=834.945129
[rank 3] epoch=5 train_batch=52000/15625 loss=1103.007935
[rank 3] epoch=5 train_batch=54000/15625 loss=1020.731262
[rank 3] epoch=5 train_batch=56000/15625 loss=792.487366
[rank 3] epoch=5 train_batch=58000/15625 loss=1265.411865
[rank 3] epoch=5 train_batch=60000/15625 loss=894.864563
[rank 3] epoch=5 train_batch=62000/15625 loss=1083.432251
[rank 3] epoch=5 valid_batch=2000/735
[rank 3] epoch=6 train_batch=2000/15625 loss=913.369568
[rank 3] epoch=6 train_batch=4000/15625 loss=748.429565
[rank 3] epoch=6 train_batch=6000/15625 loss=1001.672607
[rank 3] epoch=6 train_batch=8000/15625 loss=1070.086548
[rank 3] epoch=6 train_batch=10000/15625 loss=1007.414795
[rank 3] epoch=6 train_batch=12000/15625 loss=1158.454346
[rank 3] epoch=6 train_batch=14000/15625 loss=845.362610
[rank 3] epoch=6 train_batch=16000/15625 loss=1181.567383
[rank 3] epoch=6 train_batch=18000/15625 loss=1153.639771
[rank 3] epoch=6 train_batch=20000/15625 loss=1110.274658
[rank 3] epoch=6 train_batch=22000/15625 loss=1141.361328
[rank 3] epoch=6 train_batch=24000/15625 loss=927.189026
[rank 3] epoch=6 train_batch=26000/15625 loss=925.665222
[rank 3] epoch=6 train_batch=28000/15625 loss=1307.802246
[rank 3] epoch=6 train_batch=30000/15625 loss=1039.028809
[rank 3] epoch=6 train_batch=32000/15625 loss=974.853638
[rank 3] epoch=6 train_batch=34000/15625 loss=1126.451904
[rank 3] epoch=6 train_batch=36000/15625 loss=1017.830872
[rank 3] epoch=6 train_batch=38000/15625 loss=936.485718
[rank 3] epoch=6 train_batch=40000/15625 loss=1149.868042
[rank 3] epoch=6 train_batch=42000/15625 loss=1246.032959
[rank 3] epoch=6 train_batch=44000/15625 loss=943.925903
[rank 3] epoch=6 train_batch=46000/15625 loss=1485.413696
[rank 3] epoch=6 train_batch=48000/15625 loss=1060.716797
[rank 3] epoch=6 train_batch=50000/15625 loss=1080.045898
[rank 3] epoch=6 train_batch=52000/15625 loss=1225.672974
[rank 3] epoch=6 train_batch=54000/15625 loss=1112.627563
[rank 3] epoch=6 train_batch=56000/15625 loss=1054.810425
[rank 3] epoch=6 train_batch=58000/15625 loss=1259.865967
[rank 3] epoch=6 train_batch=60000/15625 loss=1006.891235
[rank 3] epoch=6 train_batch=62000/15625 loss=1210.835449
[rank 3] epoch=6 valid_batch=2000/735
[rank 3] epoch=7 train_batch=2000/15625 loss=990.658813
[rank 3] epoch=7 train_batch=4000/15625 loss=1295.017212
[rank 3] epoch=7 train_batch=6000/15625 loss=1196.429565
[rank 3] epoch=7 train_batch=8000/15625 loss=859.016968
[rank 3] epoch=7 train_batch=10000/15625 loss=1016.318726
[rank 3] epoch=7 train_batch=12000/15625 loss=993.011841
[rank 3] epoch=7 train_batch=14000/15625 loss=950.134644
[rank 3] epoch=7 train_batch=16000/15625 loss=695.635681
[rank 3] epoch=7 train_batch=18000/15625 loss=1226.265137
[rank 3] epoch=7 train_batch=20000/15625 loss=921.127197
[rank 3] epoch=7 train_batch=22000/15625 loss=1085.546753
[rank 3] epoch=7 train_batch=24000/15625 loss=820.126709
[rank 3] epoch=7 train_batch=26000/15625 loss=1049.061768
[rank 3] epoch=7 train_batch=28000/15625 loss=883.190857
[rank 3] epoch=7 train_batch=30000/15625 loss=842.150085
[rank 3] epoch=7 train_batch=32000/15625 loss=1217.973267
[rank 3] epoch=7 train_batch=34000/15625 loss=837.778809
[rank 3] epoch=7 train_batch=36000/15625 loss=1017.548035
[rank 3] epoch=7 train_batch=38000/15625 loss=1192.445312
[rank 3] epoch=7 train_batch=40000/15625 loss=900.486084
[rank 3] epoch=7 train_batch=42000/15625 loss=909.036560
[rank 3] epoch=7 train_batch=44000/15625 loss=852.887573
[rank 3] epoch=7 train_batch=46000/15625 loss=775.931091
[rank 3] epoch=7 train_batch=48000/15625 loss=887.969849
[rank 3] epoch=7 train_batch=50000/15625 loss=1058.817627
[rank 3] epoch=7 train_batch=52000/15625 loss=818.233459
[rank 3] epoch=7 train_batch=54000/15625 loss=883.740662
[rank 3] epoch=7 train_batch=56000/15625 loss=656.137329
[rank 3] epoch=7 train_batch=58000/15625 loss=877.278992
[rank 3] epoch=7 train_batch=60000/15625 loss=880.295776
[rank 3] epoch=7 train_batch=62000/15625 loss=776.269287
[rank 3] epoch=7 valid_batch=2000/735
[rank 3] epoch=8 train_batch=2000/15625 loss=667.153137
[rank 3] epoch=8 train_batch=4000/15625 loss=916.167969
[rank 3] epoch=8 train_batch=6000/15625 loss=807.746704
[rank 3] epoch=8 train_batch=8000/15625 loss=794.529114
[rank 3] epoch=8 train_batch=10000/15625 loss=986.758972
[rank 3] epoch=8 train_batch=12000/15625 loss=802.812988
[rank 3] epoch=8 train_batch=14000/15625 loss=634.274658
[rank 3] epoch=8 train_batch=16000/15625 loss=650.370056
[rank 3] epoch=8 train_batch=18000/15625 loss=753.156433
[rank 3] epoch=8 train_batch=20000/15625 loss=894.845154
[rank 3] epoch=8 train_batch=22000/15625 loss=750.148682
[rank 3] epoch=8 train_batch=24000/15625 loss=687.679321
[rank 3] epoch=8 train_batch=26000/15625 loss=990.248657
[rank 3] epoch=8 train_batch=28000/15625 loss=750.627686
[rank 3] epoch=8 train_batch=30000/15625 loss=981.970642
[rank 3] epoch=8 train_batch=32000/15625 loss=910.386169
[rank 3] epoch=8 train_batch=34000/15625 loss=705.178162
[rank 3] epoch=8 train_batch=36000/15625 loss=885.509766
[rank 3] epoch=8 train_batch=38000/15625 loss=618.013000
[rank 3] epoch=8 train_batch=40000/15625 loss=751.113953
[rank 3] epoch=8 train_batch=42000/15625 loss=723.386963
[rank 3] epoch=8 train_batch=44000/15625 loss=735.993530
[rank 3] epoch=8 train_batch=46000/15625 loss=967.533203
[rank 3] epoch=8 train_batch=48000/15625 loss=692.845703
[rank 3] epoch=8 train_batch=50000/15625 loss=902.417908
[rank 3] epoch=8 train_batch=52000/15625 loss=742.573364
[rank 3] epoch=8 train_batch=54000/15625 loss=609.188721
[rank 3] epoch=8 train_batch=56000/15625 loss=896.763550
[rank 3] epoch=8 train_batch=58000/15625 loss=560.984802
[rank 3] epoch=8 train_batch=60000/15625 loss=454.620911
[rank 3] epoch=8 train_batch=62000/15625 loss=558.640259
[rank 3] epoch=8 valid_batch=2000/735
[rank 3] epoch=9 train_batch=2000/15625 loss=683.728027
[rank 3] epoch=9 train_batch=4000/15625 loss=792.209961
[rank 3] epoch=9 train_batch=6000/15625 loss=753.980530
[rank 3] epoch=9 train_batch=8000/15625 loss=749.985962
[rank 3] epoch=9 train_batch=10000/15625 loss=823.535522
[rank 3] epoch=9 train_batch=12000/15625 loss=836.108459
[rank 3] epoch=9 train_batch=14000/15625 loss=530.768921
[rank 3] epoch=9 train_batch=16000/15625 loss=739.424011
[rank 3] epoch=9 train_batch=18000/15625 loss=671.253845
[rank 3] epoch=9 train_batch=20000/15625 loss=1031.196045
[rank 3] epoch=9 train_batch=22000/15625 loss=522.748108
[rank 3] epoch=9 train_batch=24000/15625 loss=495.698273
[rank 3] epoch=9 train_batch=26000/15625 loss=521.752686
[rank 3] epoch=9 train_batch=28000/15625 loss=651.331970
[rank 3] epoch=9 train_batch=30000/15625 loss=513.712219
[rank 3] epoch=9 train_batch=32000/15625 loss=685.067993
[rank 3] epoch=9 train_batch=34000/15625 loss=723.835449
[rank 3] epoch=9 train_batch=36000/15625 loss=1186.634155
[rank 3] epoch=9 train_batch=38000/15625 loss=704.825500
[rank 3] epoch=9 train_batch=40000/15625 loss=886.839111
[rank 3] epoch=9 train_batch=42000/15625 loss=789.221558
[rank 3] epoch=9 train_batch=44000/15625 loss=1037.884888
[rank 3] epoch=9 train_batch=46000/15625 loss=725.232971
[rank 3] epoch=9 train_batch=48000/15625 loss=1000.874268
[rank 3] epoch=9 train_batch=50000/15625 loss=842.520447
[rank 3] epoch=9 train_batch=52000/15625 loss=667.685730
[rank 3] epoch=9 train_batch=54000/15625 loss=801.992310
[rank 3] epoch=9 train_batch=56000/15625 loss=809.871033
[rank 3] epoch=9 train_batch=58000/15625 loss=672.888367
[rank 3] epoch=9 train_batch=60000/15625 loss=766.237000
[rank 3] epoch=9 train_batch=62000/15625 loss=665.870911
[rank 3] epoch=9 valid_batch=2000/735
[rank 3] epoch=10 train_batch=2000/15625 loss=657.524231
[rank 3] epoch=10 train_batch=4000/15625 loss=574.524658
[rank 3] epoch=10 train_batch=6000/15625 loss=691.698547
[rank 3] epoch=10 train_batch=8000/15625 loss=525.274292
[rank 3] epoch=10 train_batch=10000/15625 loss=593.855225
[rank 3] epoch=10 train_batch=12000/15625 loss=822.797607
[rank 3] epoch=10 train_batch=14000/15625 loss=481.915710
[rank 3] epoch=10 train_batch=16000/15625 loss=714.129211
[rank 3] epoch=10 train_batch=18000/15625 loss=698.148071
[rank 3] epoch=10 train_batch=20000/15625 loss=498.132263
[rank 3] epoch=10 train_batch=22000/15625 loss=643.465698
[rank 3] epoch=10 train_batch=24000/15625 loss=763.676208
[rank 3] epoch=10 train_batch=26000/15625 loss=534.615356
[rank 3] epoch=10 train_batch=28000/15625 loss=773.614380
[rank 3] epoch=10 train_batch=30000/15625 loss=686.963745
[rank 3] epoch=10 train_batch=32000/15625 loss=817.849670
[rank 3] epoch=10 train_batch=34000/15625 loss=609.486450
[rank 3] epoch=10 train_batch=36000/15625 loss=771.242065
[rank 3] epoch=10 train_batch=38000/15625 loss=769.522461
[rank 3] epoch=10 train_batch=40000/15625 loss=688.464417
[rank 3] epoch=10 train_batch=42000/15625 loss=558.093262
[rank 3] epoch=10 train_batch=44000/15625 loss=530.543762
[rank 3] epoch=10 train_batch=46000/15625 loss=644.594116
[rank 3] epoch=10 train_batch=48000/15625 loss=552.253723
[rank 3] epoch=10 train_batch=50000/15625 loss=562.998413
[rank 3] epoch=10 train_batch=52000/15625 loss=568.936401
[rank 3] epoch=10 train_batch=54000/15625 loss=497.736725
[rank 3] epoch=10 train_batch=56000/15625 loss=678.499023
[rank 3] epoch=10 train_batch=58000/15625 loss=598.367676
[rank 3] epoch=10 train_batch=60000/15625 loss=742.707703
[rank 3] epoch=10 train_batch=62000/15625 loss=566.223450
[rank 3] epoch=10 valid_batch=2000/735
[rank 3] epoch=11 train_batch=2000/15625 loss=654.169312
[rank 3] epoch=11 train_batch=4000/15625 loss=643.785217
[rank 3] epoch=11 train_batch=6000/15625 loss=598.533447
[rank 3] epoch=11 train_batch=8000/15625 loss=581.537598
[rank 3] epoch=11 train_batch=10000/15625 loss=540.305298
[rank 3] epoch=11 train_batch=12000/15625 loss=559.435730
[rank 3] epoch=11 train_batch=14000/15625 loss=510.912079
[rank 3] epoch=11 train_batch=16000/15625 loss=744.324097
[rank 3] epoch=11 train_batch=18000/15625 loss=636.695496
[rank 3] epoch=11 train_batch=20000/15625 loss=612.700928
[rank 3] epoch=11 train_batch=22000/15625 loss=548.756531
[rank 3] epoch=11 train_batch=24000/15625 loss=616.655823
[rank 3] epoch=11 train_batch=26000/15625 loss=688.433716
[rank 3] epoch=11 train_batch=28000/15625 loss=610.249512
[rank 3] epoch=11 train_batch=30000/15625 loss=522.717834
[rank 3] epoch=11 train_batch=32000/15625 loss=909.331665
[rank 3] epoch=11 train_batch=34000/15625 loss=532.025940
[rank 3] epoch=11 train_batch=36000/15625 loss=673.695312
[rank 3] epoch=11 train_batch=38000/15625 loss=642.663025
[rank 3] epoch=11 train_batch=40000/15625 loss=633.987610
[rank 3] epoch=11 train_batch=42000/15625 loss=643.534729
[rank 3] epoch=11 train_batch=44000/15625 loss=477.842285
[rank 3] epoch=11 train_batch=46000/15625 loss=642.172668
[rank 3] epoch=11 train_batch=48000/15625 loss=603.858398
[rank 3] epoch=11 train_batch=50000/15625 loss=655.160706
[rank 3] epoch=11 train_batch=52000/15625 loss=782.634033
[rank 3] epoch=11 train_batch=54000/15625 loss=914.252136
[rank 3] epoch=11 train_batch=56000/15625 loss=648.459045
[rank 3] epoch=11 train_batch=58000/15625 loss=535.410706
[rank 3] epoch=11 train_batch=60000/15625 loss=666.634399
[rank 3] epoch=11 train_batch=62000/15625 loss=853.601440
[rank 3] epoch=11 valid_batch=2000/735
[rank 3] epoch=12 train_batch=2000/15625 loss=737.170227
[rank 3] epoch=12 train_batch=4000/15625 loss=746.298218
[rank 3] epoch=12 train_batch=6000/15625 loss=834.967285
[rank 3] epoch=12 train_batch=8000/15625 loss=567.212646
[rank 3] epoch=12 train_batch=10000/15625 loss=439.367004
[rank 3] epoch=12 train_batch=12000/15625 loss=606.193542
[rank 3] epoch=12 train_batch=14000/15625 loss=541.127686
[rank 3] epoch=12 train_batch=16000/15625 loss=640.179199
[rank 3] epoch=12 train_batch=18000/15625 loss=558.551758
[rank 3] epoch=12 train_batch=20000/15625 loss=452.588318
[rank 3] epoch=12 train_batch=22000/15625 loss=503.507355
[rank 3] epoch=12 train_batch=24000/15625 loss=348.942169
[rank 3] epoch=12 train_batch=26000/15625 loss=578.497681
[rank 3] epoch=12 train_batch=28000/15625 loss=534.134827
[rank 3] epoch=12 train_batch=30000/15625 loss=856.729553
[rank 3] epoch=12 train_batch=32000/15625 loss=586.141785
[rank 3] epoch=12 train_batch=34000/15625 loss=570.851013
[rank 3] epoch=12 train_batch=36000/15625 loss=727.308594
[rank 3] epoch=12 train_batch=38000/15625 loss=640.083862
[rank 3] epoch=12 train_batch=40000/15625 loss=451.588196
[rank 3] epoch=12 train_batch=42000/15625 loss=572.635132
[rank 3] epoch=12 train_batch=44000/15625 loss=437.432739
[rank 3] epoch=12 train_batch=46000/15625 loss=474.086731
[rank 3] epoch=12 train_batch=48000/15625 loss=569.205566
[rank 3] epoch=12 train_batch=50000/15625 loss=707.160889
[rank 3] epoch=12 train_batch=52000/15625 loss=426.211792
[rank 3] epoch=12 train_batch=54000/15625 loss=590.329407
[rank 3] epoch=12 train_batch=56000/15625 loss=470.289154
[rank 3] epoch=12 train_batch=58000/15625 loss=492.635498
[rank 3] epoch=12 train_batch=60000/15625 loss=509.184296
[rank 3] epoch=12 train_batch=62000/15625 loss=422.615997
[rank 3] epoch=12 valid_batch=2000/735
[rank 3] epoch=13 train_batch=2000/15625 loss=431.890442
[rank 3] epoch=13 train_batch=4000/15625 loss=548.455444
[rank 3] epoch=13 train_batch=6000/15625 loss=619.364990
[rank 3] epoch=13 train_batch=8000/15625 loss=614.499634
[rank 3] epoch=13 train_batch=10000/15625 loss=566.190063
[rank 3] epoch=13 train_batch=12000/15625 loss=635.626038
[rank 3] epoch=13 train_batch=14000/15625 loss=545.290710
[rank 3] epoch=13 train_batch=16000/15625 loss=527.311523
[rank 3] epoch=13 train_batch=18000/15625 loss=421.730011
[rank 3] epoch=13 train_batch=20000/15625 loss=591.648254
[rank 3] epoch=13 train_batch=22000/15625 loss=537.464722
[rank 3] epoch=13 train_batch=24000/15625 loss=684.606567
[rank 3] epoch=13 train_batch=26000/15625 loss=365.741333
[rank 3] epoch=13 train_batch=28000/15625 loss=335.203979
[rank 3] epoch=13 train_batch=30000/15625 loss=438.548950
[rank 3] epoch=13 train_batch=32000/15625 loss=399.382843
[rank 3] epoch=13 train_batch=34000/15625 loss=365.306702
[rank 3] epoch=13 train_batch=36000/15625 loss=525.583252
[rank 3] epoch=13 train_batch=38000/15625 loss=388.054657
[rank 3] epoch=13 train_batch=40000/15625 loss=632.953735
[rank 3] epoch=13 train_batch=42000/15625 loss=350.137268
[rank 3] epoch=13 train_batch=44000/15625 loss=608.887878
[rank 3] epoch=13 train_batch=46000/15625 loss=419.606964
[rank 3] epoch=13 train_batch=48000/15625 loss=497.542938
[rank 3] epoch=13 train_batch=50000/15625 loss=581.301270
[rank 3] epoch=13 train_batch=52000/15625 loss=553.172546
[rank 3] epoch=13 train_batch=54000/15625 loss=618.306519
[rank 3] epoch=13 train_batch=56000/15625 loss=715.351685
[rank 3] epoch=13 train_batch=58000/15625 loss=370.916382
[rank 3] epoch=13 train_batch=60000/15625 loss=395.843323
[rank 3] epoch=13 train_batch=62000/15625 loss=491.082977
[rank 3] epoch=13 valid_batch=2000/735
[rank 3] epoch=14 train_batch=2000/15625 loss=543.686035
[rank 3] epoch=14 train_batch=4000/15625 loss=538.225220
[rank 3] epoch=14 train_batch=6000/15625 loss=448.469086
[rank 3] epoch=14 train_batch=8000/15625 loss=462.997589
[rank 3] epoch=14 train_batch=10000/15625 loss=624.000000
[rank 3] epoch=14 train_batch=12000/15625 loss=546.406677
[rank 3] epoch=14 train_batch=14000/15625 loss=743.227295
[rank 3] epoch=14 train_batch=16000/15625 loss=522.230530
[rank 3] epoch=14 train_batch=18000/15625 loss=512.279114
[rank 3] epoch=14 train_batch=20000/15625 loss=457.404724
[rank 3] epoch=14 train_batch=22000/15625 loss=587.379822
[rank 3] epoch=14 train_batch=24000/15625 loss=431.853180
[rank 3] epoch=14 train_batch=26000/15625 loss=516.101807
[rank 3] epoch=14 train_batch=28000/15625 loss=406.182495
[rank 3] epoch=14 train_batch=30000/15625 loss=420.152985
[rank 3] epoch=14 train_batch=32000/15625 loss=558.381409
[rank 3] epoch=14 train_batch=34000/15625 loss=598.111084
[rank 3] epoch=14 train_batch=36000/15625 loss=571.256348
[rank 3] epoch=14 train_batch=38000/15625 loss=504.446960
[rank 3] epoch=14 train_batch=40000/15625 loss=445.632996
[rank 3] epoch=14 train_batch=42000/15625 loss=612.247192
[rank 3] epoch=14 train_batch=44000/15625 loss=510.107300
[rank 3] epoch=14 train_batch=46000/15625 loss=361.730072
[rank 3] epoch=14 train_batch=48000/15625 loss=359.902496
[rank 3] epoch=14 train_batch=50000/15625 loss=342.730713
[rank 3] epoch=14 train_batch=52000/15625 loss=357.633636
[rank 3] epoch=14 train_batch=54000/15625 loss=446.306519
[rank 3] epoch=14 train_batch=56000/15625 loss=454.057281
[rank 3] epoch=14 train_batch=58000/15625 loss=404.887665
[rank 3] epoch=14 train_batch=60000/15625 loss=497.056885
[rank 3] epoch=14 train_batch=62000/15625 loss=582.521423
[rank 3] epoch=14 valid_batch=2000/735
[rank 3] epoch=15 train_batch=2000/15625 loss=552.692322
[rank 3] epoch=15 train_batch=4000/15625 loss=593.125366
[rank 3] epoch=15 train_batch=6000/15625 loss=557.480408
[rank 3] epoch=15 train_batch=8000/15625 loss=653.497314
[rank 3] epoch=15 train_batch=10000/15625 loss=393.118164
[rank 3] epoch=15 train_batch=12000/15625 loss=350.844330
