cuda:0
thetaphi at main: True
Loading dataset...
Using ILCStreamingDataset (shuffle_buffer=256, files_per_chunk=32, seed=1001)
ILCStreamingDataset: path=/data/suehara/mldata/pfa/murata/data/tc/tc_nnqq_2M, files=20000, events~=2000000, shuffle_buffer=256, files_per_chunk=32
Using ILCStreamingDataset (shuffle_buffer=256, files_per_chunk=32, seed=1001)
ILCStreamingDataset: path=/data/suehara/mldata/pfa/murata/data/tc/tc_nnqq_new/train, files=716, events~=94400, shuffle_buffer=256, files_per_chunk=32
Training dataset size:  2000000
Validating dataset size:  94400
Batch size:  128
Loading GravnetModel
Hello
restart period :  30
DDP scheduler setup: local_batch_size=32, local_epoch_size=500000, world_size=4
[rank 0] epoch=0 train_batch=2000/15625 loss=1.071373
[rank 0] epoch=0 train_batch=4000/15625 loss=1.054391
[rank 0] epoch=0 train_batch=6000/15625 loss=1.052352
[rank 0] epoch=0 train_batch=8000/15625 loss=1.046828
[rank 0] epoch=0 train_batch=10000/15625 loss=1.046680
[rank 0] epoch=0 train_batch=12000/15625 loss=1.051128
[rank 0] epoch=0 train_batch=14000/15625 loss=1.079793
[rank 0] epoch=0 train_batch=16000/15625 loss=1.073148
[rank 0] epoch=0 train_batch=18000/15625 loss=1.088864
[rank 0] epoch=0 train_batch=20000/15625 loss=1.104095
[rank 0] epoch=0 train_batch=22000/15625 loss=1.104442
[rank 0] epoch=0 train_batch=24000/15625 loss=1.099543
[rank 0] epoch=0 train_batch=26000/15625 loss=1.106834
[rank 0] epoch=0 train_batch=28000/15625 loss=1.086569
[rank 0] epoch=0 train_batch=30000/15625 loss=1.100537
[rank 0] epoch=0 train_batch=32000/15625 loss=1.093593
[rank 0] epoch=0 train_batch=34000/15625 loss=1.097360
[rank 0] epoch=0 train_batch=36000/15625 loss=1.109212
[rank 0] epoch=0 train_batch=38000/15625 loss=1.103638
[rank 0] epoch=0 train_batch=40000/15625 loss=1.103990
[rank 0] epoch=0 train_batch=42000/15625 loss=1.108065
[rank 0] epoch=0 train_batch=44000/15625 loss=1.117915
[rank 0] epoch=0 train_batch=46000/15625 loss=1.118730
[rank 0] epoch=0 train_batch=48000/15625 loss=1.130902
[rank 0] epoch=0 train_batch=50000/15625 loss=1.118956
[rank 0] epoch=0 train_batch=52000/15625 loss=1.129152
[rank 0] epoch=0 train_batch=54000/15625 loss=1.126319
[rank 0] epoch=0 train_batch=56000/15625 loss=1.146115
[rank 0] epoch=0 train_batch=58000/15625 loss=1.134467
[rank 0] epoch=0 train_batch=60000/15625 loss=1.127748
[rank 0] epoch=0 train_batch=62000/15625 loss=1.134467
Training epoch 0
[7.38334077e+00 2.03298439e-01 2.39310295e+01 1.01752989e-01
 1.21252260e+01 6.67832867e-06 4.80168272e+00 5.89640384e-02
 3.89237853e+00 4.25104692e-08 6.72192476e-01 1.32638764e+00
 3.05421109e+00 3.52464323e-01 4.41371833e-01 5.02938199e-01
 2.83857599e+00 2.74073406e-01 5.47508964e+00 2.37139233e-01
 3.21108387e-01 9.16045315e-02 1.42895653e+00 4.10133383e-07
 1.05720026e+00 5.44484842e-02 6.72575354e-01 9.45101239e-07
 7.69464140e-02 6.51410784e-02 4.62626649e-01 3.79629094e-02
 5.97700465e-02 5.36126042e-02 4.61768888e-01 3.82851478e-02
 7.22375149e-01 2.95193388e-02 3.91860027e-02 4.64756968e-03
 1.90536448e-01 3.12978872e-07 1.12004180e-01 3.42294858e-03
 9.55317225e-02 1.33573103e-06 9.43424367e-03 5.64939209e-03
 6.82327231e-02 5.03806426e-03 8.03978516e-03 5.51126331e-03
 6.64093315e-02 5.01080411e-03 9.94578553e-02 3.74016350e-03
 4.86150937e-03 7.23811943e-04 1.12898676e-02 4.33059726e-08
 1.46261225e-02 2.98520831e-04 2.93646065e-02 3.38352049e-09
 2.99349387e-03 1.98370220e-03 2.08916315e-02 1.29031542e-03
 3.01313979e-03 1.86676880e-03 2.17676649e-02 1.49521316e-03
 4.03113803e-02 9.14328279e-04 2.87315331e-03 1.02604925e-03
 6.16363051e-02 1.59429054e-03 3.13800089e-03 1.83982596e-03
 3.24126360e-02 1.72776881e-03 2.56907742e-03 1.52258498e-03
 2.91499579e-02 1.52895599e-03 2.45624698e-03 1.62514114e-03
 2.74245173e-02 1.61453576e-03 2.77235020e-03 2.38401139e-03
 2.70375775e-02 2.05309626e-03 2.76545188e-02 2.86748310e-03
 3.26057312e-02 3.10095299e-03]
train  L_V                   = +0.1027 (0.0%)
 train    L_V_attractive      = +0.0610 (0.0%)
 train      L_V_attractive_charged      = +0.0276 (0.0%)
 train      L_V_attractive_neutral      = +0.0334 (0.0%)
 train    L_V_repulsive       = +0.0417 (0.0%)
 train      L_V_repulsive_charged       = +0.0202 (0.0%)
 train      L_V_repulsive_neutral       = +0.0215 (0.0%)
 train    L_charged_cluster   = +0.0000 (0.0%)
 train  L_beta              = +4.0053 (0.2%)
 train    L_beta_noise        = +0.0000 (0.0%)
 train    L_beta_sig          = +3.0061 (0.2%)
 train    L_beta_suppress     = +0.0000 (0.0%)
 train    L_beta_track        = +0.9993 (0.1%)
 train      L_beta_norms_term   = -0.0004 (-0.0%)
 train      L_beta_logbeta_term = +3.0064 (0.2%)
 train  L_E   = +1654.9048 (99.8%)
 train    L_E_charge = +0.0000 (0.0%)
 train    L_E_cond = +1652.8882 (99.6%)
 train    L_E_cluster = +2.0223 (0.1%)
 train    L_E_w_photon   = +0.0000 (0.0%)
 train    L_E_w_charged_hadron   = +0.0000 (0.0%)
 train    L_E_w_neutral_hadron   = +0.0000 (0.0%)
 train    L_E_w_muon     = +0.0000 (0.0%)
 train    L_E_w_electron = +0.0000 (0.0%)
learning rate :  [0.00039890465297888624]
train loss :  1.1026976108551025
[rank 0] epoch=0 valid_batch=2000/744
test   L_V                   = +0.1529 (0.0%)
    L_V_attractive      = +0.0824 (0.0%)
      L_V_attractive_charged      = +0.0385 (0.0%)
      L_V_attractive_neutral      = +0.0439 (0.0%)
    L_V_repulsive       = +0.0705 (0.0%)
      L_V_repulsive_charged       = +0.0334 (0.0%)
      L_V_repulsive_neutral       = +0.0371 (0.0%)
    L_charged_cluster   = +0.0000 (0.0%)
  L_beta              = +4.8634 (0.1%)
    L_beta_noise        = +0.0000 (0.0%)
    L_beta_sig          = +3.8634 (0.1%)
    L_beta_suppress     = +0.0000 (0.0%)
    L_beta_track        = +1.0000 (0.0%)
      L_beta_norms_term   = -0.0000 (-0.0%)
      L_beta_logbeta_term = +3.8634 (0.1%)
  L_E   = +6686.3799 (99.9%)
    L_E_charge = +0.0000 (0.0%)
    L_E_cond = +6684.6182 (99.9%)
    L_E_cluster = +1.7631 (0.0%)
    L_E_w_photon   = +0.0000 (0.0%)
    L_E_w_charged_hadron   = +0.0000 (0.0%)
    L_E_w_neutral_hadron   = +0.0000 (0.0%)
    L_E_w_muon     = +0.0000 (0.0%)
    L_E_w_electron = +0.0000 (0.0%)
Returning 6692.396484375
[rank 0] epoch=1 train_batch=2000/15625 loss=1.131786
[rank 0] epoch=1 train_batch=4000/15625 loss=1.131083
[rank 0] epoch=1 train_batch=6000/15625 loss=1.114674
[rank 0] epoch=1 train_batch=8000/15625 loss=1.117760
[rank 0] epoch=1 train_batch=10000/15625 loss=1.124092
[rank 0] epoch=1 train_batch=12000/15625 loss=1.118833
[rank 0] epoch=1 train_batch=14000/15625 loss=1.122091
[rank 0] epoch=1 train_batch=16000/15625 loss=1.117489
[rank 0] epoch=1 train_batch=18000/15625 loss=1.126009
[rank 0] epoch=1 train_batch=20000/15625 loss=1.126402
[rank 0] epoch=1 train_batch=22000/15625 loss=1.117349
[rank 0] epoch=1 train_batch=24000/15625 loss=1.128447
[rank 0] epoch=1 train_batch=26000/15625 loss=1.143425
[rank 0] epoch=1 train_batch=28000/15625 loss=1.142205
[rank 0] epoch=1 train_batch=30000/15625 loss=1.129839
[rank 0] epoch=1 train_batch=32000/15625 loss=1.127113
[rank 0] epoch=1 train_batch=34000/15625 loss=1.137809
[rank 0] epoch=1 train_batch=36000/15625 loss=1.152548
[rank 0] epoch=1 train_batch=38000/15625 loss=1.121825
[rank 0] epoch=1 train_batch=40000/15625 loss=1.127367
[rank 0] epoch=1 train_batch=42000/15625 loss=1.169744
[rank 0] epoch=1 train_batch=44000/15625 loss=1.138190
[rank 0] epoch=1 train_batch=46000/15625 loss=1.155788
[rank 0] epoch=1 train_batch=48000/15625 loss=1.171516
[rank 0] epoch=1 train_batch=50000/15625 loss=1.129642
[rank 0] epoch=1 train_batch=52000/15625 loss=1.137212
[rank 0] epoch=1 train_batch=54000/15625 loss=1.142151
[rank 0] epoch=1 train_batch=56000/15625 loss=1.134535
[rank 0] epoch=1 train_batch=58000/15625 loss=1.174744
[rank 0] epoch=1 train_batch=60000/15625 loss=1.149127
[rank 0] epoch=1 train_batch=62000/15625 loss=1.392596
Training epoch 1
[2.35915901e+01 3.01494988e+00 1.12531628e+02 1.24053890e+00
 7.03236087e+01 6.88044402e-05 3.36899243e+01 4.02808722e-01
 2.73790879e+01 1.35104427e-07 6.84017915e+00 1.34489738e+01
 2.13039359e+01 3.21073886e+00 4.65865824e+00 5.70640703e+00
 2.31866344e+01 2.40390453e+00 4.28392884e+01 2.15713763e+00
 2.89248784e+00 9.20797298e-01 9.39735005e+00 4.27113953e-06
 6.96670414e+00 3.77121225e-01 3.70383907e+00 4.34042326e-06
 8.17292077e-01 1.16842575e+00 3.63081675e+00 4.19628662e-01
 7.46994576e-01 7.71946076e-01 4.29421833e+00 3.92949639e-01
 5.61208904e+00 2.33286567e-01 2.87362712e-01 3.19689094e-02
 1.09491086e+00 2.54694796e-06 5.93001862e-01 1.62580554e-02
 3.61323715e-01 8.55617876e-06 6.02695006e-02 4.82425475e-02
 3.18188980e-01 2.89834513e-02 5.48978448e-02 4.42675575e-02
 2.94208582e-01 2.75288677e-02 4.31296788e-01 2.07142437e-02
 1.91361044e-02 1.31641154e-03 1.91937326e-02 2.42652850e-07
 2.81881988e-02 9.37397681e-05 7.28613582e-02 1.00577543e-08
 1.32368333e-02 1.10289283e-02 5.16101258e-02 4.14432575e-03
 1.63951286e-02 1.34022030e-02 6.65877825e-02 7.15601471e-03
 1.58584326e-01 4.85406167e-03 1.50536158e-02 2.95280148e-03
 1.22823708e-01 2.01078029e-03 8.51180242e-03 6.86701828e-03
 5.11478848e-02 3.34649187e-03 5.74666672e-03 4.73935833e-03
 3.71107779e-02 2.48109352e-03 3.66409953e-03 3.64399523e-03
 2.61189816e-02 2.21158772e-03 3.26601859e-03 3.88213694e-03
 1.96934300e-02 2.01524741e-03 2.92104997e-02 2.37906309e-03
 2.69302551e-02 5.93673577e-10]
train  L_V                   = +0.1320 (0.0%)
 train    L_V_attractive      = +0.0766 (0.0%)
 train      L_V_attractive_charged      = +0.0346 (0.0%)
 train      L_V_attractive_neutral      = +0.0420 (0.0%)
 train    L_V_repulsive       = +0.0553 (0.0%)
 train      L_V_repulsive_charged       = +0.0269 (0.0%)
 train      L_V_repulsive_neutral       = +0.0284 (0.0%)
 train    L_charged_cluster   = +0.0000 (0.0%)
 train  L_beta              = +4.8045 (0.3%)
 train    L_beta_noise        = +0.0000 (0.0%)
 train    L_beta_sig          = +3.8045 (0.2%)
 train    L_beta_suppress     = +0.0000 (0.0%)
 train    L_beta_track        = +1.0000 (0.1%)
 train      L_beta_norms_term   = -0.0000 (-0.0%)
 train      L_beta_logbeta_term = +3.8045 (0.2%)
 train  L_E   = +1619.9613 (99.7%)
 train    L_E_charge = +0.0000 (0.0%)
 train    L_E_cond = +1618.3534 (99.6%)
 train    L_E_cluster = +1.6042 (0.1%)
 train    L_E_w_photon   = +0.0000 (0.0%)
 train    L_E_w_charged_hadron   = +0.0000 (0.0%)
 train    L_E_w_neutral_hadron   = +0.0000 (0.0%)
 train    L_E_w_muon     = +0.0000 (0.0%)
 train    L_E_w_electron = +0.0000 (0.0%)
learning rate :  [0.00039890465297888624, 0.00039563061276672447]
train loss :  1.1319524049758911
[rank 0] epoch=1 valid_batch=2000/744
test   L_V                   = +0.3309 (0.0%)
    L_V_attractive      = +0.0739 (0.0%)
      L_V_attractive_charged      = +0.0367 (0.0%)
      L_V_attractive_neutral      = +0.0372 (0.0%)
    L_V_repulsive       = +0.2571 (0.0%)
      L_V_repulsive_charged       = +0.1168 (0.0%)
      L_V_repulsive_neutral       = +0.1403 (0.0%)
    L_charged_cluster   = +0.0000 (0.0%)
  L_beta              = +5.0091 (0.2%)
    L_beta_noise        = +0.0000 (0.0%)
    L_beta_sig          = +4.0091 (0.2%)
    L_beta_suppress     = +0.0000 (0.0%)
    L_beta_track        = +1.0000 (0.0%)
      L_beta_norms_term   = -0.0000 (-0.0%)
      L_beta_logbeta_term = +4.0091 (0.2%)
  L_E   = +2108.8015 (99.7%)
    L_E_charge = +0.0000 (0.0%)
    L_E_cond = +2106.9934 (99.7%)
    L_E_cluster = +1.8094 (0.1%)
    L_E_w_photon   = +0.0000 (0.0%)
    L_E_w_charged_hadron   = +0.0000 (0.0%)
    L_E_w_neutral_hadron   = +0.0000 (0.0%)
    L_E_w_muon     = +0.0000 (0.0%)
    L_E_w_electron = +0.0000 (0.0%)
Returning 2115.1416015625
[rank 0] epoch=2 train_batch=2000/15625 loss=2.343096
[rank 0] epoch=2 train_batch=4000/15625 loss=2.377181
[rank 0] epoch=2 train_batch=6000/15625 loss=2.500640
[rank 0] epoch=2 train_batch=8000/15625 loss=2.412854
[rank 0] epoch=2 train_batch=10000/15625 loss=2.358194
[rank 0] epoch=2 train_batch=12000/15625 loss=2.321897
[rank 0] epoch=2 train_batch=14000/15625 loss=2.339639
[rank 0] epoch=2 train_batch=16000/15625 loss=2.330869
[rank 0] epoch=2 train_batch=18000/15625 loss=2.350586
[rank 0] epoch=2 train_batch=20000/15625 loss=2.299037
[rank 0] epoch=2 train_batch=22000/15625 loss=2.336113
[rank 0] epoch=2 train_batch=24000/15625 loss=2.330034
[rank 0] epoch=2 train_batch=26000/15625 loss=2.332609
[rank 0] epoch=2 train_batch=28000/15625 loss=2.367287
[rank 0] epoch=2 train_batch=30000/15625 loss=2.396658
[rank 0] epoch=2 train_batch=32000/15625 loss=2.380022
[rank 0] epoch=2 train_batch=34000/15625 loss=2.338754
[rank 0] epoch=2 train_batch=36000/15625 loss=2.329101
[rank 0] epoch=2 train_batch=38000/15625 loss=2.318675
[rank 0] epoch=2 train_batch=40000/15625 loss=2.311685
[rank 0] epoch=2 train_batch=42000/15625 loss=2.404335
[rank 0] epoch=2 train_batch=44000/15625 loss=2.332994
[rank 0] epoch=2 train_batch=46000/15625 loss=2.346329
[rank 0] epoch=2 train_batch=48000/15625 loss=2.309198
[rank 0] epoch=2 train_batch=50000/15625 loss=2.435405
[rank 0] epoch=2 train_batch=52000/15625 loss=2.316743
[rank 0] epoch=2 train_batch=54000/15625 loss=2.422087
[rank 0] epoch=2 train_batch=56000/15625 loss=2.390182
[rank 0] epoch=2 train_batch=58000/15625 loss=2.355139
[rank 0] epoch=2 train_batch=60000/15625 loss=2.326782
[rank 0] epoch=2 train_batch=62000/15625 loss=2.492632
Training epoch 2
[3.28030836e+01 2.22915993e+01 3.44694135e+02 1.85956796e+01
 1.54322904e+02 2.92913071e-03 2.74287777e+02 6.85323799e+00
 4.03714614e+02 3.49999521e-06 7.12685089e+01 8.53596569e+01
 3.35370834e+02 5.12015983e+01 6.81423013e+01 7.53743578e+01
 3.27720249e+02 3.37681732e+01 4.47652302e+02 2.39377686e+01
 3.14564070e+01 1.44064790e+01 6.83668632e+01 1.01806702e-04
 8.04812039e+01 5.20794095e+00 5.90281915e+01 1.33173618e-05
 1.70446766e+01 1.97992668e+01 6.05904317e+01 7.17439680e+00
 1.47754396e+01 1.53110401e+01 6.40656140e+01 6.18005391e+00
 7.84170653e+01 3.77347925e+00 4.03850564e+00 4.25770577e-01
 1.34279344e+01 3.15544925e-05 4.82770298e+00 1.65830022e-01
 3.08168428e+00 1.76820406e-05 6.77772784e-01 5.98999418e-01
 2.84350599e+00 2.96585045e-01 6.42796211e-01 5.76024910e-01
 2.88360771e+00 2.98651325e-01 3.77167748e+00 1.55000168e-01
 1.16876994e-01 8.37333347e-03 9.43572971e-02 6.40095353e-07
 1.07012922e-01 2.74910377e-04 2.54267450e-01 6.04615280e-09
 7.28475304e-02 5.72594728e-02 2.76539003e-01 2.32991741e-02
 1.03020504e-01 9.66435294e-02 3.34322470e-01 4.00760178e-02
 9.88326581e-01 3.19640846e-02 7.59862341e-02 2.04949735e-02
 7.69221605e-01 1.07794281e-02 6.96551874e-02 5.90457512e-02
 3.46125282e-01 2.57403457e-02 4.35545318e-02 4.01139101e-02
 2.29101972e-01 1.87017903e-02 2.30488505e-02 2.69871561e-02
 1.19832028e-01 1.27202147e-02 1.54803836e-02 1.95129593e-02
 9.29456858e-02 9.78708706e-03 1.59443372e-01 1.18902832e-02
 1.07302856e-01 8.64685883e-03]
train  L_V                   = +0.2688 (0.0%)
 train    L_V_attractive      = +0.1445 (0.0%)
 train      L_V_attractive_charged      = +0.0731 (0.0%)
 train      L_V_attractive_neutral      = +0.0714 (0.0%)
 train    L_V_repulsive       = +0.1243 (0.0%)
 train      L_V_repulsive_charged       = +0.0638 (0.0%)
 train      L_V_repulsive_neutral       = +0.0605 (0.0%)
 train    L_charged_cluster   = +0.0000 (0.0%)
 train  L_beta              = +1.1004 (0.1%)
 train    L_beta_noise        = +0.0000 (0.0%)
 train    L_beta_sig          = +0.2239 (0.0%)
 train    L_beta_suppress     = +0.0000 (0.0%)
 train    L_beta_track        = +0.8765 (0.1%)
 train      L_beta_norms_term   = -0.0133 (-0.0%)
 train      L_beta_logbeta_term = +0.2373 (0.0%)
 train  L_E   = +1516.0583 (99.9%)
 train    L_E_charge = +0.0000 (0.0%)
 train    L_E_cond = +1514.4446 (99.8%)
 train    L_E_cluster = +1.6177 (0.1%)
 train    L_E_w_photon   = +0.0000 (0.0%)
 train    L_E_w_charged_hadron   = +0.0000 (0.0%)
 train    L_E_w_neutral_hadron   = +0.0000 (0.0%)
 train    L_E_w_muon     = +0.0000 (0.0%)
 train    L_E_w_electron = +0.0000 (0.0%)
learning rate :  [0.00039890465297888624, 0.00039563061276672447, 0.000390213750433216]
train loss :  2.369215488433838
[rank 0] epoch=2 valid_batch=2000/744
test   L_V                   = +355.6375 (0.0%)
    L_V_attractive      = +355.3722 (0.0%)
      L_V_attractive_charged      = +14.4987 (0.0%)
      L_V_attractive_neutral      = +340.8932 (0.0%)
    L_V_repulsive       = +0.2567 (0.0%)
      L_V_repulsive_charged       = +0.1196 (0.0%)
      L_V_repulsive_neutral       = +0.1372 (0.0%)
    L_charged_cluster   = +0.0000 (0.0%)
  L_beta              = +1.0746 (0.0%)
    L_beta_noise        = +0.0000 (0.0%)
    L_beta_sig          = +0.2058 (0.0%)
    L_beta_suppress     = +0.0000 (0.0%)
    L_beta_track        = +0.8688 (0.0%)
      L_beta_norms_term   = -0.0155 (-0.0%)
      L_beta_logbeta_term = +0.2213 (0.0%)
  L_E   = +1245049.3750 (100.0%)
    L_E_charge = +0.0000 (0.0%)
    L_E_cond = +1245047.8750 (100.0%)
    L_E_cluster = +1.6633 (0.0%)
    L_E_w_photon   = +0.0000 (0.0%)
    L_E_w_charged_hadron   = +0.0000 (0.0%)
    L_E_w_neutral_hadron   = +0.0000 (0.0%)
    L_E_w_muon     = +0.0000 (0.0%)
    L_E_w_electron = +0.0000 (0.0%)
Returning 1245407.125
[rank 0] epoch=3 train_batch=2000/15625 loss=2.305320
[rank 0] epoch=3 train_batch=4000/15625 loss=2.398219
[rank 0] epoch=3 train_batch=6000/15625 loss=2.454086
[rank 0] epoch=3 train_batch=8000/15625 loss=2.354402
[rank 0] epoch=3 train_batch=10000/15625 loss=2.449442
[rank 0] epoch=3 train_batch=12000/15625 loss=2.426809
[rank 0] epoch=3 train_batch=14000/15625 loss=2.654282
[rank 0] epoch=3 train_batch=16000/15625 loss=2.352553
[rank 0] epoch=3 train_batch=18000/15625 loss=2.413089
[rank 0] epoch=3 train_batch=20000/15625 loss=2.375674
[rank 0] epoch=3 train_batch=22000/15625 loss=2.488837
[rank 0] epoch=3 train_batch=24000/15625 loss=2.377927
[rank 0] epoch=3 train_batch=26000/15625 loss=2.364433
[rank 0] epoch=3 train_batch=28000/15625 loss=2.570239
[rank 0] epoch=3 train_batch=30000/15625 loss=2.396828
[rank 0] epoch=3 train_batch=32000/15625 loss=2.528064
[rank 0] epoch=3 train_batch=34000/15625 loss=2.631361
[rank 0] epoch=3 train_batch=36000/15625 loss=2.576382
[rank 0] epoch=3 train_batch=38000/15625 loss=2.692204
[rank 0] epoch=3 train_batch=40000/15625 loss=2.514576
[rank 0] epoch=3 train_batch=42000/15625 loss=2.547217
[rank 0] epoch=3 train_batch=44000/15625 loss=2.798556
[rank 0] epoch=3 train_batch=46000/15625 loss=2.569096
[rank 0] epoch=3 train_batch=48000/15625 loss=2.514891
[rank 0] epoch=3 train_batch=50000/15625 loss=2.576524
[rank 0] epoch=3 train_batch=52000/15625 loss=2.454405
[rank 0] epoch=3 train_batch=54000/15625 loss=2.488248
[rank 0] epoch=3 train_batch=56000/15625 loss=2.516895
[rank 0] epoch=3 train_batch=58000/15625 loss=2.607744
[rank 0] epoch=3 train_batch=60000/15625 loss=3.043409
[rank 0] epoch=3 train_batch=62000/15625 loss=2.548377
Training epoch 3
[3.30068348e+01 2.56662786e+01 3.76536960e+02 3.31896892e+01
 1.58099548e+02 1.32791925e-02 3.07297768e+02 1.09873305e+01
 5.50721070e+02 6.87007344e-06 8.75750993e+01 9.38303313e+01
 4.83980977e+02 7.41365085e+01 8.51812066e+01 9.30926294e+01
 4.30061708e+02 4.63117106e+01 5.13218863e+02 2.75233734e+01
 3.76334783e+01 2.89360905e+01 6.22133334e+01 2.51008801e-04
 1.20234341e+02 9.98561573e+00 1.03185253e+02 7.33032738e-05
 2.85180798e+01 3.51705262e+01 9.42226830e+01 1.29768464e+01
 2.71028176e+01 2.80040136e+01 1.02509334e+02 1.03394207e+01
 1.11424655e+02 5.56238133e+00 6.37499949e+00 9.92795984e-01
 1.60358225e+01 6.75436339e-05 8.22573474e+00 3.10579504e-01
 5.60211828e+00 2.25360950e-05 1.60294223e+00 1.61395463e+00
 5.89874010e+00 6.51918946e-01 1.64098590e+00 1.60633308e+00
 6.44417860e+00 6.87018872e-01 7.78225601e+00 3.43576987e-01
 4.05747797e-01 3.64933244e-02 1.79484864e-01 1.28336866e-06
 2.53673036e-01 5.44410629e-04 5.78090647e-01 1.53475456e-08
 1.63487039e-01 1.48390480e-01 6.17900466e-01 5.34985877e-02
 2.19307171e-01 2.61750553e-01 7.86428474e-01 1.09427590e-01
 2.56450508e+00 1.08848338e-01 3.22393154e-01 9.28619280e-02
 3.16314038e+00 4.17320626e-02 2.91591241e-01 3.26919993e-01
 1.34538175e+00 1.29464576e-01 1.61102067e-01 1.86813461e-01
 7.73544652e-01 7.93757451e-02 8.72134359e-02 1.12511049e-01
 3.32530919e-01 4.50049094e-02 3.57355581e-02 4.50891593e-02
 1.81748640e-01 1.90235891e-02 2.98816191e-01 1.71278084e-02
 1.97942495e-01 1.22347117e-02]
train  L_V                   = +0.3521 (0.0%)
 train    L_V_attractive      = +0.1307 (0.0%)
 train      L_V_attractive_charged      = +0.0612 (0.0%)
 train      L_V_attractive_neutral      = +0.0695 (0.0%)
 train    L_V_repulsive       = +0.2214 (0.0%)
 train      L_V_repulsive_charged       = +0.1167 (0.0%)
 train      L_V_repulsive_neutral       = +0.1047 (0.0%)
 train    L_charged_cluster   = +0.0000 (0.0%)
 train  L_beta              = +1.1566 (0.1%)
 train    L_beta_noise        = +0.0000 (0.0%)
 train    L_beta_sig          = +0.2506 (0.0%)
 train    L_beta_suppress     = +0.0000 (0.0%)
 train    L_beta_track        = +0.9061 (0.1%)
 train      L_beta_norms_term   = -0.0201 (-0.0%)
 train      L_beta_logbeta_term = +0.2707 (0.0%)
 train  L_E   = +1520.7174 (99.9%)
 train    L_E_charge = +0.0000 (0.0%)
 train    L_E_cond = +1518.5289 (99.8%)
 train    L_E_cluster = +2.1918 (0.1%)
 train    L_E_w_photon   = +0.0000 (0.0%)
 train    L_E_w_charged_hadron   = +0.0000 (0.0%)
 train    L_E_w_neutral_hadron   = +0.0000 (0.0%)
 train    L_E_w_muon     = +0.0000 (0.0%)
 train    L_E_w_electron = +0.0000 (0.0%)
learning rate :  [0.00039890465297888624, 0.00039563061276672447, 0.000390213750433216, 0.00038271341425563806]
train loss :  2.5087432861328125
[rank 0] epoch=3 valid_batch=2000/744
test   L_V                   = +0.5315 (0.0%)
    L_V_attractive      = +0.1436 (0.0%)
      L_V_attractive_charged      = +0.0648 (0.0%)
      L_V_attractive_neutral      = +0.0788 (0.0%)
    L_V_repulsive       = +0.3878 (0.0%)
      L_V_repulsive_charged       = +0.1908 (0.0%)
      L_V_repulsive_neutral       = +0.1970 (0.0%)
    L_charged_cluster   = +0.0000 (0.0%)
  L_beta              = +1.1844 (0.1%)
    L_beta_noise        = +0.0000 (0.0%)
    L_beta_sig          = +0.2659 (0.0%)
    L_beta_suppress     = +0.0000 (0.0%)
    L_beta_track        = +0.9185 (0.0%)
      L_beta_norms_term   = -0.0288 (-0.0%)
      L_beta_logbeta_term = +0.2947 (0.0%)
  L_E   = +1884.1683 (99.9%)
    L_E_charge = +0.0000 (0.0%)
    L_E_cond = +1881.9489 (99.8%)
    L_E_cluster = +2.2203 (0.1%)
    L_E_w_photon   = +0.0000 (0.0%)
    L_E_w_charged_hadron   = +0.0000 (0.0%)
    L_E_w_neutral_hadron   = +0.0000 (0.0%)
    L_E_w_muon     = +0.0000 (0.0%)
    L_E_w_electron = +0.0000 (0.0%)
Returning 1886.8841552734375
[rank 0] epoch=4 train_batch=2000/15625 loss=1283.275024
[rank 0] epoch=4 train_batch=4000/15625 loss=1186.310303
[rank 0] epoch=4 train_batch=6000/15625 loss=1159.827393
[rank 0] epoch=4 train_batch=8000/15625 loss=1037.539917
[rank 0] epoch=4 train_batch=10000/15625 loss=1152.845215
[rank 0] epoch=4 train_batch=12000/15625 loss=1095.748657
[rank 0] epoch=4 train_batch=14000/15625 loss=890.230225
[rank 0] epoch=4 train_batch=16000/15625 loss=1014.437988
[rank 0] epoch=4 train_batch=18000/15625 loss=1377.093506
[rank 0] epoch=4 train_batch=20000/15625 loss=1064.368652
[rank 0] epoch=4 train_batch=22000/15625 loss=1058.849365
[rank 0] epoch=4 train_batch=24000/15625 loss=1159.189697
[rank 0] epoch=4 train_batch=26000/15625 loss=1265.848633
[rank 0] epoch=4 train_batch=28000/15625 loss=1193.293579
[rank 0] epoch=4 train_batch=30000/15625 loss=1155.474609
[rank 0] epoch=4 train_batch=32000/15625 loss=1067.590942
[rank 0] epoch=4 train_batch=34000/15625 loss=1361.842896
[rank 0] epoch=4 train_batch=36000/15625 loss=1127.172974
[rank 0] epoch=4 train_batch=38000/15625 loss=1225.935669
[rank 0] epoch=4 train_batch=40000/15625 loss=1142.118286
[rank 0] epoch=4 train_batch=42000/15625 loss=1438.459229
[rank 0] epoch=4 train_batch=44000/15625 loss=1148.336060
[rank 0] epoch=4 train_batch=46000/15625 loss=1374.788330
[rank 0] epoch=4 train_batch=48000/15625 loss=989.217529
[rank 0] epoch=4 train_batch=50000/15625 loss=1103.720581
[rank 0] epoch=4 train_batch=52000/15625 loss=1356.626831
[rank 0] epoch=4 train_batch=54000/15625 loss=925.157043
[rank 0] epoch=4 train_batch=56000/15625 loss=1080.869873
[rank 0] epoch=4 train_batch=58000/15625 loss=925.337219
[rank 0] epoch=4 train_batch=60000/15625 loss=898.355530
[rank 0] epoch=4 train_batch=62000/15625 loss=1514.583984
Training epoch 4
[3.31650796e+01 3.31312614e+01 5.20881393e+02 7.92865388e+01
 1.59991031e+02 1.88698984e+00 3.74757344e+02 4.61724593e+01
 1.00519907e+03 1.18118170e-03 9.78801611e+01 9.79551600e+01
 1.07841166e+03 1.12435350e+02 1.12917624e+02 1.13004834e+02
 1.06944401e+03 9.60873095e+01 9.43159371e+02 4.84557693e+01
 5.71481848e+01 9.64705901e+01 9.79524107e+01 4.41365262e-02
 3.97117064e+02 4.55507424e+01 7.80859975e+02 7.38046343e-03
 9.64061519e+01 9.70298897e+01 8.95327999e+02 1.01596571e+02
 1.11078159e+02 1.11265842e+02 8.84559346e+02 8.27616718e+01
 9.44347348e+02 4.90561052e+01 6.41427560e+01 5.96173579e+01
 1.02758505e+02 1.04623890e-02 2.58582405e+02 2.23510085e+01
 3.05352656e+02 9.34424256e-04 7.09114568e+01 7.21922025e+01
 3.47498774e+02 4.18685062e+01 7.77464841e+01 7.90263047e+01
 3.51996788e+02 3.72992383e+01 3.74835296e+02 1.96407987e+01
 2.39667731e+01 6.70983164e+00 1.52479630e+01 8.16073825e-05
 1.16348012e+01 6.50122572e-02 3.40317827e+01 1.94276439e-07
 1.23345233e+01 1.23745741e+01 4.15464966e+01 3.89166852e+00
 1.58008908e+01 1.55184030e+01 5.53842016e+01 6.63781758e+00
 1.50088801e+02 7.42402494e+00 1.33690979e+01 1.21401744e+01
 2.09051347e+02 4.99109462e+00 3.65585609e+01 3.63276700e+01
 1.26903454e+02 1.28469527e+01 3.00593816e+01 1.87138395e+01
 9.22132926e+01 7.18277010e+00 3.00824268e+01 1.48997945e+01
 7.27709971e+01 5.24106366e+00 2.55492735e+01 1.68497250e+01
 8.47635755e+01 6.64521184e+00 9.10412458e+01 6.85909944e+00
 4.64381325e+01 8.15393213e+00]
train  L_V                   = +0.7306 (0.1%)
 train    L_V_attractive      = +0.1240 (0.0%)
 train      L_V_attractive_charged      = +0.0518 (0.0%)
 train      L_V_attractive_neutral      = +0.0722 (0.0%)
 train    L_V_repulsive       = +0.6066 (0.1%)
 train      L_V_repulsive_charged       = +0.3045 (0.0%)
 train      L_V_repulsive_neutral       = +0.3021 (0.0%)
 train    L_charged_cluster   = +0.0000 (0.0%)
 train  L_beta              = +1.2582 (0.1%)
 train    L_beta_noise        = +0.0000 (0.0%)
 train    L_beta_sig          = +0.3204 (0.0%)
 train    L_beta_suppress     = +0.0000 (0.0%)
 train    L_beta_track        = +0.9378 (0.1%)
 train      L_beta_norms_term   = -0.0352 (-0.0%)
 train      L_beta_logbeta_term = +0.3557 (0.0%)
 train  L_E   = +1192.4055 (99.8%)
 train    L_E_charge = +0.0000 (0.0%)
 train    L_E_cond = +1191.8488 (99.8%)
 train    L_E_cluster = +0.5538 (0.0%)
 train    L_E_w_photon   = +0.0000 (0.0%)
 train    L_E_w_charged_hadron   = +0.0000 (0.0%)
 train    L_E_w_neutral_hadron   = +0.0000 (0.0%)
 train    L_E_w_muon     = +0.0000 (0.0%)
 train    L_E_w_electron = +0.0000 (0.0%)
learning rate :  [0.00039890465297888624, 0.00039563061276672447, 0.000390213750433216, 0.00038271341425563806, 0.0003732117794866986]
train loss :  1195.394287109375
[rank 0] epoch=4 valid_batch=2000/744
test   L_V                   = +64.9234 (0.0%)
    L_V_attractive      = +63.6688 (0.0%)
      L_V_attractive_charged      = +28.3685 (0.0%)
      L_V_attractive_neutral      = +35.3002 (0.0%)
    L_V_repulsive       = +1.2547 (0.0%)
      L_V_repulsive_charged       = +0.5716 (0.0%)
      L_V_repulsive_neutral       = +0.6831 (0.0%)
    L_charged_cluster   = +0.0000 (0.0%)
  L_beta              = +1.2027 (0.0%)
    L_beta_noise        = +0.0000 (0.0%)
    L_beta_sig          = +0.2724 (0.0%)
    L_beta_suppress     = +0.0000 (0.0%)
    L_beta_track        = +0.9303 (0.0%)
      L_beta_norms_term   = -0.0664 (-0.0%)
      L_beta_logbeta_term = +0.3388 (0.0%)
  L_E   = +4875314.5000 (100.0%)
    L_E_charge = +0.0000 (0.0%)
    L_E_cond = +4875313.5000 (100.0%)
    L_E_cluster = +0.5462 (0.0%)
    L_E_w_photon   = +0.0000 (0.0%)
    L_E_w_charged_hadron   = +0.0000 (0.0%)
    L_E_w_neutral_hadron   = +0.0000 (0.0%)
    L_E_w_muon     = +0.0000 (0.0%)
    L_E_w_electron = +0.0000 (0.0%)
Returning 4875381.5
[rank 0] epoch=5 train_batch=2000/15625 loss=1165.544922
[rank 0] epoch=5 train_batch=4000/15625 loss=1057.547363
[rank 0] epoch=5 train_batch=6000/15625 loss=1120.968872
[rank 0] epoch=5 train_batch=8000/15625 loss=1035.657715
[rank 0] epoch=5 train_batch=10000/15625 loss=1146.751343
[rank 0] epoch=5 train_batch=12000/15625 loss=1072.848389
[rank 0] epoch=5 train_batch=14000/15625 loss=1038.221191
[rank 0] epoch=5 train_batch=16000/15625 loss=1041.989014
[rank 0] epoch=5 train_batch=18000/15625 loss=1019.479553
[rank 0] epoch=5 train_batch=20000/15625 loss=1234.176636
[rank 0] epoch=5 train_batch=22000/15625 loss=904.752502
[rank 0] epoch=5 train_batch=24000/15625 loss=902.079163
[rank 0] epoch=5 train_batch=26000/15625 loss=933.532043
[rank 0] epoch=5 train_batch=28000/15625 loss=1063.926636
[rank 0] epoch=5 train_batch=30000/15625 loss=959.503906
[rank 0] epoch=5 train_batch=32000/15625 loss=1249.689453
[rank 0] epoch=5 train_batch=34000/15625 loss=814.460815
[rank 0] epoch=5 train_batch=36000/15625 loss=1078.812134
[rank 0] epoch=5 train_batch=38000/15625 loss=1080.849365
[rank 0] epoch=5 train_batch=40000/15625 loss=900.800659
[rank 0] epoch=5 train_batch=42000/15625 loss=1103.667847
[rank 0] epoch=5 train_batch=44000/15625 loss=1172.354126
[rank 0] epoch=5 train_batch=46000/15625 loss=1280.308716
[rank 0] epoch=5 train_batch=48000/15625 loss=916.650269
[rank 0] epoch=5 train_batch=50000/15625 loss=838.201599
[rank 0] epoch=5 train_batch=52000/15625 loss=1095.894897
[rank 0] epoch=5 train_batch=54000/15625 loss=1013.653198
[rank 0] epoch=5 train_batch=56000/15625 loss=806.198425
[rank 0] epoch=5 train_batch=58000/15625 loss=1273.733032
[rank 0] epoch=5 train_batch=60000/15625 loss=903.653442
[rank 0] epoch=5 train_batch=62000/15625 loss=1088.896484
Training epoch 5
[3.31661133e+01 3.31624771e+01 5.28862968e+02 7.99125114e+01
 1.59996239e+02 3.37265045e+00 3.75138537e+02 4.67905004e+01
 1.01541144e+03 8.96787806e-03 9.79611210e+01 9.79736431e+01
 1.10311786e+03 1.13018149e+02 1.13085550e+02 1.13104023e+02
 1.10022120e+03 9.75916289e+01 1.38385236e+03 7.08283552e+01
 8.10007931e+01 9.77782323e+01 1.40302057e+02 1.02129995e-01
 4.49253518e+02 4.67649396e+01 9.96213462e+02 5.56779248e-03
 9.76546877e+01 9.77542279e+01 1.04419250e+03 1.10115917e+02
 1.12674679e+02 1.12712254e+02 1.02227143e+03 9.29914221e+01
 1.17216830e+03 6.03114779e+01 7.26692570e+01 7.83012655e+01
 1.23167184e+02 1.76621163e-02 3.15420811e+02 3.22166410e+01
 4.37853471e+02 5.22441776e-04 8.47393305e+01 8.71607667e+01
 5.07092284e+02 6.23961975e+01 9.62992952e+01 9.68910528e+01
 5.27240038e+02 5.47479166e+01 5.03937664e+02 2.59435853e+01
 2.94649573e+01 7.74853309e+00 2.35369969e+01 5.49408152e-05
 1.96268628e+01 6.84143128e-02 3.95968139e+01 1.05596002e-07
 1.69969493e+01 1.33498585e+01 6.53169917e+01 4.81452188e+00
 2.31523567e+01 2.53229069e+01 8.27303191e+01 1.03165364e+01
 1.79757041e+02 8.65184573e+00 1.52112353e+01 1.18771416e+01
 2.36532334e+02 5.45644078e+00 4.42232962e+01 3.81213882e+01
 1.56776856e+02 1.33594394e+01 4.75767461e+01 2.54850596e+01
 1.30739268e+02 8.59530881e+00 4.85427870e+01 2.11026261e+01
 1.15601724e+02 6.51184690e+00 4.07997930e+01 2.35610871e+01
 1.26495290e+02 8.43445663e+00 1.07742560e+02 1.04103084e+01
 4.73684271e+01 8.17912903e+00]
train  L_V                   = +0.7294 (0.1%)
 train    L_V_attractive      = +0.1373 (0.0%)
 train      L_V_attractive_charged      = +0.0717 (0.0%)
 train      L_V_attractive_neutral      = +0.0656 (0.0%)
 train    L_V_repulsive       = +0.5921 (0.1%)
 train      L_V_repulsive_charged       = +0.2887 (0.0%)
 train      L_V_repulsive_neutral       = +0.3034 (0.0%)
 train    L_charged_cluster   = +0.0000 (0.0%)
 train  L_beta              = +1.2376 (0.1%)
 train    L_beta_noise        = +0.0000 (0.0%)
 train    L_beta_sig          = +0.3108 (0.0%)
 train    L_beta_suppress     = +0.0000 (0.0%)
 train    L_beta_track        = +0.9268 (0.1%)
 train      L_beta_norms_term   = -0.0326 (-0.0%)
 train      L_beta_logbeta_term = +0.3434 (0.0%)
 train  L_E   = +1092.7019 (99.8%)
 train    L_E_charge = +0.0000 (0.0%)
 train    L_E_cond = +1092.1526 (99.8%)
 train    L_E_cluster = +0.5485 (0.1%)
 train    L_E_w_photon   = +0.0000 (0.0%)
 train    L_E_w_charged_hadron   = +0.0000 (0.0%)
 train    L_E_w_neutral_hadron   = +0.0000 (0.0%)
 train    L_E_w_muon     = +0.0000 (0.0%)
 train    L_E_w_electron = +0.0000 (0.0%)
learning rate :  [0.00039890465297888624, 0.00039563061276672447, 0.000390213750433216, 0.00038271341425563806, 0.0003732117794866986, 0.00036181294802527074]
train loss :  1095.6688232421875
[rank 0] epoch=5 valid_batch=2000/744
test   L_V                   = +26195.1465 (0.0%)
    L_V_attractive      = +26193.3770 (0.0%)
      L_V_attractive_charged      = +21477.7012 (0.0%)
      L_V_attractive_neutral      = +4715.6738 (0.0%)
    L_V_repulsive       = +2.2324 (0.0%)
      L_V_repulsive_charged       = +1.0679 (0.0%)
      L_V_repulsive_neutral       = +1.1644 (0.0%)
    L_charged_cluster   = +0.0000 (0.0%)
  L_beta              = +1.1608 (0.0%)
    L_beta_noise        = +0.0000 (0.0%)
    L_beta_sig          = +0.2473 (0.0%)
    L_beta_suppress     = +0.0000 (0.0%)
    L_beta_track        = +0.9134 (0.0%)
      L_beta_norms_term   = -0.0556 (-0.0%)
      L_beta_logbeta_term = +0.3029 (0.0%)
  L_E   = +223428594368512.0000 (100.0%)
    L_E_charge = +0.0000 (0.0%)
    L_E_cond = +223428594368512.0000 (100.0%)
    L_E_cluster = +0.5791 (0.0%)
    L_E_w_photon   = +0.0000 (0.0%)
    L_E_w_charged_hadron   = +0.0000 (0.0%)
    L_E_w_neutral_hadron   = +0.0000 (0.0%)
    L_E_w_muon     = +0.0000 (0.0%)
    L_E_w_electron = +0.0000 (0.0%)
Returning 223428594368512.0
[rank 0] epoch=6 train_batch=2000/15625 loss=913.203308
[rank 0] epoch=6 train_batch=4000/15625 loss=760.151917
[rank 0] epoch=6 train_batch=6000/15625 loss=1014.840149
[rank 0] epoch=6 train_batch=8000/15625 loss=1074.337158
[rank 0] epoch=6 train_batch=10000/15625 loss=1005.912476
[rank 0] epoch=6 train_batch=12000/15625 loss=1150.410767
[rank 0] epoch=6 train_batch=14000/15625 loss=826.171143
[rank 0] epoch=6 train_batch=16000/15625 loss=1180.897705
[rank 0] epoch=6 train_batch=18000/15625 loss=1193.858521
[rank 0] epoch=6 train_batch=20000/15625 loss=1104.448242
[rank 0] epoch=6 train_batch=22000/15625 loss=1142.216064
[rank 0] epoch=6 train_batch=24000/15625 loss=943.387085
[rank 0] epoch=6 train_batch=26000/15625 loss=919.381653
[rank 0] epoch=6 train_batch=28000/15625 loss=1311.824463
[rank 0] epoch=6 train_batch=30000/15625 loss=1036.794678
[rank 0] epoch=6 train_batch=32000/15625 loss=980.669250
[rank 0] epoch=6 train_batch=34000/15625 loss=1115.863647
[rank 0] epoch=6 train_batch=36000/15625 loss=1003.472168
[rank 0] epoch=6 train_batch=38000/15625 loss=914.501465
[rank 0] epoch=6 train_batch=40000/15625 loss=1195.087036
[rank 0] epoch=6 train_batch=42000/15625 loss=1245.140747
[rank 0] epoch=6 train_batch=44000/15625 loss=942.833069
[rank 0] epoch=6 train_batch=46000/15625 loss=1497.868408
[rank 0] epoch=6 train_batch=48000/15625 loss=1062.963867
[rank 0] epoch=6 train_batch=50000/15625 loss=1097.691284
[rank 0] epoch=6 train_batch=52000/15625 loss=1247.631226
[rank 0] epoch=6 train_batch=54000/15625 loss=1132.059448
[rank 0] epoch=6 train_batch=56000/15625 loss=1036.051147
[rank 0] epoch=6 train_batch=58000/15625 loss=1264.457520
[rank 0] epoch=6 train_batch=60000/15625 loss=1033.461914
[rank 0] epoch=6 train_batch=62000/15625 loss=1211.102051
Training epoch 6
[3.31662012e+01 3.31638461e+01 5.29188211e+02 7.99462074e+01
 1.59998104e+02 5.80184785e+00 3.75160349e+02 4.68118497e+01
 1.01663313e+03 7.02750234e-03 9.79718438e+01 9.79768162e+01
 1.10603211e+03 1.13082953e+02 1.13116968e+02 1.13121873e+02
 1.10568502e+03 9.78558920e+01 1.48550298e+03 7.59930908e+01
 8.98507213e+01 9.78175415e+01 1.53703501e+02 1.27059552e-01
 4.52669721e+02 4.67720325e+01 1.03541066e+03 2.97581420e-03
 9.77436607e+01 9.78773805e+01 1.02748297e+03 1.10983118e+02
 1.12757614e+02 1.12831841e+02 1.02182417e+03 9.33817127e+01
 1.28770835e+03 6.63973481e+01 8.40207451e+01 8.84035991e+01
 1.37294439e+02 1.59945231e-02 3.74870823e+02 3.87610036e+01
 5.22109348e+02 4.54826455e-04 9.02485872e+01 9.19680201e+01
 5.95970054e+02 7.21318317e+01 1.03428738e+02 1.05062348e+02
 6.41111947e+02 6.80011795e+01 6.17332448e+02 3.19301501e+01
 3.55605684e+01 6.82051475e+00 3.23794477e+01 6.51145945e-05
 2.29979193e+01 8.63402571e-02 4.82150870e+01 1.51918887e-07
 2.22524061e+01 1.74539258e+01 7.78157279e+01 6.21249207e+00
 2.79157015e+01 3.14440036e+01 9.09178936e+01 1.21506035e+01
 1.98343534e+02 9.34380577e+00 1.64709029e+01 1.08286690e+01
 2.25312508e+02 4.82604703e+00 4.14007939e+01 3.39525363e+01
 1.37787654e+02 1.11805515e+01 4.52903708e+01 2.43855164e+01
 1.21308308e+02 7.45001376e+00 4.66803372e+01 1.82737880e+01
 1.18060407e+02 5.47054365e+00 4.43477587e+01 3.64198932e+01
 1.42458563e+02 1.23759652e+01 1.04765896e+02 1.54214833e+01
 4.77510545e+01 8.38085423e+00]
train  L_V                   = +0.6152 (0.1%)
 train    L_V_attractive      = +0.1441 (0.0%)
 train      L_V_attractive_charged      = +0.0735 (0.0%)
 train      L_V_attractive_neutral      = +0.0707 (0.0%)
 train    L_V_repulsive       = +0.4711 (0.0%)
 train      L_V_repulsive_charged       = +0.2344 (0.0%)
 train      L_V_repulsive_neutral       = +0.2366 (0.0%)
 train    L_charged_cluster   = +0.0000 (0.0%)
 train  L_beta              = +1.2130 (0.1%)
 train    L_beta_noise        = +0.0000 (0.0%)
 train    L_beta_sig          = +0.2950 (0.0%)
 train    L_beta_suppress     = +0.0000 (0.0%)
 train    L_beta_track        = +0.9180 (0.1%)
 train      L_beta_norms_term   = -0.0273 (-0.0%)
 train      L_beta_logbeta_term = +0.3222 (0.0%)
 train  L_E   = +1113.7708 (99.8%)
 train    L_E_charge = +0.0000 (0.0%)
 train    L_E_cond = +1113.2219 (99.8%)
 train    L_E_cluster = +0.5466 (0.0%)
 train    L_E_w_photon   = +0.0000 (0.0%)
 train    L_E_w_charged_hadron   = +0.0000 (0.0%)
 train    L_E_w_neutral_hadron   = +0.0000 (0.0%)
 train    L_E_w_muon     = +0.0000 (0.0%)
 train    L_E_w_electron = +0.0000 (0.0%)
learning rate :  [0.00039890465297888624, 0.00039563061276672447, 0.000390213750433216, 0.00038271341425563806, 0.0003732117794866986, 0.00036181294802527074, 0.000348641807854205]
train loss :  1116.598876953125
[rank 0] epoch=6 valid_batch=2000/744
test   L_V                   = +2074243.8750 (0.0%)
    L_V_attractive      = +2074243.8750 (0.0%)
      L_V_attractive_charged      = +1479843.6250 (0.0%)
      L_V_attractive_neutral      = +594399.7500 (0.0%)
    L_V_repulsive       = +0.4391 (0.0%)
      L_V_repulsive_charged       = +0.2238 (0.0%)
      L_V_repulsive_neutral       = +0.2153 (0.0%)
    L_charged_cluster   = +0.0000 (0.0%)
  L_beta              = +1.1940 (0.0%)
    L_beta_noise        = +0.0000 (0.0%)
    L_beta_sig          = +0.2749 (0.0%)
    L_beta_suppress     = +0.0000 (0.0%)
    L_beta_track        = +0.9192 (0.0%)
      L_beta_norms_term   = -0.0274 (-0.0%)
      L_beta_logbeta_term = +0.3023 (0.0%)
  L_E   = +51025968889856.0000 (100.0%)
    L_E_charge = +0.0000 (0.0%)
    L_E_cond = +51025968889856.0000 (100.0%)
    L_E_cluster = +0.5450 (0.0%)
    L_E_w_photon   = +0.0000 (0.0%)
    L_E_w_charged_hadron   = +0.0000 (0.0%)
    L_E_w_neutral_hadron   = +0.0000 (0.0%)
    L_E_w_muon     = +0.0000 (0.0%)
    L_E_w_electron = +0.0000 (0.0%)
Returning 51025968889856.0
[rank 0] epoch=7 train_batch=2000/15625 loss=1005.475586
[rank 0] epoch=7 train_batch=4000/15625 loss=1307.147583
[rank 0] epoch=7 train_batch=6000/15625 loss=1207.477539
[rank 0] epoch=7 train_batch=8000/15625 loss=852.422241
[rank 0] epoch=7 train_batch=10000/15625 loss=1013.793579
[rank 0] epoch=7 train_batch=12000/15625 loss=1004.476807
[rank 0] epoch=7 train_batch=14000/15625 loss=966.482605
[rank 0] epoch=7 train_batch=16000/15625 loss=708.081909
[rank 0] epoch=7 train_batch=18000/15625 loss=1235.049927
[rank 0] epoch=7 train_batch=20000/15625 loss=918.498962
[rank 0] epoch=7 train_batch=22000/15625 loss=1109.512085
[rank 0] epoch=7 train_batch=24000/15625 loss=811.472107
[rank 0] epoch=7 train_batch=26000/15625 loss=1042.003662
[rank 0] epoch=7 train_batch=28000/15625 loss=887.660156
[rank 0] epoch=7 train_batch=30000/15625 loss=843.289917
[rank 0] epoch=7 train_batch=32000/15625 loss=1230.216553
[rank 0] epoch=7 train_batch=34000/15625 loss=849.386780
[rank 0] epoch=7 train_batch=36000/15625 loss=1028.257324
[rank 0] epoch=7 train_batch=38000/15625 loss=1176.287109
[rank 0] epoch=7 train_batch=40000/15625 loss=917.231079
[rank 0] epoch=7 train_batch=42000/15625 loss=911.839355
[rank 0] epoch=7 train_batch=44000/15625 loss=845.304688
[rank 0] epoch=7 train_batch=46000/15625 loss=783.969666
[rank 0] epoch=7 train_batch=48000/15625 loss=893.752258
[rank 0] epoch=7 train_batch=50000/15625 loss=1034.429199
[rank 0] epoch=7 train_batch=52000/15625 loss=829.255005
[rank 0] epoch=7 train_batch=54000/15625 loss=899.410461
[rank 0] epoch=7 train_batch=56000/15625 loss=670.619141
[rank 0] epoch=7 train_batch=58000/15625 loss=856.901123
[rank 0] epoch=7 train_batch=60000/15625 loss=887.480652
[rank 0] epoch=7 train_batch=62000/15625 loss=791.338623
Training epoch 7
[3.31660941e+01 3.31562881e+01 5.26075268e+02 7.97621081e+01
 1.59989452e+02 3.28035998e+00 3.74997536e+02 4.65654065e+01
 1.01189432e+03 2.93873890e-03 9.79633390e+01 9.79712851e+01
 1.10114467e+03 1.12968000e+02 1.13087317e+02 1.13098281e+02
 1.10123937e+03 9.76482759e+01 1.52562056e+03 7.82279218e+01
 9.26531869e+01 9.72952594e+01 1.58242183e+02 6.00379470e-02
 4.44540848e+02 4.61762780e+01 9.30715010e+02 1.43785620e-03
 9.73400328e+01 9.76516379e+01 9.43099814e+02 1.05911158e+02
 1.12151325e+02 1.12350779e+02 9.26738010e+02 8.69685432e+01
 1.14689965e+03 5.90090310e+01 7.86730643e+01 8.14291565e+01
 1.19156848e+02 5.57476573e-03 3.37502855e+02 3.31997395e+01
 3.99852406e+02 3.21388792e-04 8.42533005e+01 8.61487429e+01
 4.55892975e+02 5.58431541e+01 9.39504498e+01 9.64277951e+01
 4.64687564e+02 5.03676497e+01 4.84657159e+02 2.49211992e+01
 3.28697797e+01 7.81612923e+00 1.95187483e+01 5.71013065e-05
 1.66061676e+01 6.81922177e-02 3.91063583e+01 1.51975007e-07
 1.85065872e+01 1.53124067e+01 6.57683993e+01 5.22374008e+00
 2.39836762e+01 2.59684544e+01 7.14284918e+01 9.91175230e+00
 1.70013373e+02 8.24358806e+00 1.77336378e+01 1.29092036e+01
 2.65611503e+02 5.65756854e+00 4.78040664e+01 4.30041403e+01
 1.59109148e+02 1.36397305e+01 5.08219478e+01 3.44124856e+01
 1.40537290e+02 9.91469332e+00 4.87795016e+01 2.34282156e+01
 1.34529751e+02 6.91752298e+00 5.66393408e+01 5.40345441e+01
 1.75516702e+02 1.78345568e+01 1.15530179e+02 1.99624183e+01
 5.17388984e+01 8.43439781e+00]
train  L_V                   = +0.7410 (0.1%)
 train    L_V_attractive      = +0.1657 (0.0%)
 train      L_V_attractive_charged      = +0.0972 (0.0%)
 train      L_V_attractive_neutral      = +0.0685 (0.0%)
 train    L_V_repulsive       = +0.5753 (0.1%)
 train      L_V_repulsive_charged       = +0.2835 (0.0%)
 train      L_V_repulsive_neutral       = +0.2918 (0.0%)
 train    L_charged_cluster   = +0.0000 (0.0%)
 train  L_beta              = +1.2202 (0.1%)
 train    L_beta_noise        = +0.0000 (0.0%)
 train    L_beta_sig          = +0.3064 (0.0%)
 train    L_beta_suppress     = +0.0000 (0.0%)
 train    L_beta_track        = +0.9138 (0.1%)
 train      L_beta_norms_term   = -0.0300 (-0.0%)
 train      L_beta_logbeta_term = +0.3365 (0.0%)
 train  L_E   = +970.6814 (99.8%)
 train    L_E_charge = +0.0000 (0.0%)
 train    L_E_cond = +970.1326 (99.7%)
 train    L_E_cluster = +0.5500 (0.1%)
 train    L_E_w_photon   = +0.0000 (0.0%)
 train    L_E_w_charged_hadron   = +0.0000 (0.0%)
 train    L_E_w_neutral_hadron   = +0.0000 (0.0%)
 train    L_E_w_muon     = +0.0000 (0.0%)
 train    L_E_w_electron = +0.0000 (0.0%)
learning rate :  [0.00039890465297888624, 0.00039563061276672447, 0.000390213750433216, 0.00038271341425563806, 0.0003732117794866986, 0.00036181294802527074, 0.000348641807854205, 0.0003338426647414537]
train loss :  973.642578125
[rank 0] epoch=7 valid_batch=2000/744
test   L_V                   = +0.9845 (0.1%)
    L_V_attractive      = +0.1660 (0.0%)
      L_V_attractive_charged      = +0.1136 (0.0%)
      L_V_attractive_neutral      = +0.0524 (0.0%)
    L_V_repulsive       = +0.8185 (0.1%)
      L_V_repulsive_charged       = +0.3962 (0.0%)
      L_V_repulsive_neutral       = +0.4223 (0.0%)
    L_charged_cluster   = +0.0000 (0.0%)
  L_beta              = +1.1984 (0.1%)
    L_beta_noise        = +0.0000 (0.0%)
    L_beta_sig          = +0.2853 (0.0%)
    L_beta_suppress     = +0.0000 (0.0%)
    L_beta_track        = +0.9131 (0.1%)
      L_beta_norms_term   = -0.0396 (-0.0%)
      L_beta_logbeta_term = +0.3249 (0.0%)
  L_E   = +1223.7538 (99.8%)
    L_E_charge = +0.0000 (0.0%)
    L_E_cond = +1223.2131 (99.8%)
    L_E_cluster = +0.5407 (0.0%)
    L_E_w_photon   = +0.0000 (0.0%)
    L_E_w_charged_hadron   = +0.0000 (0.0%)
    L_E_w_neutral_hadron   = +0.0000 (0.0%)
    L_E_w_muon     = +0.0000 (0.0%)
    L_E_w_electron = +0.0000 (0.0%)
Returning 1226.9366455078125
[rank 0] epoch=8 train_batch=2000/15625 loss=665.119751
[rank 0] epoch=8 train_batch=4000/15625 loss=878.357117
[rank 0] epoch=8 train_batch=6000/15625 loss=809.593994
[rank 0] epoch=8 train_batch=8000/15625 loss=779.212158
[rank 0] epoch=8 train_batch=10000/15625 loss=976.503174
[rank 0] epoch=8 train_batch=12000/15625 loss=785.274780
[rank 0] epoch=8 train_batch=14000/15625 loss=617.887878
[rank 0] epoch=8 train_batch=16000/15625 loss=666.716614
[rank 0] epoch=8 train_batch=18000/15625 loss=789.959045
[rank 0] epoch=8 train_batch=20000/15625 loss=894.347290
[rank 0] epoch=8 train_batch=22000/15625 loss=742.426025
[rank 0] epoch=8 train_batch=24000/15625 loss=677.223877
[rank 0] epoch=8 train_batch=26000/15625 loss=979.222290
[rank 0] epoch=8 train_batch=28000/15625 loss=741.743103
[rank 0] epoch=8 train_batch=30000/15625 loss=979.183594
[rank 0] epoch=8 train_batch=32000/15625 loss=916.992126
[rank 0] epoch=8 train_batch=34000/15625 loss=708.997986
[rank 0] epoch=8 train_batch=36000/15625 loss=899.406494
[rank 0] epoch=8 train_batch=38000/15625 loss=614.908203
[rank 0] epoch=8 train_batch=40000/15625 loss=747.624451
[rank 0] epoch=8 train_batch=42000/15625 loss=725.722961
[rank 0] epoch=8 train_batch=44000/15625 loss=744.374634
[rank 0] epoch=8 train_batch=46000/15625 loss=979.931335
[rank 0] epoch=8 train_batch=48000/15625 loss=695.075806
[rank 0] epoch=8 train_batch=50000/15625 loss=910.798767
[rank 0] epoch=8 train_batch=52000/15625 loss=730.887817
[rank 0] epoch=8 train_batch=54000/15625 loss=609.611450
[rank 0] epoch=8 train_batch=56000/15625 loss=884.059692
[rank 0] epoch=8 train_batch=58000/15625 loss=562.854065
[rank 0] epoch=8 train_batch=60000/15625 loss=455.212036
[rank 0] epoch=8 train_batch=62000/15625 loss=562.820679
Training epoch 8
[3.31662261e+01 3.31582502e+01 5.27733661e+02 7.98506135e+01
 1.59995987e+02 5.03952472e+00 3.75059664e+02 4.66455320e+01
 1.01438165e+03 3.98369476e-03 9.79716711e+01 9.79750725e+01
 1.10486867e+03 1.13042666e+02 1.13112625e+02 1.13117866e+02
 1.10504280e+03 9.78216223e+01 1.55567772e+03 7.96066644e+01
 9.09353127e+01 9.77190482e+01 1.59171882e+02 7.83607284e-02
 4.48995010e+02 4.65266677e+01 9.71747500e+02 1.16667493e-03
 9.76214882e+01 9.78323690e+01 1.01015474e+03 1.10113062e+02
 1.12634490e+02 1.12749179e+02 9.78082440e+02 9.14289304e+01
 1.27379072e+03 6.57561443e+01 8.13123075e+01 8.15749158e+01
 1.32500506e+02 7.53347627e-03 3.46739619e+02 3.26012462e+01
 3.95688890e+02 2.05851994e-04 8.67542983e+01 8.79126637e+01
 4.80881963e+02 5.88280387e+01 9.77472550e+01 9.94122942e+01
 4.92799941e+02 5.29708453e+01 5.37467287e+02 2.79652901e+01
 3.65372947e+01 8.45587994e+00 2.18333380e+01 6.96493791e-05
 1.39610954e+01 7.39561633e-02 4.26608200e+01 1.55630237e-07
 2.03163411e+01 1.57718270e+01 6.81698173e+01 5.34946197e+00
 2.55118666e+01 2.85595805e+01 6.99389376e+01 1.02826962e+01
 1.67542128e+02 7.98283158e+00 1.84447994e+01 1.33498114e+01
 2.99627348e+02 5.88621559e+00 5.49018850e+01 4.85253900e+01
 1.83885816e+02 1.48607330e+01 5.71060466e+01 3.85450219e+01
 1.60038431e+02 1.05615514e+01 5.48102952e+01 2.93677953e+01
 1.45666676e+02 7.77357844e+00 6.16867541e+01 6.37288597e+01
 1.89121248e+02 1.91028178e+01 1.24756775e+02 2.02570114e+01
 5.43136288e+01 8.63384640e+00]
train  L_V                   = +0.6638 (0.1%)
 train    L_V_attractive      = +0.1989 (0.0%)
 train      L_V_attractive_charged      = +0.1284 (0.0%)
 train      L_V_attractive_neutral      = +0.0705 (0.0%)
 train    L_V_repulsive       = +0.4649 (0.1%)
 train      L_V_repulsive_charged       = +0.2350 (0.0%)
 train      L_V_repulsive_neutral       = +0.2298 (0.0%)
 train    L_charged_cluster   = +0.0000 (0.0%)
 train  L_beta              = +1.1955 (0.1%)
 train    L_beta_noise        = +0.0000 (0.0%)
 train    L_beta_sig          = +0.2956 (0.0%)
 train    L_beta_suppress     = +0.0000 (0.0%)
 train    L_beta_track        = +0.9000 (0.1%)
 train      L_beta_norms_term   = -0.0257 (-0.0%)
 train      L_beta_logbeta_term = +0.3213 (0.0%)
 train  L_E   = +804.5454 (99.8%)
 train    L_E_charge = +0.0000 (0.0%)
 train    L_E_cond = +803.9990 (99.7%)
 train    L_E_cluster = +0.5424 (0.1%)
 train    L_E_w_photon   = +0.0000 (0.0%)
 train    L_E_w_charged_hadron   = +0.0000 (0.0%)
 train    L_E_w_neutral_hadron   = +0.0000 (0.0%)
 train    L_E_w_muon     = +0.0000 (0.0%)
 train    L_E_w_electron = +0.0000 (0.0%)
learning rate :  [0.00039890465297888624, 0.00039563061276672447, 0.000390213750433216, 0.00038271341425563806, 0.0003732117794866986, 0.00036181294802527074, 0.000348641807854205, 0.0003338426647414537, 0.00031757766119588004]
train loss :  807.4047241210938
[rank 0] epoch=8 valid_batch=2000/744
test   L_V                   = +25151.1113 (0.0%)
    L_V_attractive      = +25149.9941 (0.0%)
      L_V_attractive_charged      = +6322.7734 (0.0%)
      L_V_attractive_neutral      = +18827.2246 (0.0%)
    L_V_repulsive       = +1.3529 (0.0%)
      L_V_repulsive_charged       = +0.7483 (0.0%)
      L_V_repulsive_neutral       = +0.6046 (0.0%)
    L_charged_cluster   = +0.0000 (0.0%)
  L_beta              = +1.1825 (0.0%)
    L_beta_noise        = +0.0000 (0.0%)
    L_beta_sig          = +0.2880 (0.0%)
    L_beta_suppress     = +0.0000 (0.0%)
    L_beta_track        = +0.8944 (0.0%)
      L_beta_norms_term   = -0.0256 (-0.0%)
      L_beta_logbeta_term = +0.3136 (0.0%)
  L_E   = +3334465912832.0000 (100.0%)
    L_E_charge = +0.0000 (0.0%)
    L_E_cond = +3334465912832.0000 (100.0%)
    L_E_cluster = +0.5868 (0.0%)
    L_E_w_photon   = +0.0000 (0.0%)
    L_E_w_charged_hadron   = +0.0000 (0.0%)
    L_E_w_neutral_hadron   = +0.0000 (0.0%)
    L_E_w_muon     = +0.0000 (0.0%)
    L_E_w_electron = +0.0000 (0.0%)
Returning 3334465912832.0
[rank 0] epoch=9 train_batch=2000/15625 loss=682.801819
[rank 0] epoch=9 train_batch=4000/15625 loss=785.795715
[rank 0] epoch=9 train_batch=6000/15625 loss=758.709351
[rank 0] epoch=9 train_batch=8000/15625 loss=743.193481
[rank 0] epoch=9 train_batch=10000/15625 loss=839.000305
[rank 0] epoch=9 train_batch=12000/15625 loss=851.531921
[rank 0] epoch=9 train_batch=14000/15625 loss=516.402039
[rank 0] epoch=9 train_batch=16000/15625 loss=751.945679
[rank 0] epoch=9 train_batch=18000/15625 loss=665.443787
[rank 0] epoch=9 train_batch=20000/15625 loss=1009.801941
[rank 0] epoch=9 train_batch=22000/15625 loss=526.170776
[rank 0] epoch=9 train_batch=24000/15625 loss=501.033295
[rank 0] epoch=9 train_batch=26000/15625 loss=520.786743
[rank 0] epoch=9 train_batch=28000/15625 loss=658.242310
[rank 0] epoch=9 train_batch=30000/15625 loss=520.203552
[rank 0] epoch=9 train_batch=32000/15625 loss=679.034790
[rank 0] epoch=9 train_batch=34000/15625 loss=712.485901
[rank 0] epoch=9 train_batch=36000/15625 loss=1165.226562
[rank 0] epoch=9 train_batch=38000/15625 loss=699.180237
[rank 0] epoch=9 train_batch=40000/15625 loss=879.504883
[rank 0] epoch=9 train_batch=42000/15625 loss=795.097656
[rank 0] epoch=9 train_batch=44000/15625 loss=1022.489380
[rank 0] epoch=9 train_batch=46000/15625 loss=740.718628
[rank 0] epoch=9 train_batch=48000/15625 loss=995.137512
[rank 0] epoch=9 train_batch=50000/15625 loss=843.436707
[rank 0] epoch=9 train_batch=52000/15625 loss=676.702515
[rank 0] epoch=9 train_batch=54000/15625 loss=809.949585
[rank 0] epoch=9 train_batch=56000/15625 loss=820.668762
[rank 0] epoch=9 train_batch=58000/15625 loss=676.974731
[rank 0] epoch=9 train_batch=60000/15625 loss=753.369995
[rank 0] epoch=9 train_batch=62000/15625 loss=666.940247
Training epoch 9
[3.31662224e+01 3.31621467e+01 5.29031465e+02 7.98712612e+01
 1.59998480e+02 8.42074684e+00 3.75035281e+02 4.65255670e+01
 1.01509419e+03 5.12101561e-03 9.79772457e+01 9.79780215e+01
 1.10670010e+03 1.13074737e+02 1.13074637e+02 1.13130587e+02
 1.10666284e+03 9.79186012e+01 1.25191655e+03 6.40545969e+01
 6.67830365e+01 9.78762180e+01 1.28145354e+02 1.57445331e-01
 4.45836721e+02 4.67183290e+01 8.69902044e+02 7.56420688e-03
 9.77793324e+01 9.78816521e+01 1.02507907e+03 1.10265648e+02
 1.12807461e+02 1.12923197e+02 1.01223685e+03 9.35783096e+01
 1.20756313e+03 6.24237355e+01 7.11503172e+01 8.90948709e+01
 1.26152516e+02 1.26777784e-02 3.45443156e+02 3.88447642e+01
 4.15961979e+02 2.40402257e-04 8.89952394e+01 9.08181665e+01
 5.07086949e+02 6.32855271e+01 9.97774536e+01 1.01561407e+02
 5.02917025e+02 5.63882788e+01 5.24335262e+02 2.74146411e+01
 4.05936881e+01 1.95261274e+01 2.10293966e+01 6.43396079e-05
 2.58520395e+01 1.38142275e-01 5.34259374e+01 2.68621101e-07
 2.70899611e+01 2.16884818e+01 8.69366430e+01 7.40737483e+00
 3.46206679e+01 3.84835623e+01 8.64020394e+01 1.38648091e+01
 1.73181302e+02 8.04677392e+00 1.83218827e+01 3.37347386e+01
 3.83034862e+02 1.19515345e+01 6.60965056e+01 6.07762872e+01
 2.58946616e+02 1.78753811e+01 7.10807153e+01 5.34899031e+01
 2.08398386e+02 1.37420614e+01 5.81836381e+01 2.36686669e+01
 1.73511246e+02 6.10201700e+00 7.25337563e+01 7.09570384e+01
 2.32366950e+02 2.17326642e+01 1.51851758e+02 2.17315075e+01
 5.97459841e+01 9.31743679e+00]
train  L_V                   = +0.4714 (0.1%)
 train    L_V_attractive      = +0.1887 (0.0%)
 train      L_V_attractive_charged      = +0.1235 (0.0%)
 train      L_V_attractive_neutral      = +0.0652 (0.0%)
 train    L_V_repulsive       = +0.2828 (0.0%)
 train      L_V_repulsive_charged       = +0.1600 (0.0%)
 train      L_V_repulsive_neutral       = +0.1227 (0.0%)
 train    L_charged_cluster   = +0.0000 (0.0%)
 train  L_beta              = +1.1495 (0.1%)
 train    L_beta_noise        = +0.0000 (0.0%)
 train    L_beta_sig          = +0.2659 (0.0%)
 train    L_beta_suppress     = +0.0000 (0.0%)
 train    L_beta_track        = +0.8836 (0.1%)
 train      L_beta_norms_term   = -0.0210 (-0.0%)
 train      L_beta_logbeta_term = +0.2869 (0.0%)
 train  L_E   = +782.5286 (99.8%)
 train    L_E_charge = +0.0000 (0.0%)
 train    L_E_cond = +781.9983 (99.7%)
 train    L_E_cluster = +0.5286 (0.1%)
 train    L_E_w_photon   = +0.0000 (0.0%)
 train    L_E_w_charged_hadron   = +0.0000 (0.0%)
 train    L_E_w_neutral_hadron   = +0.0000 (0.0%)
 train    L_E_w_muon     = +0.0000 (0.0%)
 train    L_E_w_electron = +0.0000 (0.0%)
learning rate :  [0.00039890465297888624, 0.00039563061276672447, 0.000390213750433216, 0.00038271341425563806, 0.0003732117794866986, 0.00036181294802527074, 0.000348641807854205, 0.0003338426647414537, 0.00031757766119588004, 0.00030002500000000004]
train loss :  785.1494750976562
[rank 0] epoch=9 valid_batch=2000/744
test   L_V                   = +101729.6953 (0.0%)
    L_V_attractive      = +101728.6328 (0.0%)
      L_V_attractive_charged      = +38194.0273 (0.0%)
      L_V_attractive_neutral      = +63534.5312 (0.0%)
    L_V_repulsive       = +1.2086 (0.0%)
      L_V_repulsive_charged       = +0.4658 (0.0%)
      L_V_repulsive_neutral       = +0.7428 (0.0%)
    L_charged_cluster   = +0.0000 (0.0%)
  L_beta              = +1.1228 (0.0%)
    L_beta_noise        = +0.0000 (0.0%)
    L_beta_sig          = +0.2520 (0.0%)
    L_beta_suppress     = +0.0000 (0.0%)
    L_beta_track        = +0.8707 (0.0%)
      L_beta_norms_term   = -0.0219 (-0.0%)
      L_beta_logbeta_term = +0.2739 (0.0%)
  L_E   = +1492404011008.0000 (100.0%)
    L_E_charge = +0.0000 (0.0%)
    L_E_cond = +1492404011008.0000 (100.0%)
    L_E_cluster = +0.6053 (0.0%)
    L_E_w_photon   = +0.0000 (0.0%)
    L_E_w_charged_hadron   = +0.0000 (0.0%)
    L_E_w_neutral_hadron   = +0.0000 (0.0%)
    L_E_w_muon     = +0.0000 (0.0%)
    L_E_w_electron = +0.0000 (0.0%)
Returning 1492404142080.0
[rank 0] epoch=10 train_batch=2000/15625 loss=649.844910
[rank 0] epoch=10 train_batch=4000/15625 loss=550.477783
[rank 0] epoch=10 train_batch=6000/15625 loss=690.969299
[rank 0] epoch=10 train_batch=8000/15625 loss=509.911743
[rank 0] epoch=10 train_batch=10000/15625 loss=596.529724
[rank 0] epoch=10 train_batch=12000/15625 loss=835.825745
[rank 0] epoch=10 train_batch=14000/15625 loss=491.941589
[rank 0] epoch=10 train_batch=16000/15625 loss=718.382263
[rank 0] epoch=10 train_batch=18000/15625 loss=717.589966
[rank 0] epoch=10 train_batch=20000/15625 loss=492.036407
[rank 0] epoch=10 train_batch=22000/15625 loss=629.171814
[rank 0] epoch=10 train_batch=24000/15625 loss=767.156677
[rank 0] epoch=10 train_batch=26000/15625 loss=529.542114
[rank 0] epoch=10 train_batch=28000/15625 loss=766.068420
[rank 0] epoch=10 train_batch=30000/15625 loss=688.372559
[rank 0] epoch=10 train_batch=32000/15625 loss=806.429138
[rank 0] epoch=10 train_batch=34000/15625 loss=607.920837
[rank 0] epoch=10 train_batch=36000/15625 loss=756.471191
[rank 0] epoch=10 train_batch=38000/15625 loss=769.585632
[rank 0] epoch=10 train_batch=40000/15625 loss=689.177917
[rank 0] epoch=10 train_batch=42000/15625 loss=567.710632
[rank 0] epoch=10 train_batch=44000/15625 loss=543.034607
[rank 0] epoch=10 train_batch=46000/15625 loss=649.243530
[rank 0] epoch=10 train_batch=48000/15625 loss=553.382202
[rank 0] epoch=10 train_batch=50000/15625 loss=562.018433
[rank 0] epoch=10 train_batch=52000/15625 loss=582.860840
[rank 0] epoch=10 train_batch=54000/15625 loss=497.958344
[rank 0] epoch=10 train_batch=56000/15625 loss=674.127991
[rank 0] epoch=10 train_batch=58000/15625 loss=588.590332
[rank 0] epoch=10 train_batch=60000/15625 loss=745.881897
[rank 0] epoch=10 train_batch=62000/15625 loss=567.239319
Training epoch 10
[3.31661798e+01 3.31540073e+01 5.27684801e+02 7.96782551e+01
 1.59997862e+02 7.19461707e+00 3.74828479e+02 4.60077944e+01
 1.01135401e+03 2.00938817e-03 9.79743532e+01 9.79761388e+01
 1.10503465e+03 1.13018229e+02 1.13043587e+02 1.13125941e+02
 1.10309131e+03 9.78415450e+01 1.15770965e+03 5.93116499e+01
 5.96144244e+01 9.77773342e+01 1.18646556e+02 1.11983338e-01
 4.32699824e+02 4.66252114e+01 8.20933607e+02 4.22388676e-03
 9.78055874e+01 9.78968541e+01 1.01190815e+03 1.09819459e+02
 1.12812443e+02 1.12910962e+02 9.87925566e+02 9.16960654e+01
 1.16539635e+03 6.05771317e+01 6.76212469e+01 8.82282638e+01
 1.21489437e+02 8.30291119e-03 3.41346624e+02 3.81508007e+01
 3.96557288e+02 1.30725958e-04 8.91754437e+01 9.06194730e+01
 4.87679862e+02 6.14539141e+01 9.96188209e+01 1.00672888e+02
 4.46816341e+02 5.00798651e+01 4.65562540e+02 2.46808276e+01
 3.50699417e+01 1.34648689e+01 1.81961940e+01 6.50869373e-05
 1.92874733e+01 1.26507579e-01 4.92672070e+01 2.57534686e-07
 2.56462452e+01 2.11954236e+01 8.28956854e+01 6.72386137e+00
 3.38003534e+01 3.59308373e+01 7.69804461e+01 1.27622309e+01
 1.61424592e+02 7.29278999e+00 1.50450484e+01 2.18712614e+01
 2.85921784e+02 8.99281165e+00 5.65936337e+01 4.31379329e+01
 1.93753848e+02 1.16302199e+01 6.03882423e+01 3.66873613e+01
 1.63124982e+02 9.64019381e+00 5.05519084e+01 1.70531528e+01
 1.45449680e+02 4.23126375e+00 7.28607983e+01 6.17969465e+01
 2.10190284e+02 1.86761626e+01 1.70577086e+02 2.06738952e+01
 6.86914302e+01 1.01825229e+01]
train  L_V                   = +0.4571 (0.1%)
 train    L_V_attractive      = +0.1950 (0.0%)
 train      L_V_attractive_charged      = +0.1359 (0.0%)
 train      L_V_attractive_neutral      = +0.0590 (0.0%)
 train    L_V_repulsive       = +0.2622 (0.0%)
 train      L_V_repulsive_charged       = +0.1520 (0.0%)
 train      L_V_repulsive_neutral       = +0.1101 (0.0%)
 train    L_charged_cluster   = +0.0000 (0.0%)
 train  L_beta              = +1.1210 (0.2%)
 train    L_beta_noise        = +0.0000 (0.0%)
 train    L_beta_sig          = +0.2543 (0.0%)
 train    L_beta_suppress     = +0.0000 (0.0%)
 train    L_beta_track        = +0.8667 (0.1%)
 train      L_beta_norms_term   = -0.0214 (-0.0%)
 train      L_beta_logbeta_term = +0.2758 (0.0%)
 train  L_E   = +672.8164 (99.8%)
 train    L_E_charge = +0.0000 (0.0%)
 train    L_E_cond = +672.2768 (99.7%)
 train    L_E_cluster = +0.5384 (0.1%)
 train    L_E_w_photon   = +0.0000 (0.0%)
 train    L_E_w_charged_hadron   = +0.0000 (0.0%)
 train    L_E_w_neutral_hadron   = +0.0000 (0.0%)
 train    L_E_w_muon     = +0.0000 (0.0%)
 train    L_E_w_electron = +0.0000 (0.0%)
learning rate :  [0.00039890465297888624, 0.00039563061276672447, 0.000390213750433216, 0.00038271341425563806, 0.0003732117794866986, 0.00036181294802527074, 0.000348641807854205, 0.0003338426647414537, 0.00031757766119588004, 0.00030002500000000004, 0.0002813769917830063]
train loss :  675.39453125
[rank 0] epoch=10 valid_batch=2000/744
test   L_V                   = +10180.1523 (0.0%)
    L_V_attractive      = +10179.8076 (0.0%)
      L_V_attractive_charged      = +250.9464 (0.0%)
      L_V_attractive_neutral      = +9928.9219 (0.0%)
    L_V_repulsive       = +0.4485 (0.0%)
      L_V_repulsive_charged       = +0.2599 (0.0%)
      L_V_repulsive_neutral       = +0.1886 (0.0%)
    L_charged_cluster   = +0.0000 (0.0%)
  L_beta              = +1.1014 (0.0%)
    L_beta_noise        = +0.0000 (0.0%)
    L_beta_sig          = +0.2341 (0.0%)
    L_beta_suppress     = +0.0000 (0.0%)
    L_beta_track        = +0.8673 (0.0%)
      L_beta_norms_term   = -0.0265 (-0.0%)
      L_beta_logbeta_term = +0.2606 (0.0%)
  L_E   = +364527943680.0000 (100.0%)
    L_E_charge = +0.0000 (0.0%)
    L_E_cond = +364527943680.0000 (100.0%)
    L_E_cluster = +0.6526 (0.0%)
    L_E_w_photon   = +0.0000 (0.0%)
    L_E_w_charged_hadron   = +0.0000 (0.0%)
    L_E_w_neutral_hadron   = +0.0000 (0.0%)
    L_E_w_muon     = +0.0000 (0.0%)
    L_E_w_electron = +0.0000 (0.0%)
Returning 364527943680.0
[rank 0] epoch=11 train_batch=2000/15625 loss=657.578064
[rank 0] epoch=11 train_batch=4000/15625 loss=653.052002
[rank 0] epoch=11 train_batch=6000/15625 loss=569.557129
[rank 0] epoch=11 train_batch=8000/15625 loss=587.221375
[rank 0] epoch=11 train_batch=10000/15625 loss=550.222290
[rank 0] epoch=11 train_batch=12000/15625 loss=553.965698
[rank 0] epoch=11 train_batch=14000/15625 loss=513.161194
[rank 0] epoch=11 train_batch=16000/15625 loss=736.800354
[rank 0] epoch=11 train_batch=18000/15625 loss=644.276367
[rank 0] epoch=11 train_batch=20000/15625 loss=589.993225
[rank 0] epoch=11 train_batch=22000/15625 loss=532.622375
[rank 0] epoch=11 train_batch=24000/15625 loss=597.924377
[rank 0] epoch=11 train_batch=26000/15625 loss=700.818115
[rank 0] epoch=11 train_batch=28000/15625 loss=618.903137
[rank 0] epoch=11 train_batch=30000/15625 loss=528.351318
[rank 0] epoch=11 train_batch=32000/15625 loss=912.083130
[rank 0] epoch=11 train_batch=34000/15625 loss=530.405701
[rank 0] epoch=11 train_batch=36000/15625 loss=687.226990
[rank 0] epoch=11 train_batch=38000/15625 loss=640.365784
[rank 0] epoch=11 train_batch=40000/15625 loss=626.646484
[rank 0] epoch=11 train_batch=42000/15625 loss=636.814941
[rank 0] epoch=11 train_batch=44000/15625 loss=475.863312
[rank 0] epoch=11 train_batch=46000/15625 loss=642.682739
[rank 0] epoch=11 train_batch=48000/15625 loss=605.492493
[rank 0] epoch=11 train_batch=50000/15625 loss=637.530762
[rank 0] epoch=11 train_batch=52000/15625 loss=781.752625
[rank 0] epoch=11 train_batch=54000/15625 loss=928.785400
[rank 0] epoch=11 train_batch=56000/15625 loss=636.370605
[rank 0] epoch=11 train_batch=58000/15625 loss=539.846680
[rank 0] epoch=11 train_batch=60000/15625 loss=670.352722
[rank 0] epoch=11 train_batch=62000/15625 loss=836.471008
Training epoch 11
[3.31661799e+01 3.31586673e+01 5.28466342e+02 7.97820625e+01
 1.59998968e+02 1.07646897e+01 3.74983906e+02 4.61499644e+01
 1.01418296e+03 5.51811623e-03 9.79772362e+01 9.79776509e+01
 1.10652219e+03 1.13079096e+02 1.13114067e+02 1.13129142e+02
 1.10470329e+03 9.78706643e+01 1.06928463e+03 5.47937633e+01
 5.48842265e+01 9.78059020e+01 1.09179111e+02 2.01682562e-01
 4.37173017e+02 4.66624740e+01 8.05897544e+02 1.44339738e-02
 9.78742017e+01 9.79048694e+01 1.00572762e+03 1.08959705e+02
 1.12602142e+02 1.12970354e+02 9.83385369e+02 9.15893853e+01
 1.03292779e+03 5.34210363e+01 5.75014969e+01 9.31094210e+01
 1.06169619e+02 1.01264985e-02 3.77630130e+02 4.24154944e+01
 5.16632226e+02 1.66928080e-04 9.46908939e+01 9.49297746e+01
 6.32032425e+02 7.40130030e+01 1.07538251e+02 1.08685613e+02
 5.43374574e+02 5.78716562e+01 4.05223883e+02 2.09925913e+01
 2.95515406e+01 1.31853575e+01 1.46397898e+01 6.68765385e-05
 1.91733752e+01 1.46614667e-01 5.16458583e+01 3.63863885e-07
 2.74529569e+01 2.14135775e+01 8.32179016e+01 6.68699716e+00
 3.32866217e+01 3.34065874e+01 7.76941716e+01 1.25351149e+01
 1.36480997e+02 5.75145946e+00 1.24996557e+01 2.00980747e+01
 2.50711194e+02 8.15863287e+00 5.57041318e+01 3.42201986e+01
 1.79377873e+02 8.62128957e+00 5.58908193e+01 2.66886455e+01
 1.48881344e+02 6.82714652e+00 5.43322499e+01 1.18984751e+01
 1.27604516e+02 2.90111355e+00 7.15458476e+01 5.97142214e+01
 1.83178292e+02 1.71123022e+01 1.41696094e+02 2.04030281e+01
 7.05702971e+01 1.07325012e+01]
train  L_V                   = +0.3977 (0.1%)
 train    L_V_attractive      = +0.1718 (0.0%)
 train      L_V_attractive_charged      = +0.1122 (0.0%)
 train      L_V_attractive_neutral      = +0.0596 (0.0%)
 train    L_V_repulsive       = +0.2259 (0.0%)
 train      L_V_repulsive_charged       = +0.1321 (0.0%)
 train      L_V_repulsive_neutral       = +0.0938 (0.0%)
 train    L_charged_cluster   = +0.0000 (0.0%)
 train  L_beta              = +1.1119 (0.2%)
 train    L_beta_noise        = +0.0000 (0.0%)
 train    L_beta_sig          = +0.2431 (0.0%)
 train    L_beta_suppress     = +0.0000 (0.0%)
 train    L_beta_track        = +0.8688 (0.1%)
 train      L_beta_norms_term   = -0.0208 (-0.0%)
 train      L_beta_logbeta_term = +0.2639 (0.0%)
 train  L_E   = +671.0764 (99.8%)
 train    L_E_charge = +0.0000 (0.0%)
 train    L_E_cond = +670.5564 (99.7%)
 train    L_E_cluster = +0.5213 (0.1%)
 train    L_E_w_photon   = +0.0000 (0.0%)
 train    L_E_w_charged_hadron   = +0.0000 (0.0%)
 train    L_E_w_neutral_hadron   = +0.0000 (0.0%)
 train    L_E_w_muon     = +0.0000 (0.0%)
 train    L_E_w_electron = +0.0000 (0.0%)
learning rate :  [0.00039890465297888624, 0.00039563061276672447, 0.000390213750433216, 0.00038271341425563806, 0.0003732117794866986, 0.00036181294802527074, 0.000348641807854205, 0.0003338426647414537, 0.00031757766119588004, 0.00030002500000000004, 0.0002813769917830063, 0.00026183794802527076]
train loss :  673.5859985351562
[rank 0] epoch=11 valid_batch=2000/744
test   L_V                   = +76677.1797 (0.0%)
    L_V_attractive      = +76677.0234 (0.0%)
      L_V_attractive_charged      = +6114.4409 (0.0%)
      L_V_attractive_neutral      = +70562.6016 (0.0%)
    L_V_repulsive       = +0.4125 (0.0%)
      L_V_repulsive_charged       = +0.2316 (0.0%)
      L_V_repulsive_neutral       = +0.1809 (0.0%)
    L_charged_cluster   = +0.0000 (0.0%)
  L_beta              = +1.1651 (0.0%)
    L_beta_noise        = +0.0000 (0.0%)
    L_beta_sig          = +0.2589 (0.0%)
    L_beta_suppress     = +0.0000 (0.0%)
    L_beta_track        = +0.9062 (0.0%)
      L_beta_norms_term   = -0.0241 (-0.0%)
      L_beta_logbeta_term = +0.2831 (0.0%)
  L_E   = +10591930517815296.0000 (100.0%)
    L_E_charge = +0.0000 (0.0%)
    L_E_cond = +10591930517815296.0000 (100.0%)
    L_E_cluster = +0.5674 (0.0%)
    L_E_w_photon   = +0.0000 (0.0%)
    L_E_w_charged_hadron   = +0.0000 (0.0%)
    L_E_w_neutral_hadron   = +0.0000 (0.0%)
    L_E_w_muon     = +0.0000 (0.0%)
    L_E_w_electron = +0.0000 (0.0%)
Returning 1.0591930517815296e+16
[rank 0] epoch=12 train_batch=2000/15625 loss=724.777527
[rank 0] epoch=12 train_batch=4000/15625 loss=754.728516
[rank 0] epoch=12 train_batch=6000/15625 loss=839.942932
[rank 0] epoch=12 train_batch=8000/15625 loss=560.049255
[rank 0] epoch=12 train_batch=10000/15625 loss=440.951721
[rank 0] epoch=12 train_batch=12000/15625 loss=605.935425
[rank 0] epoch=12 train_batch=14000/15625 loss=542.693542
[rank 0] epoch=12 train_batch=16000/15625 loss=637.945007
[rank 0] epoch=12 train_batch=18000/15625 loss=557.080505
[rank 0] epoch=12 train_batch=20000/15625 loss=443.187164
[rank 0] epoch=12 train_batch=22000/15625 loss=504.029175
[rank 0] epoch=12 train_batch=24000/15625 loss=348.670929
[rank 0] epoch=12 train_batch=26000/15625 loss=579.012756
[rank 0] epoch=12 train_batch=28000/15625 loss=531.318909
[rank 0] epoch=12 train_batch=30000/15625 loss=864.670776
[rank 0] epoch=12 train_batch=32000/15625 loss=599.472046
[rank 0] epoch=12 train_batch=34000/15625 loss=570.327271
[rank 0] epoch=12 train_batch=36000/15625 loss=723.060059
[rank 0] epoch=12 train_batch=38000/15625 loss=633.620178
[rank 0] epoch=12 train_batch=40000/15625 loss=458.518250
[rank 0] epoch=12 train_batch=42000/15625 loss=566.651733
[rank 0] epoch=12 train_batch=44000/15625 loss=416.368835
[rank 0] epoch=12 train_batch=46000/15625 loss=467.144836
[rank 0] epoch=12 train_batch=48000/15625 loss=560.013794
[rank 0] epoch=12 train_batch=50000/15625 loss=697.936646
[rank 0] epoch=12 train_batch=52000/15625 loss=433.912720
[rank 0] epoch=12 train_batch=54000/15625 loss=565.670471
[rank 0] epoch=12 train_batch=56000/15625 loss=473.617401
[rank 0] epoch=12 train_batch=58000/15625 loss=501.189453
[rank 0] epoch=12 train_batch=60000/15625 loss=517.399780
[rank 0] epoch=12 train_batch=62000/15625 loss=421.007446
Training epoch 12
[3.31656808e+01 3.31158999e+01 5.19277493e+02 7.80674892e+01
 1.59989493e+02 5.39025873e+00 3.73301356e+02 4.19531438e+01
 1.00124340e+03 1.57738468e-03 9.79645880e+01 9.79675159e+01
 1.09185434e+03 1.12243937e+02 1.12503945e+02 1.13105643e+02
 1.08625434e+03 9.71920301e+01 9.26307299e+02 4.75565112e+01
 4.85223736e+01 9.69925345e+01 9.46588732e+01 2.26074666e-01
 3.95735324e+02 4.56181634e+01 7.34178298e+02 2.15695303e-02
 9.75126517e+01 9.77219001e+01 8.87529339e+02 1.00303862e+02
 1.11957041e+02 1.12711674e+02 9.33115556e+02 8.76940634e+01
 8.51448392e+02 4.41071517e+01 5.04470945e+01 8.57259722e+01
 8.62716488e+01 2.21917916e-02 3.05455090e+02 3.58792238e+01
 3.86274156e+02 2.70682394e-04 8.58619440e+01 8.86986883e+01
 4.96057504e+02 5.91867137e+01 9.45665062e+01 9.87482096e+01
 4.57628541e+02 5.18051412e+01 3.84593986e+02 1.97395288e+01
 3.00018570e+01 1.53831760e+01 1.54181153e+01 6.74808646e-05
 1.04096862e+01 1.21680589e-01 3.47758658e+01 2.82794634e-07
 1.97611903e+01 1.68470775e+01 5.85723529e+01 5.37476332e+00
 2.58499525e+01 2.40273695e+01 5.89924994e+01 8.99541803e+00
 1.08346333e+02 5.07743138e+00 1.01991079e+01 2.28318582e+01
 2.21431841e+02 7.99904164e+00 5.24513782e+01 3.33252365e+01
 1.75396436e+02 8.79004303e+00 5.74501800e+01 2.74629844e+01
 1.59010531e+02 6.79500307e+00 5.47190781e+01 1.22321470e+01
 1.47784978e+02 2.85876750e+00 7.65004295e+01 6.95005243e+01
 2.10270811e+02 2.04323992e+01 1.50265195e+02 2.09087939e+01
 6.91739815e+01 1.05126558e+01]
train  L_V                   = +0.4124 (0.1%)
 train    L_V_attractive      = +0.1781 (0.0%)
 train      L_V_attractive_charged      = +0.1229 (0.0%)
 train      L_V_attractive_neutral      = +0.0552 (0.0%)
 train    L_V_repulsive       = +0.2344 (0.0%)
 train      L_V_repulsive_charged       = +0.1404 (0.0%)
 train      L_V_repulsive_neutral       = +0.0940 (0.0%)
 train    L_charged_cluster   = +0.0000 (0.0%)
 train  L_beta              = +1.0984 (0.2%)
 train    L_beta_noise        = +0.0000 (0.0%)
 train    L_beta_sig          = +0.2443 (0.0%)
 train    L_beta_suppress     = +0.0000 (0.0%)
 train    L_beta_track        = +0.8542 (0.1%)
 train      L_beta_norms_term   = -0.0213 (-0.0%)
 train      L_beta_logbeta_term = +0.2656 (0.0%)
 train  L_E   = +592.2123 (99.7%)
 train    L_E_charge = +0.0000 (0.0%)
 train    L_E_cond = +591.7076 (99.7%)
 train    L_E_cluster = +0.5072 (0.1%)
 train    L_E_w_photon   = +0.0000 (0.0%)
 train    L_E_w_charged_hadron   = +0.0000 (0.0%)
 train    L_E_w_neutral_hadron   = +0.0000 (0.0%)
 train    L_E_w_muon     = +0.0000 (0.0%)
 train    L_E_w_electron = +0.0000 (0.0%)
learning rate :  [0.00039890465297888624, 0.00039563061276672447, 0.000390213750433216, 0.00038271341425563806, 0.0003732117794866986, 0.00036181294802527074, 0.000348641807854205, 0.0003338426647414537, 0.00031757766119588004, 0.00030002500000000004, 0.0002813769917830063, 0.00026183794802527076, 0.00024162194257901096]
train loss :  594.7232055664062
[rank 0] epoch=12 valid_batch=2000/744
test   L_V                   = +10010.0654 (0.0%)
    L_V_attractive      = +10009.7559 (0.0%)
      L_V_attractive_charged      = +1418.6788 (0.0%)
      L_V_attractive_neutral      = +8591.0859 (0.0%)
    L_V_repulsive       = +0.3861 (0.0%)
      L_V_repulsive_charged       = +0.1979 (0.0%)
      L_V_repulsive_neutral       = +0.1882 (0.0%)
    L_charged_cluster   = +0.0000 (0.0%)
  L_beta              = +1.1878 (0.0%)
    L_beta_noise        = +0.0000 (0.0%)
    L_beta_sig          = +0.2854 (0.0%)
    L_beta_suppress     = +0.0000 (0.0%)
    L_beta_track        = +0.9025 (0.0%)
      L_beta_norms_term   = -0.0205 (-0.0%)
      L_beta_logbeta_term = +0.3059 (0.0%)
  L_E   = +649558976.0000 (100.0%)
    L_E_charge = +0.0000 (0.0%)
    L_E_cond = +649558976.0000 (100.0%)
    L_E_cluster = +0.6926 (0.0%)
    L_E_w_photon   = +0.0000 (0.0%)
    L_E_w_charged_hadron   = +0.0000 (0.0%)
    L_E_w_neutral_hadron   = +0.0000 (0.0%)
    L_E_w_muon     = +0.0000 (0.0%)
    L_E_w_electron = +0.0000 (0.0%)
Returning 649568960.0
[rank 0] epoch=13 train_batch=2000/15625 loss=428.898010
[rank 0] epoch=13 train_batch=4000/15625 loss=556.001221
[rank 0] epoch=13 train_batch=6000/15625 loss=618.075745
[rank 0] epoch=13 train_batch=8000/15625 loss=605.817688
[rank 0] epoch=13 train_batch=10000/15625 loss=560.313293
[rank 0] epoch=13 train_batch=12000/15625 loss=638.163391
[rank 0] epoch=13 train_batch=14000/15625 loss=544.139160
[rank 0] epoch=13 train_batch=16000/15625 loss=542.146301
[rank 0] epoch=13 train_batch=18000/15625 loss=432.991119
[rank 0] epoch=13 train_batch=20000/15625 loss=598.392029
[rank 0] epoch=13 train_batch=22000/15625 loss=538.909607
[rank 0] epoch=13 train_batch=24000/15625 loss=684.810059
[rank 0] epoch=13 train_batch=26000/15625 loss=364.833344
[rank 0] epoch=13 train_batch=28000/15625 loss=329.800934
[rank 0] epoch=13 train_batch=30000/15625 loss=437.274139
[rank 0] epoch=13 train_batch=32000/15625 loss=405.353424
[rank 0] epoch=13 train_batch=34000/15625 loss=373.461304
[rank 0] epoch=13 train_batch=36000/15625 loss=525.919800
[rank 0] epoch=13 train_batch=38000/15625 loss=407.317780
[rank 0] epoch=13 train_batch=40000/15625 loss=642.417236
[rank 0] epoch=13 train_batch=42000/15625 loss=358.464325
[rank 0] epoch=13 train_batch=44000/15625 loss=612.710999
[rank 0] epoch=13 train_batch=46000/15625 loss=416.611725
[rank 0] epoch=13 train_batch=48000/15625 loss=493.509857
[rank 0] epoch=13 train_batch=50000/15625 loss=577.775146
[rank 0] epoch=13 train_batch=52000/15625 loss=547.147949
[rank 0] epoch=13 train_batch=54000/15625 loss=610.485718
[rank 0] epoch=13 train_batch=56000/15625 loss=724.433350
[rank 0] epoch=13 train_batch=58000/15625 loss=371.602264
[rank 0] epoch=13 train_batch=60000/15625 loss=397.204987
[rank 0] epoch=13 train_batch=62000/15625 loss=486.867188
Training epoch 13
[3.31654581e+01 3.31383683e+01 5.19078620e+02 7.85528734e+01
 1.59994995e+02 5.99753900e+00 3.73233188e+02 4.29316088e+01
 9.99759151e+02 1.79151731e-03 9.79644621e+01 9.79682567e+01
 1.09432341e+03 1.12552947e+02 1.12880217e+02 1.13101147e+02
 1.08148662e+03 9.69020057e+01 9.49205516e+02 4.89320345e+01
 5.02351862e+01 9.67391794e+01 9.71006631e+01 1.44014035e-01
 4.06980652e+02 4.51948909e+01 7.16759545e+02 4.18283996e-03
 9.71110761e+01 9.74872274e+01 8.68931876e+02 9.70956883e+01
 1.09228853e+02 1.11851317e+02 8.82526775e+02 8.38618571e+01
 7.57748276e+02 3.94601319e+01 4.72416737e+01 7.87794113e+01
 7.66586062e+01 6.15960496e-03 2.45850150e+02 3.05125901e+01
 2.69806374e+02 1.02070700e-04 7.82851599e+01 8.18468757e+01
 3.76128941e+02 4.71939883e+01 8.56250306e+01 8.90816588e+01
 3.38261602e+02 3.79211847e+01 3.18736390e+02 1.67441677e+01
 2.81724536e+01 1.28950758e+01 1.25567159e+01 7.44023524e-05
 7.72075223e+00 1.09264054e-01 3.12374574e+01 2.50032366e-07
 1.64585143e+01 1.53638704e+01 4.84515972e+01 4.81603164e+00
 2.11610084e+01 2.15730087e+01 4.76639727e+01 7.51690276e+00
 9.16761062e+01 4.25218963e+00 1.02081567e+01 1.83944812e+01
 1.86190537e+02 7.12732499e+00 4.54791826e+01 2.89342027e+01
 1.40409767e+02 7.46988100e+00 5.05520238e+01 2.08515615e+01
 1.25399705e+02 4.81922881e+00 4.41272761e+01 9.91745666e+00
 1.16015482e+02 2.31575286e+00 7.02409594e+01 6.58174821e+01
 1.77707486e+02 2.01353109e+01 1.35194917e+02 1.87560193e+01
 6.53611004e+01 9.89009054e+00]
train  L_V                   = +0.4206 (0.1%)
 train    L_V_attractive      = +0.1792 (0.0%)
 train      L_V_attractive_charged      = +0.1224 (0.0%)
 train      L_V_attractive_neutral      = +0.0568 (0.0%)
 train    L_V_repulsive       = +0.2415 (0.0%)
 train      L_V_repulsive_charged       = +0.1444 (0.0%)
 train      L_V_repulsive_neutral       = +0.0970 (0.0%)
 train    L_charged_cluster   = +0.0000 (0.0%)
 train  L_beta              = +1.0971 (0.2%)
 train    L_beta_noise        = +0.0000 (0.0%)
 train    L_beta_sig          = +0.2474 (0.0%)
 train    L_beta_suppress     = +0.0000 (0.0%)
 train    L_beta_track        = +0.8497 (0.2%)
 train      L_beta_norms_term   = -0.0208 (-0.0%)
 train      L_beta_logbeta_term = +0.2682 (0.0%)
 train  L_E   = +558.7510 (99.7%)
 train    L_E_charge = +0.0000 (0.0%)
 train    L_E_cond = +558.2569 (99.6%)
 train    L_E_cluster = +0.4928 (0.1%)
 train    L_E_w_photon   = +0.0000 (0.0%)
 train    L_E_w_charged_hadron   = +0.0000 (0.0%)
 train    L_E_w_neutral_hadron   = +0.0000 (0.0%)
 train    L_E_w_muon     = +0.0000 (0.0%)
 train    L_E_w_electron = +0.0000 (0.0%)
learning rate :  [0.00039890465297888624, 0.00039563061276672447, 0.000390213750433216, 0.00038271341425563806, 0.0003732117794866986, 0.00036181294802527074, 0.000348641807854205, 0.0003338426647414537, 0.00031757766119588004, 0.00030002500000000004, 0.0002813769917830063, 0.00026183794802527076, 0.00024162194257901096, 0.00022095046623036733]
train loss :  561.2686767578125
[rank 0] epoch=13 valid_batch=2000/744
test   L_V                   = +298.7286 (0.0%)
    L_V_attractive      = +298.4033 (0.0%)
      L_V_attractive_charged      = +19.9741 (0.0%)
      L_V_attractive_neutral      = +278.4293 (0.0%)
    L_V_repulsive       = +0.3310 (0.0%)
      L_V_repulsive_charged       = +0.1814 (0.0%)
      L_V_repulsive_neutral       = +0.1496 (0.0%)
    L_charged_cluster   = +0.0000 (0.0%)
  L_beta              = +1.1618 (0.0%)
    L_beta_noise        = +0.0000 (0.0%)
    L_beta_sig          = +0.2656 (0.0%)
    L_beta_suppress     = +0.0000 (0.0%)
    L_beta_track        = +0.8962 (0.0%)
      L_beta_norms_term   = -0.0207 (-0.0%)
      L_beta_logbeta_term = +0.2863 (0.0%)
  L_E   = +1322852.3750 (100.0%)
    L_E_charge = +0.0000 (0.0%)
    L_E_cond = +1322852.0000 (100.0%)
    L_E_cluster = +0.5068 (0.0%)
    L_E_w_photon   = +0.0000 (0.0%)
    L_E_w_charged_hadron   = +0.0000 (0.0%)
    L_E_w_neutral_hadron   = +0.0000 (0.0%)
    L_E_w_muon     = +0.0000 (0.0%)
    L_E_w_electron = +0.0000 (0.0%)
Returning 1323153.25
[rank 0] epoch=14 train_batch=2000/15625 loss=547.286682
[rank 0] epoch=14 train_batch=4000/15625 loss=548.888306
[rank 0] epoch=14 train_batch=6000/15625 loss=441.156189
[rank 0] epoch=14 train_batch=8000/15625 loss=455.096375
[rank 0] epoch=14 train_batch=10000/15625 loss=604.686829
[rank 0] epoch=14 train_batch=12000/15625 loss=546.639526
[rank 0] epoch=14 train_batch=14000/15625 loss=757.368286
[rank 0] epoch=14 train_batch=16000/15625 loss=500.847229
[rank 0] epoch=14 train_batch=18000/15625 loss=501.076752
[rank 0] epoch=14 train_batch=20000/15625 loss=446.457001
[rank 0] epoch=14 train_batch=22000/15625 loss=582.608337
[rank 0] epoch=14 train_batch=24000/15625 loss=422.094849
[rank 0] epoch=14 train_batch=26000/15625 loss=508.175629
[rank 0] epoch=14 train_batch=28000/15625 loss=414.199310
[rank 0] epoch=14 train_batch=30000/15625 loss=418.548035
[rank 0] epoch=14 train_batch=32000/15625 loss=562.467407
[rank 0] epoch=14 train_batch=34000/15625 loss=599.357544
[rank 0] epoch=14 train_batch=36000/15625 loss=571.716675
[rank 0] epoch=14 train_batch=38000/15625 loss=514.040771
[rank 0] epoch=14 train_batch=40000/15625 loss=443.178680
[rank 0] epoch=14 train_batch=42000/15625 loss=609.951111
[rank 0] epoch=14 train_batch=44000/15625 loss=514.796448
[rank 0] epoch=14 train_batch=46000/15625 loss=348.745850
[rank 0] epoch=14 train_batch=48000/15625 loss=364.155609
[rank 0] epoch=14 train_batch=50000/15625 loss=343.693878
[rank 0] epoch=14 train_batch=52000/15625 loss=356.704437
[rank 0] epoch=14 train_batch=54000/15625 loss=441.746307
[rank 0] epoch=14 train_batch=56000/15625 loss=441.776672
[rank 0] epoch=14 train_batch=58000/15625 loss=403.181702
[rank 0] epoch=14 train_batch=60000/15625 loss=498.449707
[rank 0] epoch=14 train_batch=62000/15625 loss=580.679443
Training epoch 14
[3.31657265e+01 3.31481316e+01 5.20858566e+02 7.91213844e+01
 1.59996173e+02 6.19742391e+00 3.73744292e+02 4.36878119e+01
 9.94576775e+02 2.86608706e-03 9.79688236e+01 9.79718827e+01
 1.09111251e+03 1.12353457e+02 1.12679166e+02 1.13106889e+02
 1.08346212e+03 9.72257699e+01 9.92798192e+02 5.11872369e+01
 5.36806957e+01 9.67886446e+01 1.01586604e+02 1.14643159e-01
 4.02136417e+02 4.47324895e+01 6.94318064e+02 2.35096198e-03
 9.72267637e+01 9.75597686e+01 8.54637075e+02 9.79509235e+01
 1.08932138e+02 1.12132536e+02 8.78750051e+02 8.37244299e+01
 8.22108818e+02 4.27577462e+01 5.32001712e+01 8.50841717e+01
 8.23996654e+01 2.53763708e-03 2.90634586e+02 3.49592764e+01
 3.38247529e+02 1.07337775e-04 8.79921486e+01 8.89553498e+01
 4.34210645e+02 5.31774686e+01 9.72259586e+01 1.00793260e+02
 3.70646461e+02 3.94126790e+01 3.36397587e+02 1.74257645e+01
 3.00277645e+01 1.78507527e+01 1.30960076e+01 1.70445223e-04
 1.96789056e+01 1.22029331e-01 4.24975984e+01 6.97904258e-07
 2.15891098e+01 2.00136430e+01 6.12937024e+01 6.20138365e+00
 2.76620388e+01 3.09598267e+01 6.60135705e+01 1.11070507e+01
 1.10912404e+02 4.93634096e+00 1.05329773e+01 2.49639808e+01
 2.13325001e+02 9.05794690e+00 4.89841095e+01 3.63094502e+01
 1.58662561e+02 9.20813234e+00 5.33619939e+01 2.44909851e+01
 1.31907237e+02 5.97886878e+00 4.40686933e+01 1.29725595e+01
 1.22548150e+02 2.99753520e+00 7.41164084e+01 6.87652258e+01
 1.95542743e+02 2.22518749e+01 1.58948723e+02 2.01245379e+01
 6.63171889e+01 9.74993574e+00]
train  L_V                   = +0.4343 (0.1%)
 train    L_V_attractive      = +0.1892 (0.0%)
 train      L_V_attractive_charged      = +0.1351 (0.0%)
 train      L_V_attractive_neutral      = +0.0541 (0.0%)
 train    L_V_repulsive       = +0.2450 (0.0%)
 train      L_V_repulsive_charged       = +0.1459 (0.0%)
 train      L_V_repulsive_neutral       = +0.0992 (0.0%)
 train    L_charged_cluster   = +0.0000 (0.0%)
 train  L_beta              = +1.0844 (0.2%)
 train    L_beta_noise        = +0.0000 (0.0%)
 train    L_beta_sig          = +0.2469 (0.0%)
 train    L_beta_suppress     = +0.0000 (0.0%)
 train    L_beta_track        = +0.8376 (0.1%)
 train      L_beta_norms_term   = -0.0201 (-0.0%)
 train      L_beta_logbeta_term = +0.2670 (0.0%)
 train  L_E   = +572.4635 (99.7%)
 train    L_E_charge = +0.0000 (0.0%)
 train    L_E_cond = +571.9749 (99.7%)
 train    L_E_cluster = +0.4896 (0.1%)
 train    L_E_w_photon   = +0.0000 (0.0%)
 train    L_E_w_charged_hadron   = +0.0000 (0.0%)
 train    L_E_w_neutral_hadron   = +0.0000 (0.0%)
 train    L_E_w_muon     = +0.0000 (0.0%)
 train    L_E_w_electron = +0.0000 (0.0%)
learning rate :  [0.00039890465297888624, 0.00039563061276672447, 0.000390213750433216, 0.00038271341425563806, 0.0003732117794866986, 0.00036181294802527074, 0.000348641807854205, 0.0003338426647414537, 0.00031757766119588004, 0.00030002500000000004, 0.0002813769917830063, 0.00026183794802527076, 0.00024162194257901096, 0.00022095046623036733, 0.00020005]
train loss :  574.9822387695312
[rank 0] epoch=14 valid_batch=2000/744
test   L_V                   = +179.0307 (0.0%)
    L_V_attractive      = +178.7221 (0.0%)
      L_V_attractive_charged      = +93.3109 (0.0%)
      L_V_attractive_neutral      = +85.4109 (0.0%)
    L_V_repulsive       = +0.3087 (0.0%)
      L_V_repulsive_charged       = +0.1679 (0.0%)
      L_V_repulsive_neutral       = +0.1408 (0.0%)
    L_charged_cluster   = +0.0000 (0.0%)
  L_beta              = +1.2672 (0.0%)
    L_beta_noise        = +0.0000 (0.0%)
    L_beta_sig          = +0.3566 (0.0%)
    L_beta_suppress     = +0.0000 (0.0%)
    L_beta_track        = +0.9106 (0.0%)
      L_beta_norms_term   = -0.0170 (-0.0%)
      L_beta_logbeta_term = +0.3736 (0.0%)
  L_E   = +4536615936.0000 (100.0%)
    L_E_charge = +0.0000 (0.0%)
    L_E_cond = +4536615936.0000 (100.0%)
    L_E_cluster = +0.5776 (0.0%)
    L_E_w_photon   = +0.0000 (0.0%)
    L_E_w_charged_hadron   = +0.0000 (0.0%)
    L_E_w_neutral_hadron   = +0.0000 (0.0%)
    L_E_w_muon     = +0.0000 (0.0%)
    L_E_w_electron = +0.0000 (0.0%)
Returning 4536615936.0
[rank 0] epoch=15 train_batch=2000/15625 loss=568.645813
[rank 0] epoch=15 train_batch=4000/15625 loss=585.474792
[rank 0] epoch=15 train_batch=6000/15625 loss=554.264832
[rank 0] epoch=15 train_batch=8000/15625 loss=651.003601
[rank 0] epoch=15 train_batch=10000/15625 loss=392.488464
[rank 0] epoch=15 train_batch=12000/15625 loss=349.088715
