cuda:1
thetaphi at main: True
Loading dataset...
Using ILCStreamingDataset (shuffle_buffer=256, files_per_chunk=32, seed=1001)
ILCStreamingDataset: path=/data/suehara/mldata/pfa/murata/data/tc/tc_nnqq_2M, files=20000, events~=2000000, shuffle_buffer=256, files_per_chunk=32
Using ILCStreamingDataset (shuffle_buffer=256, files_per_chunk=32, seed=1001)
ILCStreamingDataset: path=/data/suehara/mldata/pfa/murata/data/tc/tc_nnqq_new/train, files=716, events~=94400, shuffle_buffer=256, files_per_chunk=32
Training dataset size:  2000000
Validating dataset size:  94400
Batch size:  128
Loading GravnetModel
Hello
restart period :  30
[rank 1] epoch=0 train_batch=2000/15625 loss=1.071432
[rank 1] epoch=0 train_batch=4000/15625 loss=1.054327
[rank 1] epoch=0 train_batch=6000/15625 loss=1.052359
[rank 1] epoch=0 train_batch=8000/15625 loss=1.046808
[rank 1] epoch=0 train_batch=10000/15625 loss=1.046760
[rank 1] epoch=0 train_batch=12000/15625 loss=1.051233
[rank 1] epoch=0 train_batch=14000/15625 loss=1.079736
[rank 1] epoch=0 train_batch=16000/15625 loss=1.073469
[rank 1] epoch=0 train_batch=18000/15625 loss=1.089201
[rank 1] epoch=0 train_batch=20000/15625 loss=1.104480
[rank 1] epoch=0 train_batch=22000/15625 loss=1.104169
[rank 1] epoch=0 train_batch=24000/15625 loss=1.099577
[rank 1] epoch=0 train_batch=26000/15625 loss=1.106695
[rank 1] epoch=0 train_batch=28000/15625 loss=1.086251
[rank 1] epoch=0 train_batch=30000/15625 loss=1.100611
[rank 1] epoch=0 train_batch=32000/15625 loss=1.094652
[rank 1] epoch=0 train_batch=34000/15625 loss=1.098386
[rank 1] epoch=0 train_batch=36000/15625 loss=1.108606
[rank 1] epoch=0 train_batch=38000/15625 loss=1.103577
[rank 1] epoch=0 train_batch=40000/15625 loss=1.102961
[rank 1] epoch=0 train_batch=42000/15625 loss=1.108204
[rank 1] epoch=0 train_batch=44000/15625 loss=1.118723
[rank 1] epoch=0 train_batch=46000/15625 loss=1.117747
[rank 1] epoch=0 train_batch=48000/15625 loss=1.130977
[rank 1] epoch=0 train_batch=50000/15625 loss=1.119039
[rank 1] epoch=0 train_batch=52000/15625 loss=1.129542
[rank 1] epoch=0 train_batch=54000/15625 loss=1.125655
[rank 1] epoch=0 train_batch=56000/15625 loss=1.145857
[rank 1] epoch=0 train_batch=58000/15625 loss=1.133177
[rank 1] epoch=0 train_batch=60000/15625 loss=1.127366
[rank 1] epoch=0 train_batch=62000/15625 loss=1.133629
[rank 1] epoch=0 valid_batch=2000/738
[rank 1] epoch=1 train_batch=2000/15625 loss=1.131572
[rank 1] epoch=1 train_batch=4000/15625 loss=1.129328
[rank 1] epoch=1 train_batch=6000/15625 loss=1.114959
[rank 1] epoch=1 train_batch=8000/15625 loss=1.117684
[rank 1] epoch=1 train_batch=10000/15625 loss=1.124051
[rank 1] epoch=1 train_batch=12000/15625 loss=1.120409
[rank 1] epoch=1 train_batch=14000/15625 loss=1.122811
[rank 1] epoch=1 train_batch=16000/15625 loss=1.117457
[rank 1] epoch=1 train_batch=18000/15625 loss=1.125564
[rank 1] epoch=1 train_batch=20000/15625 loss=1.126807
[rank 1] epoch=1 train_batch=22000/15625 loss=1.116526
[rank 1] epoch=1 train_batch=24000/15625 loss=1.129430
[rank 1] epoch=1 train_batch=26000/15625 loss=1.143905
[rank 1] epoch=1 train_batch=28000/15625 loss=1.139619
[rank 1] epoch=1 train_batch=30000/15625 loss=1.129009
[rank 1] epoch=1 train_batch=32000/15625 loss=1.128223
[rank 1] epoch=1 train_batch=34000/15625 loss=1.136442
[rank 1] epoch=1 train_batch=36000/15625 loss=1.152998
[rank 1] epoch=1 train_batch=38000/15625 loss=1.124159
[rank 1] epoch=1 train_batch=40000/15625 loss=1.127780
[rank 1] epoch=1 train_batch=42000/15625 loss=1.170297
[rank 1] epoch=1 train_batch=44000/15625 loss=1.138885
[rank 1] epoch=1 train_batch=46000/15625 loss=1.149691
[rank 1] epoch=1 train_batch=48000/15625 loss=1.168897
[rank 1] epoch=1 train_batch=50000/15625 loss=1.129377
[rank 1] epoch=1 train_batch=52000/15625 loss=1.136299
[rank 1] epoch=1 train_batch=54000/15625 loss=1.141800
[rank 1] epoch=1 train_batch=56000/15625 loss=1.133969
[rank 1] epoch=1 train_batch=58000/15625 loss=1.183841
[rank 1] epoch=1 train_batch=60000/15625 loss=1.146817
[rank 1] epoch=1 train_batch=62000/15625 loss=1.396670
[rank 1] epoch=1 valid_batch=2000/738
[rank 1] epoch=2 train_batch=2000/15625 loss=2.338418
[rank 1] epoch=2 train_batch=4000/15625 loss=2.375926
[rank 1] epoch=2 train_batch=6000/15625 loss=2.493550
[rank 1] epoch=2 train_batch=8000/15625 loss=2.418386
[rank 1] epoch=2 train_batch=10000/15625 loss=2.353073
[rank 1] epoch=2 train_batch=12000/15625 loss=2.322526
[rank 1] epoch=2 train_batch=14000/15625 loss=2.338491
[rank 1] epoch=2 train_batch=16000/15625 loss=2.331341
[rank 1] epoch=2 train_batch=18000/15625 loss=2.333634
[rank 1] epoch=2 train_batch=20000/15625 loss=2.293979
[rank 1] epoch=2 train_batch=22000/15625 loss=2.335899
[rank 1] epoch=2 train_batch=24000/15625 loss=2.330929
[rank 1] epoch=2 train_batch=26000/15625 loss=2.329520
[rank 1] epoch=2 train_batch=28000/15625 loss=2.369011
[rank 1] epoch=2 train_batch=30000/15625 loss=2.396182
[rank 1] epoch=2 train_batch=32000/15625 loss=2.374900
[rank 1] epoch=2 train_batch=34000/15625 loss=2.337528
[rank 1] epoch=2 train_batch=36000/15625 loss=2.332211
[rank 1] epoch=2 train_batch=38000/15625 loss=2.320648
[rank 1] epoch=2 train_batch=40000/15625 loss=2.311795
[rank 1] epoch=2 train_batch=42000/15625 loss=2.403791
[rank 1] epoch=2 train_batch=44000/15625 loss=2.334903
[rank 1] epoch=2 train_batch=46000/15625 loss=2.348067
[rank 1] epoch=2 train_batch=48000/15625 loss=2.306723
[rank 1] epoch=2 train_batch=50000/15625 loss=2.419114
[rank 1] epoch=2 train_batch=52000/15625 loss=2.314249
[rank 1] epoch=2 train_batch=54000/15625 loss=2.409844
[rank 1] epoch=2 train_batch=56000/15625 loss=2.402871
[rank 1] epoch=2 train_batch=58000/15625 loss=2.354653
[rank 1] epoch=2 train_batch=60000/15625 loss=2.326937
[rank 1] epoch=2 train_batch=62000/15625 loss=2.488849
[rank 1] epoch=2 valid_batch=2000/738
[rank 1] epoch=3 train_batch=2000/15625 loss=2.305826
[rank 1] epoch=3 train_batch=4000/15625 loss=2.405807
[rank 1] epoch=3 train_batch=6000/15625 loss=2.451810
[rank 1] epoch=3 train_batch=8000/15625 loss=2.363575
[rank 1] epoch=3 train_batch=10000/15625 loss=2.443520
[rank 1] epoch=3 train_batch=12000/15625 loss=2.430745
[rank 1] epoch=3 train_batch=14000/15625 loss=2.655319
[rank 1] epoch=3 train_batch=16000/15625 loss=2.349413
[rank 1] epoch=3 train_batch=18000/15625 loss=2.407490
[rank 1] epoch=3 train_batch=20000/15625 loss=2.377385
[rank 1] epoch=3 train_batch=22000/15625 loss=2.480164
[rank 1] epoch=3 train_batch=24000/15625 loss=2.384227
[rank 1] epoch=3 train_batch=26000/15625 loss=2.362916
[rank 1] epoch=3 train_batch=28000/15625 loss=2.597018
[rank 1] epoch=3 train_batch=30000/15625 loss=2.392466
[rank 1] epoch=3 train_batch=32000/15625 loss=2.519496
[rank 1] epoch=3 train_batch=34000/15625 loss=2.631459
[rank 1] epoch=3 train_batch=36000/15625 loss=2.557304
[rank 1] epoch=3 train_batch=38000/15625 loss=2.670048
[rank 1] epoch=3 train_batch=40000/15625 loss=2.526203
[rank 1] epoch=3 train_batch=42000/15625 loss=2.517149
[rank 1] epoch=3 train_batch=44000/15625 loss=2.784711
[rank 1] epoch=3 train_batch=46000/15625 loss=2.577971
[rank 1] epoch=3 train_batch=48000/15625 loss=2.495093
[rank 1] epoch=3 train_batch=50000/15625 loss=2.573364
[rank 1] epoch=3 train_batch=52000/15625 loss=2.454291
[rank 1] epoch=3 train_batch=54000/15625 loss=2.503008
[rank 1] epoch=3 train_batch=56000/15625 loss=2.511420
[rank 1] epoch=3 train_batch=58000/15625 loss=2.583062
[rank 1] epoch=3 train_batch=60000/15625 loss=3.012182
[rank 1] epoch=3 train_batch=62000/15625 loss=2.608530
[rank 1] epoch=3 valid_batch=2000/738
[rank 1] epoch=4 train_batch=2000/15625 loss=1282.501831
[rank 1] epoch=4 train_batch=4000/15625 loss=1200.441162
[rank 1] epoch=4 train_batch=6000/15625 loss=1160.654175
[rank 1] epoch=4 train_batch=8000/15625 loss=1046.766357
[rank 1] epoch=4 train_batch=10000/15625 loss=1140.606201
[rank 1] epoch=4 train_batch=12000/15625 loss=1083.786255
[rank 1] epoch=4 train_batch=14000/15625 loss=919.618469
[rank 1] epoch=4 train_batch=16000/15625 loss=1013.332581
[rank 1] epoch=4 train_batch=18000/15625 loss=1379.594360
[rank 1] epoch=4 train_batch=20000/15625 loss=1049.922607
[rank 1] epoch=4 train_batch=22000/15625 loss=1053.093872
[rank 1] epoch=4 train_batch=24000/15625 loss=1168.293213
[rank 1] epoch=4 train_batch=26000/15625 loss=1264.094849
[rank 1] epoch=4 train_batch=28000/15625 loss=1196.226440
[rank 1] epoch=4 train_batch=30000/15625 loss=1157.169556
[rank 1] epoch=4 train_batch=32000/15625 loss=1057.722412
[rank 1] epoch=4 train_batch=34000/15625 loss=1366.582886
[rank 1] epoch=4 train_batch=36000/15625 loss=1126.575684
[rank 1] epoch=4 train_batch=38000/15625 loss=1205.270386
[rank 1] epoch=4 train_batch=40000/15625 loss=1139.682739
[rank 1] epoch=4 train_batch=42000/15625 loss=1430.526733
[rank 1] epoch=4 train_batch=44000/15625 loss=1149.429199
[rank 1] epoch=4 train_batch=46000/15625 loss=1372.683350
[rank 1] epoch=4 train_batch=48000/15625 loss=1009.995178
[rank 1] epoch=4 train_batch=50000/15625 loss=1116.885376
[rank 1] epoch=4 train_batch=52000/15625 loss=1334.858276
[rank 1] epoch=4 train_batch=54000/15625 loss=941.302002
[rank 1] epoch=4 train_batch=56000/15625 loss=1083.901489
[rank 1] epoch=4 train_batch=58000/15625 loss=945.393311
[rank 1] epoch=4 train_batch=60000/15625 loss=900.064270
[rank 1] epoch=4 train_batch=62000/15625 loss=1512.222900
[rank 1] epoch=4 valid_batch=2000/738
[rank 1] epoch=5 train_batch=2000/15625 loss=1147.482910
[rank 1] epoch=5 train_batch=4000/15625 loss=1078.873291
[rank 1] epoch=5 train_batch=6000/15625 loss=1123.338623
[rank 1] epoch=5 train_batch=8000/15625 loss=1035.072754
[rank 1] epoch=5 train_batch=10000/15625 loss=1130.993774
[rank 1] epoch=5 train_batch=12000/15625 loss=1076.989136
[rank 1] epoch=5 train_batch=14000/15625 loss=1010.632202
[rank 1] epoch=5 train_batch=16000/15625 loss=1054.458374
[rank 1] epoch=5 train_batch=18000/15625 loss=1016.683472
[rank 1] epoch=5 train_batch=20000/15625 loss=1229.622314
[rank 1] epoch=5 train_batch=22000/15625 loss=886.580933
[rank 1] epoch=5 train_batch=24000/15625 loss=903.167786
[rank 1] epoch=5 train_batch=26000/15625 loss=928.820679
[rank 1] epoch=5 train_batch=28000/15625 loss=1054.318848
[rank 1] epoch=5 train_batch=30000/15625 loss=963.095825
[rank 1] epoch=5 train_batch=32000/15625 loss=1244.024292
[rank 1] epoch=5 train_batch=34000/15625 loss=832.096436
[rank 1] epoch=5 train_batch=36000/15625 loss=1063.213623
[rank 1] epoch=5 train_batch=38000/15625 loss=1065.543457
[rank 1] epoch=5 train_batch=40000/15625 loss=903.413269
[rank 1] epoch=5 train_batch=42000/15625 loss=1106.433594
[rank 1] epoch=5 train_batch=44000/15625 loss=1183.698486
[rank 1] epoch=5 train_batch=46000/15625 loss=1270.606689
[rank 1] epoch=5 train_batch=48000/15625 loss=903.233643
[rank 1] epoch=5 train_batch=50000/15625 loss=840.993408
[rank 1] epoch=5 train_batch=52000/15625 loss=1100.629150
[rank 1] epoch=5 train_batch=54000/15625 loss=1020.435974
[rank 1] epoch=5 train_batch=56000/15625 loss=807.439392
[rank 1] epoch=5 train_batch=58000/15625 loss=1276.480835
[rank 1] epoch=5 train_batch=60000/15625 loss=884.137085
[rank 1] epoch=5 train_batch=62000/15625 loss=1081.844849
[rank 1] epoch=5 valid_batch=2000/738
[rank 1] epoch=6 train_batch=2000/15625 loss=914.447998
[rank 1] epoch=6 train_batch=4000/15625 loss=754.266907
[rank 1] epoch=6 train_batch=6000/15625 loss=1014.936157
[rank 1] epoch=6 train_batch=8000/15625 loss=1084.675293
[rank 1] epoch=6 train_batch=10000/15625 loss=982.973511
[rank 1] epoch=6 train_batch=12000/15625 loss=1146.995850
[rank 1] epoch=6 train_batch=14000/15625 loss=839.422791
[rank 1] epoch=6 train_batch=16000/15625 loss=1166.920532
[rank 1] epoch=6 train_batch=18000/15625 loss=1176.473633
[rank 1] epoch=6 train_batch=20000/15625 loss=1104.530884
[rank 1] epoch=6 train_batch=22000/15625 loss=1104.851318
[rank 1] epoch=6 train_batch=24000/15625 loss=943.799500
[rank 1] epoch=6 train_batch=26000/15625 loss=915.112549
[rank 1] epoch=6 train_batch=28000/15625 loss=1313.003052
[rank 1] epoch=6 train_batch=30000/15625 loss=1046.727539
[rank 1] epoch=6 train_batch=32000/15625 loss=986.976196
[rank 1] epoch=6 train_batch=34000/15625 loss=1131.404419
[rank 1] epoch=6 train_batch=36000/15625 loss=1006.244385
[rank 1] epoch=6 train_batch=38000/15625 loss=939.046631
[rank 1] epoch=6 train_batch=40000/15625 loss=1176.513428
[rank 1] epoch=6 train_batch=42000/15625 loss=1254.109497
[rank 1] epoch=6 train_batch=44000/15625 loss=937.035950
[rank 1] epoch=6 train_batch=46000/15625 loss=1487.418579
[rank 1] epoch=6 train_batch=48000/15625 loss=1079.434204
[rank 1] epoch=6 train_batch=50000/15625 loss=1090.915649
[rank 1] epoch=6 train_batch=52000/15625 loss=1221.013428
[rank 1] epoch=6 train_batch=54000/15625 loss=1111.254883
[rank 1] epoch=6 train_batch=56000/15625 loss=1022.938416
[rank 1] epoch=6 train_batch=58000/15625 loss=1299.707520
[rank 1] epoch=6 train_batch=60000/15625 loss=1033.076416
[rank 1] epoch=6 train_batch=62000/15625 loss=1198.546631
[rank 1] epoch=6 valid_batch=2000/738
[rank 1] epoch=7 train_batch=2000/15625 loss=1000.287231
[rank 1] epoch=7 train_batch=4000/15625 loss=1314.929199
[rank 1] epoch=7 train_batch=6000/15625 loss=1212.602783
[rank 1] epoch=7 train_batch=8000/15625 loss=857.445984
[rank 1] epoch=7 train_batch=10000/15625 loss=1037.236572
[rank 1] epoch=7 train_batch=12000/15625 loss=1008.213074
[rank 1] epoch=7 train_batch=14000/15625 loss=946.271851
[rank 1] epoch=7 train_batch=16000/15625 loss=703.367310
[rank 1] epoch=7 train_batch=18000/15625 loss=1238.096924
[rank 1] epoch=7 train_batch=20000/15625 loss=920.071350
[rank 1] epoch=7 train_batch=22000/15625 loss=1095.290894
[rank 1] epoch=7 train_batch=24000/15625 loss=820.413879
[rank 1] epoch=7 train_batch=26000/15625 loss=1047.982910
[rank 1] epoch=7 train_batch=28000/15625 loss=884.536682
[rank 1] epoch=7 train_batch=30000/15625 loss=849.271240
[rank 1] epoch=7 train_batch=32000/15625 loss=1224.487061
[rank 1] epoch=7 train_batch=34000/15625 loss=836.101257
[rank 1] epoch=7 train_batch=36000/15625 loss=1018.597046
[rank 1] epoch=7 train_batch=38000/15625 loss=1198.693970
[rank 1] epoch=7 train_batch=40000/15625 loss=893.308533
[rank 1] epoch=7 train_batch=42000/15625 loss=926.571350
[rank 1] epoch=7 train_batch=44000/15625 loss=842.946533
[rank 1] epoch=7 train_batch=46000/15625 loss=782.970581
[rank 1] epoch=7 train_batch=48000/15625 loss=886.938721
[rank 1] epoch=7 train_batch=50000/15625 loss=1045.326172
[rank 1] epoch=7 train_batch=52000/15625 loss=813.712097
[rank 1] epoch=7 train_batch=54000/15625 loss=908.225769
[rank 1] epoch=7 train_batch=56000/15625 loss=653.580322
[rank 1] epoch=7 train_batch=58000/15625 loss=862.433228
[rank 1] epoch=7 train_batch=60000/15625 loss=872.327759
[rank 1] epoch=7 train_batch=62000/15625 loss=763.697388
[rank 1] epoch=7 valid_batch=2000/738
[rank 1] epoch=8 train_batch=2000/15625 loss=672.716370
[rank 1] epoch=8 train_batch=4000/15625 loss=907.496033
[rank 1] epoch=8 train_batch=6000/15625 loss=829.463013
[rank 1] epoch=8 train_batch=8000/15625 loss=790.866943
[rank 1] epoch=8 train_batch=10000/15625 loss=989.799927
[rank 1] epoch=8 train_batch=12000/15625 loss=789.065857
[rank 1] epoch=8 train_batch=14000/15625 loss=628.703369
[rank 1] epoch=8 train_batch=16000/15625 loss=662.482971
[rank 1] epoch=8 train_batch=18000/15625 loss=778.603394
[rank 1] epoch=8 train_batch=20000/15625 loss=890.541931
[rank 1] epoch=8 train_batch=22000/15625 loss=763.412048
[rank 1] epoch=8 train_batch=24000/15625 loss=689.975769
[rank 1] epoch=8 train_batch=26000/15625 loss=991.120300
[rank 1] epoch=8 train_batch=28000/15625 loss=737.107239
[rank 1] epoch=8 train_batch=30000/15625 loss=975.459656
[rank 1] epoch=8 train_batch=32000/15625 loss=927.828430
[rank 1] epoch=8 train_batch=34000/15625 loss=701.750732
[rank 1] epoch=8 train_batch=36000/15625 loss=886.568298
[rank 1] epoch=8 train_batch=38000/15625 loss=627.114380
[rank 1] epoch=8 train_batch=40000/15625 loss=761.573303
[rank 1] epoch=8 train_batch=42000/15625 loss=727.760071
[rank 1] epoch=8 train_batch=44000/15625 loss=746.652466
[rank 1] epoch=8 train_batch=46000/15625 loss=973.507935
[rank 1] epoch=8 train_batch=48000/15625 loss=688.906006
[rank 1] epoch=8 train_batch=50000/15625 loss=878.844727
[rank 1] epoch=8 train_batch=52000/15625 loss=738.078796
[rank 1] epoch=8 train_batch=54000/15625 loss=628.558716
[rank 1] epoch=8 train_batch=56000/15625 loss=903.826782
[rank 1] epoch=8 train_batch=58000/15625 loss=565.280518
[rank 1] epoch=8 train_batch=60000/15625 loss=459.158905
[rank 1] epoch=8 train_batch=62000/15625 loss=559.667480
[rank 1] epoch=8 valid_batch=2000/738
[rank 1] epoch=9 train_batch=2000/15625 loss=686.764771
[rank 1] epoch=9 train_batch=4000/15625 loss=786.766724
[rank 1] epoch=9 train_batch=6000/15625 loss=750.282837
[rank 1] epoch=9 train_batch=8000/15625 loss=772.245422
[rank 1] epoch=9 train_batch=10000/15625 loss=819.301941
[rank 1] epoch=9 train_batch=12000/15625 loss=848.367737
[rank 1] epoch=9 train_batch=14000/15625 loss=519.831299
[rank 1] epoch=9 train_batch=16000/15625 loss=765.857605
[rank 1] epoch=9 train_batch=18000/15625 loss=676.123047
[rank 1] epoch=9 train_batch=20000/15625 loss=1011.854431
[rank 1] epoch=9 train_batch=22000/15625 loss=522.834351
[rank 1] epoch=9 train_batch=24000/15625 loss=498.565826
[rank 1] epoch=9 train_batch=26000/15625 loss=525.238586
[rank 1] epoch=9 train_batch=28000/15625 loss=645.952271
[rank 1] epoch=9 train_batch=30000/15625 loss=510.562836
[rank 1] epoch=9 train_batch=32000/15625 loss=668.613403
[rank 1] epoch=9 train_batch=34000/15625 loss=733.897522
[rank 1] epoch=9 train_batch=36000/15625 loss=1189.455078
[rank 1] epoch=9 train_batch=38000/15625 loss=689.348450
[rank 1] epoch=9 train_batch=40000/15625 loss=883.233337
[rank 1] epoch=9 train_batch=42000/15625 loss=807.289917
[rank 1] epoch=9 train_batch=44000/15625 loss=1027.470459
[rank 1] epoch=9 train_batch=46000/15625 loss=750.784607
[rank 1] epoch=9 train_batch=48000/15625 loss=1003.948120
[rank 1] epoch=9 train_batch=50000/15625 loss=840.398682
[rank 1] epoch=9 train_batch=52000/15625 loss=673.054138
[rank 1] epoch=9 train_batch=54000/15625 loss=799.229004
[rank 1] epoch=9 train_batch=56000/15625 loss=840.822205
[rank 1] epoch=9 train_batch=58000/15625 loss=679.958801
[rank 1] epoch=9 train_batch=60000/15625 loss=741.859802
[rank 1] epoch=9 train_batch=62000/15625 loss=662.444702
[rank 1] epoch=9 valid_batch=2000/738
[rank 1] epoch=10 train_batch=2000/15625 loss=661.215515
[rank 1] epoch=10 train_batch=4000/15625 loss=551.379883
[rank 1] epoch=10 train_batch=6000/15625 loss=689.417053
[rank 1] epoch=10 train_batch=8000/15625 loss=512.995911
[rank 1] epoch=10 train_batch=10000/15625 loss=599.972534
[rank 1] epoch=10 train_batch=12000/15625 loss=833.437012
[rank 1] epoch=10 train_batch=14000/15625 loss=494.736603
[rank 1] epoch=10 train_batch=16000/15625 loss=707.874634
[rank 1] epoch=10 train_batch=18000/15625 loss=693.322083
[rank 1] epoch=10 train_batch=20000/15625 loss=489.807434
[rank 1] epoch=10 train_batch=22000/15625 loss=631.929504
[rank 1] epoch=10 train_batch=24000/15625 loss=771.917358
[rank 1] epoch=10 train_batch=26000/15625 loss=527.921814
[rank 1] epoch=10 train_batch=28000/15625 loss=777.211426
[rank 1] epoch=10 train_batch=30000/15625 loss=693.031128
[rank 1] epoch=10 train_batch=32000/15625 loss=822.610840
[rank 1] epoch=10 train_batch=34000/15625 loss=608.533691
[rank 1] epoch=10 train_batch=36000/15625 loss=786.933655
[rank 1] epoch=10 train_batch=38000/15625 loss=763.362854
[rank 1] epoch=10 train_batch=40000/15625 loss=693.186646
[rank 1] epoch=10 train_batch=42000/15625 loss=574.030823
[rank 1] epoch=10 train_batch=44000/15625 loss=538.370972
[rank 1] epoch=10 train_batch=46000/15625 loss=641.901672
[rank 1] epoch=10 train_batch=48000/15625 loss=541.708374
[rank 1] epoch=10 train_batch=50000/15625 loss=562.322937
[rank 1] epoch=10 train_batch=52000/15625 loss=562.130371
[rank 1] epoch=10 train_batch=54000/15625 loss=495.156769
[rank 1] epoch=10 train_batch=56000/15625 loss=675.235901
[rank 1] epoch=10 train_batch=58000/15625 loss=589.170288
[rank 1] epoch=10 train_batch=60000/15625 loss=736.522522
[rank 1] epoch=10 train_batch=62000/15625 loss=572.886780
[rank 1] epoch=10 valid_batch=2000/738
[rank 1] epoch=11 train_batch=2000/15625 loss=646.560120
[rank 1] epoch=11 train_batch=4000/15625 loss=644.799133
[rank 1] epoch=11 train_batch=6000/15625 loss=595.521790
[rank 1] epoch=11 train_batch=8000/15625 loss=574.866089
[rank 1] epoch=11 train_batch=10000/15625 loss=548.239563
[rank 1] epoch=11 train_batch=12000/15625 loss=561.746948
[rank 1] epoch=11 train_batch=14000/15625 loss=513.533569
[rank 1] epoch=11 train_batch=16000/15625 loss=733.346741
[rank 1] epoch=11 train_batch=18000/15625 loss=636.047363
[rank 1] epoch=11 train_batch=20000/15625 loss=601.008789
[rank 1] epoch=11 train_batch=22000/15625 loss=546.168213
[rank 1] epoch=11 train_batch=24000/15625 loss=605.543152
[rank 1] epoch=11 train_batch=26000/15625 loss=687.004517
[rank 1] epoch=11 train_batch=28000/15625 loss=612.302307
[rank 1] epoch=11 train_batch=30000/15625 loss=528.052368
[rank 1] epoch=11 train_batch=32000/15625 loss=905.494751
[rank 1] epoch=11 train_batch=34000/15625 loss=534.869263
[rank 1] epoch=11 train_batch=36000/15625 loss=685.839417
[rank 1] epoch=11 train_batch=38000/15625 loss=664.442688
[rank 1] epoch=11 train_batch=40000/15625 loss=626.046082
[rank 1] epoch=11 train_batch=42000/15625 loss=652.750916
[rank 1] epoch=11 train_batch=44000/15625 loss=477.009918
[rank 1] epoch=11 train_batch=46000/15625 loss=642.335571
[rank 1] epoch=11 train_batch=48000/15625 loss=584.614319
[rank 1] epoch=11 train_batch=50000/15625 loss=652.532104
[rank 1] epoch=11 train_batch=52000/15625 loss=777.954712
[rank 1] epoch=11 train_batch=54000/15625 loss=922.925842
[rank 1] epoch=11 train_batch=56000/15625 loss=635.896484
[rank 1] epoch=11 train_batch=58000/15625 loss=556.567749
[rank 1] epoch=11 train_batch=60000/15625 loss=667.539307
[rank 1] epoch=11 train_batch=62000/15625 loss=842.606323
[rank 1] epoch=11 valid_batch=2000/738
[rank 1] epoch=12 train_batch=2000/15625 loss=722.061035
[rank 1] epoch=12 train_batch=4000/15625 loss=736.388794
[rank 1] epoch=12 train_batch=6000/15625 loss=841.743042
[rank 1] epoch=12 train_batch=8000/15625 loss=555.518005
[rank 1] epoch=12 train_batch=10000/15625 loss=447.554779
[rank 1] epoch=12 train_batch=12000/15625 loss=609.616028
[rank 1] epoch=12 train_batch=14000/15625 loss=540.882019
[rank 1] epoch=12 train_batch=16000/15625 loss=641.727417
[rank 1] epoch=12 train_batch=18000/15625 loss=555.473450
[rank 1] epoch=12 train_batch=20000/15625 loss=452.917206
[rank 1] epoch=12 train_batch=22000/15625 loss=503.520020
[rank 1] epoch=12 train_batch=24000/15625 loss=351.761047
[rank 1] epoch=12 train_batch=26000/15625 loss=581.156921
[rank 1] epoch=12 train_batch=28000/15625 loss=533.697571
[rank 1] epoch=12 train_batch=30000/15625 loss=863.207092
[rank 1] epoch=12 train_batch=32000/15625 loss=588.456299
[rank 1] epoch=12 train_batch=34000/15625 loss=546.354675
[rank 1] epoch=12 train_batch=36000/15625 loss=727.503174
[rank 1] epoch=12 train_batch=38000/15625 loss=619.797119
[rank 1] epoch=12 train_batch=40000/15625 loss=459.251160
[rank 1] epoch=12 train_batch=42000/15625 loss=570.027832
[rank 1] epoch=12 train_batch=44000/15625 loss=428.904083
[rank 1] epoch=12 train_batch=46000/15625 loss=471.986938
[rank 1] epoch=12 train_batch=48000/15625 loss=563.070618
[rank 1] epoch=12 train_batch=50000/15625 loss=704.661621
[rank 1] epoch=12 train_batch=52000/15625 loss=430.347198
[rank 1] epoch=12 train_batch=54000/15625 loss=579.052551
[rank 1] epoch=12 train_batch=56000/15625 loss=472.640259
[rank 1] epoch=12 train_batch=58000/15625 loss=499.468903
[rank 1] epoch=12 train_batch=60000/15625 loss=514.922913
[rank 1] epoch=12 train_batch=62000/15625 loss=420.602020
[rank 1] epoch=12 valid_batch=2000/738
[rank 1] epoch=13 train_batch=2000/15625 loss=432.807037
[rank 1] epoch=13 train_batch=4000/15625 loss=553.223206
[rank 1] epoch=13 train_batch=6000/15625 loss=623.473938
[rank 1] epoch=13 train_batch=8000/15625 loss=612.922241
[rank 1] epoch=13 train_batch=10000/15625 loss=553.680847
[rank 1] epoch=13 train_batch=12000/15625 loss=645.227051
[rank 1] epoch=13 train_batch=14000/15625 loss=535.354248
[rank 1] epoch=13 train_batch=16000/15625 loss=533.315308
[rank 1] epoch=13 train_batch=18000/15625 loss=436.823273
[rank 1] epoch=13 train_batch=20000/15625 loss=602.823792
[rank 1] epoch=13 train_batch=22000/15625 loss=542.895203
[rank 1] epoch=13 train_batch=24000/15625 loss=685.849243
[rank 1] epoch=13 train_batch=26000/15625 loss=363.190613
[rank 1] epoch=13 train_batch=28000/15625 loss=334.554321
[rank 1] epoch=13 train_batch=30000/15625 loss=444.132019
[rank 1] epoch=13 train_batch=32000/15625 loss=402.273254
[rank 1] epoch=13 train_batch=34000/15625 loss=368.643005
[rank 1] epoch=13 train_batch=36000/15625 loss=527.795776
[rank 1] epoch=13 train_batch=38000/15625 loss=393.584320
[rank 1] epoch=13 train_batch=40000/15625 loss=646.271912
[rank 1] epoch=13 train_batch=42000/15625 loss=350.019714
[rank 1] epoch=13 train_batch=44000/15625 loss=610.718811
[rank 1] epoch=13 train_batch=46000/15625 loss=410.734100
[rank 1] epoch=13 train_batch=48000/15625 loss=506.397125
[rank 1] epoch=13 train_batch=50000/15625 loss=578.912170
[rank 1] epoch=13 train_batch=52000/15625 loss=538.851990
[rank 1] epoch=13 train_batch=54000/15625 loss=608.378967
[rank 1] epoch=13 train_batch=56000/15625 loss=719.558899
[rank 1] epoch=13 train_batch=58000/15625 loss=385.933594
[rank 1] epoch=13 train_batch=60000/15625 loss=396.780365
[rank 1] epoch=13 train_batch=62000/15625 loss=479.171478
[rank 1] epoch=13 valid_batch=2000/738
[rank 1] epoch=14 train_batch=2000/15625 loss=530.720459
[rank 1] epoch=14 train_batch=4000/15625 loss=545.155457
[rank 1] epoch=14 train_batch=6000/15625 loss=442.491028
[rank 1] epoch=14 train_batch=8000/15625 loss=455.597015
[rank 1] epoch=14 train_batch=10000/15625 loss=611.791321
[rank 1] epoch=14 train_batch=12000/15625 loss=556.407776
[rank 1] epoch=14 train_batch=14000/15625 loss=758.397095
[rank 1] epoch=14 train_batch=16000/15625 loss=518.778137
[rank 1] epoch=14 train_batch=18000/15625 loss=499.546844
[rank 1] epoch=14 train_batch=20000/15625 loss=451.320038
[rank 1] epoch=14 train_batch=22000/15625 loss=587.518188
[rank 1] epoch=14 train_batch=24000/15625 loss=439.383667
[rank 1] epoch=14 train_batch=26000/15625 loss=516.230774
[rank 1] epoch=14 train_batch=28000/15625 loss=419.861420
[rank 1] epoch=14 train_batch=30000/15625 loss=421.420166
[rank 1] epoch=14 train_batch=32000/15625 loss=564.843018
[rank 1] epoch=14 train_batch=34000/15625 loss=598.471680
[rank 1] epoch=14 train_batch=36000/15625 loss=573.733643
[rank 1] epoch=14 train_batch=38000/15625 loss=501.860474
[rank 1] epoch=14 train_batch=40000/15625 loss=455.636108
[rank 1] epoch=14 train_batch=42000/15625 loss=614.792114
[rank 1] epoch=14 train_batch=44000/15625 loss=493.442841
[rank 1] epoch=14 train_batch=46000/15625 loss=357.814087
[rank 1] epoch=14 train_batch=48000/15625 loss=360.602264
[rank 1] epoch=14 train_batch=50000/15625 loss=348.981934
[rank 1] epoch=14 train_batch=52000/15625 loss=359.898132
[rank 1] epoch=14 train_batch=54000/15625 loss=442.370483
[rank 1] epoch=14 train_batch=56000/15625 loss=447.738800
[rank 1] epoch=14 train_batch=58000/15625 loss=406.382599
[rank 1] epoch=14 train_batch=60000/15625 loss=495.917542
[rank 1] epoch=14 train_batch=62000/15625 loss=575.085815
[rank 1] epoch=14 valid_batch=2000/738
[rank 1] epoch=15 train_batch=2000/15625 loss=563.585266
[rank 1] epoch=15 train_batch=4000/15625 loss=591.357361
[rank 1] epoch=15 train_batch=6000/15625 loss=548.614685
[rank 1] epoch=15 train_batch=8000/15625 loss=652.481812
[rank 1] epoch=15 train_batch=10000/15625 loss=393.061371
[rank 1] epoch=15 train_batch=12000/15625 loss=362.084137
