cuda:2
thetaphi at main: True
Loading dataset...
Extended H5: retain valid unknown-truth inputs; supervised loss is masked; exclude_gap_hits=True
Using ILCStreamingDataset (shuffle_buffer=256, files_per_chunk=32, seed=1001)
ILCStreamingDataset: path=/data/suehara/mldata/pfa/murata/data/tc/tc_nnqq_2M_nobrems/train, files=1960, events~=1960000, shuffle_buffer=256, files_per_chunk=32
Extended H5: retain valid unknown-truth inputs; supervised loss is masked; exclude_gap_hits=True
Using ILCStreamingDataset (shuffle_buffer=256, files_per_chunk=32, seed=1001)
ILCStreamingDataset: path=/data/suehara/mldata/pfa/murata/data/tc/tc_nnqq_2M_nobrems/validation, files=20, events~=20000, shuffle_buffer=256, files_per_chunk=32
Training dataset size:  1960000
Validating dataset size:  20000
Batch size:  128
Loading GravNetModelMultiHead (heads=6, reg_heads=5, interaction=none)
KNN backend=event-parallel GravNet_layers=4
restart period :  30
[rank 2] epoch=0 train_batch=2000/15313 loss=1.545004
[rank 2] epoch=0 train_batch=4000/15313 loss=1.431723
[rank 2] epoch=0 train_batch=6000/15313 loss=1.423059
[rank 2] epoch=0 train_batch=8000/15313 loss=1.468194
[rank 2] epoch=0 train_batch=10000/15313 loss=1.399010
[rank 2] epoch=0 train_batch=12000/15313 loss=1.420997
[rank 2] epoch=0 train_batch=14000/15313 loss=1.416826
[rank 2] epoch=1 train_batch=2000/15313 loss=1.354912
[rank 2] epoch=1 train_batch=4000/15313 loss=1.353033
[rank 2] epoch=1 train_batch=6000/15313 loss=1.347512
[rank 2] epoch=1 train_batch=8000/15313 loss=1.354055
[rank 2] epoch=1 train_batch=10000/15313 loss=1.369935
[rank 2] epoch=1 train_batch=12000/15313 loss=1.299422
[rank 2] epoch=1 train_batch=14000/15313 loss=1.339428
[rank 2] epoch=2 train_batch=2000/15313 loss=1.828138
[rank 2] epoch=2 train_batch=4000/15313 loss=1.904026
[rank 2] epoch=2 train_batch=6000/15313 loss=1.696349
[rank 2] epoch=2 train_batch=8000/15313 loss=1.681313
[rank 2] epoch=2 train_batch=10000/15313 loss=1.697327
[rank 2] epoch=2 train_batch=12000/15313 loss=1.767839
[rank 2] epoch=2 train_batch=14000/15313 loss=1.665336
[rank 2] epoch=3 train_batch=2000/15313 loss=1.733513
[rank 2] epoch=3 train_batch=4000/15313 loss=1.692440
[rank 2] epoch=3 train_batch=6000/15313 loss=1.665224
[rank 2] epoch=3 train_batch=8000/15313 loss=1.657100
[rank 2] epoch=3 train_batch=10000/15313 loss=1.654420
[rank 2] epoch=3 train_batch=12000/15313 loss=1.733701
[rank 2] epoch=3 train_batch=14000/15313 loss=1.591453
[rank 2] epoch=4 train_batch=2000/15313 loss=1.783758
[rank 2] epoch=4 train_batch=4000/15313 loss=1.805194
[rank 2] epoch=4 train_batch=6000/15313 loss=1.843255
[rank 2] epoch=4 train_batch=8000/15313 loss=1.721963
[rank 2] epoch=4 train_batch=10000/15313 loss=1.758179
[rank 2] epoch=4 train_batch=12000/15313 loss=1.818619
[rank 2] epoch=4 train_batch=14000/15313 loss=1.815038
[rank 2] epoch=5 train_batch=2000/15313 loss=1.780504
[rank 2] epoch=5 train_batch=4000/15313 loss=1.699026
[rank 2] epoch=5 train_batch=6000/15313 loss=1.737041
[rank 2] epoch=5 train_batch=8000/15313 loss=1.719286
[rank 2] epoch=5 train_batch=10000/15313 loss=1.752721
[rank 2] epoch=5 train_batch=12000/15313 loss=1.741849
[rank 2] epoch=5 train_batch=14000/15313 loss=1.782846
[rank 2] epoch=6 train_batch=2000/15313 loss=1.821507
[rank 2] epoch=6 train_batch=4000/15313 loss=1.775418
[rank 2] epoch=6 train_batch=6000/15313 loss=1.748202
[rank 2] epoch=6 train_batch=8000/15313 loss=1.718097
[rank 2] epoch=6 train_batch=10000/15313 loss=1.757683
[rank 2] epoch=6 train_batch=12000/15313 loss=1.709066
[rank 2] epoch=6 train_batch=14000/15313 loss=1.674711
[rank 2] epoch=7 train_batch=2000/15313 loss=1.688264
[rank 2] epoch=7 train_batch=4000/15313 loss=1.736250
[rank 2] epoch=7 train_batch=6000/15313 loss=1.761272
[rank 2] epoch=7 train_batch=8000/15313 loss=1.768892
[rank 2] epoch=7 train_batch=10000/15313 loss=1.765681
[rank 2] epoch=7 train_batch=12000/15313 loss=1.725464
[rank 2] epoch=7 train_batch=14000/15313 loss=1.734315
[rank 2] epoch=8 train_batch=2000/15313 loss=1.711232
[rank 2] epoch=8 train_batch=4000/15313 loss=1.678686
[rank 2] epoch=8 train_batch=6000/15313 loss=1.672483
[rank 2] epoch=8 train_batch=8000/15313 loss=1.652760
[rank 2] epoch=8 train_batch=10000/15313 loss=1.717828
[rank 2] epoch=8 train_batch=12000/15313 loss=1.580266
[rank 2] epoch=8 train_batch=14000/15313 loss=1.655869
[rank 2] epoch=9 train_batch=2000/15313 loss=1.634500
[rank 2] epoch=9 train_batch=4000/15313 loss=1.603693
[rank 2] epoch=9 train_batch=6000/15313 loss=1.663554
[rank 2] epoch=9 train_batch=8000/15313 loss=1.747318
[rank 2] epoch=9 train_batch=10000/15313 loss=1.842371
[rank 2] epoch=9 train_batch=12000/15313 loss=1.670865
[rank 2] epoch=9 train_batch=14000/15313 loss=1.743338
[rank 2] epoch=10 train_batch=2000/15313 loss=1.613986
[rank 2] epoch=10 train_batch=4000/15313 loss=1.640535
[rank 2] epoch=10 train_batch=6000/15313 loss=1.662085
[rank 2] epoch=10 train_batch=8000/15313 loss=1.586714
[rank 2] epoch=10 train_batch=10000/15313 loss=1.624587
[rank 2] epoch=10 train_batch=12000/15313 loss=1.689496
[rank 2] epoch=10 train_batch=14000/15313 loss=1.554482
[rank 2] epoch=11 train_batch=2000/15313 loss=1.640102
[rank 2] epoch=11 train_batch=4000/15313 loss=1.635782
[rank 2] epoch=11 train_batch=6000/15313 loss=1.653960
[rank 2] epoch=11 train_batch=8000/15313 loss=1.598704
[rank 2] epoch=11 train_batch=10000/15313 loss=1.620311
[rank 2] epoch=11 train_batch=12000/15313 loss=1.653589
[rank 2] epoch=11 train_batch=14000/15313 loss=1.612447
[rank 2] epoch=12 train_batch=2000/15313 loss=1.643806
[rank 2] epoch=12 train_batch=4000/15313 loss=1.605639
[rank 2] epoch=12 train_batch=6000/15313 loss=1.605442
[rank 2] epoch=12 train_batch=8000/15313 loss=1.554660
[rank 2] epoch=12 train_batch=10000/15313 loss=1.650980
[rank 2] epoch=12 train_batch=12000/15313 loss=1.582818
[rank 2] epoch=12 train_batch=14000/15313 loss=1.516459
[rank 2] epoch=13 train_batch=2000/15313 loss=1.578358
[rank 2] epoch=13 train_batch=4000/15313 loss=1.566481
[rank 2] epoch=13 train_batch=6000/15313 loss=1.746500
[rank 2] epoch=13 train_batch=8000/15313 loss=1.685951
[rank 2] epoch=13 train_batch=10000/15313 loss=1.674038
[rank 2] epoch=13 train_batch=12000/15313 loss=1.596483
[rank 2] epoch=13 train_batch=14000/15313 loss=1.648044
[rank 2] epoch=14 train_batch=2000/15313 loss=1.597772
[rank 2] epoch=14 train_batch=4000/15313 loss=1.613045
[rank 2] epoch=14 train_batch=6000/15313 loss=1.698426
[rank 2] epoch=14 train_batch=8000/15313 loss=1.660091
[rank 2] epoch=14 train_batch=10000/15313 loss=1.631091
[rank 2] epoch=14 train_batch=12000/15313 loss=1.622342
[rank 2] epoch=14 train_batch=14000/15313 loss=1.580871
[rank 2] epoch=15 train_batch=2000/15313 loss=1.615779
[rank 2] epoch=15 train_batch=4000/15313 loss=1.581894
[rank 2] epoch=15 train_batch=6000/15313 loss=1.561050
[rank 2] epoch=15 train_batch=8000/15313 loss=1.561897
[rank 2] epoch=15 train_batch=10000/15313 loss=1.602206
[rank 2] epoch=15 train_batch=12000/15313 loss=1.602810
[rank 2] epoch=15 train_batch=14000/15313 loss=1.613623
[rank 2] epoch=16 train_batch=2000/15313 loss=1.526844
[rank 2] epoch=16 train_batch=4000/15313 loss=1.558884
[rank 2] epoch=16 train_batch=6000/15313 loss=1.543784
[rank 2] epoch=16 train_batch=8000/15313 loss=1.566276
[rank 2] epoch=16 train_batch=10000/15313 loss=1.606679
[rank 2] epoch=16 train_batch=12000/15313 loss=1.608319
[rank 2] epoch=16 train_batch=14000/15313 loss=1.662219
[rank 2] epoch=17 train_batch=2000/15313 loss=1.567887
[rank 2] epoch=17 train_batch=4000/15313 loss=1.520197
[rank 2] epoch=17 train_batch=6000/15313 loss=1.574956
[rank 2] epoch=17 train_batch=8000/15313 loss=1.593023
[rank 2] epoch=17 train_batch=10000/15313 loss=1.634322
[rank 2] epoch=17 train_batch=12000/15313 loss=1.637957
[rank 2] epoch=17 train_batch=14000/15313 loss=1.619552
[rank 2] epoch=18 train_batch=2000/15313 loss=1.629826
[rank 2] epoch=18 train_batch=4000/15313 loss=1.603154
[rank 2] epoch=18 train_batch=6000/15313 loss=1.610982
[rank 2] epoch=18 train_batch=8000/15313 loss=1.583121
[rank 2] epoch=18 train_batch=10000/15313 loss=1.541697
[rank 2] epoch=18 train_batch=12000/15313 loss=1.585590
[rank 2] epoch=18 train_batch=14000/15313 loss=1.497877
[rank 2] epoch=19 train_batch=2000/15313 loss=1.666518
[rank 2] epoch=19 train_batch=4000/15313 loss=1.593789
[rank 2] epoch=19 train_batch=6000/15313 loss=1.580877
[rank 2] epoch=19 train_batch=8000/15313 loss=1.537328
[rank 2] epoch=19 train_batch=10000/15313 loss=1.560157
[rank 2] epoch=19 train_batch=12000/15313 loss=1.642763
[rank 2] epoch=19 train_batch=14000/15313 loss=1.600779
[rank 2] epoch=20 train_batch=2000/15313 loss=1.549722
[rank 2] epoch=20 train_batch=4000/15313 loss=1.517939
[rank 2] epoch=20 train_batch=6000/15313 loss=1.612813
[rank 2] epoch=20 train_batch=8000/15313 loss=1.659765
[rank 2] epoch=20 train_batch=10000/15313 loss=1.570663
[rank 2] epoch=20 train_batch=12000/15313 loss=1.567457
[rank 2] epoch=20 train_batch=14000/15313 loss=1.572435
[rank 2] epoch=21 train_batch=2000/15313 loss=1.655332
[rank 2] epoch=21 train_batch=4000/15313 loss=1.590662
[rank 2] epoch=21 train_batch=6000/15313 loss=1.501069
[rank 2] epoch=21 train_batch=8000/15313 loss=1.546886
[rank 2] epoch=21 train_batch=10000/15313 loss=1.567253
[rank 2] epoch=21 train_batch=12000/15313 loss=1.642882
[rank 2] epoch=21 train_batch=14000/15313 loss=1.538250
[rank 2] epoch=22 train_batch=2000/15313 loss=1.627702
[rank 2] epoch=22 train_batch=4000/15313 loss=1.533850
[rank 2] epoch=22 train_batch=6000/15313 loss=1.629719
[rank 2] epoch=22 train_batch=8000/15313 loss=1.549065
[rank 2] epoch=22 train_batch=10000/15313 loss=1.585358
[rank 2] epoch=22 train_batch=12000/15313 loss=1.551271
[rank 2] epoch=22 train_batch=14000/15313 loss=1.543653
[rank 2] epoch=23 train_batch=2000/15313 loss=1.581913
[rank 2] epoch=23 train_batch=4000/15313 loss=1.587296
[rank 2] epoch=23 train_batch=6000/15313 loss=1.484160
[rank 2] epoch=23 train_batch=8000/15313 loss=1.560340
[rank 2] epoch=23 train_batch=10000/15313 loss=1.557954
[rank 2] epoch=23 train_batch=12000/15313 loss=1.531365
[rank 2] epoch=23 train_batch=14000/15313 loss=1.632757
[rank 2] epoch=24 train_batch=2000/15313 loss=1.493161
[rank 2] epoch=24 train_batch=4000/15313 loss=1.566365
[rank 2] epoch=24 train_batch=6000/15313 loss=1.538269
[rank 2] epoch=24 train_batch=8000/15313 loss=1.550245
[rank 2] epoch=24 train_batch=10000/15313 loss=1.566169
[rank 2] epoch=24 train_batch=12000/15313 loss=1.631185
[rank 2] epoch=24 train_batch=14000/15313 loss=1.524890
[rank 2] epoch=25 train_batch=2000/15313 loss=1.512352
[rank 2] epoch=25 train_batch=4000/15313 loss=1.539472
[rank 2] epoch=25 train_batch=6000/15313 loss=1.529739
[rank 2] epoch=25 train_batch=8000/15313 loss=1.615473
[rank 2] epoch=25 train_batch=10000/15313 loss=1.568441
[rank 2] epoch=25 train_batch=12000/15313 loss=1.563116
[rank 2] epoch=25 train_batch=14000/15313 loss=1.543190
[rank 2] epoch=26 train_batch=2000/15313 loss=1.584458
[rank 2] epoch=26 train_batch=4000/15313 loss=1.551697
[rank 2] epoch=26 train_batch=6000/15313 loss=1.530613
[rank 2] epoch=26 train_batch=8000/15313 loss=1.549870
[rank 2] epoch=26 train_batch=10000/15313 loss=1.531003
[rank 2] epoch=26 train_batch=12000/15313 loss=1.615436
[rank 2] epoch=26 train_batch=14000/15313 loss=1.597893
[rank 2] epoch=27 train_batch=2000/15313 loss=1.544180
[rank 2] epoch=27 train_batch=4000/15313 loss=1.504205
[rank 2] epoch=27 train_batch=6000/15313 loss=1.515668
[rank 2] epoch=27 train_batch=8000/15313 loss=1.538135
[rank 2] epoch=27 train_batch=10000/15313 loss=1.574172
[rank 2] epoch=27 train_batch=12000/15313 loss=1.483701
[rank 2] epoch=27 train_batch=14000/15313 loss=1.537578
[rank 2] epoch=28 train_batch=2000/15313 loss=1.549759
[rank 2] epoch=28 train_batch=4000/15313 loss=1.506837
[rank 2] epoch=28 train_batch=6000/15313 loss=1.577813
[rank 2] epoch=28 train_batch=8000/15313 loss=1.487842
[rank 2] epoch=28 train_batch=10000/15313 loss=1.509718
[rank 2] epoch=28 train_batch=12000/15313 loss=1.592602
[rank 2] epoch=28 train_batch=14000/15313 loss=1.484657
[rank 2] epoch=29 train_batch=2000/15313 loss=1.526933
[rank 2] epoch=29 train_batch=4000/15313 loss=1.520136
[rank 2] epoch=29 train_batch=6000/15313 loss=1.504880
[rank 2] epoch=29 train_batch=8000/15313 loss=1.546805
[rank 2] epoch=29 train_batch=10000/15313 loss=1.500404
[rank 2] epoch=29 train_batch=12000/15313 loss=1.503461
[rank 2] epoch=29 train_batch=14000/15313 loss=1.551687
[rank 2] epoch=30 train_batch=2000/15313 loss=1.558279
[rank 2] epoch=30 train_batch=4000/15313 loss=1.584548
[rank 2] epoch=30 train_batch=6000/15313 loss=1.658736
[rank 2] epoch=30 train_batch=8000/15313 loss=1.576271
[rank 2] epoch=30 train_batch=10000/15313 loss=1.648697
[rank 2] epoch=30 train_batch=12000/15313 loss=1.678463
[rank 2] epoch=30 train_batch=14000/15313 loss=1.673021
[rank 2] epoch=31 train_batch=2000/15313 loss=1.672545
[rank 2] epoch=31 train_batch=4000/15313 loss=1.578286
[rank 2] epoch=31 train_batch=6000/15313 loss=1.620889
[rank 2] epoch=31 train_batch=8000/15313 loss=1.661164
[rank 2] epoch=31 train_batch=10000/15313 loss=1.654995
[rank 2] epoch=31 train_batch=12000/15313 loss=1.695551
[rank 2] epoch=31 train_batch=14000/15313 loss=1.614125
[rank 2] epoch=32 train_batch=2000/15313 loss=1.667178
[rank 2] epoch=32 train_batch=4000/15313 loss=1.589506
[rank 2] epoch=32 train_batch=6000/15313 loss=1.691000
[rank 2] epoch=32 train_batch=8000/15313 loss=1.633241
[rank 2] epoch=32 train_batch=10000/15313 loss=1.605136
[rank 2] epoch=32 train_batch=12000/15313 loss=1.621581
[rank 2] epoch=32 train_batch=14000/15313 loss=1.633244
[rank 2] epoch=33 train_batch=2000/15313 loss=1.608943
[rank 2] epoch=33 train_batch=4000/15313 loss=1.554071
[rank 2] epoch=33 train_batch=6000/15313 loss=1.675739
[rank 2] epoch=33 train_batch=8000/15313 loss=1.624700
[rank 2] epoch=33 train_batch=10000/15313 loss=1.662504
[rank 2] epoch=33 train_batch=12000/15313 loss=1.609039
[rank 2] epoch=33 train_batch=14000/15313 loss=1.678506
[rank 2] epoch=34 train_batch=2000/15313 loss=1.678082
[rank 2] epoch=34 train_batch=4000/15313 loss=1.605278
[rank 2] epoch=34 train_batch=6000/15313 loss=1.581313
[rank 2] epoch=34 train_batch=8000/15313 loss=1.683950
[rank 2] epoch=34 train_batch=10000/15313 loss=1.563830
[rank 2] epoch=34 train_batch=12000/15313 loss=1.632211
[rank 2] epoch=34 train_batch=14000/15313 loss=1.764462
[rank 2] epoch=35 train_batch=2000/15313 loss=1.599822
[rank 2] epoch=35 train_batch=4000/15313 loss=1.522791
[rank 2] epoch=35 train_batch=6000/15313 loss=1.606479
[rank 2] epoch=35 train_batch=8000/15313 loss=1.633530
[rank 2] epoch=35 train_batch=10000/15313 loss=1.646822
[rank 2] epoch=35 train_batch=12000/15313 loss=1.651409
[rank 2] epoch=35 train_batch=14000/15313 loss=1.657961
[rank 2] epoch=36 train_batch=2000/15313 loss=1.570484
[rank 2] epoch=36 train_batch=4000/15313 loss=1.501960
[rank 2] epoch=36 train_batch=6000/15313 loss=1.566057
[rank 2] epoch=36 train_batch=8000/15313 loss=1.641733
[rank 2] epoch=36 train_batch=10000/15313 loss=1.622491
[rank 2] epoch=36 train_batch=12000/15313 loss=1.558711
[rank 2] epoch=36 train_batch=14000/15313 loss=1.595116
[rank 2] epoch=37 train_batch=2000/15313 loss=1.602562
[rank 2] epoch=37 train_batch=4000/15313 loss=1.593122
[rank 2] epoch=37 train_batch=6000/15313 loss=1.541293
[rank 2] epoch=37 train_batch=8000/15313 loss=1.486220
[rank 2] epoch=37 train_batch=10000/15313 loss=1.613772
[rank 2] epoch=37 train_batch=12000/15313 loss=1.643863
[rank 2] epoch=37 train_batch=14000/15313 loss=1.565608
[rank 2] epoch=38 train_batch=2000/15313 loss=1.624337
[rank 2] epoch=38 train_batch=4000/15313 loss=1.631807
[rank 2] epoch=38 train_batch=6000/15313 loss=1.536842
[rank 2] epoch=38 train_batch=8000/15313 loss=1.482548
[rank 2] epoch=38 train_batch=10000/15313 loss=1.578442
[rank 2] epoch=38 train_batch=12000/15313 loss=1.575023
[rank 2] epoch=38 train_batch=14000/15313 loss=1.552238
[rank 2] epoch=39 train_batch=2000/15313 loss=1.637711
[rank 2] epoch=39 train_batch=4000/15313 loss=1.545079
[rank 2] epoch=39 train_batch=6000/15313 loss=1.576842
[rank 2] epoch=39 train_batch=8000/15313 loss=1.562178
[rank 2] epoch=39 train_batch=10000/15313 loss=1.526726
[rank 2] epoch=39 train_batch=12000/15313 loss=1.565345
[rank 2] epoch=39 train_batch=14000/15313 loss=1.603224
[rank 2] epoch=40 train_batch=2000/15313 loss=1.500784
[rank 2] epoch=40 train_batch=4000/15313 loss=1.596171
[rank 2] epoch=40 train_batch=6000/15313 loss=1.553364
[rank 2] epoch=40 train_batch=8000/15313 loss=1.622066
[rank 2] epoch=40 train_batch=10000/15313 loss=1.551567
[rank 2] epoch=40 train_batch=12000/15313 loss=1.595338
[rank 2] epoch=40 train_batch=14000/15313 loss=1.646663
[rank 2] epoch=41 train_batch=2000/15313 loss=1.613729
[rank 2] epoch=41 train_batch=4000/15313 loss=1.692872
[rank 2] epoch=41 train_batch=6000/15313 loss=1.607807
[rank 2] epoch=41 train_batch=8000/15313 loss=1.639299
[rank 2] epoch=41 train_batch=10000/15313 loss=1.588008
[rank 2] epoch=41 train_batch=12000/15313 loss=1.625372
[rank 2] epoch=41 train_batch=14000/15313 loss=1.566186
[rank 2] epoch=42 train_batch=2000/15313 loss=1.533456
[rank 2] epoch=42 train_batch=4000/15313 loss=1.583409
[rank 2] epoch=42 train_batch=6000/15313 loss=1.601802
[rank 2] epoch=42 train_batch=8000/15313 loss=1.579019
[rank 2] epoch=42 train_batch=10000/15313 loss=1.592737
[rank 2] epoch=42 train_batch=12000/15313 loss=1.590942
[rank 2] epoch=42 train_batch=14000/15313 loss=1.616111
[rank 2] epoch=43 train_batch=2000/15313 loss=1.534638
[rank 2] epoch=43 train_batch=4000/15313 loss=1.668885
[rank 2] epoch=43 train_batch=6000/15313 loss=1.543779
[rank 2] epoch=43 train_batch=8000/15313 loss=1.649915
[rank 2] epoch=43 train_batch=10000/15313 loss=1.615354
[rank 2] epoch=43 train_batch=12000/15313 loss=1.560606
[rank 2] epoch=43 train_batch=14000/15313 loss=1.714035
[rank 2] epoch=44 train_batch=2000/15313 loss=1.514827
[rank 2] epoch=44 train_batch=4000/15313 loss=1.624252
[rank 2] epoch=44 train_batch=6000/15313 loss=1.576196
[rank 2] epoch=44 train_batch=8000/15313 loss=1.590109
[rank 2] epoch=44 train_batch=10000/15313 loss=1.523657
[rank 2] epoch=44 train_batch=12000/15313 loss=1.560580
[rank 2] epoch=44 train_batch=14000/15313 loss=1.610077
[rank 2] epoch=45 train_batch=2000/15313 loss=1.547498
[rank 2] epoch=45 train_batch=4000/15313 loss=1.619209
[rank 2] epoch=45 train_batch=6000/15313 loss=1.558584
[rank 2] epoch=45 train_batch=8000/15313 loss=1.558871
[rank 2] epoch=45 train_batch=10000/15313 loss=1.541369
[rank 2] epoch=45 train_batch=12000/15313 loss=1.529346
[rank 2] epoch=45 train_batch=14000/15313 loss=1.546143
[rank 2] epoch=46 train_batch=2000/15313 loss=1.531873
[rank 2] epoch=46 train_batch=4000/15313 loss=1.586393
[rank 2] epoch=46 train_batch=6000/15313 loss=1.497516
[rank 2] epoch=46 train_batch=8000/15313 loss=1.566542
[rank 2] epoch=46 train_batch=10000/15313 loss=1.513604
[rank 2] epoch=46 train_batch=12000/15313 loss=1.549787
[rank 2] epoch=46 train_batch=14000/15313 loss=1.586224
[rank 2] epoch=47 train_batch=2000/15313 loss=1.567495
[rank 2] epoch=47 train_batch=4000/15313 loss=1.554312
[rank 2] epoch=47 train_batch=6000/15313 loss=1.540743
[rank 2] epoch=47 train_batch=8000/15313 loss=1.557212
[rank 2] epoch=47 train_batch=10000/15313 loss=1.570111
[rank 2] epoch=47 train_batch=12000/15313 loss=1.479868
[rank 2] epoch=47 train_batch=14000/15313 loss=1.592471
[rank 2] epoch=48 train_batch=2000/15313 loss=1.529020
[rank 2] epoch=48 train_batch=4000/15313 loss=1.543047
[rank 2] epoch=48 train_batch=6000/15313 loss=1.541536
[rank 2] epoch=48 train_batch=8000/15313 loss=1.532333
[rank 2] epoch=48 train_batch=10000/15313 loss=1.583428
[rank 2] epoch=48 train_batch=12000/15313 loss=1.421681
[rank 2] epoch=48 train_batch=14000/15313 loss=1.543320
[rank 2] epoch=49 train_batch=2000/15313 loss=1.541426
[rank 2] epoch=49 train_batch=4000/15313 loss=1.547123
[rank 2] epoch=49 train_batch=6000/15313 loss=1.537268
[rank 2] epoch=49 train_batch=8000/15313 loss=1.591812
[rank 2] epoch=49 train_batch=10000/15313 loss=1.577016
[rank 2] epoch=49 train_batch=12000/15313 loss=1.554010
[rank 2] epoch=49 train_batch=14000/15313 loss=1.577863
[rank 2] epoch=50 train_batch=2000/15313 loss=1.675202
[rank 2] epoch=50 train_batch=4000/15313 loss=1.494262
[rank 2] epoch=50 train_batch=6000/15313 loss=1.501222
[rank 2] epoch=50 train_batch=8000/15313 loss=1.480201
[rank 2] epoch=50 train_batch=10000/15313 loss=1.525917
[rank 2] epoch=50 train_batch=12000/15313 loss=1.611627
[rank 2] epoch=50 train_batch=14000/15313 loss=1.581838
[rank 2] epoch=51 train_batch=2000/15313 loss=1.543790
[rank 2] epoch=51 train_batch=4000/15313 loss=1.588997
[rank 2] epoch=51 train_batch=6000/15313 loss=1.568132
[rank 2] epoch=51 train_batch=8000/15313 loss=1.535816
[rank 2] epoch=51 train_batch=10000/15313 loss=1.589942
[rank 2] epoch=51 train_batch=12000/15313 loss=1.542835
[rank 2] epoch=51 train_batch=14000/15313 loss=1.479422
[rank 2] epoch=52 train_batch=2000/15313 loss=1.538841
[rank 2] epoch=52 train_batch=4000/15313 loss=1.514547
[rank 2] epoch=52 train_batch=6000/15313 loss=1.465104
[rank 2] epoch=52 train_batch=8000/15313 loss=1.564663
[rank 2] epoch=52 train_batch=10000/15313 loss=1.525744
[rank 2] epoch=52 train_batch=12000/15313 loss=1.534517
[rank 2] epoch=52 train_batch=14000/15313 loss=1.544518
[rank 2] epoch=53 train_batch=2000/15313 loss=1.581005
[rank 2] epoch=53 train_batch=4000/15313 loss=1.558887
[rank 2] epoch=53 train_batch=6000/15313 loss=1.515409
[rank 2] epoch=53 train_batch=8000/15313 loss=1.531500
[rank 2] epoch=53 train_batch=10000/15313 loss=1.519089
[rank 2] epoch=53 train_batch=12000/15313 loss=1.507862
[rank 2] epoch=53 train_batch=14000/15313 loss=1.552717
[rank 2] epoch=54 train_batch=2000/15313 loss=1.513490
[rank 2] epoch=54 train_batch=4000/15313 loss=1.460596
[rank 2] epoch=54 train_batch=6000/15313 loss=1.562814
[rank 2] epoch=54 train_batch=8000/15313 loss=1.557623
[rank 2] epoch=54 train_batch=10000/15313 loss=1.572486
[rank 2] epoch=54 train_batch=12000/15313 loss=1.508374
[rank 2] epoch=54 train_batch=14000/15313 loss=1.489039
[rank 2] epoch=55 train_batch=2000/15313 loss=1.521886
[rank 2] epoch=55 train_batch=4000/15313 loss=1.502893
[rank 2] epoch=55 train_batch=6000/15313 loss=1.496199
[rank 2] epoch=55 train_batch=8000/15313 loss=1.458043
[rank 2] epoch=55 train_batch=10000/15313 loss=1.532266
[rank 2] epoch=55 train_batch=12000/15313 loss=1.469685
[rank 2] epoch=55 train_batch=14000/15313 loss=1.550482
[rank 2] epoch=56 train_batch=2000/15313 loss=1.579195
[rank 2] epoch=56 train_batch=4000/15313 loss=1.551662
[rank 2] epoch=56 train_batch=6000/15313 loss=1.507286
[rank 2] epoch=56 train_batch=8000/15313 loss=1.484942
[rank 2] epoch=56 train_batch=10000/15313 loss=1.519945
[rank 2] epoch=56 train_batch=12000/15313 loss=1.425453
[rank 2] epoch=56 train_batch=14000/15313 loss=1.531012
[rank 2] epoch=57 train_batch=2000/15313 loss=1.465656
[rank 2] epoch=57 train_batch=4000/15313 loss=1.499726
[rank 2] epoch=57 train_batch=6000/15313 loss=1.578365
[rank 2] epoch=57 train_batch=8000/15313 loss=1.580389
[rank 2] epoch=57 train_batch=10000/15313 loss=1.533625
[rank 2] epoch=57 train_batch=12000/15313 loss=1.484712
[rank 2] epoch=57 train_batch=14000/15313 loss=1.476690
[rank 2] epoch=58 train_batch=2000/15313 loss=1.526149
[rank 2] epoch=58 train_batch=4000/15313 loss=1.484745
[rank 2] epoch=58 train_batch=6000/15313 loss=1.513569
[rank 2] epoch=58 train_batch=8000/15313 loss=1.482499
[rank 2] epoch=58 train_batch=10000/15313 loss=1.525556
[rank 2] epoch=58 train_batch=12000/15313 loss=1.532423
[rank 2] epoch=58 train_batch=14000/15313 loss=1.537565
[rank 2] epoch=59 train_batch=2000/15313 loss=1.497739
[rank 2] epoch=59 train_batch=4000/15313 loss=1.469051
[rank 2] epoch=59 train_batch=6000/15313 loss=1.500797
[rank 2] epoch=59 train_batch=8000/15313 loss=1.491825
[rank 2] epoch=59 train_batch=10000/15313 loss=1.633943
[rank 2] epoch=59 train_batch=12000/15313 loss=1.509467
[rank 2] epoch=59 train_batch=14000/15313 loss=1.551445
[rank 2] epoch=60 train_batch=2000/15313 loss=1.522891
[rank 2] epoch=60 train_batch=4000/15313 loss=1.502167
[rank 2] epoch=60 train_batch=6000/15313 loss=1.521886
[rank 2] epoch=60 train_batch=8000/15313 loss=1.540942
[rank 2] epoch=60 train_batch=10000/15313 loss=1.485708
[rank 2] epoch=60 train_batch=12000/15313 loss=1.480232
[rank 2] epoch=60 train_batch=14000/15313 loss=1.529168
[rank 2] epoch=61 train_batch=2000/15313 loss=1.581327
[rank 2] epoch=61 train_batch=4000/15313 loss=1.533909
[rank 2] epoch=61 train_batch=6000/15313 loss=1.466408
[rank 2] epoch=61 train_batch=8000/15313 loss=1.523496
[rank 2] epoch=61 train_batch=10000/15313 loss=1.571067
[rank 2] epoch=61 train_batch=12000/15313 loss=1.504799
[rank 2] epoch=61 train_batch=14000/15313 loss=1.436574
[rank 2] epoch=62 train_batch=2000/15313 loss=1.527364
[rank 2] epoch=62 train_batch=4000/15313 loss=1.509175
[rank 2] epoch=62 train_batch=6000/15313 loss=1.504876
[rank 2] epoch=62 train_batch=8000/15313 loss=1.595936
[rank 2] epoch=62 train_batch=10000/15313 loss=1.558116
[rank 2] epoch=62 train_batch=12000/15313 loss=1.484593
[rank 2] epoch=62 train_batch=14000/15313 loss=1.517309
[rank 2] epoch=63 train_batch=2000/15313 loss=1.567873
[rank 2] epoch=63 train_batch=4000/15313 loss=1.600946
[rank 2] epoch=63 train_batch=6000/15313 loss=1.600423
[rank 2] epoch=63 train_batch=8000/15313 loss=1.596214
[rank 2] epoch=63 train_batch=10000/15313 loss=1.596046
[rank 2] epoch=63 train_batch=12000/15313 loss=1.537344
[rank 2] epoch=63 train_batch=14000/15313 loss=1.687123
[rank 2] epoch=64 train_batch=2000/15313 loss=1.554615
[rank 2] epoch=64 train_batch=4000/15313 loss=1.643934
[rank 2] epoch=64 train_batch=6000/15313 loss=1.561577
[rank 2] epoch=64 train_batch=8000/15313 loss=1.529927
[rank 2] epoch=64 train_batch=10000/15313 loss=1.684809
[rank 2] epoch=64 train_batch=12000/15313 loss=1.511104
[rank 2] epoch=64 train_batch=14000/15313 loss=1.530195
[rank 2] epoch=65 train_batch=2000/15313 loss=1.589933
[rank 2] epoch=65 train_batch=4000/15313 loss=1.608189
[rank 2] epoch=65 train_batch=6000/15313 loss=1.660883
[rank 2] epoch=65 train_batch=8000/15313 loss=1.544764
[rank 2] epoch=65 train_batch=10000/15313 loss=1.535705
[rank 2] epoch=65 train_batch=12000/15313 loss=1.592358
[rank 2] epoch=65 train_batch=14000/15313 loss=1.493080
[rank 2] epoch=66 train_batch=2000/15313 loss=1.590273
[rank 2] epoch=66 train_batch=4000/15313 loss=1.599019
[rank 2] epoch=66 train_batch=6000/15313 loss=1.555981
[rank 2] epoch=66 train_batch=8000/15313 loss=1.601201
[rank 2] epoch=66 train_batch=10000/15313 loss=1.546967
[rank 2] epoch=66 train_batch=12000/15313 loss=1.564611
[rank 2] epoch=66 train_batch=14000/15313 loss=1.682141
[rank 2] epoch=67 train_batch=2000/15313 loss=1.605700
[rank 2] epoch=67 train_batch=4000/15313 loss=1.676647
[rank 2] epoch=67 train_batch=6000/15313 loss=1.516125
[rank 2] epoch=67 train_batch=8000/15313 loss=1.592411
[rank 2] epoch=67 train_batch=10000/15313 loss=1.617500
[rank 2] epoch=67 train_batch=12000/15313 loss=1.673327
[rank 2] epoch=67 train_batch=14000/15313 loss=1.524450
[rank 2] epoch=68 train_batch=2000/15313 loss=1.737839
[rank 2] epoch=68 train_batch=4000/15313 loss=1.527437
[rank 2] epoch=68 train_batch=6000/15313 loss=1.620037
[rank 2] epoch=68 train_batch=8000/15313 loss=1.667259
[rank 2] epoch=68 train_batch=10000/15313 loss=1.614907
[rank 2] epoch=68 train_batch=12000/15313 loss=1.556462
[rank 2] epoch=68 train_batch=14000/15313 loss=1.522931
[rank 2] epoch=69 train_batch=2000/15313 loss=1.528489
[rank 2] epoch=69 train_batch=4000/15313 loss=1.624308
[rank 2] epoch=69 train_batch=6000/15313 loss=1.580408
[rank 2] epoch=69 train_batch=8000/15313 loss=1.538540
[rank 2] epoch=69 train_batch=10000/15313 loss=1.557009
[rank 2] epoch=69 train_batch=12000/15313 loss=1.573654
[rank 2] epoch=69 train_batch=14000/15313 loss=1.536758
[rank 2] epoch=70 train_batch=2000/15313 loss=1.594770
[rank 2] epoch=70 train_batch=4000/15313 loss=1.615562
[rank 2] epoch=70 train_batch=6000/15313 loss=1.498878
[rank 2] epoch=70 train_batch=8000/15313 loss=1.554135
[rank 2] epoch=70 train_batch=10000/15313 loss=1.525223
[rank 2] epoch=70 train_batch=12000/15313 loss=1.509577
[rank 2] epoch=70 train_batch=14000/15313 loss=1.559345
[rank 2] epoch=71 train_batch=2000/15313 loss=1.516051
[rank 2] epoch=71 train_batch=4000/15313 loss=1.532394
[rank 2] epoch=71 train_batch=6000/15313 loss=1.660991
[rank 2] epoch=71 train_batch=8000/15313 loss=1.570815
[rank 2] epoch=71 train_batch=10000/15313 loss=1.490755
[rank 2] epoch=71 train_batch=12000/15313 loss=1.535995
[rank 2] epoch=71 train_batch=14000/15313 loss=1.586941
[rank 2] epoch=72 train_batch=2000/15313 loss=1.582480
[rank 2] epoch=72 train_batch=4000/15313 loss=1.576165
[rank 2] epoch=72 train_batch=6000/15313 loss=1.535487
[rank 2] epoch=72 train_batch=8000/15313 loss=1.613987
[rank 2] epoch=72 train_batch=10000/15313 loss=1.650283
[rank 2] epoch=72 train_batch=12000/15313 loss=1.646796
[rank 2] epoch=72 train_batch=14000/15313 loss=1.542273
[rank 2] epoch=73 train_batch=2000/15313 loss=1.496140
[rank 2] epoch=73 train_batch=4000/15313 loss=1.605688
[rank 2] epoch=73 train_batch=6000/15313 loss=1.620625
[rank 2] epoch=73 train_batch=8000/15313 loss=1.598196
[rank 2] epoch=73 train_batch=10000/15313 loss=1.538880
[rank 2] epoch=73 train_batch=12000/15313 loss=1.526478
[rank 2] epoch=73 train_batch=14000/15313 loss=1.559413
[rank 2] epoch=74 train_batch=2000/15313 loss=1.595177
[rank 2] epoch=74 train_batch=4000/15313 loss=1.567012
[rank 2] epoch=74 train_batch=6000/15313 loss=1.548800
[rank 2] epoch=74 train_batch=8000/15313 loss=1.558444
[rank 2] epoch=74 train_batch=10000/15313 loss=1.516960
[rank 2] epoch=74 train_batch=12000/15313 loss=1.566426
[rank 2] epoch=74 train_batch=14000/15313 loss=1.585295
[rank 2] epoch=75 train_batch=2000/15313 loss=1.541865
[rank 2] epoch=75 train_batch=4000/15313 loss=1.632705
[rank 2] epoch=75 train_batch=6000/15313 loss=1.542447
[rank 2] epoch=75 train_batch=8000/15313 loss=1.547823
[rank 2] epoch=75 train_batch=10000/15313 loss=1.530446
[rank 2] epoch=75 train_batch=12000/15313 loss=1.569889
[rank 2] epoch=75 train_batch=14000/15313 loss=1.569202
[rank 2] epoch=76 train_batch=2000/15313 loss=1.589888
[rank 2] epoch=76 train_batch=4000/15313 loss=1.592161
[rank 2] epoch=76 train_batch=6000/15313 loss=1.486040
[rank 2] epoch=76 train_batch=8000/15313 loss=1.618724
[rank 2] epoch=76 train_batch=10000/15313 loss=1.526178
[rank 2] epoch=76 train_batch=12000/15313 loss=1.583418
[rank 2] epoch=76 train_batch=14000/15313 loss=1.550791
[rank 2] epoch=77 train_batch=2000/15313 loss=1.528250
[rank 2] epoch=77 train_batch=4000/15313 loss=1.567183
[rank 2] epoch=77 train_batch=6000/15313 loss=1.644409
[rank 2] epoch=77 train_batch=8000/15313 loss=1.558349
[rank 2] epoch=77 train_batch=10000/15313 loss=1.522165
[rank 2] epoch=77 train_batch=12000/15313 loss=1.586875
[rank 2] epoch=77 train_batch=14000/15313 loss=1.520821
[rank 2] epoch=78 train_batch=2000/15313 loss=1.465622
[rank 2] epoch=78 train_batch=4000/15313 loss=1.557396
[rank 2] epoch=78 train_batch=6000/15313 loss=1.495762
[rank 2] epoch=78 train_batch=8000/15313 loss=1.473163
[rank 2] epoch=78 train_batch=10000/15313 loss=1.553169
[rank 2] epoch=78 train_batch=12000/15313 loss=1.534143
[rank 2] epoch=78 train_batch=14000/15313 loss=1.518615
[rank 2] epoch=79 train_batch=2000/15313 loss=1.595502
[rank 2] epoch=79 train_batch=4000/15313 loss=1.564246
[rank 2] epoch=79 train_batch=6000/15313 loss=1.531877
[rank 2] epoch=79 train_batch=8000/15313 loss=1.493143
[rank 2] epoch=79 train_batch=10000/15313 loss=1.533766
[rank 2] epoch=79 train_batch=12000/15313 loss=1.540380
[rank 2] epoch=79 train_batch=14000/15313 loss=1.556867
[rank 2] epoch=80 train_batch=2000/15313 loss=1.512319
[rank 2] epoch=80 train_batch=4000/15313 loss=1.605414
[rank 2] epoch=80 train_batch=6000/15313 loss=1.565976
[rank 2] epoch=80 train_batch=8000/15313 loss=1.559689
[rank 2] epoch=80 train_batch=10000/15313 loss=1.593357
[rank 2] epoch=80 train_batch=12000/15313 loss=1.623534
[rank 2] epoch=80 train_batch=14000/15313 loss=1.604465
[rank 2] epoch=81 train_batch=2000/15313 loss=1.512640
[rank 2] epoch=81 train_batch=4000/15313 loss=1.524536
[rank 2] epoch=81 train_batch=6000/15313 loss=1.579130
[rank 2] epoch=81 train_batch=8000/15313 loss=1.518853
[rank 2] epoch=81 train_batch=10000/15313 loss=1.532277
[rank 2] epoch=81 train_batch=12000/15313 loss=1.560724
[rank 2] epoch=81 train_batch=14000/15313 loss=1.586683
[rank 2] epoch=82 train_batch=2000/15313 loss=1.472075
[rank 2] epoch=82 train_batch=4000/15313 loss=1.544367
[rank 2] epoch=82 train_batch=6000/15313 loss=1.526394
[rank 2] epoch=82 train_batch=8000/15313 loss=1.460785
[rank 2] epoch=82 train_batch=10000/15313 loss=1.491982
[rank 2] epoch=82 train_batch=12000/15313 loss=1.528262
[rank 2] epoch=82 train_batch=14000/15313 loss=1.534213
[rank 2] epoch=83 train_batch=2000/15313 loss=1.525031
[rank 2] epoch=83 train_batch=4000/15313 loss=1.550138
[rank 2] epoch=83 train_batch=6000/15313 loss=1.552801
[rank 2] epoch=83 train_batch=8000/15313 loss=1.560629
[rank 2] epoch=83 train_batch=10000/15313 loss=1.592519
[rank 2] epoch=83 train_batch=12000/15313 loss=1.514604
[rank 2] epoch=83 train_batch=14000/15313 loss=1.594685
[rank 2] epoch=84 train_batch=2000/15313 loss=1.532673
[rank 2] epoch=84 train_batch=4000/15313 loss=1.568026
[rank 2] epoch=84 train_batch=6000/15313 loss=1.596586
[rank 2] epoch=84 train_batch=8000/15313 loss=1.619995
[rank 2] epoch=84 train_batch=10000/15313 loss=1.503984
[rank 2] epoch=84 train_batch=12000/15313 loss=1.569557
[rank 2] epoch=84 train_batch=14000/15313 loss=1.503184
[rank 2] epoch=85 train_batch=2000/15313 loss=1.450144
[rank 2] epoch=85 train_batch=4000/15313 loss=1.589061
[rank 2] epoch=85 train_batch=6000/15313 loss=1.479610
[rank 2] epoch=85 train_batch=8000/15313 loss=1.505983
[rank 2] epoch=85 train_batch=10000/15313 loss=1.450811
[rank 2] epoch=85 train_batch=12000/15313 loss=1.534352
[rank 2] epoch=85 train_batch=14000/15313 loss=1.487589
[rank 2] epoch=86 train_batch=2000/15313 loss=1.489310
[rank 2] epoch=86 train_batch=4000/15313 loss=1.455383
[rank 2] epoch=86 train_batch=6000/15313 loss=1.514034
[rank 2] epoch=86 train_batch=8000/15313 loss=1.561057
[rank 2] epoch=86 train_batch=10000/15313 loss=1.534811
[rank 2] epoch=86 train_batch=12000/15313 loss=1.429198
[rank 2] epoch=86 train_batch=14000/15313 loss=1.565917
[rank 2] epoch=87 train_batch=2000/15313 loss=1.497530
[rank 2] epoch=87 train_batch=4000/15313 loss=1.496849
[rank 2] epoch=87 train_batch=6000/15313 loss=1.573283
[rank 2] epoch=87 train_batch=8000/15313 loss=1.520438
[rank 2] epoch=87 train_batch=10000/15313 loss=1.541943
[rank 2] epoch=87 train_batch=12000/15313 loss=1.486671
[rank 2] epoch=87 train_batch=14000/15313 loss=1.502949
[rank 2] epoch=88 train_batch=2000/15313 loss=1.465738
[rank 2] epoch=88 train_batch=4000/15313 loss=1.455078
[rank 2] epoch=88 train_batch=6000/15313 loss=1.589723
[rank 2] epoch=88 train_batch=8000/15313 loss=1.523607
[rank 2] epoch=88 train_batch=10000/15313 loss=1.514614
[rank 2] epoch=88 train_batch=12000/15313 loss=1.551125
[rank 2] epoch=88 train_batch=14000/15313 loss=1.531728
[rank 2] epoch=89 train_batch=2000/15313 loss=1.510658
[rank 2] epoch=89 train_batch=4000/15313 loss=1.470500
[rank 2] epoch=89 train_batch=6000/15313 loss=1.562609
[rank 2] epoch=89 train_batch=8000/15313 loss=1.563446
[rank 2] epoch=89 train_batch=10000/15313 loss=1.497112
[rank 2] epoch=89 train_batch=12000/15313 loss=1.586850
[rank 2] epoch=89 train_batch=14000/15313 loss=1.494398
[rank 2] epoch=90 train_batch=2000/15313 loss=1.507162
[rank 2] epoch=90 train_batch=4000/15313 loss=1.545359
[rank 2] epoch=90 train_batch=6000/15313 loss=1.517865
[rank 2] epoch=90 train_batch=8000/15313 loss=1.466608
[rank 2] epoch=90 train_batch=10000/15313 loss=1.517447
[rank 2] epoch=90 train_batch=12000/15313 loss=1.524064
[rank 2] epoch=90 train_batch=14000/15313 loss=1.503435
[rank 2] epoch=91 train_batch=2000/15313 loss=1.552173
[rank 2] epoch=91 train_batch=4000/15313 loss=1.489628
[rank 2] epoch=91 train_batch=6000/15313 loss=1.543237
[rank 2] epoch=91 train_batch=8000/15313 loss=1.528915
[rank 2] epoch=91 train_batch=10000/15313 loss=1.436278
[rank 2] epoch=91 train_batch=12000/15313 loss=1.527729
[rank 2] epoch=91 train_batch=14000/15313 loss=1.500794
[rank 2] epoch=92 train_batch=2000/15313 loss=1.472357
[rank 2] epoch=92 train_batch=4000/15313 loss=1.542686
[rank 2] epoch=92 train_batch=6000/15313 loss=1.477711
[rank 2] epoch=92 train_batch=8000/15313 loss=1.545674
[rank 2] epoch=92 train_batch=10000/15313 loss=1.557260
[rank 2] epoch=92 train_batch=12000/15313 loss=1.531948
[rank 2] epoch=92 train_batch=14000/15313 loss=1.565245
[rank 2] epoch=93 train_batch=2000/15313 loss=1.490347
[rank 2] epoch=93 train_batch=4000/15313 loss=1.449478
[rank 2] epoch=93 train_batch=6000/15313 loss=1.476582
[rank 2] epoch=93 train_batch=8000/15313 loss=1.526316
[rank 2] epoch=93 train_batch=10000/15313 loss=1.506611
[rank 2] epoch=93 train_batch=12000/15313 loss=1.451413
[rank 2] epoch=93 train_batch=14000/15313 loss=1.499258
[rank 2] epoch=94 train_batch=2000/15313 loss=1.517764
[rank 2] epoch=94 train_batch=4000/15313 loss=1.454056
[rank 2] epoch=94 train_batch=6000/15313 loss=1.466597
[rank 2] epoch=94 train_batch=8000/15313 loss=1.511480
[rank 2] epoch=94 train_batch=10000/15313 loss=1.511031
[rank 2] epoch=94 train_batch=12000/15313 loss=1.473990
[rank 2] epoch=94 train_batch=14000/15313 loss=1.519852
[rank 2] epoch=95 train_batch=2000/15313 loss=1.476425
[rank 2] epoch=95 train_batch=4000/15313 loss=1.488576
[rank 2] epoch=95 train_batch=6000/15313 loss=1.570602
[rank 2] epoch=95 train_batch=8000/15313 loss=1.494820
[rank 2] epoch=95 train_batch=10000/15313 loss=1.518601
[rank 2] epoch=95 train_batch=12000/15313 loss=1.490350
[rank 2] epoch=95 train_batch=14000/15313 loss=1.510083
[rank 2] epoch=96 train_batch=2000/15313 loss=1.465255
[rank 2] epoch=96 train_batch=4000/15313 loss=1.490776
[rank 2] epoch=96 train_batch=6000/15313 loss=1.521951
[rank 2] epoch=96 train_batch=8000/15313 loss=1.570659
[rank 2] epoch=96 train_batch=10000/15313 loss=1.495569
[rank 2] epoch=96 train_batch=12000/15313 loss=1.475468
[rank 2] epoch=96 train_batch=14000/15313 loss=1.422771
[rank 2] epoch=97 train_batch=2000/15313 loss=1.485367
[rank 2] epoch=97 train_batch=4000/15313 loss=1.503812
[rank 2] epoch=97 train_batch=6000/15313 loss=1.453844
[rank 2] epoch=97 train_batch=8000/15313 loss=1.520895
[rank 2] epoch=97 train_batch=10000/15313 loss=1.494573
[rank 2] epoch=97 train_batch=12000/15313 loss=1.510788
[rank 2] epoch=97 train_batch=14000/15313 loss=1.522692
[rank 2] epoch=98 train_batch=2000/15313 loss=1.525672
[rank 2] epoch=98 train_batch=4000/15313 loss=1.519983
[rank 2] epoch=98 train_batch=6000/15313 loss=1.461074
[rank 2] epoch=98 train_batch=8000/15313 loss=1.442509
[rank 2] epoch=98 train_batch=10000/15313 loss=1.489512
[rank 2] epoch=98 train_batch=12000/15313 loss=1.461442
[rank 2] epoch=98 train_batch=14000/15313 loss=1.518269
[rank 2] epoch=99 train_batch=2000/15313 loss=1.539602
[rank 2] epoch=99 train_batch=4000/15313 loss=1.557869
[rank 2] epoch=99 train_batch=6000/15313 loss=1.487991
[rank 2] epoch=99 train_batch=8000/15313 loss=1.555390
[rank 2] epoch=99 train_batch=10000/15313 loss=1.490090
[rank 2] epoch=99 train_batch=12000/15313 loss=1.532779
[rank 2] epoch=99 train_batch=14000/15313 loss=1.512074
[rank 2] epoch=100 train_batch=2000/15313 loss=1.536358
[rank 2] epoch=100 train_batch=4000/15313 loss=1.533204
[rank 2] epoch=100 train_batch=6000/15313 loss=1.510718
[rank 2] epoch=100 train_batch=8000/15313 loss=1.548739
[rank 2] epoch=100 train_batch=10000/15313 loss=1.506182
[rank 2] epoch=100 train_batch=12000/15313 loss=1.524370
[rank 2] epoch=100 train_batch=14000/15313 loss=1.508174
[rank 2] epoch=101 train_batch=2000/15313 loss=1.592172
[rank 2] epoch=101 train_batch=4000/15313 loss=1.529314
[rank 2] epoch=101 train_batch=6000/15313 loss=1.539043
[rank 2] epoch=101 train_batch=8000/15313 loss=1.481361
[rank 2] epoch=101 train_batch=10000/15313 loss=1.533002
[rank 2] epoch=101 train_batch=12000/15313 loss=1.537333
[rank 2] epoch=101 train_batch=14000/15313 loss=1.454188
[rank 2] epoch=102 train_batch=2000/15313 loss=1.539482
[rank 2] epoch=102 train_batch=4000/15313 loss=1.515935
[rank 2] epoch=102 train_batch=6000/15313 loss=1.554881
[rank 2] epoch=102 train_batch=8000/15313 loss=1.588472
[rank 2] epoch=102 train_batch=10000/15313 loss=1.555086
[rank 2] epoch=102 train_batch=12000/15313 loss=1.479573
[rank 2] epoch=102 train_batch=14000/15313 loss=1.624263
[rank 2] epoch=103 train_batch=2000/15313 loss=1.533136
[rank 2] epoch=103 train_batch=4000/15313 loss=1.517462
[rank 2] epoch=103 train_batch=6000/15313 loss=1.520954
[rank 2] epoch=103 train_batch=8000/15313 loss=1.565079
[rank 2] epoch=103 train_batch=10000/15313 loss=1.555157
[rank 2] epoch=103 train_batch=12000/15313 loss=1.554481
[rank 2] epoch=103 train_batch=14000/15313 loss=1.491856
[rank 2] epoch=104 train_batch=2000/15313 loss=1.645916
[rank 2] epoch=104 train_batch=4000/15313 loss=1.441308
[rank 2] epoch=104 train_batch=6000/15313 loss=1.589216
[rank 2] epoch=104 train_batch=8000/15313 loss=1.490244
[rank 2] epoch=104 train_batch=10000/15313 loss=1.519274
[rank 2] epoch=104 train_batch=12000/15313 loss=1.484646
[rank 2] epoch=104 train_batch=14000/15313 loss=1.517251
[rank 2] epoch=105 train_batch=2000/15313 loss=1.531186
[rank 2] epoch=105 train_batch=4000/15313 loss=1.519379
[rank 2] epoch=105 train_batch=6000/15313 loss=1.501709
[rank 2] epoch=105 train_batch=8000/15313 loss=1.530824
[rank 2] epoch=105 train_batch=10000/15313 loss=1.550236
[rank 2] epoch=105 train_batch=12000/15313 loss=1.525705
[rank 2] epoch=105 train_batch=14000/15313 loss=1.567629
[rank 2] epoch=106 train_batch=2000/15313 loss=1.517242
[rank 2] epoch=106 train_batch=4000/15313 loss=1.570489
[rank 2] epoch=106 train_batch=6000/15313 loss=1.558622
[rank 2] epoch=106 train_batch=8000/15313 loss=1.499634
[rank 2] epoch=106 train_batch=10000/15313 loss=1.489007
[rank 2] epoch=106 train_batch=12000/15313 loss=1.538718
[rank 2] epoch=106 train_batch=14000/15313 loss=1.546628
[rank 2] epoch=107 train_batch=2000/15313 loss=1.458915
[rank 2] epoch=107 train_batch=4000/15313 loss=1.524546
[rank 2] epoch=107 train_batch=6000/15313 loss=1.532736
[rank 2] epoch=107 train_batch=8000/15313 loss=1.570437
[rank 2] epoch=107 train_batch=10000/15313 loss=1.515540
[rank 2] epoch=107 train_batch=12000/15313 loss=1.569657
[rank 2] epoch=107 train_batch=14000/15313 loss=1.530827
[rank 2] epoch=108 train_batch=2000/15313 loss=1.494996
[rank 2] epoch=108 train_batch=4000/15313 loss=1.501640
[rank 2] epoch=108 train_batch=6000/15313 loss=1.545671
[rank 2] epoch=108 train_batch=8000/15313 loss=1.494549
[rank 2] epoch=108 train_batch=10000/15313 loss=1.498140
[rank 2] epoch=108 train_batch=12000/15313 loss=1.562244
[rank 2] epoch=108 train_batch=14000/15313 loss=1.475334
[rank 2] epoch=109 train_batch=2000/15313 loss=1.601746
[rank 2] epoch=109 train_batch=4000/15313 loss=1.597620
[rank 2] epoch=109 train_batch=6000/15313 loss=1.530138
[rank 2] epoch=109 train_batch=8000/15313 loss=1.506774
[rank 2] epoch=109 train_batch=10000/15313 loss=1.555894
[rank 2] epoch=109 train_batch=12000/15313 loss=1.505757
[rank 2] epoch=109 train_batch=14000/15313 loss=1.461101
[rank 2] epoch=110 train_batch=2000/15313 loss=1.501171
[rank 2] epoch=110 train_batch=4000/15313 loss=1.614953
[rank 2] epoch=110 train_batch=6000/15313 loss=1.490398
[rank 2] epoch=110 train_batch=8000/15313 loss=1.533535
[rank 2] epoch=110 train_batch=10000/15313 loss=1.538301
[rank 2] epoch=110 train_batch=12000/15313 loss=1.540282
[rank 2] epoch=110 train_batch=14000/15313 loss=1.524250
[rank 2] epoch=111 train_batch=2000/15313 loss=1.546159
[rank 2] epoch=111 train_batch=4000/15313 loss=1.442040
[rank 2] epoch=111 train_batch=6000/15313 loss=1.511986
[rank 2] epoch=111 train_batch=8000/15313 loss=1.643360
[rank 2] epoch=111 train_batch=10000/15313 loss=1.526633
[rank 2] epoch=111 train_batch=12000/15313 loss=1.551710
[rank 2] epoch=111 train_batch=14000/15313 loss=1.518120
[rank 2] epoch=112 train_batch=2000/15313 loss=1.618792
[rank 2] epoch=112 train_batch=4000/15313 loss=1.561108
[rank 2] epoch=112 train_batch=6000/15313 loss=1.560424
[rank 2] epoch=112 train_batch=8000/15313 loss=1.515621
[rank 2] epoch=112 train_batch=10000/15313 loss=1.517338
[rank 2] epoch=112 train_batch=12000/15313 loss=1.524279
[rank 2] epoch=112 train_batch=14000/15313 loss=1.533453
[rank 2] epoch=113 train_batch=2000/15313 loss=1.563130
[rank 2] epoch=113 train_batch=4000/15313 loss=1.478144
[rank 2] epoch=113 train_batch=6000/15313 loss=1.539865
[rank 2] epoch=113 train_batch=8000/15313 loss=1.477708
[rank 2] epoch=113 train_batch=10000/15313 loss=1.549618
[rank 2] epoch=113 train_batch=12000/15313 loss=1.545085
[rank 2] epoch=113 train_batch=14000/15313 loss=1.545142
[rank 2] epoch=114 train_batch=2000/15313 loss=1.535756
[rank 2] epoch=114 train_batch=4000/15313 loss=1.516009
[rank 2] epoch=114 train_batch=6000/15313 loss=1.516628
