cuda:1
thetaphi at main: True
Loading dataset...
Extended H5: retain valid unknown-truth inputs; supervised loss is masked; exclude_gap_hits=True
Using ILCStreamingDataset (shuffle_buffer=256, files_per_chunk=32, seed=1001)
ILCStreamingDataset: path=/data/suehara/mldata/pfa/murata/data/tc/tc_nnqq_2M_nobrems/train, files=1960, events~=1960000, shuffle_buffer=256, files_per_chunk=32
Extended H5: retain valid unknown-truth inputs; supervised loss is masked; exclude_gap_hits=True
Using ILCStreamingDataset (shuffle_buffer=256, files_per_chunk=32, seed=1001)
ILCStreamingDataset: path=/data/suehara/mldata/pfa/murata/data/tc/tc_nnqq_2M_nobrems/validation, files=20, events~=20000, shuffle_buffer=256, files_per_chunk=32
Training dataset size:  1960000
Validating dataset size:  20000
Batch size:  128
Loading GravNetModelMultiHead (heads=6, reg_heads=5, interaction=none)
KNN backend=event-parallel GravNet_layers=4
restart period :  30
[rank 1] epoch=0 train_batch=2000/15313 loss=1.613135
[rank 1] epoch=0 train_batch=4000/15313 loss=1.455765
[rank 1] epoch=0 train_batch=6000/15313 loss=1.412832
[rank 1] epoch=0 train_batch=8000/15313 loss=1.450821
[rank 1] epoch=0 train_batch=10000/15313 loss=1.444543
[rank 1] epoch=0 train_batch=12000/15313 loss=1.396667
[rank 1] epoch=0 train_batch=14000/15313 loss=1.418338
[rank 1] epoch=1 train_batch=2000/15313 loss=1.395792
[rank 1] epoch=1 train_batch=4000/15313 loss=1.327569
[rank 1] epoch=1 train_batch=6000/15313 loss=1.384294
[rank 1] epoch=1 train_batch=8000/15313 loss=1.433972
[rank 1] epoch=1 train_batch=10000/15313 loss=1.386731
[rank 1] epoch=1 train_batch=12000/15313 loss=1.368382
[rank 1] epoch=1 train_batch=14000/15313 loss=1.344628
[rank 1] epoch=2 train_batch=2000/15313 loss=1.795230
[rank 1] epoch=2 train_batch=4000/15313 loss=1.776270
[rank 1] epoch=2 train_batch=6000/15313 loss=1.683651
[rank 1] epoch=2 train_batch=8000/15313 loss=1.703896
[rank 1] epoch=2 train_batch=10000/15313 loss=1.781636
[rank 1] epoch=2 train_batch=12000/15313 loss=1.693921
[rank 1] epoch=2 train_batch=14000/15313 loss=1.649990
[rank 1] epoch=3 train_batch=2000/15313 loss=1.648472
[rank 1] epoch=3 train_batch=4000/15313 loss=1.711646
[rank 1] epoch=3 train_batch=6000/15313 loss=1.718038
[rank 1] epoch=3 train_batch=8000/15313 loss=1.630092
[rank 1] epoch=3 train_batch=10000/15313 loss=1.697689
[rank 1] epoch=3 train_batch=12000/15313 loss=1.672900
[rank 1] epoch=3 train_batch=14000/15313 loss=1.600479
[rank 1] epoch=4 train_batch=2000/15313 loss=1.824397
[rank 1] epoch=4 train_batch=4000/15313 loss=1.792871
[rank 1] epoch=4 train_batch=6000/15313 loss=1.751336
[rank 1] epoch=4 train_batch=8000/15313 loss=1.856836
[rank 1] epoch=4 train_batch=10000/15313 loss=1.748963
[rank 1] epoch=4 train_batch=12000/15313 loss=1.733461
[rank 1] epoch=4 train_batch=14000/15313 loss=1.706491
[rank 1] epoch=5 train_batch=2000/15313 loss=1.807498
[rank 1] epoch=5 train_batch=4000/15313 loss=1.741330
[rank 1] epoch=5 train_batch=6000/15313 loss=1.724854
[rank 1] epoch=5 train_batch=8000/15313 loss=1.726971
[rank 1] epoch=5 train_batch=10000/15313 loss=1.792863
[rank 1] epoch=5 train_batch=12000/15313 loss=1.746678
[rank 1] epoch=5 train_batch=14000/15313 loss=1.754042
[rank 1] epoch=6 train_batch=2000/15313 loss=1.747483
[rank 1] epoch=6 train_batch=4000/15313 loss=1.779940
[rank 1] epoch=6 train_batch=6000/15313 loss=1.680183
[rank 1] epoch=6 train_batch=8000/15313 loss=1.666728
[rank 1] epoch=6 train_batch=10000/15313 loss=1.765905
[rank 1] epoch=6 train_batch=12000/15313 loss=1.689483
[rank 1] epoch=6 train_batch=14000/15313 loss=1.643830
[rank 1] epoch=7 train_batch=2000/15313 loss=1.686695
[rank 1] epoch=7 train_batch=4000/15313 loss=1.781470
[rank 1] epoch=7 train_batch=6000/15313 loss=1.638848
[rank 1] epoch=7 train_batch=8000/15313 loss=1.673184
[rank 1] epoch=7 train_batch=10000/15313 loss=1.682724
[rank 1] epoch=7 train_batch=12000/15313 loss=1.709798
[rank 1] epoch=7 train_batch=14000/15313 loss=1.722993
[rank 1] epoch=8 train_batch=2000/15313 loss=1.698017
[rank 1] epoch=8 train_batch=4000/15313 loss=1.711161
[rank 1] epoch=8 train_batch=6000/15313 loss=1.635957
[rank 1] epoch=8 train_batch=8000/15313 loss=1.616365
[rank 1] epoch=8 train_batch=10000/15313 loss=1.683527
[rank 1] epoch=8 train_batch=12000/15313 loss=1.705657
[rank 1] epoch=8 train_batch=14000/15313 loss=1.694761
[rank 1] epoch=9 train_batch=2000/15313 loss=1.651005
[rank 1] epoch=9 train_batch=4000/15313 loss=1.605551
[rank 1] epoch=9 train_batch=6000/15313 loss=1.672734
[rank 1] epoch=9 train_batch=8000/15313 loss=1.668331
[rank 1] epoch=9 train_batch=10000/15313 loss=1.596529
[rank 1] epoch=9 train_batch=12000/15313 loss=1.633181
[rank 1] epoch=9 train_batch=14000/15313 loss=1.653112
[rank 1] epoch=10 train_batch=2000/15313 loss=1.688501
[rank 1] epoch=10 train_batch=4000/15313 loss=1.666561
[rank 1] epoch=10 train_batch=6000/15313 loss=1.676495
[rank 1] epoch=10 train_batch=8000/15313 loss=1.605757
[rank 1] epoch=10 train_batch=10000/15313 loss=1.661689
[rank 1] epoch=10 train_batch=12000/15313 loss=1.625363
[rank 1] epoch=10 train_batch=14000/15313 loss=1.622093
[rank 1] epoch=11 train_batch=2000/15313 loss=1.656063
[rank 1] epoch=11 train_batch=4000/15313 loss=1.700921
[rank 1] epoch=11 train_batch=6000/15313 loss=1.662814
[rank 1] epoch=11 train_batch=8000/15313 loss=1.648848
[rank 1] epoch=11 train_batch=10000/15313 loss=1.602702
[rank 1] epoch=11 train_batch=12000/15313 loss=1.653491
[rank 1] epoch=11 train_batch=14000/15313 loss=1.600769
[rank 1] epoch=12 train_batch=2000/15313 loss=1.641988
[rank 1] epoch=12 train_batch=4000/15313 loss=1.542224
[rank 1] epoch=12 train_batch=6000/15313 loss=1.713731
[rank 1] epoch=12 train_batch=8000/15313 loss=1.621514
[rank 1] epoch=12 train_batch=10000/15313 loss=1.554149
[rank 1] epoch=12 train_batch=12000/15313 loss=1.593935
[rank 1] epoch=12 train_batch=14000/15313 loss=1.647970
[rank 1] epoch=13 train_batch=2000/15313 loss=1.607545
[rank 1] epoch=13 train_batch=4000/15313 loss=1.676015
[rank 1] epoch=13 train_batch=6000/15313 loss=1.597992
[rank 1] epoch=13 train_batch=8000/15313 loss=1.574290
[rank 1] epoch=13 train_batch=10000/15313 loss=1.558285
[rank 1] epoch=13 train_batch=12000/15313 loss=1.692457
[rank 1] epoch=13 train_batch=14000/15313 loss=1.554785
[rank 1] epoch=14 train_batch=2000/15313 loss=1.616651
[rank 1] epoch=14 train_batch=4000/15313 loss=1.570030
[rank 1] epoch=14 train_batch=6000/15313 loss=1.669818
[rank 1] epoch=14 train_batch=8000/15313 loss=1.617751
[rank 1] epoch=14 train_batch=10000/15313 loss=1.570490
[rank 1] epoch=14 train_batch=12000/15313 loss=1.618576
[rank 1] epoch=14 train_batch=14000/15313 loss=1.693234
[rank 1] epoch=15 train_batch=2000/15313 loss=1.605213
[rank 1] epoch=15 train_batch=4000/15313 loss=1.581903
[rank 1] epoch=15 train_batch=6000/15313 loss=1.626875
[rank 1] epoch=15 train_batch=8000/15313 loss=1.624417
[rank 1] epoch=15 train_batch=10000/15313 loss=1.642191
[rank 1] epoch=15 train_batch=12000/15313 loss=1.613279
[rank 1] epoch=15 train_batch=14000/15313 loss=1.583366
[rank 1] epoch=16 train_batch=2000/15313 loss=1.620679
[rank 1] epoch=16 train_batch=4000/15313 loss=1.644602
[rank 1] epoch=16 train_batch=6000/15313 loss=1.555452
[rank 1] epoch=16 train_batch=8000/15313 loss=1.612051
[rank 1] epoch=16 train_batch=10000/15313 loss=1.568892
[rank 1] epoch=16 train_batch=12000/15313 loss=1.584451
[rank 1] epoch=16 train_batch=14000/15313 loss=1.566015
[rank 1] epoch=17 train_batch=2000/15313 loss=1.617610
[rank 1] epoch=17 train_batch=4000/15313 loss=1.564619
[rank 1] epoch=17 train_batch=6000/15313 loss=1.566678
[rank 1] epoch=17 train_batch=8000/15313 loss=1.577136
[rank 1] epoch=17 train_batch=10000/15313 loss=1.867220
[rank 1] epoch=17 train_batch=12000/15313 loss=1.636057
[rank 1] epoch=17 train_batch=14000/15313 loss=1.585501
[rank 1] epoch=18 train_batch=2000/15313 loss=1.539583
[rank 1] epoch=18 train_batch=4000/15313 loss=1.559092
[rank 1] epoch=18 train_batch=6000/15313 loss=1.525027
[rank 1] epoch=18 train_batch=8000/15313 loss=1.569940
[rank 1] epoch=18 train_batch=10000/15313 loss=1.573767
[rank 1] epoch=18 train_batch=12000/15313 loss=1.590705
[rank 1] epoch=18 train_batch=14000/15313 loss=1.585583
[rank 1] epoch=19 train_batch=2000/15313 loss=1.639768
[rank 1] epoch=19 train_batch=4000/15313 loss=1.526325
[rank 1] epoch=19 train_batch=6000/15313 loss=1.641618
[rank 1] epoch=19 train_batch=8000/15313 loss=1.553154
[rank 1] epoch=19 train_batch=10000/15313 loss=1.605653
[rank 1] epoch=19 train_batch=12000/15313 loss=1.614148
[rank 1] epoch=19 train_batch=14000/15313 loss=1.595561
[rank 1] epoch=20 train_batch=2000/15313 loss=1.546648
[rank 1] epoch=20 train_batch=4000/15313 loss=1.572370
[rank 1] epoch=20 train_batch=6000/15313 loss=1.559706
[rank 1] epoch=20 train_batch=8000/15313 loss=1.521510
[rank 1] epoch=20 train_batch=10000/15313 loss=1.541806
[rank 1] epoch=20 train_batch=12000/15313 loss=1.558767
[rank 1] epoch=20 train_batch=14000/15313 loss=1.572854
[rank 1] epoch=21 train_batch=2000/15313 loss=1.578203
[rank 1] epoch=21 train_batch=4000/15313 loss=1.626365
[rank 1] epoch=21 train_batch=6000/15313 loss=1.601866
[rank 1] epoch=21 train_batch=8000/15313 loss=1.539077
[rank 1] epoch=21 train_batch=10000/15313 loss=1.587884
[rank 1] epoch=21 train_batch=12000/15313 loss=1.560746
[rank 1] epoch=21 train_batch=14000/15313 loss=1.495766
[rank 1] epoch=22 train_batch=2000/15313 loss=1.635907
[rank 1] epoch=22 train_batch=4000/15313 loss=1.576238
[rank 1] epoch=22 train_batch=6000/15313 loss=1.572491
[rank 1] epoch=22 train_batch=8000/15313 loss=1.581905
[rank 1] epoch=22 train_batch=10000/15313 loss=1.646295
[rank 1] epoch=22 train_batch=12000/15313 loss=1.573323
[rank 1] epoch=22 train_batch=14000/15313 loss=1.588865
[rank 1] epoch=23 train_batch=2000/15313 loss=1.642559
[rank 1] epoch=23 train_batch=4000/15313 loss=1.581961
[rank 1] epoch=23 train_batch=6000/15313 loss=1.509442
[rank 1] epoch=23 train_batch=8000/15313 loss=1.560368
[rank 1] epoch=23 train_batch=10000/15313 loss=1.559796
[rank 1] epoch=23 train_batch=12000/15313 loss=1.532484
[rank 1] epoch=23 train_batch=14000/15313 loss=1.542026
[rank 1] epoch=24 train_batch=2000/15313 loss=1.563518
[rank 1] epoch=24 train_batch=4000/15313 loss=1.572810
[rank 1] epoch=24 train_batch=6000/15313 loss=1.570195
[rank 1] epoch=24 train_batch=8000/15313 loss=1.584851
[rank 1] epoch=24 train_batch=10000/15313 loss=1.533300
[rank 1] epoch=24 train_batch=12000/15313 loss=1.581744
[rank 1] epoch=24 train_batch=14000/15313 loss=1.616409
[rank 1] epoch=25 train_batch=2000/15313 loss=1.610593
[rank 1] epoch=25 train_batch=4000/15313 loss=1.525362
[rank 1] epoch=25 train_batch=6000/15313 loss=1.527542
[rank 1] epoch=25 train_batch=8000/15313 loss=1.619603
[rank 1] epoch=25 train_batch=10000/15313 loss=1.518870
[rank 1] epoch=25 train_batch=12000/15313 loss=1.483573
[rank 1] epoch=25 train_batch=14000/15313 loss=1.500664
[rank 1] epoch=26 train_batch=2000/15313 loss=1.503722
[rank 1] epoch=26 train_batch=4000/15313 loss=1.535864
[rank 1] epoch=26 train_batch=6000/15313 loss=1.562718
[rank 1] epoch=26 train_batch=8000/15313 loss=1.598410
[rank 1] epoch=26 train_batch=10000/15313 loss=1.485139
[rank 1] epoch=26 train_batch=12000/15313 loss=1.507094
[rank 1] epoch=26 train_batch=14000/15313 loss=1.540650
[rank 1] epoch=27 train_batch=2000/15313 loss=1.571098
[rank 1] epoch=27 train_batch=4000/15313 loss=1.587883
[rank 1] epoch=27 train_batch=6000/15313 loss=1.522731
[rank 1] epoch=27 train_batch=8000/15313 loss=1.563270
[rank 1] epoch=27 train_batch=10000/15313 loss=1.580776
[rank 1] epoch=27 train_batch=12000/15313 loss=1.552256
[rank 1] epoch=27 train_batch=14000/15313 loss=1.591364
[rank 1] epoch=28 train_batch=2000/15313 loss=1.522414
[rank 1] epoch=28 train_batch=4000/15313 loss=1.620273
[rank 1] epoch=28 train_batch=6000/15313 loss=1.600693
[rank 1] epoch=28 train_batch=8000/15313 loss=1.504260
[rank 1] epoch=28 train_batch=10000/15313 loss=1.524145
[rank 1] epoch=28 train_batch=12000/15313 loss=1.600585
[rank 1] epoch=28 train_batch=14000/15313 loss=1.578338
[rank 1] epoch=29 train_batch=2000/15313 loss=1.568624
[rank 1] epoch=29 train_batch=4000/15313 loss=1.578102
[rank 1] epoch=29 train_batch=6000/15313 loss=1.529986
[rank 1] epoch=29 train_batch=8000/15313 loss=1.511716
[rank 1] epoch=29 train_batch=10000/15313 loss=1.534761
[rank 1] epoch=29 train_batch=12000/15313 loss=1.549131
[rank 1] epoch=29 train_batch=14000/15313 loss=1.559210
[rank 1] epoch=30 train_batch=2000/15313 loss=1.594809
[rank 1] epoch=30 train_batch=4000/15313 loss=1.579319
[rank 1] epoch=30 train_batch=6000/15313 loss=1.655321
[rank 1] epoch=30 train_batch=8000/15313 loss=1.551392
[rank 1] epoch=30 train_batch=10000/15313 loss=1.592545
[rank 1] epoch=30 train_batch=12000/15313 loss=1.654547
[rank 1] epoch=30 train_batch=14000/15313 loss=1.670761
[rank 1] epoch=31 train_batch=2000/15313 loss=1.554401
[rank 1] epoch=31 train_batch=4000/15313 loss=1.586401
[rank 1] epoch=31 train_batch=6000/15313 loss=1.604222
[rank 1] epoch=31 train_batch=8000/15313 loss=1.577373
[rank 1] epoch=31 train_batch=10000/15313 loss=1.610939
[rank 1] epoch=31 train_batch=12000/15313 loss=1.575908
[rank 1] epoch=31 train_batch=14000/15313 loss=1.634445
[rank 1] epoch=32 train_batch=2000/15313 loss=1.647908
[rank 1] epoch=32 train_batch=4000/15313 loss=1.647981
[rank 1] epoch=32 train_batch=6000/15313 loss=1.591410
[rank 1] epoch=32 train_batch=8000/15313 loss=1.665812
[rank 1] epoch=32 train_batch=10000/15313 loss=1.667910
[rank 1] epoch=32 train_batch=12000/15313 loss=1.576069
[rank 1] epoch=32 train_batch=14000/15313 loss=1.754694
[rank 1] epoch=33 train_batch=2000/15313 loss=1.616453
[rank 1] epoch=33 train_batch=4000/15313 loss=1.557594
[rank 1] epoch=33 train_batch=6000/15313 loss=1.656579
[rank 1] epoch=33 train_batch=8000/15313 loss=1.676438
[rank 1] epoch=33 train_batch=10000/15313 loss=1.613094
[rank 1] epoch=33 train_batch=12000/15313 loss=1.657114
[rank 1] epoch=33 train_batch=14000/15313 loss=1.558603
[rank 1] epoch=34 train_batch=2000/15313 loss=1.637181
[rank 1] epoch=34 train_batch=4000/15313 loss=1.602553
[rank 1] epoch=34 train_batch=6000/15313 loss=1.561600
[rank 1] epoch=34 train_batch=8000/15313 loss=1.662869
[rank 1] epoch=34 train_batch=10000/15313 loss=1.595538
[rank 1] epoch=34 train_batch=12000/15313 loss=1.631058
[rank 1] epoch=34 train_batch=14000/15313 loss=1.642179
[rank 1] epoch=35 train_batch=2000/15313 loss=1.622635
[rank 1] epoch=35 train_batch=4000/15313 loss=1.644491
[rank 1] epoch=35 train_batch=6000/15313 loss=1.612639
[rank 1] epoch=35 train_batch=8000/15313 loss=1.658217
[rank 1] epoch=35 train_batch=10000/15313 loss=1.556379
[rank 1] epoch=35 train_batch=12000/15313 loss=1.642073
[rank 1] epoch=35 train_batch=14000/15313 loss=1.672187
[rank 1] epoch=36 train_batch=2000/15313 loss=1.635518
[rank 1] epoch=36 train_batch=4000/15313 loss=1.623746
[rank 1] epoch=36 train_batch=6000/15313 loss=1.617689
[rank 1] epoch=36 train_batch=8000/15313 loss=1.672128
[rank 1] epoch=36 train_batch=10000/15313 loss=1.683481
[rank 1] epoch=36 train_batch=12000/15313 loss=1.540173
[rank 1] epoch=36 train_batch=14000/15313 loss=1.617552
[rank 1] epoch=37 train_batch=2000/15313 loss=1.617454
[rank 1] epoch=37 train_batch=4000/15313 loss=1.585279
[rank 1] epoch=37 train_batch=6000/15313 loss=1.521963
[rank 1] epoch=37 train_batch=8000/15313 loss=1.582668
[rank 1] epoch=37 train_batch=10000/15313 loss=1.612065
[rank 1] epoch=37 train_batch=12000/15313 loss=1.581670
[rank 1] epoch=37 train_batch=14000/15313 loss=1.625642
[rank 1] epoch=38 train_batch=2000/15313 loss=1.623854
[rank 1] epoch=38 train_batch=4000/15313 loss=1.552891
[rank 1] epoch=38 train_batch=6000/15313 loss=1.610175
[rank 1] epoch=38 train_batch=8000/15313 loss=1.610069
[rank 1] epoch=38 train_batch=10000/15313 loss=1.625600
[rank 1] epoch=38 train_batch=12000/15313 loss=1.590884
[rank 1] epoch=38 train_batch=14000/15313 loss=1.598313
[rank 1] epoch=39 train_batch=2000/15313 loss=1.626082
[rank 1] epoch=39 train_batch=4000/15313 loss=1.592160
[rank 1] epoch=39 train_batch=6000/15313 loss=1.575122
[rank 1] epoch=39 train_batch=8000/15313 loss=1.588899
[rank 1] epoch=39 train_batch=10000/15313 loss=1.585973
[rank 1] epoch=39 train_batch=12000/15313 loss=1.584050
[rank 1] epoch=39 train_batch=14000/15313 loss=1.648526
[rank 1] epoch=40 train_batch=2000/15313 loss=1.581581
[rank 1] epoch=40 train_batch=4000/15313 loss=1.585881
[rank 1] epoch=40 train_batch=6000/15313 loss=1.479475
[rank 1] epoch=40 train_batch=8000/15313 loss=1.594099
[rank 1] epoch=40 train_batch=10000/15313 loss=1.555248
[rank 1] epoch=40 train_batch=12000/15313 loss=1.557863
[rank 1] epoch=40 train_batch=14000/15313 loss=1.587251
[rank 1] epoch=41 train_batch=2000/15313 loss=1.573566
[rank 1] epoch=41 train_batch=4000/15313 loss=1.529317
[rank 1] epoch=41 train_batch=6000/15313 loss=1.623334
[rank 1] epoch=41 train_batch=8000/15313 loss=1.586519
[rank 1] epoch=41 train_batch=10000/15313 loss=1.519132
[rank 1] epoch=41 train_batch=12000/15313 loss=1.554628
[rank 1] epoch=41 train_batch=14000/15313 loss=1.511310
[rank 1] epoch=42 train_batch=2000/15313 loss=1.553169
[rank 1] epoch=42 train_batch=4000/15313 loss=1.466256
[rank 1] epoch=42 train_batch=6000/15313 loss=1.582625
[rank 1] epoch=42 train_batch=8000/15313 loss=1.579898
[rank 1] epoch=42 train_batch=10000/15313 loss=1.531514
[rank 1] epoch=42 train_batch=12000/15313 loss=1.578940
[rank 1] epoch=42 train_batch=14000/15313 loss=1.546171
[rank 1] epoch=43 train_batch=2000/15313 loss=1.664471
[rank 1] epoch=43 train_batch=4000/15313 loss=1.564274
[rank 1] epoch=43 train_batch=6000/15313 loss=1.567034
[rank 1] epoch=43 train_batch=8000/15313 loss=1.562574
[rank 1] epoch=43 train_batch=10000/15313 loss=1.510195
[rank 1] epoch=43 train_batch=12000/15313 loss=1.575472
[rank 1] epoch=43 train_batch=14000/15313 loss=1.602918
[rank 1] epoch=44 train_batch=2000/15313 loss=1.614481
[rank 1] epoch=44 train_batch=4000/15313 loss=1.593111
[rank 1] epoch=44 train_batch=6000/15313 loss=1.543472
[rank 1] epoch=44 train_batch=8000/15313 loss=1.525902
[rank 1] epoch=44 train_batch=10000/15313 loss=1.476420
[rank 1] epoch=44 train_batch=12000/15313 loss=1.588544
[rank 1] epoch=44 train_batch=14000/15313 loss=1.562798
[rank 1] epoch=45 train_batch=2000/15313 loss=1.671923
[rank 1] epoch=45 train_batch=4000/15313 loss=1.555294
[rank 1] epoch=45 train_batch=6000/15313 loss=1.515399
[rank 1] epoch=45 train_batch=8000/15313 loss=1.540980
[rank 1] epoch=45 train_batch=10000/15313 loss=1.527377
[rank 1] epoch=45 train_batch=12000/15313 loss=1.522919
[rank 1] epoch=45 train_batch=14000/15313 loss=1.501655
[rank 1] epoch=46 train_batch=2000/15313 loss=1.566883
[rank 1] epoch=46 train_batch=4000/15313 loss=1.573781
[rank 1] epoch=46 train_batch=6000/15313 loss=1.539433
[rank 1] epoch=46 train_batch=8000/15313 loss=1.474932
[rank 1] epoch=46 train_batch=10000/15313 loss=1.542434
[rank 1] epoch=46 train_batch=12000/15313 loss=1.491545
[rank 1] epoch=46 train_batch=14000/15313 loss=1.552930
[rank 1] epoch=47 train_batch=2000/15313 loss=1.483530
[rank 1] epoch=47 train_batch=4000/15313 loss=1.532938
[rank 1] epoch=47 train_batch=6000/15313 loss=1.611505
[rank 1] epoch=47 train_batch=8000/15313 loss=1.596731
[rank 1] epoch=47 train_batch=10000/15313 loss=1.533853
[rank 1] epoch=47 train_batch=12000/15313 loss=1.584319
[rank 1] epoch=47 train_batch=14000/15313 loss=1.534870
[rank 1] epoch=48 train_batch=2000/15313 loss=1.544098
[rank 1] epoch=48 train_batch=4000/15313 loss=1.499819
[rank 1] epoch=48 train_batch=6000/15313 loss=1.527324
[rank 1] epoch=48 train_batch=8000/15313 loss=1.506374
[rank 1] epoch=48 train_batch=10000/15313 loss=1.575850
[rank 1] epoch=48 train_batch=12000/15313 loss=1.597264
[rank 1] epoch=48 train_batch=14000/15313 loss=1.450385
[rank 1] epoch=49 train_batch=2000/15313 loss=1.605685
[rank 1] epoch=49 train_batch=4000/15313 loss=1.577665
[rank 1] epoch=49 train_batch=6000/15313 loss=1.508067
[rank 1] epoch=49 train_batch=8000/15313 loss=1.494393
[rank 1] epoch=49 train_batch=10000/15313 loss=1.530448
[rank 1] epoch=49 train_batch=12000/15313 loss=1.615752
[rank 1] epoch=49 train_batch=14000/15313 loss=1.589691
[rank 1] epoch=50 train_batch=2000/15313 loss=1.615847
[rank 1] epoch=50 train_batch=4000/15313 loss=1.504903
[rank 1] epoch=50 train_batch=6000/15313 loss=1.525639
[rank 1] epoch=50 train_batch=8000/15313 loss=1.570409
[rank 1] epoch=50 train_batch=10000/15313 loss=1.542396
[rank 1] epoch=50 train_batch=12000/15313 loss=1.499762
[rank 1] epoch=50 train_batch=14000/15313 loss=1.563379
[rank 1] epoch=51 train_batch=2000/15313 loss=1.570930
[rank 1] epoch=51 train_batch=4000/15313 loss=1.503961
[rank 1] epoch=51 train_batch=6000/15313 loss=1.525493
[rank 1] epoch=51 train_batch=8000/15313 loss=1.538279
[rank 1] epoch=51 train_batch=10000/15313 loss=1.554885
[rank 1] epoch=51 train_batch=12000/15313 loss=1.514663
[rank 1] epoch=51 train_batch=14000/15313 loss=1.477817
[rank 1] epoch=52 train_batch=2000/15313 loss=1.551332
[rank 1] epoch=52 train_batch=4000/15313 loss=1.524756
[rank 1] epoch=52 train_batch=6000/15313 loss=1.564762
[rank 1] epoch=52 train_batch=8000/15313 loss=1.436683
[rank 1] epoch=52 train_batch=10000/15313 loss=1.500517
[rank 1] epoch=52 train_batch=12000/15313 loss=1.514794
[rank 1] epoch=52 train_batch=14000/15313 loss=1.504725
[rank 1] epoch=53 train_batch=2000/15313 loss=1.537509
[rank 1] epoch=53 train_batch=4000/15313 loss=1.592953
[rank 1] epoch=53 train_batch=6000/15313 loss=1.535811
[rank 1] epoch=53 train_batch=8000/15313 loss=1.477345
[rank 1] epoch=53 train_batch=10000/15313 loss=1.491300
[rank 1] epoch=53 train_batch=12000/15313 loss=1.562686
[rank 1] epoch=53 train_batch=14000/15313 loss=1.528958
[rank 1] epoch=54 train_batch=2000/15313 loss=1.476274
[rank 1] epoch=54 train_batch=4000/15313 loss=1.521836
[rank 1] epoch=54 train_batch=6000/15313 loss=1.567641
[rank 1] epoch=54 train_batch=8000/15313 loss=1.604326
[rank 1] epoch=54 train_batch=10000/15313 loss=1.473900
[rank 1] epoch=54 train_batch=12000/15313 loss=1.571496
[rank 1] epoch=54 train_batch=14000/15313 loss=1.478214
[rank 1] epoch=55 train_batch=2000/15313 loss=1.518714
[rank 1] epoch=55 train_batch=4000/15313 loss=1.519074
[rank 1] epoch=55 train_batch=6000/15313 loss=1.519910
[rank 1] epoch=55 train_batch=8000/15313 loss=1.510311
[rank 1] epoch=55 train_batch=10000/15313 loss=1.509313
[rank 1] epoch=55 train_batch=12000/15313 loss=1.569903
[rank 1] epoch=55 train_batch=14000/15313 loss=1.520355
[rank 1] epoch=56 train_batch=2000/15313 loss=1.686675
[rank 1] epoch=56 train_batch=4000/15313 loss=1.589652
[rank 1] epoch=56 train_batch=6000/15313 loss=1.497405
[rank 1] epoch=56 train_batch=8000/15313 loss=1.525432
[rank 1] epoch=56 train_batch=10000/15313 loss=1.591923
[rank 1] epoch=56 train_batch=12000/15313 loss=1.562112
[rank 1] epoch=56 train_batch=14000/15313 loss=1.491519
[rank 1] epoch=57 train_batch=2000/15313 loss=1.517101
[rank 1] epoch=57 train_batch=4000/15313 loss=1.539951
[rank 1] epoch=57 train_batch=6000/15313 loss=1.559463
[rank 1] epoch=57 train_batch=8000/15313 loss=1.493695
[rank 1] epoch=57 train_batch=10000/15313 loss=1.541504
[rank 1] epoch=57 train_batch=12000/15313 loss=1.552386
[rank 1] epoch=57 train_batch=14000/15313 loss=1.589653
[rank 1] epoch=58 train_batch=2000/15313 loss=1.609404
[rank 1] epoch=58 train_batch=4000/15313 loss=1.552450
[rank 1] epoch=58 train_batch=6000/15313 loss=1.537279
[rank 1] epoch=58 train_batch=8000/15313 loss=1.499510
[rank 1] epoch=58 train_batch=10000/15313 loss=1.519476
[rank 1] epoch=58 train_batch=12000/15313 loss=1.475828
[rank 1] epoch=58 train_batch=14000/15313 loss=1.523494
[rank 1] epoch=59 train_batch=2000/15313 loss=1.511945
[rank 1] epoch=59 train_batch=4000/15313 loss=1.566115
[rank 1] epoch=59 train_batch=6000/15313 loss=1.553825
[rank 1] epoch=59 train_batch=8000/15313 loss=1.538909
[rank 1] epoch=59 train_batch=10000/15313 loss=1.493761
[rank 1] epoch=59 train_batch=12000/15313 loss=1.549835
[rank 1] epoch=59 train_batch=14000/15313 loss=1.531942
[rank 1] epoch=60 train_batch=2000/15313 loss=1.511642
[rank 1] epoch=60 train_batch=4000/15313 loss=1.472975
[rank 1] epoch=60 train_batch=6000/15313 loss=1.459262
[rank 1] epoch=60 train_batch=8000/15313 loss=1.520670
[rank 1] epoch=60 train_batch=10000/15313 loss=1.478949
[rank 1] epoch=60 train_batch=12000/15313 loss=1.474045
[rank 1] epoch=60 train_batch=14000/15313 loss=1.527835
[rank 1] epoch=61 train_batch=2000/15313 loss=1.499475
[rank 1] epoch=61 train_batch=4000/15313 loss=1.497998
[rank 1] epoch=61 train_batch=6000/15313 loss=1.477256
[rank 1] epoch=61 train_batch=8000/15313 loss=1.571741
[rank 1] epoch=61 train_batch=10000/15313 loss=1.528754
[rank 1] epoch=61 train_batch=12000/15313 loss=1.463945
[rank 1] epoch=61 train_batch=14000/15313 loss=1.622269
[rank 1] epoch=62 train_batch=2000/15313 loss=1.485902
[rank 1] epoch=62 train_batch=4000/15313 loss=1.486637
[rank 1] epoch=62 train_batch=6000/15313 loss=1.613113
[rank 1] epoch=62 train_batch=8000/15313 loss=1.511534
[rank 1] epoch=62 train_batch=10000/15313 loss=1.496166
[rank 1] epoch=62 train_batch=12000/15313 loss=1.548671
[rank 1] epoch=62 train_batch=14000/15313 loss=1.575667
[rank 1] epoch=63 train_batch=2000/15313 loss=1.558333
[rank 1] epoch=63 train_batch=4000/15313 loss=1.560483
[rank 1] epoch=63 train_batch=6000/15313 loss=1.693769
[rank 1] epoch=63 train_batch=8000/15313 loss=1.581045
[rank 1] epoch=63 train_batch=10000/15313 loss=1.627951
[rank 1] epoch=63 train_batch=12000/15313 loss=1.526977
[rank 1] epoch=63 train_batch=14000/15313 loss=1.508511
[rank 1] epoch=64 train_batch=2000/15313 loss=1.579403
[rank 1] epoch=64 train_batch=4000/15313 loss=1.590417
[rank 1] epoch=64 train_batch=6000/15313 loss=1.571826
[rank 1] epoch=64 train_batch=8000/15313 loss=1.607828
[rank 1] epoch=64 train_batch=10000/15313 loss=1.528201
[rank 1] epoch=64 train_batch=12000/15313 loss=1.560293
[rank 1] epoch=64 train_batch=14000/15313 loss=1.567345
[rank 1] epoch=65 train_batch=2000/15313 loss=1.555852
[rank 1] epoch=65 train_batch=4000/15313 loss=1.588716
[rank 1] epoch=65 train_batch=6000/15313 loss=1.546531
[rank 1] epoch=65 train_batch=8000/15313 loss=1.564336
[rank 1] epoch=65 train_batch=10000/15313 loss=1.564356
[rank 1] epoch=65 train_batch=12000/15313 loss=1.556176
[rank 1] epoch=65 train_batch=14000/15313 loss=1.579651
[rank 1] epoch=66 train_batch=2000/15313 loss=1.596233
[rank 1] epoch=66 train_batch=4000/15313 loss=1.626997
[rank 1] epoch=66 train_batch=6000/15313 loss=1.629804
[rank 1] epoch=66 train_batch=8000/15313 loss=1.565934
[rank 1] epoch=66 train_batch=10000/15313 loss=1.602216
[rank 1] epoch=66 train_batch=12000/15313 loss=1.480427
[rank 1] epoch=66 train_batch=14000/15313 loss=1.625357
[rank 1] epoch=67 train_batch=2000/15313 loss=1.637932
[rank 1] epoch=67 train_batch=4000/15313 loss=1.565833
[rank 1] epoch=67 train_batch=6000/15313 loss=1.596372
[rank 1] epoch=67 train_batch=8000/15313 loss=1.528309
[rank 1] epoch=67 train_batch=10000/15313 loss=1.672951
[rank 1] epoch=67 train_batch=12000/15313 loss=1.565192
[rank 1] epoch=67 train_batch=14000/15313 loss=1.596301
[rank 1] epoch=68 train_batch=2000/15313 loss=1.567518
[rank 1] epoch=68 train_batch=4000/15313 loss=1.578485
[rank 1] epoch=68 train_batch=6000/15313 loss=1.579124
[rank 1] epoch=68 train_batch=8000/15313 loss=1.599293
[rank 1] epoch=68 train_batch=10000/15313 loss=1.597390
[rank 1] epoch=68 train_batch=12000/15313 loss=1.581383
[rank 1] epoch=68 train_batch=14000/15313 loss=1.529741
[rank 1] epoch=69 train_batch=2000/15313 loss=1.493982
[rank 1] epoch=69 train_batch=4000/15313 loss=1.543049
[rank 1] epoch=69 train_batch=6000/15313 loss=1.612071
[rank 1] epoch=69 train_batch=8000/15313 loss=1.646624
[rank 1] epoch=69 train_batch=10000/15313 loss=1.497007
[rank 1] epoch=69 train_batch=12000/15313 loss=1.636706
[rank 1] epoch=69 train_batch=14000/15313 loss=1.545815
[rank 1] epoch=70 train_batch=2000/15313 loss=1.525708
[rank 1] epoch=70 train_batch=4000/15313 loss=1.537063
[rank 1] epoch=70 train_batch=6000/15313 loss=1.665952
[rank 1] epoch=70 train_batch=8000/15313 loss=1.536854
[rank 1] epoch=70 train_batch=10000/15313 loss=1.621311
[rank 1] epoch=70 train_batch=12000/15313 loss=1.603159
[rank 1] epoch=70 train_batch=14000/15313 loss=1.558834
[rank 1] epoch=71 train_batch=2000/15313 loss=1.552636
[rank 1] epoch=71 train_batch=4000/15313 loss=1.498948
[rank 1] epoch=71 train_batch=6000/15313 loss=1.483301
[rank 1] epoch=71 train_batch=8000/15313 loss=1.560858
[rank 1] epoch=71 train_batch=10000/15313 loss=1.517058
[rank 1] epoch=71 train_batch=12000/15313 loss=1.461779
[rank 1] epoch=71 train_batch=14000/15313 loss=1.549029
[rank 1] epoch=72 train_batch=2000/15313 loss=1.539676
[rank 1] epoch=72 train_batch=4000/15313 loss=1.503768
[rank 1] epoch=72 train_batch=6000/15313 loss=1.588354
[rank 1] epoch=72 train_batch=8000/15313 loss=1.559644
[rank 1] epoch=72 train_batch=10000/15313 loss=1.548855
[rank 1] epoch=72 train_batch=12000/15313 loss=1.538909
[rank 1] epoch=72 train_batch=14000/15313 loss=1.574017
[rank 1] epoch=73 train_batch=2000/15313 loss=1.468711
[rank 1] epoch=73 train_batch=4000/15313 loss=1.508894
[rank 1] epoch=73 train_batch=6000/15313 loss=1.565379
[rank 1] epoch=73 train_batch=8000/15313 loss=1.560422
[rank 1] epoch=73 train_batch=10000/15313 loss=1.470522
[rank 1] epoch=73 train_batch=12000/15313 loss=1.606224
[rank 1] epoch=73 train_batch=14000/15313 loss=1.621974
[rank 1] epoch=74 train_batch=2000/15313 loss=1.569772
[rank 1] epoch=74 train_batch=4000/15313 loss=1.589719
[rank 1] epoch=74 train_batch=6000/15313 loss=1.611618
[rank 1] epoch=74 train_batch=8000/15313 loss=1.571195
[rank 1] epoch=74 train_batch=10000/15313 loss=1.616676
[rank 1] epoch=74 train_batch=12000/15313 loss=1.541797
[rank 1] epoch=74 train_batch=14000/15313 loss=1.585830
[rank 1] epoch=75 train_batch=2000/15313 loss=1.580421
[rank 1] epoch=75 train_batch=4000/15313 loss=1.581393
[rank 1] epoch=75 train_batch=6000/15313 loss=1.547043
[rank 1] epoch=75 train_batch=8000/15313 loss=1.537560
[rank 1] epoch=75 train_batch=10000/15313 loss=1.517421
[rank 1] epoch=75 train_batch=12000/15313 loss=1.572990
[rank 1] epoch=75 train_batch=14000/15313 loss=1.528109
[rank 1] epoch=76 train_batch=2000/15313 loss=1.480845
[rank 1] epoch=76 train_batch=4000/15313 loss=1.496948
[rank 1] epoch=76 train_batch=6000/15313 loss=1.561801
[rank 1] epoch=76 train_batch=8000/15313 loss=1.568175
[rank 1] epoch=76 train_batch=10000/15313 loss=1.593326
[rank 1] epoch=76 train_batch=12000/15313 loss=1.588739
[rank 1] epoch=76 train_batch=14000/15313 loss=1.540828
[rank 1] epoch=77 train_batch=2000/15313 loss=1.564644
[rank 1] epoch=77 train_batch=4000/15313 loss=1.561191
[rank 1] epoch=77 train_batch=6000/15313 loss=1.505024
[rank 1] epoch=77 train_batch=8000/15313 loss=1.526020
[rank 1] epoch=77 train_batch=10000/15313 loss=1.528779
[rank 1] epoch=77 train_batch=12000/15313 loss=1.586272
[rank 1] epoch=77 train_batch=14000/15313 loss=1.561637
[rank 1] epoch=78 train_batch=2000/15313 loss=1.509902
[rank 1] epoch=78 train_batch=4000/15313 loss=1.596549
[rank 1] epoch=78 train_batch=6000/15313 loss=1.619206
[rank 1] epoch=78 train_batch=8000/15313 loss=1.555497
[rank 1] epoch=78 train_batch=10000/15313 loss=1.522991
[rank 1] epoch=78 train_batch=12000/15313 loss=1.582815
[rank 1] epoch=78 train_batch=14000/15313 loss=1.478983
[rank 1] epoch=79 train_batch=2000/15313 loss=1.549478
[rank 1] epoch=79 train_batch=4000/15313 loss=1.581237
[rank 1] epoch=79 train_batch=6000/15313 loss=1.543114
[rank 1] epoch=79 train_batch=8000/15313 loss=1.573682
[rank 1] epoch=79 train_batch=10000/15313 loss=1.462681
[rank 1] epoch=79 train_batch=12000/15313 loss=1.527953
[rank 1] epoch=79 train_batch=14000/15313 loss=1.595875
[rank 1] epoch=80 train_batch=2000/15313 loss=1.533017
[rank 1] epoch=80 train_batch=4000/15313 loss=1.563691
[rank 1] epoch=80 train_batch=6000/15313 loss=1.587191
[rank 1] epoch=80 train_batch=8000/15313 loss=1.570177
[rank 1] epoch=80 train_batch=10000/15313 loss=1.562465
[rank 1] epoch=80 train_batch=12000/15313 loss=1.536344
[rank 1] epoch=80 train_batch=14000/15313 loss=1.522508
[rank 1] epoch=81 train_batch=2000/15313 loss=1.566567
[rank 1] epoch=81 train_batch=4000/15313 loss=1.532106
[rank 1] epoch=81 train_batch=6000/15313 loss=1.557643
[rank 1] epoch=81 train_batch=8000/15313 loss=1.581185
[rank 1] epoch=81 train_batch=10000/15313 loss=1.483213
[rank 1] epoch=81 train_batch=12000/15313 loss=1.611094
[rank 1] epoch=81 train_batch=14000/15313 loss=1.459179
[rank 1] epoch=82 train_batch=2000/15313 loss=1.543574
[rank 1] epoch=82 train_batch=4000/15313 loss=1.520172
[rank 1] epoch=82 train_batch=6000/15313 loss=1.597106
[rank 1] epoch=82 train_batch=8000/15313 loss=1.497917
[rank 1] epoch=82 train_batch=10000/15313 loss=1.599288
[rank 1] epoch=82 train_batch=12000/15313 loss=1.557060
[rank 1] epoch=82 train_batch=14000/15313 loss=1.460304
[rank 1] epoch=83 train_batch=2000/15313 loss=1.562257
[rank 1] epoch=83 train_batch=4000/15313 loss=1.557041
[rank 1] epoch=83 train_batch=6000/15313 loss=1.516312
[rank 1] epoch=83 train_batch=8000/15313 loss=1.484641
[rank 1] epoch=83 train_batch=10000/15313 loss=1.565934
[rank 1] epoch=83 train_batch=12000/15313 loss=1.561168
[rank 1] epoch=83 train_batch=14000/15313 loss=1.537019
[rank 1] epoch=84 train_batch=2000/15313 loss=1.504685
[rank 1] epoch=84 train_batch=4000/15313 loss=1.612349
[rank 1] epoch=84 train_batch=6000/15313 loss=1.449601
[rank 1] epoch=84 train_batch=8000/15313 loss=1.566581
[rank 1] epoch=84 train_batch=10000/15313 loss=1.607628
[rank 1] epoch=84 train_batch=12000/15313 loss=1.540591
[rank 1] epoch=84 train_batch=14000/15313 loss=1.461499
[rank 1] epoch=85 train_batch=2000/15313 loss=1.516366
[rank 1] epoch=85 train_batch=4000/15313 loss=1.561753
[rank 1] epoch=85 train_batch=6000/15313 loss=1.542496
[rank 1] epoch=85 train_batch=8000/15313 loss=1.498544
[rank 1] epoch=85 train_batch=10000/15313 loss=1.536004
[rank 1] epoch=85 train_batch=12000/15313 loss=1.452859
[rank 1] epoch=85 train_batch=14000/15313 loss=1.524478
[rank 1] epoch=86 train_batch=2000/15313 loss=1.508940
[rank 1] epoch=86 train_batch=4000/15313 loss=1.556586
[rank 1] epoch=86 train_batch=6000/15313 loss=1.535256
[rank 1] epoch=86 train_batch=8000/15313 loss=1.557081
[rank 1] epoch=86 train_batch=10000/15313 loss=1.493245
[rank 1] epoch=86 train_batch=12000/15313 loss=1.605924
[rank 1] epoch=86 train_batch=14000/15313 loss=1.514367
[rank 1] epoch=87 train_batch=2000/15313 loss=1.478851
[rank 1] epoch=87 train_batch=4000/15313 loss=1.557129
[rank 1] epoch=87 train_batch=6000/15313 loss=1.482558
[rank 1] epoch=87 train_batch=8000/15313 loss=1.568793
[rank 1] epoch=87 train_batch=10000/15313 loss=1.475011
[rank 1] epoch=87 train_batch=12000/15313 loss=1.452093
[rank 1] epoch=87 train_batch=14000/15313 loss=1.430109
[rank 1] epoch=88 train_batch=2000/15313 loss=1.539663
[rank 1] epoch=88 train_batch=4000/15313 loss=1.555220
[rank 1] epoch=88 train_batch=6000/15313 loss=1.481110
[rank 1] epoch=88 train_batch=8000/15313 loss=1.483500
[rank 1] epoch=88 train_batch=10000/15313 loss=1.589996
[rank 1] epoch=88 train_batch=12000/15313 loss=1.544219
[rank 1] epoch=88 train_batch=14000/15313 loss=1.536555
[rank 1] epoch=89 train_batch=2000/15313 loss=1.523093
[rank 1] epoch=89 train_batch=4000/15313 loss=1.493778
[rank 1] epoch=89 train_batch=6000/15313 loss=1.488102
[rank 1] epoch=89 train_batch=8000/15313 loss=1.492296
[rank 1] epoch=89 train_batch=10000/15313 loss=1.545153
[rank 1] epoch=89 train_batch=12000/15313 loss=1.536292
[rank 1] epoch=89 train_batch=14000/15313 loss=1.451413
[rank 1] epoch=90 train_batch=2000/15313 loss=1.503614
[rank 1] epoch=90 train_batch=4000/15313 loss=1.562665
[rank 1] epoch=90 train_batch=6000/15313 loss=1.459395
[rank 1] epoch=90 train_batch=8000/15313 loss=1.536200
[rank 1] epoch=90 train_batch=10000/15313 loss=1.496024
[rank 1] epoch=90 train_batch=12000/15313 loss=1.526725
[rank 1] epoch=90 train_batch=14000/15313 loss=1.485350
[rank 1] epoch=91 train_batch=2000/15313 loss=1.562353
[rank 1] epoch=91 train_batch=4000/15313 loss=1.537818
[rank 1] epoch=91 train_batch=6000/15313 loss=1.530422
[rank 1] epoch=91 train_batch=8000/15313 loss=1.528931
[rank 1] epoch=91 train_batch=10000/15313 loss=1.477653
[rank 1] epoch=91 train_batch=12000/15313 loss=1.475521
[rank 1] epoch=91 train_batch=14000/15313 loss=1.502077
[rank 1] epoch=92 train_batch=2000/15313 loss=1.512041
[rank 1] epoch=92 train_batch=4000/15313 loss=1.420949
[rank 1] epoch=92 train_batch=6000/15313 loss=1.534585
[rank 1] epoch=92 train_batch=8000/15313 loss=1.468052
[rank 1] epoch=92 train_batch=10000/15313 loss=1.540829
[rank 1] epoch=92 train_batch=12000/15313 loss=1.470752
[rank 1] epoch=92 train_batch=14000/15313 loss=1.485638
[rank 1] epoch=93 train_batch=2000/15313 loss=1.494216
[rank 1] epoch=93 train_batch=4000/15313 loss=1.462336
[rank 1] epoch=93 train_batch=6000/15313 loss=1.557631
[rank 1] epoch=93 train_batch=8000/15313 loss=1.493457
[rank 1] epoch=93 train_batch=10000/15313 loss=1.582937
[rank 1] epoch=93 train_batch=12000/15313 loss=1.484317
[rank 1] epoch=93 train_batch=14000/15313 loss=1.438954
[rank 1] epoch=94 train_batch=2000/15313 loss=1.475187
[rank 1] epoch=94 train_batch=4000/15313 loss=1.491647
[rank 1] epoch=94 train_batch=6000/15313 loss=1.470405
[rank 1] epoch=94 train_batch=8000/15313 loss=1.535266
[rank 1] epoch=94 train_batch=10000/15313 loss=1.475267
[rank 1] epoch=94 train_batch=12000/15313 loss=1.568579
[rank 1] epoch=94 train_batch=14000/15313 loss=1.566246
[rank 1] epoch=95 train_batch=2000/15313 loss=1.462394
[rank 1] epoch=95 train_batch=4000/15313 loss=1.542834
[rank 1] epoch=95 train_batch=6000/15313 loss=1.474008
[rank 1] epoch=95 train_batch=8000/15313 loss=1.503018
[rank 1] epoch=95 train_batch=10000/15313 loss=1.544061
[rank 1] epoch=95 train_batch=12000/15313 loss=1.414043
[rank 1] epoch=95 train_batch=14000/15313 loss=1.462772
[rank 1] epoch=96 train_batch=2000/15313 loss=1.516927
[rank 1] epoch=96 train_batch=4000/15313 loss=1.462273
[rank 1] epoch=96 train_batch=6000/15313 loss=1.547359
[rank 1] epoch=96 train_batch=8000/15313 loss=1.463191
[rank 1] epoch=96 train_batch=10000/15313 loss=1.507136
[rank 1] epoch=96 train_batch=12000/15313 loss=1.537725
[rank 1] epoch=96 train_batch=14000/15313 loss=1.443938
[rank 1] epoch=97 train_batch=2000/15313 loss=1.496448
[rank 1] epoch=97 train_batch=4000/15313 loss=1.578000
[rank 1] epoch=97 train_batch=6000/15313 loss=1.560338
[rank 1] epoch=97 train_batch=8000/15313 loss=1.424080
[rank 1] epoch=97 train_batch=10000/15313 loss=1.457800
[rank 1] epoch=97 train_batch=12000/15313 loss=1.597851
[rank 1] epoch=97 train_batch=14000/15313 loss=1.486554
[rank 1] epoch=98 train_batch=2000/15313 loss=1.458114
[rank 1] epoch=98 train_batch=4000/15313 loss=1.455636
[rank 1] epoch=98 train_batch=6000/15313 loss=1.485857
[rank 1] epoch=98 train_batch=8000/15313 loss=1.535696
[rank 1] epoch=98 train_batch=10000/15313 loss=1.490731
[rank 1] epoch=98 train_batch=12000/15313 loss=1.515723
[rank 1] epoch=98 train_batch=14000/15313 loss=1.525394
[rank 1] epoch=99 train_batch=2000/15313 loss=1.551483
[rank 1] epoch=99 train_batch=4000/15313 loss=1.578471
[rank 1] epoch=99 train_batch=6000/15313 loss=1.552169
[rank 1] epoch=99 train_batch=8000/15313 loss=1.522791
[rank 1] epoch=99 train_batch=10000/15313 loss=1.441003
[rank 1] epoch=99 train_batch=12000/15313 loss=1.488939
[rank 1] epoch=99 train_batch=14000/15313 loss=1.533759
[rank 1] epoch=100 train_batch=2000/15313 loss=1.580859
[rank 1] epoch=100 train_batch=4000/15313 loss=1.515042
[rank 1] epoch=100 train_batch=6000/15313 loss=1.602581
[rank 1] epoch=100 train_batch=8000/15313 loss=1.515737
[rank 1] epoch=100 train_batch=10000/15313 loss=1.495254
[rank 1] epoch=100 train_batch=12000/15313 loss=1.526322
[rank 1] epoch=100 train_batch=14000/15313 loss=1.620971
[rank 1] epoch=101 train_batch=2000/15313 loss=1.546001
[rank 1] epoch=101 train_batch=4000/15313 loss=1.615498
[rank 1] epoch=101 train_batch=6000/15313 loss=1.470149
[rank 1] epoch=101 train_batch=8000/15313 loss=1.565540
[rank 1] epoch=101 train_batch=10000/15313 loss=1.585785
[rank 1] epoch=101 train_batch=12000/15313 loss=1.531243
[rank 1] epoch=101 train_batch=14000/15313 loss=1.515555
[rank 1] epoch=102 train_batch=2000/15313 loss=1.600289
[rank 1] epoch=102 train_batch=4000/15313 loss=1.547704
[rank 1] epoch=102 train_batch=6000/15313 loss=1.568742
[rank 1] epoch=102 train_batch=8000/15313 loss=1.532762
[rank 1] epoch=102 train_batch=10000/15313 loss=1.583232
[rank 1] epoch=102 train_batch=12000/15313 loss=1.537160
[rank 1] epoch=102 train_batch=14000/15313 loss=1.569896
[rank 1] epoch=103 train_batch=2000/15313 loss=1.545505
[rank 1] epoch=103 train_batch=4000/15313 loss=1.517804
[rank 1] epoch=103 train_batch=6000/15313 loss=1.493702
[rank 1] epoch=103 train_batch=8000/15313 loss=1.525334
[rank 1] epoch=103 train_batch=10000/15313 loss=1.598485
[rank 1] epoch=103 train_batch=12000/15313 loss=1.550395
[rank 1] epoch=103 train_batch=14000/15313 loss=1.490630
[rank 1] epoch=104 train_batch=2000/15313 loss=1.566410
[rank 1] epoch=104 train_batch=4000/15313 loss=1.569926
[rank 1] epoch=104 train_batch=6000/15313 loss=1.591951
[rank 1] epoch=104 train_batch=8000/15313 loss=1.517899
[rank 1] epoch=104 train_batch=10000/15313 loss=1.510162
[rank 1] epoch=104 train_batch=12000/15313 loss=1.621038
[rank 1] epoch=104 train_batch=14000/15313 loss=1.468708
[rank 1] epoch=105 train_batch=2000/15313 loss=1.532910
[rank 1] epoch=105 train_batch=4000/15313 loss=1.560299
[rank 1] epoch=105 train_batch=6000/15313 loss=1.483398
[rank 1] epoch=105 train_batch=8000/15313 loss=1.483572
[rank 1] epoch=105 train_batch=10000/15313 loss=1.578096
[rank 1] epoch=105 train_batch=12000/15313 loss=1.522877
[rank 1] epoch=105 train_batch=14000/15313 loss=1.546979
[rank 1] epoch=106 train_batch=2000/15313 loss=1.540995
[rank 1] epoch=106 train_batch=4000/15313 loss=1.531569
[rank 1] epoch=106 train_batch=6000/15313 loss=1.557496
[rank 1] epoch=106 train_batch=8000/15313 loss=1.480998
[rank 1] epoch=106 train_batch=10000/15313 loss=1.457301
[rank 1] epoch=106 train_batch=12000/15313 loss=1.551984
[rank 1] epoch=106 train_batch=14000/15313 loss=1.506436
[rank 1] epoch=107 train_batch=2000/15313 loss=1.550988
[rank 1] epoch=107 train_batch=4000/15313 loss=1.496590
[rank 1] epoch=107 train_batch=6000/15313 loss=1.604912
[rank 1] epoch=107 train_batch=8000/15313 loss=1.505328
[rank 1] epoch=107 train_batch=10000/15313 loss=1.497099
[rank 1] epoch=107 train_batch=12000/15313 loss=1.513936
[rank 1] epoch=107 train_batch=14000/15313 loss=1.504946
[rank 1] epoch=108 train_batch=2000/15313 loss=1.487224
[rank 1] epoch=108 train_batch=4000/15313 loss=1.479014
[rank 1] epoch=108 train_batch=6000/15313 loss=1.584603
[rank 1] epoch=108 train_batch=8000/15313 loss=1.615373
[rank 1] epoch=108 train_batch=10000/15313 loss=1.509638
[rank 1] epoch=108 train_batch=12000/15313 loss=1.584542
[rank 1] epoch=108 train_batch=14000/15313 loss=1.524969
[rank 1] epoch=109 train_batch=2000/15313 loss=1.510183
[rank 1] epoch=109 train_batch=4000/15313 loss=1.615404
[rank 1] epoch=109 train_batch=6000/15313 loss=1.559530
[rank 1] epoch=109 train_batch=8000/15313 loss=1.500828
[rank 1] epoch=109 train_batch=10000/15313 loss=1.580154
[rank 1] epoch=109 train_batch=12000/15313 loss=1.486359
[rank 1] epoch=109 train_batch=14000/15313 loss=1.605949
[rank 1] epoch=110 train_batch=2000/15313 loss=1.541229
[rank 1] epoch=110 train_batch=4000/15313 loss=1.529190
[rank 1] epoch=110 train_batch=6000/15313 loss=1.526712
[rank 1] epoch=110 train_batch=8000/15313 loss=1.525720
[rank 1] epoch=110 train_batch=10000/15313 loss=1.604805
[rank 1] epoch=110 train_batch=12000/15313 loss=1.543820
[rank 1] epoch=110 train_batch=14000/15313 loss=1.541713
[rank 1] epoch=111 train_batch=2000/15313 loss=1.511128
[rank 1] epoch=111 train_batch=4000/15313 loss=1.516963
[rank 1] epoch=111 train_batch=6000/15313 loss=1.549670
[rank 1] epoch=111 train_batch=8000/15313 loss=1.533857
[rank 1] epoch=111 train_batch=10000/15313 loss=1.559185
[rank 1] epoch=111 train_batch=12000/15313 loss=1.561551
[rank 1] epoch=111 train_batch=14000/15313 loss=1.519991
[rank 1] epoch=112 train_batch=2000/15313 loss=1.567512
[rank 1] epoch=112 train_batch=4000/15313 loss=1.447495
[rank 1] epoch=112 train_batch=6000/15313 loss=1.539990
[rank 1] epoch=112 train_batch=8000/15313 loss=1.522843
[rank 1] epoch=112 train_batch=10000/15313 loss=1.484028
[rank 1] epoch=112 train_batch=12000/15313 loss=1.589132
[rank 1] epoch=112 train_batch=14000/15313 loss=1.545896
[rank 1] epoch=113 train_batch=2000/15313 loss=1.594577
[rank 1] epoch=113 train_batch=4000/15313 loss=1.540500
[rank 1] epoch=113 train_batch=6000/15313 loss=1.519126
[rank 1] epoch=113 train_batch=8000/15313 loss=1.510106
[rank 1] epoch=113 train_batch=10000/15313 loss=1.546536
[rank 1] epoch=113 train_batch=12000/15313 loss=1.596370
[rank 1] epoch=113 train_batch=14000/15313 loss=1.542023
[rank 1] epoch=114 train_batch=2000/15313 loss=1.554073
[rank 1] epoch=114 train_batch=4000/15313 loss=1.513057
[rank 1] epoch=114 train_batch=6000/15313 loss=1.509459
