cuda:3
thetaphi at main: True
Loading dataset...
Extended H5: retain valid unknown-truth inputs; supervised loss is masked; exclude_gap_hits=True
Using ILCStreamingDataset (shuffle_buffer=256, files_per_chunk=32, seed=1001)
ILCStreamingDataset: path=/data/suehara/mldata/pfa/murata/data/tc/tc_nnqq_2M_nobrems/train, files=1960, events~=1960000, shuffle_buffer=256, files_per_chunk=32
Extended H5: retain valid unknown-truth inputs; supervised loss is masked; exclude_gap_hits=True
Using ILCStreamingDataset (shuffle_buffer=256, files_per_chunk=32, seed=1001)
ILCStreamingDataset: path=/data/suehara/mldata/pfa/murata/data/tc/tc_nnqq_2M_nobrems/validation, files=20, events~=20000, shuffle_buffer=256, files_per_chunk=32
Training dataset size:  1960000
Validating dataset size:  20000
Batch size:  128
Loading GravNetModelMultiHead (heads=6, reg_heads=5, interaction=none)
KNN backend=event-parallel GravNet_layers=4
restart period :  30
[rank 3] epoch=0 train_batch=2000/15313 loss=1.540752
[rank 3] epoch=0 train_batch=4000/15313 loss=1.487890
[rank 3] epoch=0 train_batch=6000/15313 loss=1.456893
[rank 3] epoch=0 train_batch=8000/15313 loss=1.418903
[rank 3] epoch=0 train_batch=10000/15313 loss=1.427735
[rank 3] epoch=0 train_batch=12000/15313 loss=1.379695
[rank 3] epoch=0 train_batch=14000/15313 loss=1.378420
[rank 3] epoch=1 train_batch=2000/15313 loss=1.394864
[rank 3] epoch=1 train_batch=4000/15313 loss=1.360038
[rank 3] epoch=1 train_batch=6000/15313 loss=1.343407
[rank 3] epoch=1 train_batch=8000/15313 loss=1.337818
[rank 3] epoch=1 train_batch=10000/15313 loss=1.343240
[rank 3] epoch=1 train_batch=12000/15313 loss=1.323107
[rank 3] epoch=1 train_batch=14000/15313 loss=1.366286
[rank 3] epoch=2 train_batch=2000/15313 loss=1.829496
[rank 3] epoch=2 train_batch=4000/15313 loss=1.860679
[rank 3] epoch=2 train_batch=6000/15313 loss=1.851112
[rank 3] epoch=2 train_batch=8000/15313 loss=1.762906
[rank 3] epoch=2 train_batch=10000/15313 loss=1.830492
[rank 3] epoch=2 train_batch=12000/15313 loss=1.783605
[rank 3] epoch=2 train_batch=14000/15313 loss=1.691723
[rank 3] epoch=3 train_batch=2000/15313 loss=1.705808
[rank 3] epoch=3 train_batch=4000/15313 loss=1.698396
[rank 3] epoch=3 train_batch=6000/15313 loss=1.582050
[rank 3] epoch=3 train_batch=8000/15313 loss=1.686011
[rank 3] epoch=3 train_batch=10000/15313 loss=1.679929
[rank 3] epoch=3 train_batch=12000/15313 loss=1.724332
[rank 3] epoch=3 train_batch=14000/15313 loss=1.666003
[rank 3] epoch=4 train_batch=2000/15313 loss=1.790764
[rank 3] epoch=4 train_batch=4000/15313 loss=1.757214
[rank 3] epoch=4 train_batch=6000/15313 loss=1.835722
[rank 3] epoch=4 train_batch=8000/15313 loss=1.745343
[rank 3] epoch=4 train_batch=10000/15313 loss=1.835811
[rank 3] epoch=4 train_batch=12000/15313 loss=1.849066
[rank 3] epoch=4 train_batch=14000/15313 loss=1.707694
[rank 3] epoch=5 train_batch=2000/15313 loss=1.671352
[rank 3] epoch=5 train_batch=4000/15313 loss=1.821598
[rank 3] epoch=5 train_batch=6000/15313 loss=1.737880
[rank 3] epoch=5 train_batch=8000/15313 loss=1.877692
[rank 3] epoch=5 train_batch=10000/15313 loss=1.754063
[rank 3] epoch=5 train_batch=12000/15313 loss=1.731659
[rank 3] epoch=5 train_batch=14000/15313 loss=1.771457
[rank 3] epoch=6 train_batch=2000/15313 loss=1.689872
[rank 3] epoch=6 train_batch=4000/15313 loss=1.697385
[rank 3] epoch=6 train_batch=6000/15313 loss=1.735494
[rank 3] epoch=6 train_batch=8000/15313 loss=1.709555
[rank 3] epoch=6 train_batch=10000/15313 loss=1.709415
[rank 3] epoch=6 train_batch=12000/15313 loss=1.733316
[rank 3] epoch=6 train_batch=14000/15313 loss=1.712480
[rank 3] epoch=7 train_batch=2000/15313 loss=1.596933
[rank 3] epoch=7 train_batch=4000/15313 loss=1.765173
[rank 3] epoch=7 train_batch=6000/15313 loss=1.624904
[rank 3] epoch=7 train_batch=8000/15313 loss=1.722080
[rank 3] epoch=7 train_batch=10000/15313 loss=1.742759
[rank 3] epoch=7 train_batch=12000/15313 loss=1.686952
[rank 3] epoch=7 train_batch=14000/15313 loss=1.713730
[rank 3] epoch=8 train_batch=2000/15313 loss=1.644155
[rank 3] epoch=8 train_batch=4000/15313 loss=1.695817
[rank 3] epoch=8 train_batch=6000/15313 loss=1.665364
[rank 3] epoch=8 train_batch=8000/15313 loss=1.718099
[rank 3] epoch=8 train_batch=10000/15313 loss=1.677325
[rank 3] epoch=8 train_batch=12000/15313 loss=1.774433
[rank 3] epoch=8 train_batch=14000/15313 loss=1.727807
[rank 3] epoch=9 train_batch=2000/15313 loss=1.610616
[rank 3] epoch=9 train_batch=4000/15313 loss=1.600403
[rank 3] epoch=9 train_batch=6000/15313 loss=1.732406
[rank 3] epoch=9 train_batch=8000/15313 loss=1.680838
[rank 3] epoch=9 train_batch=10000/15313 loss=1.622158
[rank 3] epoch=9 train_batch=12000/15313 loss=1.622224
[rank 3] epoch=9 train_batch=14000/15313 loss=1.647073
[rank 3] epoch=10 train_batch=2000/15313 loss=1.769537
[rank 3] epoch=10 train_batch=4000/15313 loss=1.617454
[rank 3] epoch=10 train_batch=6000/15313 loss=1.559645
[rank 3] epoch=10 train_batch=8000/15313 loss=1.649526
[rank 3] epoch=10 train_batch=10000/15313 loss=1.560218
[rank 3] epoch=10 train_batch=12000/15313 loss=1.651638
[rank 3] epoch=10 train_batch=14000/15313 loss=1.650255
[rank 3] epoch=11 train_batch=2000/15313 loss=1.590849
[rank 3] epoch=11 train_batch=4000/15313 loss=1.591423
[rank 3] epoch=11 train_batch=6000/15313 loss=1.685587
[rank 3] epoch=11 train_batch=8000/15313 loss=1.708349
[rank 3] epoch=11 train_batch=10000/15313 loss=1.621055
[rank 3] epoch=11 train_batch=12000/15313 loss=1.648120
[rank 3] epoch=11 train_batch=14000/15313 loss=1.681275
[rank 3] epoch=12 train_batch=2000/15313 loss=1.614027
[rank 3] epoch=12 train_batch=4000/15313 loss=1.631672
[rank 3] epoch=12 train_batch=6000/15313 loss=1.626585
[rank 3] epoch=12 train_batch=8000/15313 loss=1.695287
[rank 3] epoch=12 train_batch=10000/15313 loss=1.586927
[rank 3] epoch=12 train_batch=12000/15313 loss=1.594750
[rank 3] epoch=12 train_batch=14000/15313 loss=1.738911
[rank 3] epoch=13 train_batch=2000/15313 loss=1.653931
[rank 3] epoch=13 train_batch=4000/15313 loss=1.614352
[rank 3] epoch=13 train_batch=6000/15313 loss=1.643001
[rank 3] epoch=13 train_batch=8000/15313 loss=1.539382
[rank 3] epoch=13 train_batch=10000/15313 loss=1.674573
[rank 3] epoch=13 train_batch=12000/15313 loss=1.670493
[rank 3] epoch=13 train_batch=14000/15313 loss=1.545034
[rank 3] epoch=14 train_batch=2000/15313 loss=1.591635
[rank 3] epoch=14 train_batch=4000/15313 loss=1.644712
[rank 3] epoch=14 train_batch=6000/15313 loss=1.517704
[rank 3] epoch=14 train_batch=8000/15313 loss=1.609541
[rank 3] epoch=14 train_batch=10000/15313 loss=1.654866
[rank 3] epoch=14 train_batch=12000/15313 loss=1.530735
[rank 3] epoch=14 train_batch=14000/15313 loss=1.644586
[rank 3] epoch=15 train_batch=2000/15313 loss=1.593167
[rank 3] epoch=15 train_batch=4000/15313 loss=1.621805
[rank 3] epoch=15 train_batch=6000/15313 loss=1.588864
[rank 3] epoch=15 train_batch=8000/15313 loss=1.672110
[rank 3] epoch=15 train_batch=10000/15313 loss=1.490724
[rank 3] epoch=15 train_batch=12000/15313 loss=1.569826
[rank 3] epoch=15 train_batch=14000/15313 loss=1.606163
[rank 3] epoch=16 train_batch=2000/15313 loss=1.649569
[rank 3] epoch=16 train_batch=4000/15313 loss=1.617042
[rank 3] epoch=16 train_batch=6000/15313 loss=1.623534
[rank 3] epoch=16 train_batch=8000/15313 loss=1.609061
[rank 3] epoch=16 train_batch=10000/15313 loss=1.602475
[rank 3] epoch=16 train_batch=12000/15313 loss=1.548296
[rank 3] epoch=16 train_batch=14000/15313 loss=1.594912
[rank 3] epoch=17 train_batch=2000/15313 loss=1.548716
[rank 3] epoch=17 train_batch=4000/15313 loss=1.594914
[rank 3] epoch=17 train_batch=6000/15313 loss=1.585255
[rank 3] epoch=17 train_batch=8000/15313 loss=1.504351
[rank 3] epoch=17 train_batch=10000/15313 loss=1.612709
[rank 3] epoch=17 train_batch=12000/15313 loss=1.599656
[rank 3] epoch=17 train_batch=14000/15313 loss=1.627179
[rank 3] epoch=18 train_batch=2000/15313 loss=1.583563
[rank 3] epoch=18 train_batch=4000/15313 loss=1.617517
[rank 3] epoch=18 train_batch=6000/15313 loss=1.616785
[rank 3] epoch=18 train_batch=8000/15313 loss=1.591339
[rank 3] epoch=18 train_batch=10000/15313 loss=1.568124
[rank 3] epoch=18 train_batch=12000/15313 loss=1.586734
[rank 3] epoch=18 train_batch=14000/15313 loss=1.627150
[rank 3] epoch=19 train_batch=2000/15313 loss=1.567946
[rank 3] epoch=19 train_batch=4000/15313 loss=1.568971
[rank 3] epoch=19 train_batch=6000/15313 loss=1.555137
[rank 3] epoch=19 train_batch=8000/15313 loss=1.556202
[rank 3] epoch=19 train_batch=10000/15313 loss=1.604476
[rank 3] epoch=19 train_batch=12000/15313 loss=1.537361
[rank 3] epoch=19 train_batch=14000/15313 loss=1.601658
[rank 3] epoch=20 train_batch=2000/15313 loss=1.565879
[rank 3] epoch=20 train_batch=4000/15313 loss=1.552786
[rank 3] epoch=20 train_batch=6000/15313 loss=1.518981
[rank 3] epoch=20 train_batch=8000/15313 loss=1.575872
[rank 3] epoch=20 train_batch=10000/15313 loss=1.541873
[rank 3] epoch=20 train_batch=12000/15313 loss=1.546361
[rank 3] epoch=20 train_batch=14000/15313 loss=1.556563
[rank 3] epoch=21 train_batch=2000/15313 loss=1.615535
[rank 3] epoch=21 train_batch=4000/15313 loss=1.643988
[rank 3] epoch=21 train_batch=6000/15313 loss=1.548138
[rank 3] epoch=21 train_batch=8000/15313 loss=1.586882
[rank 3] epoch=21 train_batch=10000/15313 loss=1.567084
[rank 3] epoch=21 train_batch=12000/15313 loss=1.554149
[rank 3] epoch=21 train_batch=14000/15313 loss=1.569193
[rank 3] epoch=22 train_batch=2000/15313 loss=1.529151
[rank 3] epoch=22 train_batch=4000/15313 loss=1.593697
[rank 3] epoch=22 train_batch=6000/15313 loss=1.580281
[rank 3] epoch=22 train_batch=8000/15313 loss=1.555875
[rank 3] epoch=22 train_batch=10000/15313 loss=1.530847
[rank 3] epoch=22 train_batch=12000/15313 loss=1.481800
[rank 3] epoch=22 train_batch=14000/15313 loss=1.500118
[rank 3] epoch=23 train_batch=2000/15313 loss=1.523158
[rank 3] epoch=23 train_batch=4000/15313 loss=1.524806
[rank 3] epoch=23 train_batch=6000/15313 loss=1.607558
[rank 3] epoch=23 train_batch=8000/15313 loss=1.520654
[rank 3] epoch=23 train_batch=10000/15313 loss=1.485334
[rank 3] epoch=23 train_batch=12000/15313 loss=1.612519
[rank 3] epoch=23 train_batch=14000/15313 loss=1.506630
[rank 3] epoch=24 train_batch=2000/15313 loss=1.541954
[rank 3] epoch=24 train_batch=4000/15313 loss=1.555258
[rank 3] epoch=24 train_batch=6000/15313 loss=1.589310
[rank 3] epoch=24 train_batch=8000/15313 loss=1.559950
[rank 3] epoch=24 train_batch=10000/15313 loss=1.553393
[rank 3] epoch=24 train_batch=12000/15313 loss=1.528154
[rank 3] epoch=24 train_batch=14000/15313 loss=1.478844
[rank 3] epoch=25 train_batch=2000/15313 loss=1.526516
[rank 3] epoch=25 train_batch=4000/15313 loss=1.481896
[rank 3] epoch=25 train_batch=6000/15313 loss=1.549820
[rank 3] epoch=25 train_batch=8000/15313 loss=1.559341
[rank 3] epoch=25 train_batch=10000/15313 loss=1.504545
[rank 3] epoch=25 train_batch=12000/15313 loss=1.569368
[rank 3] epoch=25 train_batch=14000/15313 loss=1.536627
[rank 3] epoch=26 train_batch=2000/15313 loss=1.530758
[rank 3] epoch=26 train_batch=4000/15313 loss=1.563899
[rank 3] epoch=26 train_batch=6000/15313 loss=1.625449
[rank 3] epoch=26 train_batch=8000/15313 loss=1.542263
[rank 3] epoch=26 train_batch=10000/15313 loss=1.571711
[rank 3] epoch=26 train_batch=12000/15313 loss=1.555544
[rank 3] epoch=26 train_batch=14000/15313 loss=1.551520
[rank 3] epoch=27 train_batch=2000/15313 loss=1.532366
[rank 3] epoch=27 train_batch=4000/15313 loss=1.516048
[rank 3] epoch=27 train_batch=6000/15313 loss=1.469383
[rank 3] epoch=27 train_batch=8000/15313 loss=1.530544
[rank 3] epoch=27 train_batch=10000/15313 loss=1.525533
[rank 3] epoch=27 train_batch=12000/15313 loss=1.569652
[rank 3] epoch=27 train_batch=14000/15313 loss=1.614702
[rank 3] epoch=28 train_batch=2000/15313 loss=1.535673
[rank 3] epoch=28 train_batch=4000/15313 loss=1.583070
[rank 3] epoch=28 train_batch=6000/15313 loss=1.527339
[rank 3] epoch=28 train_batch=8000/15313 loss=1.546653
[rank 3] epoch=28 train_batch=10000/15313 loss=1.443897
[rank 3] epoch=28 train_batch=12000/15313 loss=1.548463
[rank 3] epoch=28 train_batch=14000/15313 loss=1.548229
[rank 3] epoch=29 train_batch=2000/15313 loss=1.544219
[rank 3] epoch=29 train_batch=4000/15313 loss=1.532473
[rank 3] epoch=29 train_batch=6000/15313 loss=1.613187
[rank 3] epoch=29 train_batch=8000/15313 loss=1.513890
[rank 3] epoch=29 train_batch=10000/15313 loss=1.502492
[rank 3] epoch=29 train_batch=12000/15313 loss=1.536278
[rank 3] epoch=29 train_batch=14000/15313 loss=1.569457
[rank 3] epoch=30 train_batch=2000/15313 loss=1.655910
[rank 3] epoch=30 train_batch=4000/15313 loss=1.673106
[rank 3] epoch=30 train_batch=6000/15313 loss=1.723122
[rank 3] epoch=30 train_batch=8000/15313 loss=1.685440
[rank 3] epoch=30 train_batch=10000/15313 loss=1.640177
[rank 3] epoch=30 train_batch=12000/15313 loss=1.602340
[rank 3] epoch=30 train_batch=14000/15313 loss=1.585500
[rank 3] epoch=31 train_batch=2000/15313 loss=1.627029
[rank 3] epoch=31 train_batch=4000/15313 loss=1.638532
[rank 3] epoch=31 train_batch=6000/15313 loss=1.654335
[rank 3] epoch=31 train_batch=8000/15313 loss=1.609073
[rank 3] epoch=31 train_batch=10000/15313 loss=1.521995
[rank 3] epoch=31 train_batch=12000/15313 loss=1.591758
[rank 3] epoch=31 train_batch=14000/15313 loss=1.602515
[rank 3] epoch=32 train_batch=2000/15313 loss=1.594111
[rank 3] epoch=32 train_batch=4000/15313 loss=1.598561
[rank 3] epoch=32 train_batch=6000/15313 loss=1.517339
[rank 3] epoch=32 train_batch=8000/15313 loss=1.594845
[rank 3] epoch=32 train_batch=10000/15313 loss=1.638672
[rank 3] epoch=32 train_batch=12000/15313 loss=1.579122
[rank 3] epoch=32 train_batch=14000/15313 loss=1.602436
[rank 3] epoch=33 train_batch=2000/15313 loss=1.564369
[rank 3] epoch=33 train_batch=4000/15313 loss=1.557451
[rank 3] epoch=33 train_batch=6000/15313 loss=1.634666
[rank 3] epoch=33 train_batch=8000/15313 loss=1.591083
[rank 3] epoch=33 train_batch=10000/15313 loss=1.589054
[rank 3] epoch=33 train_batch=12000/15313 loss=1.642395
[rank 3] epoch=33 train_batch=14000/15313 loss=1.667829
[rank 3] epoch=34 train_batch=2000/15313 loss=1.589720
[rank 3] epoch=34 train_batch=4000/15313 loss=1.638783
[rank 3] epoch=34 train_batch=6000/15313 loss=1.678698
[rank 3] epoch=34 train_batch=8000/15313 loss=1.668510
[rank 3] epoch=34 train_batch=10000/15313 loss=1.577652
[rank 3] epoch=34 train_batch=12000/15313 loss=1.577610
[rank 3] epoch=34 train_batch=14000/15313 loss=1.686764
[rank 3] epoch=35 train_batch=2000/15313 loss=1.595276
[rank 3] epoch=35 train_batch=4000/15313 loss=1.548645
[rank 3] epoch=35 train_batch=6000/15313 loss=1.654445
[rank 3] epoch=35 train_batch=8000/15313 loss=1.626540
[rank 3] epoch=35 train_batch=10000/15313 loss=1.518950
[rank 3] epoch=35 train_batch=12000/15313 loss=1.603390
[rank 3] epoch=35 train_batch=14000/15313 loss=1.699469
[rank 3] epoch=36 train_batch=2000/15313 loss=1.578364
[rank 3] epoch=36 train_batch=4000/15313 loss=1.628663
[rank 3] epoch=36 train_batch=6000/15313 loss=1.585893
[rank 3] epoch=36 train_batch=8000/15313 loss=1.590701
[rank 3] epoch=36 train_batch=10000/15313 loss=1.625601
[rank 3] epoch=36 train_batch=12000/15313 loss=1.509254
[rank 3] epoch=36 train_batch=14000/15313 loss=1.633703
[rank 3] epoch=37 train_batch=2000/15313 loss=1.609000
[rank 3] epoch=37 train_batch=4000/15313 loss=1.535198
[rank 3] epoch=37 train_batch=6000/15313 loss=1.594419
[rank 3] epoch=37 train_batch=8000/15313 loss=1.667334
[rank 3] epoch=37 train_batch=10000/15313 loss=1.653744
[rank 3] epoch=37 train_batch=12000/15313 loss=1.574586
[rank 3] epoch=37 train_batch=14000/15313 loss=1.653895
[rank 3] epoch=38 train_batch=2000/15313 loss=1.520895
[rank 3] epoch=38 train_batch=4000/15313 loss=1.659895
[rank 3] epoch=38 train_batch=6000/15313 loss=1.611221
[rank 3] epoch=38 train_batch=8000/15313 loss=1.576195
[rank 3] epoch=38 train_batch=10000/15313 loss=1.633118
[rank 3] epoch=38 train_batch=12000/15313 loss=1.617195
[rank 3] epoch=38 train_batch=14000/15313 loss=1.606455
[rank 3] epoch=39 train_batch=2000/15313 loss=1.638363
[rank 3] epoch=39 train_batch=4000/15313 loss=1.673429
[rank 3] epoch=39 train_batch=6000/15313 loss=1.650857
[rank 3] epoch=39 train_batch=8000/15313 loss=1.649245
[rank 3] epoch=39 train_batch=10000/15313 loss=1.590946
[rank 3] epoch=39 train_batch=12000/15313 loss=1.581217
[rank 3] epoch=39 train_batch=14000/15313 loss=1.607778
[rank 3] epoch=40 train_batch=2000/15313 loss=1.566061
[rank 3] epoch=40 train_batch=4000/15313 loss=1.606515
[rank 3] epoch=40 train_batch=6000/15313 loss=1.591983
[rank 3] epoch=40 train_batch=8000/15313 loss=1.598904
[rank 3] epoch=40 train_batch=10000/15313 loss=1.647816
[rank 3] epoch=40 train_batch=12000/15313 loss=1.615733
[rank 3] epoch=40 train_batch=14000/15313 loss=1.678167
[rank 3] epoch=41 train_batch=2000/15313 loss=1.581148
[rank 3] epoch=41 train_batch=4000/15313 loss=1.505365
[rank 3] epoch=41 train_batch=6000/15313 loss=1.577211
[rank 3] epoch=41 train_batch=8000/15313 loss=1.587147
[rank 3] epoch=41 train_batch=10000/15313 loss=1.536535
[rank 3] epoch=41 train_batch=12000/15313 loss=1.501421
[rank 3] epoch=41 train_batch=14000/15313 loss=1.538870
[rank 3] epoch=42 train_batch=2000/15313 loss=1.585553
[rank 3] epoch=42 train_batch=4000/15313 loss=1.565898
[rank 3] epoch=42 train_batch=6000/15313 loss=1.529286
[rank 3] epoch=42 train_batch=8000/15313 loss=1.655906
[rank 3] epoch=42 train_batch=10000/15313 loss=1.515251
[rank 3] epoch=42 train_batch=12000/15313 loss=1.593177
[rank 3] epoch=42 train_batch=14000/15313 loss=1.673553
[rank 3] epoch=43 train_batch=2000/15313 loss=1.508759
[rank 3] epoch=43 train_batch=4000/15313 loss=1.610806
[rank 3] epoch=43 train_batch=6000/15313 loss=1.530836
[rank 3] epoch=43 train_batch=8000/15313 loss=1.537687
[rank 3] epoch=43 train_batch=10000/15313 loss=1.601545
[rank 3] epoch=43 train_batch=12000/15313 loss=1.579840
[rank 3] epoch=43 train_batch=14000/15313 loss=1.526224
[rank 3] epoch=44 train_batch=2000/15313 loss=1.515982
[rank 3] epoch=44 train_batch=4000/15313 loss=1.549806
[rank 3] epoch=44 train_batch=6000/15313 loss=1.578157
[rank 3] epoch=44 train_batch=8000/15313 loss=1.594329
[rank 3] epoch=44 train_batch=10000/15313 loss=1.572111
[rank 3] epoch=44 train_batch=12000/15313 loss=1.533521
[rank 3] epoch=44 train_batch=14000/15313 loss=1.589318
[rank 3] epoch=45 train_batch=2000/15313 loss=1.547033
[rank 3] epoch=45 train_batch=4000/15313 loss=1.523414
[rank 3] epoch=45 train_batch=6000/15313 loss=1.553260
[rank 3] epoch=45 train_batch=8000/15313 loss=1.499971
[rank 3] epoch=45 train_batch=10000/15313 loss=1.503570
[rank 3] epoch=45 train_batch=12000/15313 loss=1.545260
[rank 3] epoch=45 train_batch=14000/15313 loss=1.510613
[rank 3] epoch=46 train_batch=2000/15313 loss=1.581832
[rank 3] epoch=46 train_batch=4000/15313 loss=1.587758
[rank 3] epoch=46 train_batch=6000/15313 loss=1.560101
[rank 3] epoch=46 train_batch=8000/15313 loss=1.523185
[rank 3] epoch=46 train_batch=10000/15313 loss=1.486719
[rank 3] epoch=46 train_batch=12000/15313 loss=1.542962
[rank 3] epoch=46 train_batch=14000/15313 loss=1.564066
[rank 3] epoch=47 train_batch=2000/15313 loss=1.569981
[rank 3] epoch=47 train_batch=4000/15313 loss=1.590068
[rank 3] epoch=47 train_batch=6000/15313 loss=1.512920
[rank 3] epoch=47 train_batch=8000/15313 loss=1.579434
[rank 3] epoch=47 train_batch=10000/15313 loss=1.474349
[rank 3] epoch=47 train_batch=12000/15313 loss=1.535843
[rank 3] epoch=47 train_batch=14000/15313 loss=1.512471
[rank 3] epoch=48 train_batch=2000/15313 loss=1.520992
[rank 3] epoch=48 train_batch=4000/15313 loss=1.509277
[rank 3] epoch=48 train_batch=6000/15313 loss=1.593270
[rank 3] epoch=48 train_batch=8000/15313 loss=1.491123
[rank 3] epoch=48 train_batch=10000/15313 loss=1.579886
[rank 3] epoch=48 train_batch=12000/15313 loss=1.573199
[rank 3] epoch=48 train_batch=14000/15313 loss=1.562554
[rank 3] epoch=49 train_batch=2000/15313 loss=1.483671
[rank 3] epoch=49 train_batch=4000/15313 loss=1.543837
[rank 3] epoch=49 train_batch=6000/15313 loss=1.539674
[rank 3] epoch=49 train_batch=8000/15313 loss=1.467618
[rank 3] epoch=49 train_batch=10000/15313 loss=1.510096
[rank 3] epoch=49 train_batch=12000/15313 loss=1.537354
[rank 3] epoch=49 train_batch=14000/15313 loss=1.577283
[rank 3] epoch=50 train_batch=2000/15313 loss=1.449911
[rank 3] epoch=50 train_batch=4000/15313 loss=1.525337
[rank 3] epoch=50 train_batch=6000/15313 loss=1.510920
[rank 3] epoch=50 train_batch=8000/15313 loss=1.580297
[rank 3] epoch=50 train_batch=10000/15313 loss=1.516787
[rank 3] epoch=50 train_batch=12000/15313 loss=1.569045
[rank 3] epoch=50 train_batch=14000/15313 loss=1.519070
[rank 3] epoch=51 train_batch=2000/15313 loss=1.536297
[rank 3] epoch=51 train_batch=4000/15313 loss=1.566419
[rank 3] epoch=51 train_batch=6000/15313 loss=1.585448
[rank 3] epoch=51 train_batch=8000/15313 loss=1.549447
[rank 3] epoch=51 train_batch=10000/15313 loss=1.513185
[rank 3] epoch=51 train_batch=12000/15313 loss=1.539893
[rank 3] epoch=51 train_batch=14000/15313 loss=1.553480
[rank 3] epoch=52 train_batch=2000/15313 loss=1.506771
[rank 3] epoch=52 train_batch=4000/15313 loss=1.530888
[rank 3] epoch=52 train_batch=6000/15313 loss=1.566860
[rank 3] epoch=52 train_batch=8000/15313 loss=1.496419
[rank 3] epoch=52 train_batch=10000/15313 loss=1.446287
[rank 3] epoch=52 train_batch=12000/15313 loss=1.558985
[rank 3] epoch=52 train_batch=14000/15313 loss=1.519912
[rank 3] epoch=53 train_batch=2000/15313 loss=1.487613
[rank 3] epoch=53 train_batch=4000/15313 loss=1.529306
[rank 3] epoch=53 train_batch=6000/15313 loss=1.472069
[rank 3] epoch=53 train_batch=8000/15313 loss=1.546211
[rank 3] epoch=53 train_batch=10000/15313 loss=1.532786
[rank 3] epoch=53 train_batch=12000/15313 loss=1.485897
[rank 3] epoch=53 train_batch=14000/15313 loss=1.540001
[rank 3] epoch=54 train_batch=2000/15313 loss=1.467685
[rank 3] epoch=54 train_batch=4000/15313 loss=1.507202
[rank 3] epoch=54 train_batch=6000/15313 loss=1.499443
[rank 3] epoch=54 train_batch=8000/15313 loss=1.495713
[rank 3] epoch=54 train_batch=10000/15313 loss=1.499346
[rank 3] epoch=54 train_batch=12000/15313 loss=1.598601
[rank 3] epoch=54 train_batch=14000/15313 loss=1.527134
[rank 3] epoch=55 train_batch=2000/15313 loss=1.490229
[rank 3] epoch=55 train_batch=4000/15313 loss=1.516184
[rank 3] epoch=55 train_batch=6000/15313 loss=1.533326
[rank 3] epoch=55 train_batch=8000/15313 loss=1.502854
[rank 3] epoch=55 train_batch=10000/15313 loss=1.489817
[rank 3] epoch=55 train_batch=12000/15313 loss=1.485485
[rank 3] epoch=55 train_batch=14000/15313 loss=1.506870
[rank 3] epoch=56 train_batch=2000/15313 loss=1.465127
[rank 3] epoch=56 train_batch=4000/15313 loss=1.479042
[rank 3] epoch=56 train_batch=6000/15313 loss=1.539497
[rank 3] epoch=56 train_batch=8000/15313 loss=1.455413
[rank 3] epoch=56 train_batch=10000/15313 loss=1.531992
[rank 3] epoch=56 train_batch=12000/15313 loss=1.443818
[rank 3] epoch=56 train_batch=14000/15313 loss=1.478680
[rank 3] epoch=57 train_batch=2000/15313 loss=1.479034
[rank 3] epoch=57 train_batch=4000/15313 loss=1.506550
[rank 3] epoch=57 train_batch=6000/15313 loss=1.506349
[rank 3] epoch=57 train_batch=8000/15313 loss=1.507022
[rank 3] epoch=57 train_batch=10000/15313 loss=1.493088
[rank 3] epoch=57 train_batch=12000/15313 loss=1.518144
[rank 3] epoch=57 train_batch=14000/15313 loss=1.464472
[rank 3] epoch=58 train_batch=2000/15313 loss=1.547606
[rank 3] epoch=58 train_batch=4000/15313 loss=1.574872
[rank 3] epoch=58 train_batch=6000/15313 loss=1.478387
[rank 3] epoch=58 train_batch=8000/15313 loss=1.496566
[rank 3] epoch=58 train_batch=10000/15313 loss=1.523828
[rank 3] epoch=58 train_batch=12000/15313 loss=1.509605
[rank 3] epoch=58 train_batch=14000/15313 loss=1.529014
[rank 3] epoch=59 train_batch=2000/15313 loss=1.495357
[rank 3] epoch=59 train_batch=4000/15313 loss=1.630970
[rank 3] epoch=59 train_batch=6000/15313 loss=1.538224
[rank 3] epoch=59 train_batch=8000/15313 loss=1.561605
[rank 3] epoch=59 train_batch=10000/15313 loss=1.404330
[rank 3] epoch=59 train_batch=12000/15313 loss=1.525211
[rank 3] epoch=59 train_batch=14000/15313 loss=1.582955
[rank 3] epoch=60 train_batch=2000/15313 loss=1.584140
[rank 3] epoch=60 train_batch=4000/15313 loss=1.468956
[rank 3] epoch=60 train_batch=6000/15313 loss=1.526538
[rank 3] epoch=60 train_batch=8000/15313 loss=1.547123
[rank 3] epoch=60 train_batch=10000/15313 loss=1.573803
[rank 3] epoch=60 train_batch=12000/15313 loss=1.485114
[rank 3] epoch=60 train_batch=14000/15313 loss=1.530381
[rank 3] epoch=61 train_batch=2000/15313 loss=1.501950
[rank 3] epoch=61 train_batch=4000/15313 loss=1.484544
[rank 3] epoch=61 train_batch=6000/15313 loss=1.531288
[rank 3] epoch=61 train_batch=8000/15313 loss=1.498960
[rank 3] epoch=61 train_batch=10000/15313 loss=1.549658
[rank 3] epoch=61 train_batch=12000/15313 loss=1.574824
[rank 3] epoch=61 train_batch=14000/15313 loss=1.511552
[rank 3] epoch=62 train_batch=2000/15313 loss=1.486252
[rank 3] epoch=62 train_batch=4000/15313 loss=1.584565
[rank 3] epoch=62 train_batch=6000/15313 loss=1.479644
[rank 3] epoch=62 train_batch=8000/15313 loss=1.515878
[rank 3] epoch=62 train_batch=10000/15313 loss=1.533651
[rank 3] epoch=62 train_batch=12000/15313 loss=1.555855
[rank 3] epoch=62 train_batch=14000/15313 loss=1.502735
[rank 3] epoch=63 train_batch=2000/15313 loss=1.591366
[rank 3] epoch=63 train_batch=4000/15313 loss=1.507132
[rank 3] epoch=63 train_batch=6000/15313 loss=1.605427
[rank 3] epoch=63 train_batch=8000/15313 loss=1.616655
[rank 3] epoch=63 train_batch=10000/15313 loss=1.548767
[rank 3] epoch=63 train_batch=12000/15313 loss=1.657364
[rank 3] epoch=63 train_batch=14000/15313 loss=1.563194
[rank 3] epoch=64 train_batch=2000/15313 loss=1.556018
[rank 3] epoch=64 train_batch=4000/15313 loss=1.562311
[rank 3] epoch=64 train_batch=6000/15313 loss=1.577500
[rank 3] epoch=64 train_batch=8000/15313 loss=1.647677
[rank 3] epoch=64 train_batch=10000/15313 loss=1.588633
[rank 3] epoch=64 train_batch=12000/15313 loss=1.607185
[rank 3] epoch=64 train_batch=14000/15313 loss=1.689329
[rank 3] epoch=65 train_batch=2000/15313 loss=1.547946
[rank 3] epoch=65 train_batch=4000/15313 loss=1.582716
[rank 3] epoch=65 train_batch=6000/15313 loss=1.603669
[rank 3] epoch=65 train_batch=8000/15313 loss=1.596665
[rank 3] epoch=65 train_batch=10000/15313 loss=1.678747
[rank 3] epoch=65 train_batch=12000/15313 loss=1.608780
[rank 3] epoch=65 train_batch=14000/15313 loss=1.676956
[rank 3] epoch=66 train_batch=2000/15313 loss=1.564617
[rank 3] epoch=66 train_batch=4000/15313 loss=1.582915
[rank 3] epoch=66 train_batch=6000/15313 loss=1.550441
[rank 3] epoch=66 train_batch=8000/15313 loss=1.574111
[rank 3] epoch=66 train_batch=10000/15313 loss=1.655778
[rank 3] epoch=66 train_batch=12000/15313 loss=1.585431
[rank 3] epoch=66 train_batch=14000/15313 loss=1.646146
[rank 3] epoch=67 train_batch=2000/15313 loss=1.567542
[rank 3] epoch=67 train_batch=4000/15313 loss=1.603487
[rank 3] epoch=67 train_batch=6000/15313 loss=1.525062
[rank 3] epoch=67 train_batch=8000/15313 loss=1.627437
[rank 3] epoch=67 train_batch=10000/15313 loss=1.610883
[rank 3] epoch=67 train_batch=12000/15313 loss=1.612144
[rank 3] epoch=67 train_batch=14000/15313 loss=1.671440
[rank 3] epoch=68 train_batch=2000/15313 loss=1.572410
[rank 3] epoch=68 train_batch=4000/15313 loss=1.571278
[rank 3] epoch=68 train_batch=6000/15313 loss=1.609914
[rank 3] epoch=68 train_batch=8000/15313 loss=1.558240
[rank 3] epoch=68 train_batch=10000/15313 loss=1.595984
[rank 3] epoch=68 train_batch=12000/15313 loss=1.553807
[rank 3] epoch=68 train_batch=14000/15313 loss=1.509670
[rank 3] epoch=69 train_batch=2000/15313 loss=1.554840
[rank 3] epoch=69 train_batch=4000/15313 loss=1.575872
[rank 3] epoch=69 train_batch=6000/15313 loss=1.577906
[rank 3] epoch=69 train_batch=8000/15313 loss=1.571382
[rank 3] epoch=69 train_batch=10000/15313 loss=1.472677
[rank 3] epoch=69 train_batch=12000/15313 loss=1.498840
[rank 3] epoch=69 train_batch=14000/15313 loss=1.551513
[rank 3] epoch=70 train_batch=2000/15313 loss=1.575215
[rank 3] epoch=70 train_batch=4000/15313 loss=1.561905
[rank 3] epoch=70 train_batch=6000/15313 loss=1.544417
[rank 3] epoch=70 train_batch=8000/15313 loss=1.594512
[rank 3] epoch=70 train_batch=10000/15313 loss=1.628190
[rank 3] epoch=70 train_batch=12000/15313 loss=1.583291
[rank 3] epoch=70 train_batch=14000/15313 loss=1.491288
[rank 3] epoch=71 train_batch=2000/15313 loss=1.567845
[rank 3] epoch=71 train_batch=4000/15313 loss=1.583361
[rank 3] epoch=71 train_batch=6000/15313 loss=1.499528
[rank 3] epoch=71 train_batch=8000/15313 loss=1.579549
[rank 3] epoch=71 train_batch=10000/15313 loss=1.528921
[rank 3] epoch=71 train_batch=12000/15313 loss=1.574922
[rank 3] epoch=71 train_batch=14000/15313 loss=1.563002
[rank 3] epoch=72 train_batch=2000/15313 loss=1.548587
[rank 3] epoch=72 train_batch=4000/15313 loss=1.527254
[rank 3] epoch=72 train_batch=6000/15313 loss=1.590377
[rank 3] epoch=72 train_batch=8000/15313 loss=1.609501
[rank 3] epoch=72 train_batch=10000/15313 loss=1.563229
[rank 3] epoch=72 train_batch=12000/15313 loss=1.563087
[rank 3] epoch=72 train_batch=14000/15313 loss=1.529688
[rank 3] epoch=73 train_batch=2000/15313 loss=1.567628
[rank 3] epoch=73 train_batch=4000/15313 loss=1.546367
[rank 3] epoch=73 train_batch=6000/15313 loss=1.551548
[rank 3] epoch=73 train_batch=8000/15313 loss=1.515131
[rank 3] epoch=73 train_batch=10000/15313 loss=1.532486
[rank 3] epoch=73 train_batch=12000/15313 loss=1.618148
[rank 3] epoch=73 train_batch=14000/15313 loss=1.665773
[rank 3] epoch=74 train_batch=2000/15313 loss=1.638825
[rank 3] epoch=74 train_batch=4000/15313 loss=1.564052
[rank 3] epoch=74 train_batch=6000/15313 loss=1.548877
[rank 3] epoch=74 train_batch=8000/15313 loss=1.530114
[rank 3] epoch=74 train_batch=10000/15313 loss=1.581684
[rank 3] epoch=74 train_batch=12000/15313 loss=1.553138
[rank 3] epoch=74 train_batch=14000/15313 loss=1.575041
[rank 3] epoch=75 train_batch=2000/15313 loss=1.602679
[rank 3] epoch=75 train_batch=4000/15313 loss=1.595614
[rank 3] epoch=75 train_batch=6000/15313 loss=1.494925
[rank 3] epoch=75 train_batch=8000/15313 loss=1.563330
[rank 3] epoch=75 train_batch=10000/15313 loss=1.533806
[rank 3] epoch=75 train_batch=12000/15313 loss=1.494937
[rank 3] epoch=75 train_batch=14000/15313 loss=1.588293
[rank 3] epoch=76 train_batch=2000/15313 loss=1.486434
[rank 3] epoch=76 train_batch=4000/15313 loss=1.437430
[rank 3] epoch=76 train_batch=6000/15313 loss=1.512715
[rank 3] epoch=76 train_batch=8000/15313 loss=1.636042
[rank 3] epoch=76 train_batch=10000/15313 loss=1.539929
[rank 3] epoch=76 train_batch=12000/15313 loss=1.543056
[rank 3] epoch=76 train_batch=14000/15313 loss=1.522368
[rank 3] epoch=77 train_batch=2000/15313 loss=1.534034
[rank 3] epoch=77 train_batch=4000/15313 loss=1.546101
[rank 3] epoch=77 train_batch=6000/15313 loss=1.531962
[rank 3] epoch=77 train_batch=8000/15313 loss=1.653954
[rank 3] epoch=77 train_batch=10000/15313 loss=1.546921
[rank 3] epoch=77 train_batch=12000/15313 loss=1.605035
[rank 3] epoch=77 train_batch=14000/15313 loss=1.509245
[rank 3] epoch=78 train_batch=2000/15313 loss=1.622854
[rank 3] epoch=78 train_batch=4000/15313 loss=1.523431
[rank 3] epoch=78 train_batch=6000/15313 loss=1.521728
[rank 3] epoch=78 train_batch=8000/15313 loss=1.567306
[rank 3] epoch=78 train_batch=10000/15313 loss=1.589319
[rank 3] epoch=78 train_batch=12000/15313 loss=1.465019
[rank 3] epoch=78 train_batch=14000/15313 loss=1.427821
[rank 3] epoch=79 train_batch=2000/15313 loss=1.564658
[rank 3] epoch=79 train_batch=4000/15313 loss=1.496466
[rank 3] epoch=79 train_batch=6000/15313 loss=1.572553
[rank 3] epoch=79 train_batch=8000/15313 loss=1.491831
[rank 3] epoch=79 train_batch=10000/15313 loss=1.491648
[rank 3] epoch=79 train_batch=12000/15313 loss=1.520921
[rank 3] epoch=79 train_batch=14000/15313 loss=1.520843
[rank 3] epoch=80 train_batch=2000/15313 loss=1.497572
[rank 3] epoch=80 train_batch=4000/15313 loss=1.526490
[rank 3] epoch=80 train_batch=6000/15313 loss=1.589482
[rank 3] epoch=80 train_batch=8000/15313 loss=1.485206
[rank 3] epoch=80 train_batch=10000/15313 loss=1.461294
[rank 3] epoch=80 train_batch=12000/15313 loss=1.483101
[rank 3] epoch=80 train_batch=14000/15313 loss=1.559597
[rank 3] epoch=81 train_batch=2000/15313 loss=1.536738
[rank 3] epoch=81 train_batch=4000/15313 loss=1.569741
[rank 3] epoch=81 train_batch=6000/15313 loss=1.502384
[rank 3] epoch=81 train_batch=8000/15313 loss=1.583323
[rank 3] epoch=81 train_batch=10000/15313 loss=1.487803
[rank 3] epoch=81 train_batch=12000/15313 loss=1.506080
[rank 3] epoch=81 train_batch=14000/15313 loss=1.598277
[rank 3] epoch=82 train_batch=2000/15313 loss=1.536973
[rank 3] epoch=82 train_batch=4000/15313 loss=1.501784
[rank 3] epoch=82 train_batch=6000/15313 loss=1.525910
[rank 3] epoch=82 train_batch=8000/15313 loss=1.545770
[rank 3] epoch=82 train_batch=10000/15313 loss=1.520327
[rank 3] epoch=82 train_batch=12000/15313 loss=1.503781
[rank 3] epoch=82 train_batch=14000/15313 loss=1.480270
[rank 3] epoch=83 train_batch=2000/15313 loss=1.551414
[rank 3] epoch=83 train_batch=4000/15313 loss=1.584769
[rank 3] epoch=83 train_batch=6000/15313 loss=1.557219
[rank 3] epoch=83 train_batch=8000/15313 loss=1.520489
[rank 3] epoch=83 train_batch=10000/15313 loss=1.517785
[rank 3] epoch=83 train_batch=12000/15313 loss=1.465215
[rank 3] epoch=83 train_batch=14000/15313 loss=1.585477
[rank 3] epoch=84 train_batch=2000/15313 loss=1.522198
[rank 3] epoch=84 train_batch=4000/15313 loss=1.611662
[rank 3] epoch=84 train_batch=6000/15313 loss=1.600086
[rank 3] epoch=84 train_batch=8000/15313 loss=1.592153
[rank 3] epoch=84 train_batch=10000/15313 loss=1.486596
[rank 3] epoch=84 train_batch=12000/15313 loss=1.540662
[rank 3] epoch=84 train_batch=14000/15313 loss=1.533427
[rank 3] epoch=85 train_batch=2000/15313 loss=1.563540
[rank 3] epoch=85 train_batch=4000/15313 loss=1.539557
[rank 3] epoch=85 train_batch=6000/15313 loss=1.554841
[rank 3] epoch=85 train_batch=8000/15313 loss=1.512810
[rank 3] epoch=85 train_batch=10000/15313 loss=1.480133
[rank 3] epoch=85 train_batch=12000/15313 loss=1.527945
[rank 3] epoch=85 train_batch=14000/15313 loss=1.548241
[rank 3] epoch=86 train_batch=2000/15313 loss=1.461442
[rank 3] epoch=86 train_batch=4000/15313 loss=1.505089
[rank 3] epoch=86 train_batch=6000/15313 loss=1.487607
[rank 3] epoch=86 train_batch=8000/15313 loss=1.548531
[rank 3] epoch=86 train_batch=10000/15313 loss=1.496720
[rank 3] epoch=86 train_batch=12000/15313 loss=1.456965
[rank 3] epoch=86 train_batch=14000/15313 loss=1.438555
[rank 3] epoch=87 train_batch=2000/15313 loss=1.476185
[rank 3] epoch=87 train_batch=4000/15313 loss=1.483419
[rank 3] epoch=87 train_batch=6000/15313 loss=1.518483
[rank 3] epoch=87 train_batch=8000/15313 loss=1.560249
[rank 3] epoch=87 train_batch=10000/15313 loss=1.515036
[rank 3] epoch=87 train_batch=12000/15313 loss=1.469707
[rank 3] epoch=87 train_batch=14000/15313 loss=1.614226
[rank 3] epoch=88 train_batch=2000/15313 loss=1.397893
[rank 3] epoch=88 train_batch=4000/15313 loss=1.550325
[rank 3] epoch=88 train_batch=6000/15313 loss=1.559415
[rank 3] epoch=88 train_batch=8000/15313 loss=1.473091
[rank 3] epoch=88 train_batch=10000/15313 loss=1.519883
[rank 3] epoch=88 train_batch=12000/15313 loss=1.613039
[rank 3] epoch=88 train_batch=14000/15313 loss=1.564071
[rank 3] epoch=89 train_batch=2000/15313 loss=1.497476
[rank 3] epoch=89 train_batch=4000/15313 loss=1.517357
[rank 3] epoch=89 train_batch=6000/15313 loss=1.541831
[rank 3] epoch=89 train_batch=8000/15313 loss=1.527815
[rank 3] epoch=89 train_batch=10000/15313 loss=1.457440
[rank 3] epoch=89 train_batch=12000/15313 loss=1.458181
[rank 3] epoch=89 train_batch=14000/15313 loss=1.578795
[rank 3] epoch=90 train_batch=2000/15313 loss=1.511497
[rank 3] epoch=90 train_batch=4000/15313 loss=1.477087
[rank 3] epoch=90 train_batch=6000/15313 loss=1.451047
[rank 3] epoch=90 train_batch=8000/15313 loss=1.555483
[rank 3] epoch=90 train_batch=10000/15313 loss=1.525123
[rank 3] epoch=90 train_batch=12000/15313 loss=1.517565
[rank 3] epoch=90 train_batch=14000/15313 loss=1.545902
[rank 3] epoch=91 train_batch=2000/15313 loss=1.568196
[rank 3] epoch=91 train_batch=4000/15313 loss=1.506337
[rank 3] epoch=91 train_batch=6000/15313 loss=1.531634
[rank 3] epoch=91 train_batch=8000/15313 loss=1.466442
[rank 3] epoch=91 train_batch=10000/15313 loss=1.511628
[rank 3] epoch=91 train_batch=12000/15313 loss=1.470356
[rank 3] epoch=91 train_batch=14000/15313 loss=1.504598
[rank 3] epoch=92 train_batch=2000/15313 loss=1.492458
[rank 3] epoch=92 train_batch=4000/15313 loss=1.536670
[rank 3] epoch=92 train_batch=6000/15313 loss=1.491092
[rank 3] epoch=92 train_batch=8000/15313 loss=1.516912
[rank 3] epoch=92 train_batch=10000/15313 loss=1.556701
[rank 3] epoch=92 train_batch=12000/15313 loss=1.495514
[rank 3] epoch=92 train_batch=14000/15313 loss=1.493690
[rank 3] epoch=93 train_batch=2000/15313 loss=1.560130
[rank 3] epoch=93 train_batch=4000/15313 loss=1.557909
[rank 3] epoch=93 train_batch=6000/15313 loss=1.534561
[rank 3] epoch=93 train_batch=8000/15313 loss=1.462765
[rank 3] epoch=93 train_batch=10000/15313 loss=1.522055
[rank 3] epoch=93 train_batch=12000/15313 loss=1.584393
[rank 3] epoch=93 train_batch=14000/15313 loss=1.466012
[rank 3] epoch=94 train_batch=2000/15313 loss=1.496010
[rank 3] epoch=94 train_batch=4000/15313 loss=1.423607
[rank 3] epoch=94 train_batch=6000/15313 loss=1.609855
[rank 3] epoch=94 train_batch=8000/15313 loss=1.528266
[rank 3] epoch=94 train_batch=10000/15313 loss=1.492623
[rank 3] epoch=94 train_batch=12000/15313 loss=1.513152
[rank 3] epoch=94 train_batch=14000/15313 loss=1.527584
[rank 3] epoch=95 train_batch=2000/15313 loss=1.571515
[rank 3] epoch=95 train_batch=4000/15313 loss=1.464274
[rank 3] epoch=95 train_batch=6000/15313 loss=1.442330
[rank 3] epoch=95 train_batch=8000/15313 loss=1.448383
[rank 3] epoch=95 train_batch=10000/15313 loss=1.522734
[rank 3] epoch=95 train_batch=12000/15313 loss=1.522518
[rank 3] epoch=95 train_batch=14000/15313 loss=1.543251
[rank 3] epoch=96 train_batch=2000/15313 loss=1.468611
[rank 3] epoch=96 train_batch=4000/15313 loss=1.489154
[rank 3] epoch=96 train_batch=6000/15313 loss=1.514760
[rank 3] epoch=96 train_batch=8000/15313 loss=1.548624
[rank 3] epoch=96 train_batch=10000/15313 loss=1.543373
[rank 3] epoch=96 train_batch=12000/15313 loss=1.451878
[rank 3] epoch=96 train_batch=14000/15313 loss=1.523292
[rank 3] epoch=97 train_batch=2000/15313 loss=1.498086
[rank 3] epoch=97 train_batch=4000/15313 loss=1.477980
[rank 3] epoch=97 train_batch=6000/15313 loss=1.487693
[rank 3] epoch=97 train_batch=8000/15313 loss=1.522118
[rank 3] epoch=97 train_batch=10000/15313 loss=1.477798
[rank 3] epoch=97 train_batch=12000/15313 loss=1.476191
[rank 3] epoch=97 train_batch=14000/15313 loss=1.507546
[rank 3] epoch=98 train_batch=2000/15313 loss=1.545522
[rank 3] epoch=98 train_batch=4000/15313 loss=1.485047
[rank 3] epoch=98 train_batch=6000/15313 loss=1.533672
[rank 3] epoch=98 train_batch=8000/15313 loss=1.542022
[rank 3] epoch=98 train_batch=10000/15313 loss=1.433885
[rank 3] epoch=98 train_batch=12000/15313 loss=1.493747
[rank 3] epoch=98 train_batch=14000/15313 loss=1.494091
[rank 3] epoch=99 train_batch=2000/15313 loss=1.524944
[rank 3] epoch=99 train_batch=4000/15313 loss=1.498015
[rank 3] epoch=99 train_batch=6000/15313 loss=1.537893
[rank 3] epoch=99 train_batch=8000/15313 loss=1.449839
[rank 3] epoch=99 train_batch=10000/15313 loss=1.481363
[rank 3] epoch=99 train_batch=12000/15313 loss=1.552970
[rank 3] epoch=99 train_batch=14000/15313 loss=1.505552
[rank 3] epoch=100 train_batch=2000/15313 loss=1.605245
[rank 3] epoch=100 train_batch=4000/15313 loss=1.485128
[rank 3] epoch=100 train_batch=6000/15313 loss=1.581859
[rank 3] epoch=100 train_batch=8000/15313 loss=1.505559
[rank 3] epoch=100 train_batch=10000/15313 loss=1.598542
[rank 3] epoch=100 train_batch=12000/15313 loss=1.532652
[rank 3] epoch=100 train_batch=14000/15313 loss=1.564565
[rank 3] epoch=101 train_batch=2000/15313 loss=1.580457
[rank 3] epoch=101 train_batch=4000/15313 loss=1.556899
[rank 3] epoch=101 train_batch=6000/15313 loss=1.551881
[rank 3] epoch=101 train_batch=8000/15313 loss=1.604337
[rank 3] epoch=101 train_batch=10000/15313 loss=1.493462
[rank 3] epoch=101 train_batch=12000/15313 loss=1.548851
[rank 3] epoch=101 train_batch=14000/15313 loss=1.474499
[rank 3] epoch=102 train_batch=2000/15313 loss=1.487441
[rank 3] epoch=102 train_batch=4000/15313 loss=1.483413
[rank 3] epoch=102 train_batch=6000/15313 loss=1.529390
[rank 3] epoch=102 train_batch=8000/15313 loss=1.555069
[rank 3] epoch=102 train_batch=10000/15313 loss=1.577306
[rank 3] epoch=102 train_batch=12000/15313 loss=1.561288
[rank 3] epoch=102 train_batch=14000/15313 loss=1.524200
[rank 3] epoch=103 train_batch=2000/15313 loss=1.553577
[rank 3] epoch=103 train_batch=4000/15313 loss=1.458931
[rank 3] epoch=103 train_batch=6000/15313 loss=1.516243
[rank 3] epoch=103 train_batch=8000/15313 loss=1.581878
[rank 3] epoch=103 train_batch=10000/15313 loss=1.524155
[rank 3] epoch=103 train_batch=12000/15313 loss=1.554387
[rank 3] epoch=103 train_batch=14000/15313 loss=1.493765
[rank 3] epoch=104 train_batch=2000/15313 loss=1.483231
[rank 3] epoch=104 train_batch=4000/15313 loss=1.554688
[rank 3] epoch=104 train_batch=6000/15313 loss=1.544905
[rank 3] epoch=104 train_batch=8000/15313 loss=1.601241
[rank 3] epoch=104 train_batch=10000/15313 loss=1.618819
[rank 3] epoch=104 train_batch=12000/15313 loss=1.529586
[rank 3] epoch=104 train_batch=14000/15313 loss=1.541806
[rank 3] epoch=105 train_batch=2000/15313 loss=1.575229
[rank 3] epoch=105 train_batch=4000/15313 loss=1.566934
[rank 3] epoch=105 train_batch=6000/15313 loss=1.572213
[rank 3] epoch=105 train_batch=8000/15313 loss=1.539013
[rank 3] epoch=105 train_batch=10000/15313 loss=1.496522
[rank 3] epoch=105 train_batch=12000/15313 loss=1.603273
[rank 3] epoch=105 train_batch=14000/15313 loss=1.488654
[rank 3] epoch=106 train_batch=2000/15313 loss=1.586197
[rank 3] epoch=106 train_batch=4000/15313 loss=1.549341
[rank 3] epoch=106 train_batch=6000/15313 loss=1.501450
[rank 3] epoch=106 train_batch=8000/15313 loss=1.588586
[rank 3] epoch=106 train_batch=10000/15313 loss=1.443512
[rank 3] epoch=106 train_batch=12000/15313 loss=1.565120
[rank 3] epoch=106 train_batch=14000/15313 loss=1.560974
[rank 3] epoch=107 train_batch=2000/15313 loss=1.547356
[rank 3] epoch=107 train_batch=4000/15313 loss=1.520726
[rank 3] epoch=107 train_batch=6000/15313 loss=1.538524
[rank 3] epoch=107 train_batch=8000/15313 loss=1.470580
[rank 3] epoch=107 train_batch=10000/15313 loss=1.503120
[rank 3] epoch=107 train_batch=12000/15313 loss=1.543388
[rank 3] epoch=107 train_batch=14000/15313 loss=1.615342
[rank 3] epoch=108 train_batch=2000/15313 loss=1.505265
[rank 3] epoch=108 train_batch=4000/15313 loss=1.527960
[rank 3] epoch=108 train_batch=6000/15313 loss=1.574886
[rank 3] epoch=108 train_batch=8000/15313 loss=1.542252
[rank 3] epoch=108 train_batch=10000/15313 loss=1.545773
[rank 3] epoch=108 train_batch=12000/15313 loss=1.556031
[rank 3] epoch=108 train_batch=14000/15313 loss=1.572862
[rank 3] epoch=109 train_batch=2000/15313 loss=1.616336
[rank 3] epoch=109 train_batch=4000/15313 loss=1.466888
[rank 3] epoch=109 train_batch=6000/15313 loss=1.513557
[rank 3] epoch=109 train_batch=8000/15313 loss=1.554067
[rank 3] epoch=109 train_batch=10000/15313 loss=1.514892
[rank 3] epoch=109 train_batch=12000/15313 loss=1.521797
[rank 3] epoch=109 train_batch=14000/15313 loss=1.542689
[rank 3] epoch=110 train_batch=2000/15313 loss=1.496943
[rank 3] epoch=110 train_batch=4000/15313 loss=1.475521
[rank 3] epoch=110 train_batch=6000/15313 loss=1.602066
[rank 3] epoch=110 train_batch=8000/15313 loss=1.510599
[rank 3] epoch=110 train_batch=10000/15313 loss=1.493906
[rank 3] epoch=110 train_batch=12000/15313 loss=1.532940
[rank 3] epoch=110 train_batch=14000/15313 loss=1.509093
[rank 3] epoch=111 train_batch=2000/15313 loss=1.558199
[rank 3] epoch=111 train_batch=4000/15313 loss=1.548043
[rank 3] epoch=111 train_batch=6000/15313 loss=1.499421
[rank 3] epoch=111 train_batch=8000/15313 loss=1.566123
[rank 3] epoch=111 train_batch=10000/15313 loss=1.558045
[rank 3] epoch=111 train_batch=12000/15313 loss=1.468784
[rank 3] epoch=111 train_batch=14000/15313 loss=1.489261
[rank 3] epoch=112 train_batch=2000/15313 loss=1.474718
[rank 3] epoch=112 train_batch=4000/15313 loss=1.512903
[rank 3] epoch=112 train_batch=6000/15313 loss=1.481644
[rank 3] epoch=112 train_batch=8000/15313 loss=1.622861
[rank 3] epoch=112 train_batch=10000/15313 loss=1.549706
[rank 3] epoch=112 train_batch=12000/15313 loss=1.542079
[rank 3] epoch=112 train_batch=14000/15313 loss=1.557631
[rank 3] epoch=113 train_batch=2000/15313 loss=1.525819
[rank 3] epoch=113 train_batch=4000/15313 loss=1.543940
[rank 3] epoch=113 train_batch=6000/15313 loss=1.547390
[rank 3] epoch=113 train_batch=8000/15313 loss=1.557325
[rank 3] epoch=113 train_batch=10000/15313 loss=1.578735
[rank 3] epoch=113 train_batch=12000/15313 loss=1.543065
[rank 3] epoch=113 train_batch=14000/15313 loss=1.521371
[rank 3] epoch=114 train_batch=2000/15313 loss=1.507512
[rank 3] epoch=114 train_batch=4000/15313 loss=1.485080
[rank 3] epoch=114 train_batch=6000/15313 loss=1.480335
