['train.py', '-i', '/data/suehara/mldata/pfa/murata/skimmed/uds91/train', '-ii', '/data/suehara/mldata/pfa/murata/skimmed/uds91/validation', '--no-split', '--thetaphi', '--cuda', 'cuda:0', '--epochs', '50', '--beta-track', '--force-track-alpha', '--batch-size', '5', '--output-dimension', '5', '--ckptdir', 'checkpoint/output_dimensions/ckpts_gravnet_new02_2024_10_05_071011_outputD5_skimmed']
Using device:  cuda:0
9e-06 0.0001
thetaphi at main: True
Loading dataset...
ILCDataset: path='/data/suehara/mldata/pfa/murata/skimmed/uds91/train'
filenames=['/data/suehara/mldata/pfa/murata/skimmed/uds91/train/uds91_1.h5', '/data/suehara/mldata/pfa/murata/skimmed/uds91/train/uds91_10.h5', '/data/suehara/mldata/pfa/murata/skimmed/uds91/train/uds91_100.h5', '/data/suehara/mldata/pfa/murata/skimmed/uds91/train/uds91_101.h5', '/data/suehara/mldata/pfa/murata/skimmed/uds91/train/uds91_102.h5', '/data/suehara/mldata/pfa/murata/skimmed/uds91/train/uds91_103.h5', '/data/suehara/mldata/pfa/murata/skimmed/uds91/train/uds91_104.h5', '/data/suehara/mldata/pfa/murata/skimmed/uds91/train/uds91_105.h5', '/data/suehara/mldata/pfa/murata/skimmed/uds91/train/uds91_106.h5', '/data/suehara/mldata/pfa/murata/skimmed/uds91/train/uds91_107.h5', '/data/suehara/mldata/pfa/murata/skimmed/uds91/train/uds91_11.h5', '/data/suehara/mldata/pfa/murata/skimmed/uds91/train/uds91_110.h5', '/data/suehara/mldata/pfa/murata/skimmed/uds91/train/uds91_111.h5', '/data/suehara/mldata/pfa/murata/skimmed/uds91/train/uds91_112.h5', '/data/suehara/mldata/pfa/murata/skimmed/uds91/train/uds91_113.h5', '/data/suehara/mldata/pfa/murata/skimmed/uds91/train/uds91_114.h5', '/data/suehara/mldata/pfa/murata/skimmed/uds91/train/uds91_115.h5', '/data/suehara/mldata/pfa/murata/skimmed/uds91/train/uds91_116.h5', '/data/suehara/mldata/pfa/murata/skimmed/uds91/train/uds91_117.h5', '/data/suehara/mldata/pfa/murata/skimmed/uds91/train/uds91_12.h5', '/data/suehara/mldata/pfa/murata/skimmed/uds91/train/uds91_120.h5', '/data/suehara/mldata/pfa/murata/skimmed/uds91/train/uds91_121.h5', '/data/suehara/mldata/pfa/murata/skimmed/uds91/train/uds91_122.h5', '/data/suehara/mldata/pfa/murata/skimmed/uds91/train/uds91_123.h5', '/data/suehara/mldata/pfa/murata/skimmed/uds91/train/uds91_124.h5', '/data/suehara/mldata/pfa/murata/skimmed/uds91/train/uds91_125.h5', '/data/suehara/mldata/pfa/murata/skimmed/uds91/train/uds91_126.h5', '/data/suehara/mldata/pfa/murata/skimmed/uds91/train/uds91_127.h5', '/data/suehara/mldata/pfa/murata/skimmed/uds91/train/uds91_13.h5', '/data/suehara/mldata/pfa/murata/skimmed/uds91/train/uds91_130.h5', '/data/suehara/mldata/pfa/murata/skimmed/uds91/train/uds91_131.h5', '/data/suehara/mldata/pfa/murata/skimmed/uds91/train/uds91_132.h5', '/data/suehara/mldata/pfa/murata/skimmed/uds91/train/uds91_133.h5', '/data/suehara/mldata/pfa/murata/skimmed/uds91/train/uds91_134.h5', '/data/suehara/mldata/pfa/murata/skimmed/uds91/train/uds91_135.h5', '/data/suehara/mldata/pfa/murata/skimmed/uds91/train/uds91_136.h5', '/data/suehara/mldata/pfa/murata/skimmed/uds91/train/uds91_137.h5', '/data/suehara/mldata/pfa/murata/skimmed/uds91/train/uds91_14.h5', '/data/suehara/mldata/pfa/murata/skimmed/uds91/train/uds91_140.h5', '/data/suehara/mldata/pfa/murata/skimmed/uds91/train/uds91_141.h5', '/data/suehara/mldata/pfa/murata/skimmed/uds91/train/uds91_142.h5', '/data/suehara/mldata/pfa/murata/skimmed/uds91/train/uds91_143.h5', '/data/suehara/mldata/pfa/murata/skimmed/uds91/train/uds91_144.h5', '/data/suehara/mldata/pfa/murata/skimmed/uds91/train/uds91_145.h5', '/data/suehara/mldata/pfa/murata/skimmed/uds91/train/uds91_146.h5', '/data/suehara/mldata/pfa/murata/skimmed/uds91/train/uds91_147.h5', '/data/suehara/mldata/pfa/murata/skimmed/uds91/train/uds91_15.h5', '/data/suehara/mldata/pfa/murata/skimmed/uds91/train/uds91_150.h5', '/data/suehara/mldata/pfa/murata/skimmed/uds91/train/uds91_151.h5', '/data/suehara/mldata/pfa/murata/skimmed/uds91/train/uds91_152.h5', '/data/suehara/mldata/pfa/murata/skimmed/uds91/train/uds91_153.h5', '/data/suehara/mldata/pfa/murata/skimmed/uds91/train/uds91_154.h5', '/data/suehara/mldata/pfa/murata/skimmed/uds91/train/uds91_155.h5', '/data/suehara/mldata/pfa/murata/skimmed/uds91/train/uds91_156.h5', '/data/suehara/mldata/pfa/murata/skimmed/uds91/train/uds91_157.h5', '/data/suehara/mldata/pfa/murata/skimmed/uds91/train/uds91_16.h5', '/data/suehara/mldata/pfa/murata/skimmed/uds91/train/uds91_160.h5', '/data/suehara/mldata/pfa/murata/skimmed/uds91/train/uds91_161.h5', '/data/suehara/mldata/pfa/murata/skimmed/uds91/train/uds91_162.h5', '/data/suehara/mldata/pfa/murata/skimmed/uds91/train/uds91_163.h5', '/data/suehara/mldata/pfa/murata/skimmed/uds91/train/uds91_164.h5', '/data/suehara/mldata/pfa/murata/skimmed/uds91/train/uds91_165.h5', '/data/suehara/mldata/pfa/murata/skimmed/uds91/train/uds91_166.h5', '/data/suehara/mldata/pfa/murata/skimmed/uds91/train/uds91_167.h5', '/data/suehara/mldata/pfa/murata/skimmed/uds91/train/uds91_17.h5', '/data/suehara/mldata/pfa/murata/skimmed/uds91/train/uds91_170.h5', '/data/suehara/mldata/pfa/murata/skimmed/uds91/train/uds91_171.h5', '/data/suehara/mldata/pfa/murata/skimmed/uds91/train/uds91_172.h5', '/data/suehara/mldata/pfa/murata/skimmed/uds91/train/uds91_173.h5', '/data/suehara/mldata/pfa/murata/skimmed/uds91/train/uds91_174.h5', '/data/suehara/mldata/pfa/murata/skimmed/uds91/train/uds91_175.h5', '/data/suehara/mldata/pfa/murata/skimmed/uds91/train/uds91_176.h5', '/data/suehara/mldata/pfa/murata/skimmed/uds91/train/uds91_177.h5', '/data/suehara/mldata/pfa/murata/skimmed/uds91/train/uds91_180.h5', '/data/suehara/mldata/pfa/murata/skimmed/uds91/train/uds91_181.h5', '/data/suehara/mldata/pfa/murata/skimmed/uds91/train/uds91_182.h5', '/data/suehara/mldata/pfa/murata/skimmed/uds91/train/uds91_183.h5', '/data/suehara/mldata/pfa/murata/skimmed/uds91/train/uds91_184.h5', '/data/suehara/mldata/pfa/murata/skimmed/uds91/train/uds91_185.h5', '/data/suehara/mldata/pfa/murata/skimmed/uds91/train/uds91_186.h5', '/data/suehara/mldata/pfa/murata/skimmed/uds91/train/uds91_187.h5', '/data/suehara/mldata/pfa/murata/skimmed/uds91/train/uds91_190.h5', '/data/suehara/mldata/pfa/murata/skimmed/uds91/train/uds91_191.h5', '/data/suehara/mldata/pfa/murata/skimmed/uds91/train/uds91_192.h5', '/data/suehara/mldata/pfa/murata/skimmed/uds91/train/uds91_193.h5', '/data/suehara/mldata/pfa/murata/skimmed/uds91/train/uds91_194.h5', '/data/suehara/mldata/pfa/murata/skimmed/uds91/train/uds91_195.h5', '/data/suehara/mldata/pfa/murata/skimmed/uds91/train/uds91_196.h5', '/data/suehara/mldata/pfa/murata/skimmed/uds91/train/uds91_197.h5', '/data/suehara/mldata/pfa/murata/skimmed/uds91/train/uds91_2.h5', '/data/suehara/mldata/pfa/murata/skimmed/uds91/train/uds91_20.h5', '/data/suehara/mldata/pfa/murata/skimmed/uds91/train/uds91_200.h5', '/data/suehara/mldata/pfa/murata/skimmed/uds91/train/uds91_201.h5', '/data/suehara/mldata/pfa/murata/skimmed/uds91/train/uds91_202.h5', '/data/suehara/mldata/pfa/murata/skimmed/uds91/train/uds91_203.h5', '/data/suehara/mldata/pfa/murata/skimmed/uds91/train/uds91_204.h5', '/data/suehara/mldata/pfa/murata/skimmed/uds91/train/uds91_205.h5', '/data/suehara/mldata/pfa/murata/skimmed/uds91/train/uds91_206.h5', '/data/suehara/mldata/pfa/murata/skimmed/uds91/train/uds91_207.h5', '/data/suehara/mldata/pfa/murata/skimmed/uds91/train/uds91_21.h5', '/data/suehara/mldata/pfa/murata/skimmed/uds91/train/uds91_210.h5', '/data/suehara/mldata/pfa/murata/skimmed/uds91/train/uds91_211.h5', '/data/suehara/mldata/pfa/murata/skimmed/uds91/train/uds91_212.h5', '/data/suehara/mldata/pfa/murata/skimmed/uds91/train/uds91_213.h5', '/data/suehara/mldata/pfa/murata/skimmed/uds91/train/uds91_214.h5', '/data/suehara/mldata/pfa/murata/skimmed/uds91/train/uds91_215.h5', '/data/suehara/mldata/pfa/murata/skimmed/uds91/train/uds91_216.h5', '/data/suehara/mldata/pfa/murata/skimmed/uds91/train/uds91_217.h5', '/data/suehara/mldata/pfa/murata/skimmed/uds91/train/uds91_22.h5', '/data/suehara/mldata/pfa/murata/skimmed/uds91/train/uds91_220.h5', '/data/suehara/mldata/pfa/murata/skimmed/uds91/train/uds91_221.h5', '/data/suehara/mldata/pfa/murata/skimmed/uds91/train/uds91_222.h5', '/data/suehara/mldata/pfa/murata/skimmed/uds91/train/uds91_223.h5', '/data/suehara/mldata/pfa/murata/skimmed/uds91/train/uds91_224.h5', '/data/suehara/mldata/pfa/murata/skimmed/uds91/train/uds91_225.h5', '/data/suehara/mldata/pfa/murata/skimmed/uds91/train/uds91_226.h5', '/data/suehara/mldata/pfa/murata/skimmed/uds91/train/uds91_227.h5', '/data/suehara/mldata/pfa/murata/skimmed/uds91/train/uds91_23.h5', '/data/suehara/mldata/pfa/murata/skimmed/uds91/train/uds91_230.h5', '/data/suehara/mldata/pfa/murata/skimmed/uds91/train/uds91_231.h5', '/data/suehara/mldata/pfa/murata/skimmed/uds91/train/uds91_232.h5', '/data/suehara/mldata/pfa/murata/skimmed/uds91/train/uds91_233.h5', '/data/suehara/mldata/pfa/murata/skimmed/uds91/train/uds91_234.h5', '/data/suehara/mldata/pfa/murata/skimmed/uds91/train/uds91_235.h5', '/data/suehara/mldata/pfa/murata/skimmed/uds91/train/uds91_236.h5', '/data/suehara/mldata/pfa/murata/skimmed/uds91/train/uds91_237.h5', '/data/suehara/mldata/pfa/murata/skimmed/uds91/train/uds91_24.h5', '/data/suehara/mldata/pfa/murata/skimmed/uds91/train/uds91_240.h5', '/data/suehara/mldata/pfa/murata/skimmed/uds91/train/uds91_241.h5', '/data/suehara/mldata/pfa/murata/skimmed/uds91/train/uds91_242.h5', '/data/suehara/mldata/pfa/murata/skimmed/uds91/train/uds91_243.h5', '/data/suehara/mldata/pfa/murata/skimmed/uds91/train/uds91_244.h5', '/data/suehara/mldata/pfa/murata/skimmed/uds91/train/uds91_245.h5', '/data/suehara/mldata/pfa/murata/skimmed/uds91/train/uds91_246.h5', '/data/suehara/mldata/pfa/murata/skimmed/uds91/train/uds91_247.h5', '/data/suehara/mldata/pfa/murata/skimmed/uds91/train/uds91_25.h5', '/data/suehara/mldata/pfa/murata/skimmed/uds91/train/uds91_250.h5', '/data/suehara/mldata/pfa/murata/skimmed/uds91/train/uds91_251.h5', '/data/suehara/mldata/pfa/murata/skimmed/uds91/train/uds91_252.h5', '/data/suehara/mldata/pfa/murata/skimmed/uds91/train/uds91_253.h5', '/data/suehara/mldata/pfa/murata/skimmed/uds91/train/uds91_254.h5', '/data/suehara/mldata/pfa/murata/skimmed/uds91/train/uds91_255.h5', '/data/suehara/mldata/pfa/murata/skimmed/uds91/train/uds91_256.h5', '/data/suehara/mldata/pfa/murata/skimmed/uds91/train/uds91_257.h5', '/data/suehara/mldata/pfa/murata/skimmed/uds91/train/uds91_26.h5', '/data/suehara/mldata/pfa/murata/skimmed/uds91/train/uds91_260.h5', '/data/suehara/mldata/pfa/murata/skimmed/uds91/train/uds91_261.h5', '/data/suehara/mldata/pfa/murata/skimmed/uds91/train/uds91_262.h5', '/data/suehara/mldata/pfa/murata/skimmed/uds91/train/uds91_263.h5', '/data/suehara/mldata/pfa/murata/skimmed/uds91/train/uds91_264.h5', '/data/suehara/mldata/pfa/murata/skimmed/uds91/train/uds91_265.h5', '/data/suehara/mldata/pfa/murata/skimmed/uds91/train/uds91_266.h5', '/data/suehara/mldata/pfa/murata/skimmed/uds91/train/uds91_267.h5', '/data/suehara/mldata/pfa/murata/skimmed/uds91/train/uds91_27.h5', '/data/suehara/mldata/pfa/murata/skimmed/uds91/train/uds91_270.h5', '/data/suehara/mldata/pfa/murata/skimmed/uds91/train/uds91_271.h5', '/data/suehara/mldata/pfa/murata/skimmed/uds91/train/uds91_272.h5', '/data/suehara/mldata/pfa/murata/skimmed/uds91/train/uds91_273.h5', '/data/suehara/mldata/pfa/murata/skimmed/uds91/train/uds91_274.h5', '/data/suehara/mldata/pfa/murata/skimmed/uds91/train/uds91_275.h5', '/data/suehara/mldata/pfa/murata/skimmed/uds91/train/uds91_276.h5', '/data/suehara/mldata/pfa/murata/skimmed/uds91/train/uds91_277.h5', '/data/suehara/mldata/pfa/murata/skimmed/uds91/train/uds91_280.h5', '/data/suehara/mldata/pfa/murata/skimmed/uds91/train/uds91_281.h5', '/data/suehara/mldata/pfa/murata/skimmed/uds91/train/uds91_282.h5', '/data/suehara/mldata/pfa/murata/skimmed/uds91/train/uds91_283.h5', '/data/suehara/mldata/pfa/murata/skimmed/uds91/train/uds91_284.h5', '/data/suehara/mldata/pfa/murata/skimmed/uds91/train/uds91_285.h5', '/data/suehara/mldata/pfa/murata/skimmed/uds91/train/uds91_286.h5', '/data/suehara/mldata/pfa/murata/skimmed/uds91/train/uds91_287.h5', '/data/suehara/mldata/pfa/murata/skimmed/uds91/train/uds91_290.h5', '/data/suehara/mldata/pfa/murata/skimmed/uds91/train/uds91_291.h5', '/data/suehara/mldata/pfa/murata/skimmed/uds91/train/uds91_292.h5', '/data/suehara/mldata/pfa/murata/skimmed/uds91/train/uds91_293.h5', '/data/suehara/mldata/pfa/murata/skimmed/uds91/train/uds91_294.h5', '/data/suehara/mldata/pfa/murata/skimmed/uds91/train/uds91_295.h5', '/data/suehara/mldata/pfa/murata/skimmed/uds91/train/uds91_296.h5', '/data/suehara/mldata/pfa/murata/skimmed/uds91/train/uds91_297.h5', '/data/suehara/mldata/pfa/murata/skimmed/uds91/train/uds91_3.h5', '/data/suehara/mldata/pfa/murata/skimmed/uds91/train/uds91_30.h5', '/data/suehara/mldata/pfa/murata/skimmed/uds91/train/uds91_300.h5', '/data/suehara/mldata/pfa/murata/skimmed/uds91/train/uds91_31.h5', '/data/suehara/mldata/pfa/murata/skimmed/uds91/train/uds91_32.h5', '/data/suehara/mldata/pfa/murata/skimmed/uds91/train/uds91_33.h5', '/data/suehara/mldata/pfa/murata/skimmed/uds91/train/uds91_34.h5', '/data/suehara/mldata/pfa/murata/skimmed/uds91/train/uds91_35.h5', '/data/suehara/mldata/pfa/murata/skimmed/uds91/train/uds91_36.h5', '/data/suehara/mldata/pfa/murata/skimmed/uds91/train/uds91_37.h5', '/data/suehara/mldata/pfa/murata/skimmed/uds91/train/uds91_4.h5', '/data/suehara/mldata/pfa/murata/skimmed/uds91/train/uds91_40.h5', '/data/suehara/mldata/pfa/murata/skimmed/uds91/train/uds91_41.h5', '/data/suehara/mldata/pfa/murata/skimmed/uds91/train/uds91_42.h5', '/data/suehara/mldata/pfa/murata/skimmed/uds91/train/uds91_43.h5', '/data/suehara/mldata/pfa/murata/skimmed/uds91/train/uds91_44.h5', '/data/suehara/mldata/pfa/murata/skimmed/uds91/train/uds91_45.h5', '/data/suehara/mldata/pfa/murata/skimmed/uds91/train/uds91_46.h5', '/data/suehara/mldata/pfa/murata/skimmed/uds91/train/uds91_47.h5', '/data/suehara/mldata/pfa/murata/skimmed/uds91/train/uds91_5.h5', '/data/suehara/mldata/pfa/murata/skimmed/uds91/train/uds91_50.h5', '/data/suehara/mldata/pfa/murata/skimmed/uds91/train/uds91_51.h5', '/data/suehara/mldata/pfa/murata/skimmed/uds91/train/uds91_52.h5', '/data/suehara/mldata/pfa/murata/skimmed/uds91/train/uds91_53.h5', '/data/suehara/mldata/pfa/murata/skimmed/uds91/train/uds91_54.h5', '/data/suehara/mldata/pfa/murata/skimmed/uds91/train/uds91_55.h5', '/data/suehara/mldata/pfa/murata/skimmed/uds91/train/uds91_56.h5', '/data/suehara/mldata/pfa/murata/skimmed/uds91/train/uds91_57.h5', '/data/suehara/mldata/pfa/murata/skimmed/uds91/train/uds91_6.h5', '/data/suehara/mldata/pfa/murata/skimmed/uds91/train/uds91_60.h5', '/data/suehara/mldata/pfa/murata/skimmed/uds91/train/uds91_61.h5', '/data/suehara/mldata/pfa/murata/skimmed/uds91/train/uds91_62.h5', '/data/suehara/mldata/pfa/murata/skimmed/uds91/train/uds91_63.h5', '/data/suehara/mldata/pfa/murata/skimmed/uds91/train/uds91_64.h5', '/data/suehara/mldata/pfa/murata/skimmed/uds91/train/uds91_65.h5', '/data/suehara/mldata/pfa/murata/skimmed/uds91/train/uds91_66.h5', '/data/suehara/mldata/pfa/murata/skimmed/uds91/train/uds91_67.h5', '/data/suehara/mldata/pfa/murata/skimmed/uds91/train/uds91_7.h5', '/data/suehara/mldata/pfa/murata/skimmed/uds91/train/uds91_70.h5', '/data/suehara/mldata/pfa/murata/skimmed/uds91/train/uds91_71.h5', '/data/suehara/mldata/pfa/murata/skimmed/uds91/train/uds91_72.h5', '/data/suehara/mldata/pfa/murata/skimmed/uds91/train/uds91_73.h5', '/data/suehara/mldata/pfa/murata/skimmed/uds91/train/uds91_74.h5', '/data/suehara/mldata/pfa/murata/skimmed/uds91/train/uds91_75.h5', '/data/suehara/mldata/pfa/murata/skimmed/uds91/train/uds91_76.h5', '/data/suehara/mldata/pfa/murata/skimmed/uds91/train/uds91_77.h5', '/data/suehara/mldata/pfa/murata/skimmed/uds91/train/uds91_80.h5', '/data/suehara/mldata/pfa/murata/skimmed/uds91/train/uds91_81.h5', '/data/suehara/mldata/pfa/murata/skimmed/uds91/train/uds91_82.h5', '/data/suehara/mldata/pfa/murata/skimmed/uds91/train/uds91_83.h5', '/data/suehara/mldata/pfa/murata/skimmed/uds91/train/uds91_84.h5', '/data/suehara/mldata/pfa/murata/skimmed/uds91/train/uds91_85.h5', '/data/suehara/mldata/pfa/murata/skimmed/uds91/train/uds91_86.h5', '/data/suehara/mldata/pfa/murata/skimmed/uds91/train/uds91_87.h5', '/data/suehara/mldata/pfa/murata/skimmed/uds91/train/uds91_90.h5', '/data/suehara/mldata/pfa/murata/skimmed/uds91/train/uds91_91.h5', '/data/suehara/mldata/pfa/murata/skimmed/uds91/train/uds91_92.h5', '/data/suehara/mldata/pfa/murata/skimmed/uds91/train/uds91_93.h5', '/data/suehara/mldata/pfa/murata/skimmed/uds91/train/uds91_94.h5', '/data/suehara/mldata/pfa/murata/skimmed/uds91/train/uds91_95.h5', '/data/suehara/mldata/pfa/murata/skimmed/uds91/train/uds91_96.h5', '/data/suehara/mldata/pfa/murata/skimmed/uds91/train/uds91_97.h5']
Reading file: file='/data/suehara/mldata/pfa/murata/skimmed/uds91/train/uds91_1.h5'
Reading file: file='/data/suehara/mldata/pfa/murata/skimmed/uds91/train/uds91_10.h5'
Reading file: file='/data/suehara/mldata/pfa/murata/skimmed/uds91/train/uds91_100.h5'
Reading file: file='/data/suehara/mldata/pfa/murata/skimmed/uds91/train/uds91_101.h5'
Reading file: file='/data/suehara/mldata/pfa/murata/skimmed/uds91/train/uds91_102.h5'
Reading file: file='/data/suehara/mldata/pfa/murata/skimmed/uds91/train/uds91_103.h5'
Reading file: file='/data/suehara/mldata/pfa/murata/skimmed/uds91/train/uds91_104.h5'
Reading file: file='/data/suehara/mldata/pfa/murata/skimmed/uds91/train/uds91_105.h5'
Reading file: file='/data/suehara/mldata/pfa/murata/skimmed/uds91/train/uds91_106.h5'
Reading file: file='/data/suehara/mldata/pfa/murata/skimmed/uds91/train/uds91_107.h5'
Reading file: file='/data/suehara/mldata/pfa/murata/skimmed/uds91/train/uds91_11.h5'
Reading file: file='/data/suehara/mldata/pfa/murata/skimmed/uds91/train/uds91_110.h5'
Reading file: file='/data/suehara/mldata/pfa/murata/skimmed/uds91/train/uds91_111.h5'
Reading file: file='/data/suehara/mldata/pfa/murata/skimmed/uds91/train/uds91_112.h5'
Reading file: file='/data/suehara/mldata/pfa/murata/skimmed/uds91/train/uds91_113.h5'
Reading file: file='/data/suehara/mldata/pfa/murata/skimmed/uds91/train/uds91_114.h5'
Reading file: file='/data/suehara/mldata/pfa/murata/skimmed/uds91/train/uds91_115.h5'
Reading file: file='/data/suehara/mldata/pfa/murata/skimmed/uds91/train/uds91_116.h5'
Reading file: file='/data/suehara/mldata/pfa/murata/skimmed/uds91/train/uds91_117.h5'
Reading file: file='/data/suehara/mldata/pfa/murata/skimmed/uds91/train/uds91_12.h5'
Reading file: file='/data/suehara/mldata/pfa/murata/skimmed/uds91/train/uds91_120.h5'
Reading file: file='/data/suehara/mldata/pfa/murata/skimmed/uds91/train/uds91_121.h5'
Reading file: file='/data/suehara/mldata/pfa/murata/skimmed/uds91/train/uds91_122.h5'
Reading file: file='/data/suehara/mldata/pfa/murata/skimmed/uds91/train/uds91_123.h5'
Reading file: file='/data/suehara/mldata/pfa/murata/skimmed/uds91/train/uds91_124.h5'
Reading file: file='/data/suehara/mldata/pfa/murata/skimmed/uds91/train/uds91_125.h5'
Reading file: file='/data/suehara/mldata/pfa/murata/skimmed/uds91/train/uds91_126.h5'
Reading file: file='/data/suehara/mldata/pfa/murata/skimmed/uds91/train/uds91_127.h5'
Reading file: file='/data/suehara/mldata/pfa/murata/skimmed/uds91/train/uds91_13.h5'
Reading file: file='/data/suehara/mldata/pfa/murata/skimmed/uds91/train/uds91_130.h5'
Reading file: file='/data/suehara/mldata/pfa/murata/skimmed/uds91/train/uds91_131.h5'
Reading file: file='/data/suehara/mldata/pfa/murata/skimmed/uds91/train/uds91_132.h5'
Reading file: file='/data/suehara/mldata/pfa/murata/skimmed/uds91/train/uds91_133.h5'
Reading file: file='/data/suehara/mldata/pfa/murata/skimmed/uds91/train/uds91_134.h5'
Reading file: file='/data/suehara/mldata/pfa/murata/skimmed/uds91/train/uds91_135.h5'
Reading file: file='/data/suehara/mldata/pfa/murata/skimmed/uds91/train/uds91_136.h5'
Reading file: file='/data/suehara/mldata/pfa/murata/skimmed/uds91/train/uds91_137.h5'
Reading file: file='/data/suehara/mldata/pfa/murata/skimmed/uds91/train/uds91_14.h5'
Reading file: file='/data/suehara/mldata/pfa/murata/skimmed/uds91/train/uds91_140.h5'
Reading file: file='/data/suehara/mldata/pfa/murata/skimmed/uds91/train/uds91_141.h5'
Reading file: file='/data/suehara/mldata/pfa/murata/skimmed/uds91/train/uds91_142.h5'
Reading file: file='/data/suehara/mldata/pfa/murata/skimmed/uds91/train/uds91_143.h5'
Reading file: file='/data/suehara/mldata/pfa/murata/skimmed/uds91/train/uds91_144.h5'
Reading file: file='/data/suehara/mldata/pfa/murata/skimmed/uds91/train/uds91_145.h5'
Reading file: file='/data/suehara/mldata/pfa/murata/skimmed/uds91/train/uds91_146.h5'
Reading file: file='/data/suehara/mldata/pfa/murata/skimmed/uds91/train/uds91_147.h5'
Reading file: file='/data/suehara/mldata/pfa/murata/skimmed/uds91/train/uds91_15.h5'
Reading file: file='/data/suehara/mldata/pfa/murata/skimmed/uds91/train/uds91_150.h5'
Reading file: file='/data/suehara/mldata/pfa/murata/skimmed/uds91/train/uds91_151.h5'
Reading file: file='/data/suehara/mldata/pfa/murata/skimmed/uds91/train/uds91_152.h5'
Reading file: file='/data/suehara/mldata/pfa/murata/skimmed/uds91/train/uds91_153.h5'
Reading file: file='/data/suehara/mldata/pfa/murata/skimmed/uds91/train/uds91_154.h5'
Reading file: file='/data/suehara/mldata/pfa/murata/skimmed/uds91/train/uds91_155.h5'
Reading file: file='/data/suehara/mldata/pfa/murata/skimmed/uds91/train/uds91_156.h5'
Reading file: file='/data/suehara/mldata/pfa/murata/skimmed/uds91/train/uds91_157.h5'
Reading file: file='/data/suehara/mldata/pfa/murata/skimmed/uds91/train/uds91_16.h5'
Reading file: file='/data/suehara/mldata/pfa/murata/skimmed/uds91/train/uds91_160.h5'
Reading file: file='/data/suehara/mldata/pfa/murata/skimmed/uds91/train/uds91_161.h5'
Reading file: file='/data/suehara/mldata/pfa/murata/skimmed/uds91/train/uds91_162.h5'
Reading file: file='/data/suehara/mldata/pfa/murata/skimmed/uds91/train/uds91_163.h5'
Reading file: file='/data/suehara/mldata/pfa/murata/skimmed/uds91/train/uds91_164.h5'
Reading file: file='/data/suehara/mldata/pfa/murata/skimmed/uds91/train/uds91_165.h5'
Reading file: file='/data/suehara/mldata/pfa/murata/skimmed/uds91/train/uds91_166.h5'
Reading file: file='/data/suehara/mldata/pfa/murata/skimmed/uds91/train/uds91_167.h5'
Reading file: file='/data/suehara/mldata/pfa/murata/skimmed/uds91/train/uds91_17.h5'
Reading file: file='/data/suehara/mldata/pfa/murata/skimmed/uds91/train/uds91_170.h5'
Reading file: file='/data/suehara/mldata/pfa/murata/skimmed/uds91/train/uds91_171.h5'
Reading file: file='/data/suehara/mldata/pfa/murata/skimmed/uds91/train/uds91_172.h5'
Reading file: file='/data/suehara/mldata/pfa/murata/skimmed/uds91/train/uds91_173.h5'
Reading file: file='/data/suehara/mldata/pfa/murata/skimmed/uds91/train/uds91_174.h5'
Reading file: file='/data/suehara/mldata/pfa/murata/skimmed/uds91/train/uds91_175.h5'
Reading file: file='/data/suehara/mldata/pfa/murata/skimmed/uds91/train/uds91_176.h5'
Reading file: file='/data/suehara/mldata/pfa/murata/skimmed/uds91/train/uds91_177.h5'
Reading file: file='/data/suehara/mldata/pfa/murata/skimmed/uds91/train/uds91_180.h5'
Reading file: file='/data/suehara/mldata/pfa/murata/skimmed/uds91/train/uds91_181.h5'
Reading file: file='/data/suehara/mldata/pfa/murata/skimmed/uds91/train/uds91_182.h5'
Reading file: file='/data/suehara/mldata/pfa/murata/skimmed/uds91/train/uds91_183.h5'
Reading file: file='/data/suehara/mldata/pfa/murata/skimmed/uds91/train/uds91_184.h5'
Reading file: file='/data/suehara/mldata/pfa/murata/skimmed/uds91/train/uds91_185.h5'
Reading file: file='/data/suehara/mldata/pfa/murata/skimmed/uds91/train/uds91_186.h5'
Reading file: file='/data/suehara/mldata/pfa/murata/skimmed/uds91/train/uds91_187.h5'
Reading file: file='/data/suehara/mldata/pfa/murata/skimmed/uds91/train/uds91_190.h5'
Reading file: file='/data/suehara/mldata/pfa/murata/skimmed/uds91/train/uds91_191.h5'
Reading file: file='/data/suehara/mldata/pfa/murata/skimmed/uds91/train/uds91_192.h5'
Reading file: file='/data/suehara/mldata/pfa/murata/skimmed/uds91/train/uds91_193.h5'
Reading file: file='/data/suehara/mldata/pfa/murata/skimmed/uds91/train/uds91_194.h5'
Reading file: file='/data/suehara/mldata/pfa/murata/skimmed/uds91/train/uds91_195.h5'
Reading file: file='/data/suehara/mldata/pfa/murata/skimmed/uds91/train/uds91_196.h5'
Reading file: file='/data/suehara/mldata/pfa/murata/skimmed/uds91/train/uds91_197.h5'
Reading file: file='/data/suehara/mldata/pfa/murata/skimmed/uds91/train/uds91_2.h5'
Reading file: file='/data/suehara/mldata/pfa/murata/skimmed/uds91/train/uds91_20.h5'
Reading file: file='/data/suehara/mldata/pfa/murata/skimmed/uds91/train/uds91_200.h5'
Reading file: file='/data/suehara/mldata/pfa/murata/skimmed/uds91/train/uds91_201.h5'
Reading file: file='/data/suehara/mldata/pfa/murata/skimmed/uds91/train/uds91_202.h5'
Reading file: file='/data/suehara/mldata/pfa/murata/skimmed/uds91/train/uds91_203.h5'
Reading file: file='/data/suehara/mldata/pfa/murata/skimmed/uds91/train/uds91_204.h5'
Reading file: file='/data/suehara/mldata/pfa/murata/skimmed/uds91/train/uds91_205.h5'
Reading file: file='/data/suehara/mldata/pfa/murata/skimmed/uds91/train/uds91_206.h5'
Reading file: file='/data/suehara/mldata/pfa/murata/skimmed/uds91/train/uds91_207.h5'
Reading file: file='/data/suehara/mldata/pfa/murata/skimmed/uds91/train/uds91_21.h5'
Reading file: file='/data/suehara/mldata/pfa/murata/skimmed/uds91/train/uds91_210.h5'
Reading file: file='/data/suehara/mldata/pfa/murata/skimmed/uds91/train/uds91_211.h5'
Reading file: file='/data/suehara/mldata/pfa/murata/skimmed/uds91/train/uds91_212.h5'
Reading file: file='/data/suehara/mldata/pfa/murata/skimmed/uds91/train/uds91_213.h5'
Reading file: file='/data/suehara/mldata/pfa/murata/skimmed/uds91/train/uds91_214.h5'
Reading file: file='/data/suehara/mldata/pfa/murata/skimmed/uds91/train/uds91_215.h5'
Reading file: file='/data/suehara/mldata/pfa/murata/skimmed/uds91/train/uds91_216.h5'
Reading file: file='/data/suehara/mldata/pfa/murata/skimmed/uds91/train/uds91_217.h5'
Reading file: file='/data/suehara/mldata/pfa/murata/skimmed/uds91/train/uds91_22.h5'
Reading file: file='/data/suehara/mldata/pfa/murata/skimmed/uds91/train/uds91_220.h5'
Reading file: file='/data/suehara/mldata/pfa/murata/skimmed/uds91/train/uds91_221.h5'
Reading file: file='/data/suehara/mldata/pfa/murata/skimmed/uds91/train/uds91_222.h5'
Reading file: file='/data/suehara/mldata/pfa/murata/skimmed/uds91/train/uds91_223.h5'
Reading file: file='/data/suehara/mldata/pfa/murata/skimmed/uds91/train/uds91_224.h5'
Reading file: file='/data/suehara/mldata/pfa/murata/skimmed/uds91/train/uds91_225.h5'
Reading file: file='/data/suehara/mldata/pfa/murata/skimmed/uds91/train/uds91_226.h5'
Reading file: file='/data/suehara/mldata/pfa/murata/skimmed/uds91/train/uds91_227.h5'
Reading file: file='/data/suehara/mldata/pfa/murata/skimmed/uds91/train/uds91_23.h5'
Reading file: file='/data/suehara/mldata/pfa/murata/skimmed/uds91/train/uds91_230.h5'
Reading file: file='/data/suehara/mldata/pfa/murata/skimmed/uds91/train/uds91_231.h5'
Reading file: file='/data/suehara/mldata/pfa/murata/skimmed/uds91/train/uds91_232.h5'
Reading file: file='/data/suehara/mldata/pfa/murata/skimmed/uds91/train/uds91_233.h5'
Reading file: file='/data/suehara/mldata/pfa/murata/skimmed/uds91/train/uds91_234.h5'
Reading file: file='/data/suehara/mldata/pfa/murata/skimmed/uds91/train/uds91_235.h5'
Reading file: file='/data/suehara/mldata/pfa/murata/skimmed/uds91/train/uds91_236.h5'
Reading file: file='/data/suehara/mldata/pfa/murata/skimmed/uds91/train/uds91_237.h5'
Reading file: file='/data/suehara/mldata/pfa/murata/skimmed/uds91/train/uds91_24.h5'
Reading file: file='/data/suehara/mldata/pfa/murata/skimmed/uds91/train/uds91_240.h5'
Reading file: file='/data/suehara/mldata/pfa/murata/skimmed/uds91/train/uds91_241.h5'
Reading file: file='/data/suehara/mldata/pfa/murata/skimmed/uds91/train/uds91_242.h5'
Reading file: file='/data/suehara/mldata/pfa/murata/skimmed/uds91/train/uds91_243.h5'
Reading file: file='/data/suehara/mldata/pfa/murata/skimmed/uds91/train/uds91_244.h5'
Reading file: file='/data/suehara/mldata/pfa/murata/skimmed/uds91/train/uds91_245.h5'
Reading file: file='/data/suehara/mldata/pfa/murata/skimmed/uds91/train/uds91_246.h5'
Reading file: file='/data/suehara/mldata/pfa/murata/skimmed/uds91/train/uds91_247.h5'
Reading file: file='/data/suehara/mldata/pfa/murata/skimmed/uds91/train/uds91_25.h5'
Reading file: file='/data/suehara/mldata/pfa/murata/skimmed/uds91/train/uds91_250.h5'
Reading file: file='/data/suehara/mldata/pfa/murata/skimmed/uds91/train/uds91_251.h5'
Reading file: file='/data/suehara/mldata/pfa/murata/skimmed/uds91/train/uds91_252.h5'
Reading file: file='/data/suehara/mldata/pfa/murata/skimmed/uds91/train/uds91_253.h5'
Reading file: file='/data/suehara/mldata/pfa/murata/skimmed/uds91/train/uds91_254.h5'
Reading file: file='/data/suehara/mldata/pfa/murata/skimmed/uds91/train/uds91_255.h5'
Reading file: file='/data/suehara/mldata/pfa/murata/skimmed/uds91/train/uds91_256.h5'
Reading file: file='/data/suehara/mldata/pfa/murata/skimmed/uds91/train/uds91_257.h5'
Reading file: file='/data/suehara/mldata/pfa/murata/skimmed/uds91/train/uds91_26.h5'
Reading file: file='/data/suehara/mldata/pfa/murata/skimmed/uds91/train/uds91_260.h5'
Reading file: file='/data/suehara/mldata/pfa/murata/skimmed/uds91/train/uds91_261.h5'
Reading file: file='/data/suehara/mldata/pfa/murata/skimmed/uds91/train/uds91_262.h5'
Reading file: file='/data/suehara/mldata/pfa/murata/skimmed/uds91/train/uds91_263.h5'
Reading file: file='/data/suehara/mldata/pfa/murata/skimmed/uds91/train/uds91_264.h5'
Reading file: file='/data/suehara/mldata/pfa/murata/skimmed/uds91/train/uds91_265.h5'
Reading file: file='/data/suehara/mldata/pfa/murata/skimmed/uds91/train/uds91_266.h5'
Reading file: file='/data/suehara/mldata/pfa/murata/skimmed/uds91/train/uds91_267.h5'
Reading file: file='/data/suehara/mldata/pfa/murata/skimmed/uds91/train/uds91_27.h5'
Reading file: file='/data/suehara/mldata/pfa/murata/skimmed/uds91/train/uds91_270.h5'
Reading file: file='/data/suehara/mldata/pfa/murata/skimmed/uds91/train/uds91_271.h5'
Reading file: file='/data/suehara/mldata/pfa/murata/skimmed/uds91/train/uds91_272.h5'
Reading file: file='/data/suehara/mldata/pfa/murata/skimmed/uds91/train/uds91_273.h5'
Reading file: file='/data/suehara/mldata/pfa/murata/skimmed/uds91/train/uds91_274.h5'
Reading file: file='/data/suehara/mldata/pfa/murata/skimmed/uds91/train/uds91_275.h5'
Reading file: file='/data/suehara/mldata/pfa/murata/skimmed/uds91/train/uds91_276.h5'
Reading file: file='/data/suehara/mldata/pfa/murata/skimmed/uds91/train/uds91_277.h5'
Reading file: file='/data/suehara/mldata/pfa/murata/skimmed/uds91/train/uds91_280.h5'
Reading file: file='/data/suehara/mldata/pfa/murata/skimmed/uds91/train/uds91_281.h5'
Reading file: file='/data/suehara/mldata/pfa/murata/skimmed/uds91/train/uds91_282.h5'
Reading file: file='/data/suehara/mldata/pfa/murata/skimmed/uds91/train/uds91_283.h5'
Reading file: file='/data/suehara/mldata/pfa/murata/skimmed/uds91/train/uds91_284.h5'
Reading file: file='/data/suehara/mldata/pfa/murata/skimmed/uds91/train/uds91_285.h5'
Reading file: file='/data/suehara/mldata/pfa/murata/skimmed/uds91/train/uds91_286.h5'
Reading file: file='/data/suehara/mldata/pfa/murata/skimmed/uds91/train/uds91_287.h5'
Reading file: file='/data/suehara/mldata/pfa/murata/skimmed/uds91/train/uds91_290.h5'
Reading file: file='/data/suehara/mldata/pfa/murata/skimmed/uds91/train/uds91_291.h5'
Reading file: file='/data/suehara/mldata/pfa/murata/skimmed/uds91/train/uds91_292.h5'
Reading file: file='/data/suehara/mldata/pfa/murata/skimmed/uds91/train/uds91_293.h5'
Reading file: file='/data/suehara/mldata/pfa/murata/skimmed/uds91/train/uds91_294.h5'
Reading file: file='/data/suehara/mldata/pfa/murata/skimmed/uds91/train/uds91_295.h5'
Reading file: file='/data/suehara/mldata/pfa/murata/skimmed/uds91/train/uds91_296.h5'
Reading file: file='/data/suehara/mldata/pfa/murata/skimmed/uds91/train/uds91_297.h5'
Reading file: file='/data/suehara/mldata/pfa/murata/skimmed/uds91/train/uds91_3.h5'
Reading file: file='/data/suehara/mldata/pfa/murata/skimmed/uds91/train/uds91_30.h5'
Reading file: file='/data/suehara/mldata/pfa/murata/skimmed/uds91/train/uds91_300.h5'
Reading file: file='/data/suehara/mldata/pfa/murata/skimmed/uds91/train/uds91_31.h5'
Reading file: file='/data/suehara/mldata/pfa/murata/skimmed/uds91/train/uds91_32.h5'
Reading file: file='/data/suehara/mldata/pfa/murata/skimmed/uds91/train/uds91_33.h5'
Reading file: file='/data/suehara/mldata/pfa/murata/skimmed/uds91/train/uds91_34.h5'
Reading file: file='/data/suehara/mldata/pfa/murata/skimmed/uds91/train/uds91_35.h5'
Reading file: file='/data/suehara/mldata/pfa/murata/skimmed/uds91/train/uds91_36.h5'
Reading file: file='/data/suehara/mldata/pfa/murata/skimmed/uds91/train/uds91_37.h5'
Reading file: file='/data/suehara/mldata/pfa/murata/skimmed/uds91/train/uds91_4.h5'
Reading file: file='/data/suehara/mldata/pfa/murata/skimmed/uds91/train/uds91_40.h5'
Reading file: file='/data/suehara/mldata/pfa/murata/skimmed/uds91/train/uds91_41.h5'
Reading file: file='/data/suehara/mldata/pfa/murata/skimmed/uds91/train/uds91_42.h5'
Reading file: file='/data/suehara/mldata/pfa/murata/skimmed/uds91/train/uds91_43.h5'
Reading file: file='/data/suehara/mldata/pfa/murata/skimmed/uds91/train/uds91_44.h5'
Reading file: file='/data/suehara/mldata/pfa/murata/skimmed/uds91/train/uds91_45.h5'
Reading file: file='/data/suehara/mldata/pfa/murata/skimmed/uds91/train/uds91_46.h5'
Reading file: file='/data/suehara/mldata/pfa/murata/skimmed/uds91/train/uds91_47.h5'
Reading file: file='/data/suehara/mldata/pfa/murata/skimmed/uds91/train/uds91_5.h5'
Reading file: file='/data/suehara/mldata/pfa/murata/skimmed/uds91/train/uds91_50.h5'
Reading file: file='/data/suehara/mldata/pfa/murata/skimmed/uds91/train/uds91_51.h5'
Reading file: file='/data/suehara/mldata/pfa/murata/skimmed/uds91/train/uds91_52.h5'
Reading file: file='/data/suehara/mldata/pfa/murata/skimmed/uds91/train/uds91_53.h5'
Reading file: file='/data/suehara/mldata/pfa/murata/skimmed/uds91/train/uds91_54.h5'
Reading file: file='/data/suehara/mldata/pfa/murata/skimmed/uds91/train/uds91_55.h5'
Reading file: file='/data/suehara/mldata/pfa/murata/skimmed/uds91/train/uds91_56.h5'
Reading file: file='/data/suehara/mldata/pfa/murata/skimmed/uds91/train/uds91_57.h5'
Reading file: file='/data/suehara/mldata/pfa/murata/skimmed/uds91/train/uds91_6.h5'
Reading file: file='/data/suehara/mldata/pfa/murata/skimmed/uds91/train/uds91_60.h5'
Reading file: file='/data/suehara/mldata/pfa/murata/skimmed/uds91/train/uds91_61.h5'
Reading file: file='/data/suehara/mldata/pfa/murata/skimmed/uds91/train/uds91_62.h5'
Reading file: file='/data/suehara/mldata/pfa/murata/skimmed/uds91/train/uds91_63.h5'
Reading file: file='/data/suehara/mldata/pfa/murata/skimmed/uds91/train/uds91_64.h5'
Reading file: file='/data/suehara/mldata/pfa/murata/skimmed/uds91/train/uds91_65.h5'
Reading file: file='/data/suehara/mldata/pfa/murata/skimmed/uds91/train/uds91_66.h5'
Reading file: file='/data/suehara/mldata/pfa/murata/skimmed/uds91/train/uds91_67.h5'
Reading file: file='/data/suehara/mldata/pfa/murata/skimmed/uds91/train/uds91_7.h5'
Reading file: file='/data/suehara/mldata/pfa/murata/skimmed/uds91/train/uds91_70.h5'
Reading file: file='/data/suehara/mldata/pfa/murata/skimmed/uds91/train/uds91_71.h5'
Reading file: file='/data/suehara/mldata/pfa/murata/skimmed/uds91/train/uds91_72.h5'
Reading file: file='/data/suehara/mldata/pfa/murata/skimmed/uds91/train/uds91_73.h5'
Reading file: file='/data/suehara/mldata/pfa/murata/skimmed/uds91/train/uds91_74.h5'
Reading file: file='/data/suehara/mldata/pfa/murata/skimmed/uds91/train/uds91_75.h5'
Reading file: file='/data/suehara/mldata/pfa/murata/skimmed/uds91/train/uds91_76.h5'
Reading file: file='/data/suehara/mldata/pfa/murata/skimmed/uds91/train/uds91_77.h5'
Reading file: file='/data/suehara/mldata/pfa/murata/skimmed/uds91/train/uds91_80.h5'
Reading file: file='/data/suehara/mldata/pfa/murata/skimmed/uds91/train/uds91_81.h5'
Reading file: file='/data/suehara/mldata/pfa/murata/skimmed/uds91/train/uds91_82.h5'
Reading file: file='/data/suehara/mldata/pfa/murata/skimmed/uds91/train/uds91_83.h5'
Reading file: file='/data/suehara/mldata/pfa/murata/skimmed/uds91/train/uds91_84.h5'
Reading file: file='/data/suehara/mldata/pfa/murata/skimmed/uds91/train/uds91_85.h5'
Reading file: file='/data/suehara/mldata/pfa/murata/skimmed/uds91/train/uds91_86.h5'
Reading file: file='/data/suehara/mldata/pfa/murata/skimmed/uds91/train/uds91_87.h5'
Reading file: file='/data/suehara/mldata/pfa/murata/skimmed/uds91/train/uds91_90.h5'
Reading file: file='/data/suehara/mldata/pfa/murata/skimmed/uds91/train/uds91_91.h5'
Reading file: file='/data/suehara/mldata/pfa/murata/skimmed/uds91/train/uds91_92.h5'
Reading file: file='/data/suehara/mldata/pfa/murata/skimmed/uds91/train/uds91_93.h5'
Reading file: file='/data/suehara/mldata/pfa/murata/skimmed/uds91/train/uds91_94.h5'
Reading file: file='/data/suehara/mldata/pfa/murata/skimmed/uds91/train/uds91_95.h5'
Reading file: file='/data/suehara/mldata/pfa/murata/skimmed/uds91/train/uds91_96.h5'
Reading file: file='/data/suehara/mldata/pfa/murata/skimmed/uds91/train/uds91_97.h5'
Making ak_feats...
Making ak_labels...
ILCDataset: path='/data/suehara/mldata/pfa/murata/skimmed/uds91/validation'
filenames=['/data/suehara/mldata/pfa/murata/skimmed/uds91/validation/uds91_108.h5', '/data/suehara/mldata/pfa/murata/skimmed/uds91/validation/uds91_118.h5', '/data/suehara/mldata/pfa/murata/skimmed/uds91/validation/uds91_128.h5', '/data/suehara/mldata/pfa/murata/skimmed/uds91/validation/uds91_138.h5', '/data/suehara/mldata/pfa/murata/skimmed/uds91/validation/uds91_148.h5', '/data/suehara/mldata/pfa/murata/skimmed/uds91/validation/uds91_158.h5', '/data/suehara/mldata/pfa/murata/skimmed/uds91/validation/uds91_168.h5', '/data/suehara/mldata/pfa/murata/skimmed/uds91/validation/uds91_178.h5', '/data/suehara/mldata/pfa/murata/skimmed/uds91/validation/uds91_18.h5', '/data/suehara/mldata/pfa/murata/skimmed/uds91/validation/uds91_188.h5', '/data/suehara/mldata/pfa/murata/skimmed/uds91/validation/uds91_198.h5', '/data/suehara/mldata/pfa/murata/skimmed/uds91/validation/uds91_208.h5', '/data/suehara/mldata/pfa/murata/skimmed/uds91/validation/uds91_218.h5', '/data/suehara/mldata/pfa/murata/skimmed/uds91/validation/uds91_228.h5', '/data/suehara/mldata/pfa/murata/skimmed/uds91/validation/uds91_238.h5', '/data/suehara/mldata/pfa/murata/skimmed/uds91/validation/uds91_248.h5', '/data/suehara/mldata/pfa/murata/skimmed/uds91/validation/uds91_258.h5', '/data/suehara/mldata/pfa/murata/skimmed/uds91/validation/uds91_268.h5', '/data/suehara/mldata/pfa/murata/skimmed/uds91/validation/uds91_278.h5', '/data/suehara/mldata/pfa/murata/skimmed/uds91/validation/uds91_28.h5', '/data/suehara/mldata/pfa/murata/skimmed/uds91/validation/uds91_288.h5', '/data/suehara/mldata/pfa/murata/skimmed/uds91/validation/uds91_298.h5', '/data/suehara/mldata/pfa/murata/skimmed/uds91/validation/uds91_38.h5', '/data/suehara/mldata/pfa/murata/skimmed/uds91/validation/uds91_48.h5', '/data/suehara/mldata/pfa/murata/skimmed/uds91/validation/uds91_58.h5', '/data/suehara/mldata/pfa/murata/skimmed/uds91/validation/uds91_68.h5', '/data/suehara/mldata/pfa/murata/skimmed/uds91/validation/uds91_78.h5', '/data/suehara/mldata/pfa/murata/skimmed/uds91/validation/uds91_8.h5', '/data/suehara/mldata/pfa/murata/skimmed/uds91/validation/uds91_88.h5', '/data/suehara/mldata/pfa/murata/skimmed/uds91/validation/uds91_98.h5']
Reading file: file='/data/suehara/mldata/pfa/murata/skimmed/uds91/validation/uds91_108.h5'
Reading file: file='/data/suehara/mldata/pfa/murata/skimmed/uds91/validation/uds91_118.h5'
Reading file: file='/data/suehara/mldata/pfa/murata/skimmed/uds91/validation/uds91_128.h5'
Reading file: file='/data/suehara/mldata/pfa/murata/skimmed/uds91/validation/uds91_138.h5'
Reading file: file='/data/suehara/mldata/pfa/murata/skimmed/uds91/validation/uds91_148.h5'
Reading file: file='/data/suehara/mldata/pfa/murata/skimmed/uds91/validation/uds91_158.h5'
Reading file: file='/data/suehara/mldata/pfa/murata/skimmed/uds91/validation/uds91_168.h5'
Reading file: file='/data/suehara/mldata/pfa/murata/skimmed/uds91/validation/uds91_178.h5'
Reading file: file='/data/suehara/mldata/pfa/murata/skimmed/uds91/validation/uds91_18.h5'
Reading file: file='/data/suehara/mldata/pfa/murata/skimmed/uds91/validation/uds91_188.h5'
Reading file: file='/data/suehara/mldata/pfa/murata/skimmed/uds91/validation/uds91_198.h5'
Reading file: file='/data/suehara/mldata/pfa/murata/skimmed/uds91/validation/uds91_208.h5'
Reading file: file='/data/suehara/mldata/pfa/murata/skimmed/uds91/validation/uds91_218.h5'
Reading file: file='/data/suehara/mldata/pfa/murata/skimmed/uds91/validation/uds91_228.h5'
Reading file: file='/data/suehara/mldata/pfa/murata/skimmed/uds91/validation/uds91_238.h5'
Reading file: file='/data/suehara/mldata/pfa/murata/skimmed/uds91/validation/uds91_248.h5'
Reading file: file='/data/suehara/mldata/pfa/murata/skimmed/uds91/validation/uds91_258.h5'
Reading file: file='/data/suehara/mldata/pfa/murata/skimmed/uds91/validation/uds91_268.h5'
Reading file: file='/data/suehara/mldata/pfa/murata/skimmed/uds91/validation/uds91_278.h5'
Reading file: file='/data/suehara/mldata/pfa/murata/skimmed/uds91/validation/uds91_28.h5'
Reading file: file='/data/suehara/mldata/pfa/murata/skimmed/uds91/validation/uds91_288.h5'
Reading file: file='/data/suehara/mldata/pfa/murata/skimmed/uds91/validation/uds91_298.h5'
Reading file: file='/data/suehara/mldata/pfa/murata/skimmed/uds91/validation/uds91_38.h5'
Reading file: file='/data/suehara/mldata/pfa/murata/skimmed/uds91/validation/uds91_48.h5'
Reading file: file='/data/suehara/mldata/pfa/murata/skimmed/uds91/validation/uds91_58.h5'
Reading file: file='/data/suehara/mldata/pfa/murata/skimmed/uds91/validation/uds91_68.h5'
Reading file: file='/data/suehara/mldata/pfa/murata/skimmed/uds91/validation/uds91_78.h5'
Reading file: file='/data/suehara/mldata/pfa/murata/skimmed/uds91/validation/uds91_8.h5'
Reading file: file='/data/suehara/mldata/pfa/murata/skimmed/uds91/validation/uds91_88.h5'
Reading file: file='/data/suehara/mldata/pfa/murata/skimmed/uds91/validation/uds91_98.h5'
Making ak_feats...
Making ak_labels...
Training dataset size:  120000
Validating dataset size:  15000
Batch size:  5
Loading GravnetModel
Hello
Training epoch 0
test   L_V                   = +1.1814 (35.3%)
    L_V_attractive      = +0.6019 (18.0%)
    L_V_repulsive       = +0.5796 (17.3%)
    L_charged_cluster   = +0.0000 (0.0%)
  L_beta              = +2.1618 (64.7%)
    L_beta_noise        = +0.0000 (0.0%)
    L_beta_sig          = +1.1633 (34.8%)
    L_beta_track        = +0.9984 (29.9%)
      L_beta_norms_term   = -0.0012 (-0.0%)
      L_beta_logbeta_term = +1.1645 (34.8%)
Returning 4.3431878089904785
Training epoch 1
test   L_V                   = +0.8653 (21.2%)
    L_V_attractive      = +0.4242 (10.4%)
    L_V_repulsive       = +0.4410 (10.8%)
    L_charged_cluster   = +0.0000 (0.0%)
  L_beta              = +3.2087 (78.8%)
    L_beta_noise        = +0.0000 (0.0%)
    L_beta_sig          = +2.2088 (54.2%)
    L_beta_track        = +1.0000 (24.5%)
      L_beta_norms_term   = -0.0000 (-0.0%)
      L_beta_logbeta_term = +2.2088 (54.2%)
Returning 5.073998928070068
Training epoch 2
test   L_V                   = +0.6795 (15.0%)
    L_V_attractive      = +0.3200 (7.0%)
    L_V_repulsive       = +0.3595 (7.9%)
    L_charged_cluster   = +0.0000 (0.0%)
  L_beta              = +3.8607 (85.0%)
    L_beta_noise        = +0.0000 (0.0%)
    L_beta_sig          = +2.8607 (63.0%)
    L_beta_track        = +1.0000 (22.0%)
      L_beta_norms_term   = -0.0000 (-0.0%)
      L_beta_logbeta_term = +2.8607 (63.0%)
Returning 5.540266990661621
Training epoch 3
test   L_V                   = +0.6143 (13.0%)
    L_V_attractive      = +0.3006 (6.4%)
    L_V_repulsive       = +0.3138 (6.7%)
    L_charged_cluster   = +0.0000 (0.0%)
  L_beta              = +4.1007 (87.0%)
    L_beta_noise        = +0.0000 (0.0%)
    L_beta_sig          = +3.1007 (65.8%)
    L_beta_track        = +1.0000 (21.2%)
      L_beta_norms_term   = -0.0000 (-0.0%)
      L_beta_logbeta_term = +3.1007 (65.8%)
Returning 5.715012073516846
Training epoch 4
test   L_V                   = +0.5837 (12.0%)
    L_V_attractive      = +0.2878 (5.9%)
    L_V_repulsive       = +0.2959 (6.1%)
    L_charged_cluster   = +0.0000 (0.0%)
  L_beta              = +4.2702 (88.0%)
    L_beta_noise        = +0.0000 (0.0%)
    L_beta_sig          = +3.2702 (67.4%)
    L_beta_track        = +1.0000 (20.6%)
      L_beta_norms_term   = -0.0000 (-0.0%)
      L_beta_logbeta_term = +3.2702 (67.4%)
Returning 5.853927135467529
Training epoch 5
test   L_V                   = +0.5640 (11.2%)
    L_V_attractive      = +0.2699 (5.4%)
    L_V_repulsive       = +0.2941 (5.9%)
    L_charged_cluster   = +0.0000 (0.0%)
  L_beta              = +4.4602 (88.8%)
    L_beta_noise        = +0.0000 (0.0%)
    L_beta_sig          = +3.4602 (68.9%)
    L_beta_track        = +1.0000 (19.9%)
      L_beta_norms_term   = -0.0000 (-0.0%)
      L_beta_logbeta_term = +3.4602 (68.9%)
Returning 6.024206161499023
Training epoch 6
test   L_V                   = +0.5473 (10.6%)
    L_V_attractive      = +0.2711 (5.2%)
    L_V_repulsive       = +0.2763 (5.3%)
    L_charged_cluster   = +0.0000 (0.0%)
  L_beta              = +4.6210 (89.4%)
    L_beta_noise        = +0.0000 (0.0%)
    L_beta_sig          = +3.6210 (70.1%)
    L_beta_track        = +1.0000 (19.3%)
      L_beta_norms_term   = -0.0000 (-0.0%)
      L_beta_logbeta_term = +3.6210 (70.1%)
Returning 6.168280124664307
Training epoch 7
test   L_V                   = +0.5321 (10.0%)
    L_V_attractive      = +0.2720 (5.1%)
    L_V_repulsive       = +0.2601 (4.9%)
    L_charged_cluster   = +0.0000 (0.0%)
  L_beta              = +4.7688 (90.0%)
    L_beta_noise        = +0.0000 (0.0%)
    L_beta_sig          = +3.7688 (71.1%)
    L_beta_track        = +1.0000 (18.9%)
      L_beta_norms_term   = -0.0000 (-0.0%)
      L_beta_logbeta_term = +3.7688 (71.1%)
Returning 6.300958633422852
Training epoch 8
test   L_V                   = +1.1680 (64.4%)
    L_V_attractive      = +0.5968 (32.9%)
    L_V_repulsive       = +0.5712 (31.5%)
    L_charged_cluster   = +0.0000 (0.0%)
  L_beta              = +0.6464 (35.6%)
    L_beta_noise        = +0.0000 (0.0%)
    L_beta_sig          = -0.0660 (-3.6%)
    L_beta_track        = +0.7124 (39.3%)
      L_beta_norms_term   = -0.2303 (-12.7%)
      L_beta_logbeta_term = +0.1643 (9.1%)
Returning 2.814378261566162
Training epoch 9
test   L_V                   = +1.3440 (71.1%)
    L_V_attractive      = +0.6907 (36.5%)
    L_V_repulsive       = +0.6533 (34.5%)
    L_charged_cluster   = +0.0000 (0.0%)
  L_beta              = +0.5475 (28.9%)
    L_beta_noise        = +0.0000 (0.0%)
    L_beta_sig          = -0.1284 (-6.8%)
    L_beta_track        = +0.6759 (35.7%)
      L_beta_norms_term   = -0.2780 (-14.7%)
      L_beta_logbeta_term = +0.1496 (7.9%)
Returning 2.8914361000061035
Training epoch 10
test   L_V                   = +1.3672 (72.7%)
    L_V_attractive      = +0.6869 (36.5%)
    L_V_repulsive       = +0.6802 (36.2%)
    L_charged_cluster   = +0.0000 (0.0%)
  L_beta              = +0.5135 (27.3%)
    L_beta_noise        = +0.0000 (0.0%)
    L_beta_sig          = -0.1598 (-8.5%)
    L_beta_track        = +0.6733 (35.8%)
      L_beta_norms_term   = -0.3042 (-16.2%)
      L_beta_logbeta_term = +0.1444 (7.7%)
Returning 2.880650281906128
Training epoch 11
test   L_V                   = +1.3053 (71.5%)
    L_V_attractive      = +0.6403 (35.1%)
    L_V_repulsive       = +0.6650 (36.4%)
    L_charged_cluster   = +0.0000 (0.0%)
  L_beta              = +0.5205 (28.5%)
    L_beta_noise        = +0.0000 (0.0%)
    L_beta_sig          = -0.1558 (-8.5%)
    L_beta_track        = +0.6763 (37.0%)
      L_beta_norms_term   = -0.3048 (-16.7%)
      L_beta_logbeta_term = +0.1490 (8.2%)
Returning 2.82574462890625
Training epoch 12
test   L_V                   = +1.3602 (73.9%)
    L_V_attractive      = +0.6983 (38.0%)
    L_V_repulsive       = +0.6619 (36.0%)
    L_charged_cluster   = +0.0000 (0.0%)
  L_beta              = +0.4795 (26.1%)
    L_beta_noise        = +0.0000 (0.0%)
    L_beta_sig          = -0.1900 (-10.3%)
    L_beta_track        = +0.6694 (36.4%)
      L_beta_norms_term   = -0.3262 (-17.7%)
      L_beta_logbeta_term = +0.1362 (7.4%)
Returning 2.8397185802459717
Training epoch 13
test   L_V                   = +1.3648 (74.2%)
    L_V_attractive      = +0.7057 (38.4%)
    L_V_repulsive       = +0.6591 (35.8%)
    L_charged_cluster   = +0.0000 (0.0%)
  L_beta              = +0.4744 (25.8%)
    L_beta_noise        = +0.0000 (0.0%)
    L_beta_sig          = -0.1947 (-10.6%)
    L_beta_track        = +0.6691 (36.4%)
      L_beta_norms_term   = -0.3303 (-18.0%)
      L_beta_logbeta_term = +0.1355 (7.4%)
Returning 2.8391799926757812
Training epoch 14
test   L_V                   = +1.3504 (74.5%)
    L_V_attractive      = +0.6794 (37.5%)
    L_V_repulsive       = +0.6710 (37.0%)
    L_charged_cluster   = +0.0000 (0.0%)
  L_beta              = +0.4625 (25.5%)
    L_beta_noise        = +0.0000 (0.0%)
    L_beta_sig          = -0.2069 (-11.4%)
    L_beta_track        = +0.6695 (36.9%)
      L_beta_norms_term   = -0.3407 (-18.8%)
      L_beta_logbeta_term = +0.1338 (7.4%)
Returning 2.8129091262817383
Training epoch 15
test   L_V                   = +1.3587 (75.6%)
    L_V_attractive      = +0.7188 (40.0%)
    L_V_repulsive       = +0.6399 (35.6%)
    L_charged_cluster   = +0.0000 (0.0%)
  L_beta              = +0.4381 (24.4%)
    L_beta_noise        = +0.0000 (0.0%)
    L_beta_sig          = -0.2288 (-12.7%)
    L_beta_track        = +0.6668 (37.1%)
      L_beta_norms_term   = -0.3553 (-19.8%)
      L_beta_logbeta_term = +0.1265 (7.0%)
Returning 2.7967734336853027
Training epoch 16
test   L_V                   = +1.3510 (75.3%)
    L_V_attractive      = +0.6728 (37.5%)
    L_V_repulsive       = +0.6782 (37.8%)
    L_charged_cluster   = +0.0000 (0.0%)
  L_beta              = +0.4436 (24.7%)
    L_beta_noise        = +0.0000 (0.0%)
    L_beta_sig          = -0.2242 (-12.5%)
    L_beta_track        = +0.6678 (37.2%)
      L_beta_norms_term   = -0.3549 (-19.8%)
      L_beta_logbeta_term = +0.1307 (7.3%)
Returning 2.794665813446045
Training epoch 17
test   L_V                   = +1.3078 (75.3%)
    L_V_attractive      = +0.6689 (38.5%)
    L_V_repulsive       = +0.6389 (36.8%)
    L_charged_cluster   = +0.0000 (0.0%)
  L_beta              = +0.4283 (24.7%)
    L_beta_noise        = +0.0000 (0.0%)
    L_beta_sig          = -0.2391 (-13.8%)
    L_beta_track        = +0.6674 (38.4%)
      L_beta_norms_term   = -0.3654 (-21.0%)
      L_beta_logbeta_term = +0.1263 (7.3%)
Returning 2.736039400100708
Training epoch 18
test   L_V                   = +1.3008 (75.6%)
    L_V_attractive      = +0.6546 (38.0%)
    L_V_repulsive       = +0.6462 (37.5%)
    L_charged_cluster   = +0.0000 (0.0%)
  L_beta              = +0.4202 (24.4%)
    L_beta_noise        = +0.0000 (0.0%)
    L_beta_sig          = -0.2461 (-14.3%)
    L_beta_track        = +0.6662 (38.7%)
      L_beta_norms_term   = -0.3720 (-21.6%)
      L_beta_logbeta_term = +0.1260 (7.3%)
Returning 2.721001625061035
Training epoch 19
test   L_V                   = +1.2659 (75.5%)
    L_V_attractive      = +0.6378 (38.1%)
    L_V_repulsive       = +0.6281 (37.5%)
    L_charged_cluster   = +0.0000 (0.0%)
  L_beta              = +0.4098 (24.5%)
    L_beta_noise        = +0.0000 (0.0%)
    L_beta_sig          = -0.2568 (-15.3%)
    L_beta_track        = +0.6666 (39.8%)
      L_beta_norms_term   = -0.3798 (-22.7%)
      L_beta_logbeta_term = +0.1230 (7.3%)
Returning 2.675703287124634
Training epoch 20
test   L_V                   = +1.2401 (75.4%)
    L_V_attractive      = +0.6441 (39.2%)
    L_V_repulsive       = +0.5960 (36.3%)
    L_charged_cluster   = +0.0000 (0.0%)
  L_beta              = +0.4037 (24.6%)
    L_beta_noise        = +0.0000 (0.0%)
    L_beta_sig          = -0.2639 (-16.1%)
    L_beta_track        = +0.6676 (40.6%)
      L_beta_norms_term   = -0.3852 (-23.4%)
      L_beta_logbeta_term = +0.1213 (7.4%)
Returning 2.6438374519348145
Training epoch 21
test   L_V                   = +1.2427 (76.4%)
    L_V_attractive      = +0.6372 (39.2%)
    L_V_repulsive       = +0.6055 (37.2%)
    L_charged_cluster   = +0.0000 (0.0%)
  L_beta              = +0.3843 (23.6%)
    L_beta_noise        = +0.0000 (0.0%)
    L_beta_sig          = -0.2817 (-17.3%)
    L_beta_track        = +0.6661 (40.9%)
      L_beta_norms_term   = -0.3978 (-24.4%)
      L_beta_logbeta_term = +0.1160 (7.1%)
Returning 2.627005100250244
Training epoch 22
test   L_V                   = +1.2479 (76.7%)
    L_V_attractive      = +0.6608 (40.6%)
    L_V_repulsive       = +0.5872 (36.1%)
    L_charged_cluster   = +0.0000 (0.0%)
  L_beta              = +0.3786 (23.3%)
    L_beta_noise        = +0.0000 (0.0%)
    L_beta_sig          = -0.2867 (-17.6%)
    L_beta_track        = +0.6653 (40.9%)
      L_beta_norms_term   = -0.4013 (-24.7%)
      L_beta_logbeta_term = +0.1145 (7.0%)
Returning 2.6264920234680176
Training epoch 23
test   L_V                   = +1.2361 (76.5%)
    L_V_attractive      = +0.6214 (38.5%)
    L_V_repulsive       = +0.6147 (38.1%)
    L_charged_cluster   = +0.0000 (0.0%)
  L_beta              = +0.3788 (23.5%)
    L_beta_noise        = +0.0000 (0.0%)
    L_beta_sig          = -0.2875 (-17.8%)
    L_beta_track        = +0.6662 (41.3%)
      L_beta_norms_term   = -0.4045 (-25.0%)
      L_beta_logbeta_term = +0.1170 (7.2%)
Returning 2.6148338317871094
Training epoch 24
test   L_V                   = +1.2196 (76.7%)
    L_V_attractive      = +0.6295 (39.6%)
    L_V_repulsive       = +0.5900 (37.1%)
    L_charged_cluster   = +0.0000 (0.0%)
  L_beta              = +0.3699 (23.3%)
    L_beta_noise        = +0.0000 (0.0%)
    L_beta_sig          = -0.2956 (-18.6%)
    L_beta_track        = +0.6655 (41.9%)
      L_beta_norms_term   = -0.4103 (-25.8%)
      L_beta_logbeta_term = +0.1147 (7.2%)
Returning 2.5894360542297363
Training epoch 25
test   L_V                   = +1.1928 (76.4%)
    L_V_attractive      = +0.6378 (40.9%)
    L_V_repulsive       = +0.5550 (35.6%)
    L_charged_cluster   = +0.0000 (0.0%)
  L_beta              = +0.3681 (23.6%)
    L_beta_noise        = +0.0000 (0.0%)
    L_beta_sig          = -0.2969 (-19.0%)
    L_beta_track        = +0.6651 (42.6%)
      L_beta_norms_term   = -0.4120 (-26.4%)
      L_beta_logbeta_term = +0.1150 (7.4%)
Returning 2.5609424114227295
Training epoch 26
test   L_V                   = +1.1977 (76.7%)
    L_V_attractive      = +0.6142 (39.3%)
    L_V_repulsive       = +0.5836 (37.4%)
    L_charged_cluster   = +0.0000 (0.0%)
  L_beta              = +0.3631 (23.3%)
    L_beta_noise        = +0.0000 (0.0%)
    L_beta_sig          = -0.3020 (-19.3%)
    L_beta_track        = +0.6651 (42.6%)
      L_beta_norms_term   = -0.4164 (-26.7%)
      L_beta_logbeta_term = +0.1144 (7.3%)
Returning 2.5608291625976562
Training epoch 27
test   L_V                   = +1.1956 (76.6%)
    L_V_attractive      = +0.6632 (42.5%)
    L_V_repulsive       = +0.5324 (34.1%)
    L_charged_cluster   = +0.0000 (0.0%)
  L_beta              = +0.3657 (23.4%)
    L_beta_noise        = +0.0000 (0.0%)
    L_beta_sig          = -0.2977 (-19.1%)
    L_beta_track        = +0.6634 (42.5%)
      L_beta_norms_term   = -0.4136 (-26.5%)
      L_beta_logbeta_term = +0.1159 (7.4%)
Returning 2.561241388320923
Training epoch 28
test   L_V                   = +1.2031 (77.7%)
    L_V_attractive      = +0.6364 (41.1%)
    L_V_repulsive       = +0.5668 (36.6%)
    L_charged_cluster   = +0.0000 (0.0%)
  L_beta              = +0.3445 (22.3%)
    L_beta_noise        = +0.0000 (0.0%)
    L_beta_sig          = -0.3178 (-20.5%)
    L_beta_track        = +0.6623 (42.8%)
      L_beta_norms_term   = -0.4295 (-27.8%)
      L_beta_logbeta_term = +0.1117 (7.2%)
Returning 2.5476458072662354
Training epoch 29
test   L_V                   = +1.1710 (77.4%)
    L_V_attractive      = +0.6061 (40.0%)
    L_V_repulsive       = +0.5649 (37.3%)
    L_charged_cluster   = +0.0000 (0.0%)
  L_beta              = +0.3424 (22.6%)
    L_beta_noise        = +0.0000 (0.0%)
    L_beta_sig          = -0.3212 (-21.2%)
    L_beta_track        = +0.6636 (43.8%)
      L_beta_norms_term   = -0.4326 (-28.6%)
      L_beta_logbeta_term = +0.1114 (7.4%)
Returning 2.5134286880493164
Training epoch 30
test   L_V                   = +1.1829 (77.8%)
    L_V_attractive      = +0.6001 (39.5%)
    L_V_repulsive       = +0.5828 (38.3%)
    L_charged_cluster   = +0.0000 (0.0%)
  L_beta              = +0.3374 (22.2%)
    L_beta_noise        = +0.0000 (0.0%)
    L_beta_sig          = -0.3262 (-21.5%)
    L_beta_track        = +0.6636 (43.6%)
      L_beta_norms_term   = -0.4383 (-28.8%)
      L_beta_logbeta_term = +0.1122 (7.4%)
Returning 2.5202598571777344
Training epoch 31
test   L_V                   = +1.1684 (78.3%)
    L_V_attractive      = +0.6083 (40.8%)
    L_V_repulsive       = +0.5601 (37.5%)
    L_charged_cluster   = +0.0000 (0.0%)
  L_beta              = +0.3233 (21.7%)
    L_beta_noise        = +0.0000 (0.0%)
    L_beta_sig          = -0.3409 (-22.9%)
    L_beta_track        = +0.6642 (44.5%)
      L_beta_norms_term   = -0.4477 (-30.0%)
      L_beta_logbeta_term = +0.1068 (7.2%)
Returning 2.4916954040527344
Training epoch 32
test   L_V                   = +1.1637 (78.3%)
    L_V_attractive      = +0.6254 (42.1%)
    L_V_repulsive       = +0.5383 (36.2%)
    L_charged_cluster   = +0.0000 (0.0%)
  L_beta              = +0.3229 (21.7%)
    L_beta_noise        = +0.0000 (0.0%)
    L_beta_sig          = -0.3392 (-22.8%)
    L_beta_track        = +0.6621 (44.5%)
      L_beta_norms_term   = -0.4464 (-30.0%)
      L_beta_logbeta_term = +0.1071 (7.2%)
Returning 2.48657488822937
Training epoch 33
test   L_V                   = +1.1292 (78.1%)
    L_V_attractive      = +0.6002 (41.5%)
    L_V_repulsive       = +0.5290 (36.6%)
    L_charged_cluster   = +0.0000 (0.0%)
  L_beta              = +0.3161 (21.9%)
    L_beta_noise        = +0.0000 (0.0%)
    L_beta_sig          = -0.3462 (-24.0%)
    L_beta_track        = +0.6623 (45.8%)
      L_beta_norms_term   = -0.4519 (-31.3%)
      L_beta_logbeta_term = +0.1057 (7.3%)
Returning 2.4453327655792236
Training epoch 34
test   L_V                   = +1.1497 (78.9%)
    L_V_attractive      = +0.6245 (42.9%)
    L_V_repulsive       = +0.5252 (36.1%)
    L_charged_cluster   = +0.0000 (0.0%)
  L_beta              = +0.3066 (21.1%)
    L_beta_noise        = +0.0000 (0.0%)
    L_beta_sig          = -0.3550 (-24.4%)
    L_beta_track        = +0.6616 (45.4%)
      L_beta_norms_term   = -0.4586 (-31.5%)
      L_beta_logbeta_term = +0.1036 (7.1%)
Returning 2.4562556743621826
Training epoch 35
test   L_V                   = +1.1398 (78.5%)
    L_V_attractive      = +0.6025 (41.5%)
    L_V_repulsive       = +0.5373 (37.0%)
    L_charged_cluster   = +0.0000 (0.0%)
  L_beta              = +0.3127 (21.5%)
    L_beta_noise        = +0.0000 (0.0%)
    L_beta_sig          = -0.3496 (-24.1%)
    L_beta_track        = +0.6622 (45.6%)
      L_beta_norms_term   = -0.4564 (-31.4%)
      L_beta_logbeta_term = +0.1068 (7.4%)
Returning 2.4524598121643066
Training epoch 36
test   L_V                   = +1.1560 (79.5%)
    L_V_attractive      = +0.6148 (42.3%)
    L_V_repulsive       = +0.5412 (37.2%)
    L_charged_cluster   = +0.0000 (0.0%)
  L_beta              = +0.2984 (20.5%)
    L_beta_noise        = +0.0000 (0.0%)
    L_beta_sig          = -0.3627 (-24.9%)
    L_beta_track        = +0.6611 (45.5%)
      L_beta_norms_term   = -0.4645 (-31.9%)
      L_beta_logbeta_term = +0.1018 (7.0%)
Returning 2.4544312953948975
Training epoch 37
test   L_V                   = +1.1138 (78.2%)
    L_V_attractive      = +0.5401 (37.9%)
    L_V_repulsive       = +0.5737 (40.3%)
    L_charged_cluster   = +0.0000 (0.0%)
  L_beta              = +0.3111 (21.8%)
    L_beta_noise        = +0.0000 (0.0%)
    L_beta_sig          = -0.3534 (-24.8%)
    L_beta_track        = +0.6645 (46.6%)
      L_beta_norms_term   = -0.4616 (-32.4%)
      L_beta_logbeta_term = +0.1083 (7.6%)
Returning 2.424945831298828
Training epoch 38
test   L_V                   = +1.1179 (79.2%)
    L_V_attractive      = +0.6044 (42.8%)
    L_V_repulsive       = +0.5135 (36.4%)
    L_charged_cluster   = +0.0000 (0.0%)
  L_beta              = +0.2942 (20.8%)
    L_beta_noise        = +0.0000 (0.0%)
    L_beta_sig          = -0.3681 (-26.1%)
    L_beta_track        = +0.6623 (46.9%)
      L_beta_norms_term   = -0.4696 (-33.3%)
      L_beta_logbeta_term = +0.1015 (7.2%)
Returning 2.412132501602173
Training epoch 39
