cuda:2
thetaphi at main: True
Loading dataset...
Using ILCStreamingDataset (shuffle_buffer=256, files_per_chunk=32, seed=1001)
ILCStreamingDataset: path=/data/suehara/mldata/pfa/murata/data/tc/tc_nnqq_2M, files=20000, events~=2000000, shuffle_buffer=256, files_per_chunk=32
Using ILCStreamingDataset (shuffle_buffer=256, files_per_chunk=32, seed=1001)
ILCStreamingDataset: path=/data/suehara/mldata/pfa/murata/data/tc/tc_nnqq_new/train, files=716, events~=94400, shuffle_buffer=256, files_per_chunk=32
Training dataset size:  2000000
Validating dataset size:  94400
Batch size:  128
Loading GravNetModelMultiHead (heads=3, reg_heads=2, interaction=none)
restart period :  30
[rank 2] epoch=0 train_batch=2000/15625 loss=1.056206
[rank 2] epoch=0 train_batch=4000/15625 loss=1.050369
[rank 2] epoch=0 train_batch=6000/15625 loss=1.043279
[rank 2] epoch=0 train_batch=8000/15625 loss=1.030220
[rank 2] epoch=0 train_batch=10000/15625 loss=1.024724
[rank 2] epoch=0 train_batch=12000/15625 loss=1.026373
[rank 2] epoch=0 train_batch=14000/15625 loss=1.024101
[rank 2] epoch=1 train_batch=2000/15625 loss=1.022258
[rank 2] epoch=1 train_batch=4000/15625 loss=1.021400
[rank 2] epoch=1 train_batch=6000/15625 loss=1.017903
[rank 2] epoch=1 train_batch=8000/15625 loss=1.018792
[rank 2] epoch=1 train_batch=10000/15625 loss=1.017242
[rank 2] epoch=1 train_batch=12000/15625 loss=1.015660
[rank 2] epoch=1 train_batch=14000/15625 loss=1.014646
[rank 2] epoch=2 train_batch=2000/15625 loss=1.666573
[rank 2] epoch=2 train_batch=4000/15625 loss=1.508407
[rank 2] epoch=2 train_batch=6000/15625 loss=1.474218
[rank 2] epoch=2 train_batch=8000/15625 loss=1.476039
[rank 2] epoch=2 train_batch=10000/15625 loss=1.357214
[rank 2] epoch=2 train_batch=12000/15625 loss=1.396144
[rank 2] epoch=2 train_batch=14000/15625 loss=1.283992
[rank 2] epoch=3 train_batch=2000/15625 loss=1.322490
[rank 2] epoch=3 train_batch=4000/15625 loss=1.299695
[rank 2] epoch=3 train_batch=6000/15625 loss=1.336714
[rank 2] epoch=3 train_batch=8000/15625 loss=1.295454
[rank 2] epoch=3 train_batch=10000/15625 loss=1.354691
[rank 2] epoch=3 train_batch=12000/15625 loss=1.305582
[rank 2] epoch=3 train_batch=14000/15625 loss=1.267331
[rank 2] epoch=4 train_batch=2000/15625 loss=1.883038
[rank 2] epoch=4 train_batch=4000/15625 loss=1.717770
[rank 2] epoch=4 train_batch=6000/15625 loss=1.702698
[rank 2] epoch=4 train_batch=8000/15625 loss=1.708175
[rank 2] epoch=4 train_batch=10000/15625 loss=1.738948
[rank 2] epoch=4 train_batch=12000/15625 loss=1.638612
[rank 2] epoch=4 train_batch=14000/15625 loss=1.749748
[rank 2] epoch=5 train_batch=2000/15625 loss=1.573913
[rank 2] epoch=5 train_batch=4000/15625 loss=1.680643
[rank 2] epoch=5 train_batch=6000/15625 loss=1.676578
[rank 2] epoch=5 train_batch=8000/15625 loss=1.672123
[rank 2] epoch=5 train_batch=10000/15625 loss=1.660784
[rank 2] epoch=5 train_batch=12000/15625 loss=1.680859
[rank 2] epoch=5 train_batch=14000/15625 loss=1.613154
[rank 2] epoch=6 train_batch=2000/15625 loss=1.673546
[rank 2] epoch=6 train_batch=4000/15625 loss=1.651284
[rank 2] epoch=6 train_batch=6000/15625 loss=1.614203
[rank 2] epoch=6 train_batch=8000/15625 loss=1.600319
[rank 2] epoch=6 train_batch=10000/15625 loss=1.644125
[rank 2] epoch=6 train_batch=12000/15625 loss=1.569695
[rank 2] epoch=6 train_batch=14000/15625 loss=1.604723
[rank 2] epoch=7 train_batch=2000/15625 loss=1.602183
[rank 2] epoch=7 train_batch=4000/15625 loss=1.653761
[rank 2] epoch=7 train_batch=6000/15625 loss=1.676835
[rank 2] epoch=7 train_batch=8000/15625 loss=1.609982
[rank 2] epoch=7 train_batch=10000/15625 loss=1.576022
[rank 2] epoch=7 train_batch=12000/15625 loss=1.735926
[rank 2] epoch=7 train_batch=14000/15625 loss=1.586886
[rank 2] epoch=8 train_batch=2000/15625 loss=1.533647
[rank 2] epoch=8 train_batch=4000/15625 loss=1.501983
[rank 2] epoch=8 train_batch=6000/15625 loss=1.620327
[rank 2] epoch=8 train_batch=8000/15625 loss=1.559937
[rank 2] epoch=8 train_batch=10000/15625 loss=1.680922
[rank 2] epoch=8 train_batch=12000/15625 loss=1.507548
[rank 2] epoch=8 train_batch=14000/15625 loss=1.518451
[rank 2] epoch=9 train_batch=2000/15625 loss=1.582416
[rank 2] epoch=9 train_batch=4000/15625 loss=1.580279
[rank 2] epoch=9 train_batch=6000/15625 loss=1.588939
[rank 2] epoch=9 train_batch=8000/15625 loss=1.562153
[rank 2] epoch=9 train_batch=10000/15625 loss=1.625811
[rank 2] epoch=9 train_batch=12000/15625 loss=1.490596
[rank 2] epoch=9 train_batch=14000/15625 loss=1.536777
[rank 2] epoch=10 train_batch=2000/15625 loss=1.570611
[rank 2] epoch=10 train_batch=4000/15625 loss=1.565638
[rank 2] epoch=10 train_batch=6000/15625 loss=1.643762
[rank 2] epoch=10 train_batch=8000/15625 loss=1.506462
[rank 2] epoch=10 train_batch=10000/15625 loss=1.555804
[rank 2] epoch=10 train_batch=12000/15625 loss=1.591615
[rank 2] epoch=10 train_batch=14000/15625 loss=1.525635
[rank 2] epoch=11 train_batch=2000/15625 loss=1.526064
[rank 2] epoch=11 train_batch=4000/15625 loss=1.534870
[rank 2] epoch=11 train_batch=6000/15625 loss=1.588379
[rank 2] epoch=11 train_batch=8000/15625 loss=1.588663
[rank 2] epoch=11 train_batch=10000/15625 loss=1.574313
[rank 2] epoch=11 train_batch=12000/15625 loss=1.562996
[rank 2] epoch=11 train_batch=14000/15625 loss=1.549780
[rank 2] epoch=12 train_batch=2000/15625 loss=1.562656
[rank 2] epoch=12 train_batch=4000/15625 loss=1.546407
[rank 2] epoch=12 train_batch=6000/15625 loss=1.507512
[rank 2] epoch=12 train_batch=8000/15625 loss=1.552763
[rank 2] epoch=12 train_batch=10000/15625 loss=1.549960
[rank 2] epoch=12 train_batch=12000/15625 loss=1.546707
[rank 2] epoch=12 train_batch=14000/15625 loss=1.507202
[rank 2] epoch=13 train_batch=2000/15625 loss=1.604878
[rank 2] epoch=13 train_batch=4000/15625 loss=1.581985
[rank 2] epoch=13 train_batch=6000/15625 loss=1.508923
[rank 2] epoch=13 train_batch=8000/15625 loss=1.544013
[rank 2] epoch=13 train_batch=10000/15625 loss=1.513562
[rank 2] epoch=13 train_batch=12000/15625 loss=1.521909
[rank 2] epoch=13 train_batch=14000/15625 loss=1.559532
[rank 2] epoch=14 train_batch=2000/15625 loss=1.567775
[rank 2] epoch=14 train_batch=4000/15625 loss=1.540994
[rank 2] epoch=14 train_batch=6000/15625 loss=1.482846
[rank 2] epoch=14 train_batch=8000/15625 loss=1.547025
[rank 2] epoch=14 train_batch=10000/15625 loss=1.556932
[rank 2] epoch=14 train_batch=12000/15625 loss=1.596610
[rank 2] epoch=14 train_batch=14000/15625 loss=1.546032
[rank 2] epoch=15 train_batch=2000/15625 loss=1.495655
[rank 2] epoch=15 train_batch=4000/15625 loss=1.451045
[rank 2] epoch=15 train_batch=6000/15625 loss=1.598243
[rank 2] epoch=15 train_batch=8000/15625 loss=1.435456
[rank 2] epoch=15 train_batch=10000/15625 loss=1.615564
[rank 2] epoch=15 train_batch=12000/15625 loss=1.510421
[rank 2] epoch=15 train_batch=14000/15625 loss=1.425789
[rank 2] epoch=16 train_batch=2000/15625 loss=1.576603
[rank 2] epoch=16 train_batch=4000/15625 loss=1.524994
[rank 2] epoch=16 train_batch=6000/15625 loss=1.455876
[rank 2] epoch=16 train_batch=8000/15625 loss=1.444504
[rank 2] epoch=16 train_batch=10000/15625 loss=1.493053
[rank 2] epoch=16 train_batch=12000/15625 loss=1.502387
[rank 2] epoch=16 train_batch=14000/15625 loss=1.462662
[rank 2] epoch=17 train_batch=2000/15625 loss=1.553190
[rank 2] epoch=17 train_batch=4000/15625 loss=1.539552
[rank 2] epoch=17 train_batch=6000/15625 loss=1.552902
[rank 2] epoch=17 train_batch=8000/15625 loss=1.501593
[rank 2] epoch=17 train_batch=10000/15625 loss=1.507901
[rank 2] epoch=17 train_batch=12000/15625 loss=1.468960
[rank 2] epoch=17 train_batch=14000/15625 loss=1.472096
[rank 2] epoch=18 train_batch=2000/15625 loss=1.584223
[rank 2] epoch=18 train_batch=4000/15625 loss=1.534751
[rank 2] epoch=18 train_batch=6000/15625 loss=1.503780
[rank 2] epoch=18 train_batch=8000/15625 loss=1.545425
[rank 2] epoch=18 train_batch=10000/15625 loss=1.559175
[rank 2] epoch=18 train_batch=12000/15625 loss=1.493551
[rank 2] epoch=18 train_batch=14000/15625 loss=1.477155
[rank 2] epoch=19 train_batch=2000/15625 loss=1.420106
[rank 2] epoch=19 train_batch=4000/15625 loss=1.563135
[rank 2] epoch=19 train_batch=6000/15625 loss=1.495794
[rank 2] epoch=19 train_batch=8000/15625 loss=1.481747
[rank 2] epoch=19 train_batch=10000/15625 loss=1.450210
[rank 2] epoch=19 train_batch=12000/15625 loss=1.502018
[rank 2] epoch=19 train_batch=14000/15625 loss=1.516897
[rank 2] epoch=20 train_batch=2000/15625 loss=1.555108
[rank 2] epoch=20 train_batch=4000/15625 loss=1.428045
[rank 2] epoch=20 train_batch=6000/15625 loss=1.514968
[rank 2] epoch=20 train_batch=8000/15625 loss=1.466039
[rank 2] epoch=20 train_batch=10000/15625 loss=1.443022
[rank 2] epoch=20 train_batch=12000/15625 loss=1.401545
[rank 2] epoch=20 train_batch=14000/15625 loss=1.471470
[rank 2] epoch=21 train_batch=2000/15625 loss=1.498794
[rank 2] epoch=21 train_batch=4000/15625 loss=1.456518
[rank 2] epoch=21 train_batch=6000/15625 loss=1.464891
[rank 2] epoch=21 train_batch=8000/15625 loss=1.462889
[rank 2] epoch=21 train_batch=10000/15625 loss=1.449953
[rank 2] epoch=21 train_batch=12000/15625 loss=1.445152
[rank 2] epoch=21 train_batch=14000/15625 loss=1.525367
[rank 2] epoch=22 train_batch=2000/15625 loss=1.515512
[rank 2] epoch=22 train_batch=4000/15625 loss=1.435436
[rank 2] epoch=22 train_batch=6000/15625 loss=1.512662
[rank 2] epoch=22 train_batch=8000/15625 loss=1.409441
[rank 2] epoch=22 train_batch=10000/15625 loss=1.463710
[rank 2] epoch=22 train_batch=12000/15625 loss=1.455062
[rank 2] epoch=22 train_batch=14000/15625 loss=1.408988
[rank 2] epoch=23 train_batch=2000/15625 loss=1.421218
[rank 2] epoch=23 train_batch=4000/15625 loss=1.444480
[rank 2] epoch=23 train_batch=6000/15625 loss=1.475702
[rank 2] epoch=23 train_batch=8000/15625 loss=1.429059
[rank 2] epoch=23 train_batch=10000/15625 loss=1.440631
[rank 2] epoch=23 train_batch=12000/15625 loss=1.483700
[rank 2] epoch=23 train_batch=14000/15625 loss=1.477024
[rank 2] epoch=24 train_batch=2000/15625 loss=1.445777
[rank 2] epoch=24 train_batch=4000/15625 loss=1.408282
[rank 2] epoch=24 train_batch=6000/15625 loss=1.396114
[rank 2] epoch=24 train_batch=8000/15625 loss=1.472147
[rank 2] epoch=24 train_batch=10000/15625 loss=1.441567
[rank 2] epoch=24 train_batch=12000/15625 loss=1.415400
[rank 2] epoch=24 train_batch=14000/15625 loss=1.543320
[rank 2] epoch=25 train_batch=2000/15625 loss=1.394897
[rank 2] epoch=25 train_batch=4000/15625 loss=1.461969
[rank 2] epoch=25 train_batch=6000/15625 loss=1.413734
[rank 2] epoch=25 train_batch=8000/15625 loss=1.483033
[rank 2] epoch=25 train_batch=10000/15625 loss=1.443020
[rank 2] epoch=25 train_batch=12000/15625 loss=1.427873
[rank 2] epoch=25 train_batch=14000/15625 loss=1.441089
[rank 2] epoch=26 train_batch=2000/15625 loss=1.494357
[rank 2] epoch=26 train_batch=4000/15625 loss=1.411482
[rank 2] epoch=26 train_batch=6000/15625 loss=1.497348
[rank 2] epoch=26 train_batch=8000/15625 loss=1.451074
[rank 2] epoch=26 train_batch=10000/15625 loss=1.490454
[rank 2] epoch=26 train_batch=12000/15625 loss=1.506921
[rank 2] epoch=26 train_batch=14000/15625 loss=1.529691
[rank 2] epoch=27 train_batch=2000/15625 loss=1.411523
[rank 2] epoch=27 train_batch=4000/15625 loss=1.431890
[rank 2] epoch=27 train_batch=6000/15625 loss=1.413100
[rank 2] epoch=27 train_batch=8000/15625 loss=1.419981
[rank 2] epoch=27 train_batch=10000/15625 loss=1.443968
[rank 2] epoch=27 train_batch=12000/15625 loss=1.473531
[rank 2] epoch=27 train_batch=14000/15625 loss=1.498010
[rank 2] epoch=28 train_batch=2000/15625 loss=1.329582
[rank 2] epoch=28 train_batch=4000/15625 loss=1.410810
[rank 2] epoch=28 train_batch=6000/15625 loss=1.448418
[rank 2] epoch=28 train_batch=8000/15625 loss=1.386108
[rank 2] epoch=28 train_batch=10000/15625 loss=1.460174
[rank 2] epoch=28 train_batch=12000/15625 loss=1.445532
[rank 2] epoch=28 train_batch=14000/15625 loss=1.537708
[rank 2] epoch=29 train_batch=2000/15625 loss=1.390325
[rank 2] epoch=29 train_batch=4000/15625 loss=1.444811
[rank 2] epoch=29 train_batch=6000/15625 loss=1.495351
[rank 2] epoch=29 train_batch=8000/15625 loss=1.451316
[rank 2] epoch=29 train_batch=10000/15625 loss=1.766754
[rank 2] epoch=29 train_batch=12000/15625 loss=1.507643
[rank 2] epoch=29 train_batch=14000/15625 loss=1.475337
[rank 2] epoch=30 train_batch=2000/15625 loss=1.500136
[rank 2] epoch=30 train_batch=4000/15625 loss=1.599995
[rank 2] epoch=30 train_batch=6000/15625 loss=1.542174
[rank 2] epoch=30 train_batch=8000/15625 loss=1.564458
[rank 2] epoch=30 train_batch=10000/15625 loss=1.602022
[rank 2] epoch=30 train_batch=12000/15625 loss=1.443874
[rank 2] epoch=30 train_batch=14000/15625 loss=1.524760
[rank 2] epoch=31 train_batch=2000/15625 loss=1.467840
[rank 2] epoch=31 train_batch=4000/15625 loss=1.477363
[rank 2] epoch=31 train_batch=6000/15625 loss=1.492518
[rank 2] epoch=31 train_batch=8000/15625 loss=1.519715
[rank 2] epoch=31 train_batch=10000/15625 loss=1.509247
[rank 2] epoch=31 train_batch=12000/15625 loss=1.596667
[rank 2] epoch=31 train_batch=14000/15625 loss=1.543838
[rank 2] epoch=32 train_batch=2000/15625 loss=1.488750
[rank 2] epoch=32 train_batch=4000/15625 loss=1.857312
[rank 2] epoch=32 train_batch=6000/15625 loss=1.547897
[rank 2] epoch=32 train_batch=8000/15625 loss=1.502884
[rank 2] epoch=32 train_batch=10000/15625 loss=1.480935
[rank 2] epoch=32 train_batch=12000/15625 loss=1.450183
[rank 2] epoch=32 train_batch=14000/15625 loss=1.483112
[rank 2] epoch=33 train_batch=2000/15625 loss=1.566380
[rank 2] epoch=33 train_batch=4000/15625 loss=1.534686
[rank 2] epoch=33 train_batch=6000/15625 loss=1.534498
[rank 2] epoch=33 train_batch=8000/15625 loss=1.470776
[rank 2] epoch=33 train_batch=10000/15625 loss=1.535848
[rank 2] epoch=33 train_batch=12000/15625 loss=1.501398
[rank 2] epoch=33 train_batch=14000/15625 loss=1.590221
[rank 2] epoch=34 train_batch=2000/15625 loss=1.473276
[rank 2] epoch=34 train_batch=4000/15625 loss=1.418315
[rank 2] epoch=34 train_batch=6000/15625 loss=1.461518
[rank 2] epoch=34 train_batch=8000/15625 loss=1.524544
[rank 2] epoch=34 train_batch=10000/15625 loss=1.464657
[rank 2] epoch=34 train_batch=12000/15625 loss=1.461881
[rank 2] epoch=34 train_batch=14000/15625 loss=1.538192
[rank 2] epoch=35 train_batch=2000/15625 loss=1.484760
[rank 2] epoch=35 train_batch=4000/15625 loss=1.561587
[rank 2] epoch=35 train_batch=6000/15625 loss=1.497738
[rank 2] epoch=35 train_batch=8000/15625 loss=1.544667
[rank 2] epoch=35 train_batch=10000/15625 loss=1.511487
[rank 2] epoch=35 train_batch=12000/15625 loss=1.476088
[rank 2] epoch=35 train_batch=14000/15625 loss=1.495878
[rank 2] epoch=36 train_batch=2000/15625 loss=1.498910
[rank 2] epoch=36 train_batch=4000/15625 loss=1.495415
[rank 2] epoch=36 train_batch=6000/15625 loss=1.550038
[rank 2] epoch=36 train_batch=8000/15625 loss=1.817055
[rank 2] epoch=36 train_batch=10000/15625 loss=1.462452
[rank 2] epoch=36 train_batch=12000/15625 loss=1.450280
[rank 2] epoch=36 train_batch=14000/15625 loss=1.546061
[rank 2] epoch=37 train_batch=2000/15625 loss=1.497602
[rank 2] epoch=37 train_batch=4000/15625 loss=1.533898
[rank 2] epoch=37 train_batch=6000/15625 loss=1.496501
[rank 2] epoch=37 train_batch=8000/15625 loss=1.418109
[rank 2] epoch=37 train_batch=10000/15625 loss=1.485737
[rank 2] epoch=37 train_batch=12000/15625 loss=1.455069
[rank 2] epoch=37 train_batch=14000/15625 loss=1.438108
[rank 2] epoch=38 train_batch=2000/15625 loss=1.465473
[rank 2] epoch=38 train_batch=4000/15625 loss=1.610812
[rank 2] epoch=38 train_batch=6000/15625 loss=1.469038
[rank 2] epoch=38 train_batch=8000/15625 loss=1.469805
[rank 2] epoch=38 train_batch=10000/15625 loss=1.533679
[rank 2] epoch=38 train_batch=12000/15625 loss=1.489894
[rank 2] epoch=38 train_batch=14000/15625 loss=1.489145
[rank 2] epoch=39 train_batch=2000/15625 loss=1.486876
[rank 2] epoch=39 train_batch=4000/15625 loss=1.485547
[rank 2] epoch=39 train_batch=6000/15625 loss=1.531070
[rank 2] epoch=39 train_batch=8000/15625 loss=1.444478
[rank 2] epoch=39 train_batch=10000/15625 loss=1.424930
[rank 2] epoch=39 train_batch=12000/15625 loss=1.451014
[rank 2] epoch=39 train_batch=14000/15625 loss=1.444042
[rank 2] epoch=40 train_batch=2000/15625 loss=1.419627
[rank 2] epoch=40 train_batch=4000/15625 loss=1.551844
[rank 2] epoch=40 train_batch=6000/15625 loss=1.475454
[rank 2] epoch=40 train_batch=8000/15625 loss=1.491325
[rank 2] epoch=40 train_batch=10000/15625 loss=1.469016
[rank 2] epoch=40 train_batch=12000/15625 loss=1.440996
[rank 2] epoch=40 train_batch=14000/15625 loss=1.427117
[rank 2] epoch=41 train_batch=2000/15625 loss=1.505527
[rank 2] epoch=41 train_batch=4000/15625 loss=1.457906
[rank 2] epoch=41 train_batch=6000/15625 loss=1.477906
[rank 2] epoch=41 train_batch=8000/15625 loss=1.531589
[rank 2] epoch=41 train_batch=10000/15625 loss=1.444160
[rank 2] epoch=41 train_batch=12000/15625 loss=1.459325
[rank 2] epoch=41 train_batch=14000/15625 loss=1.455730
[rank 2] epoch=42 train_batch=2000/15625 loss=1.397695
[rank 2] epoch=42 train_batch=4000/15625 loss=1.463629
[rank 2] epoch=42 train_batch=6000/15625 loss=1.438976
[rank 2] epoch=42 train_batch=8000/15625 loss=1.460495
[rank 2] epoch=42 train_batch=10000/15625 loss=1.443908
[rank 2] epoch=42 train_batch=12000/15625 loss=1.493022
[rank 2] epoch=42 train_batch=14000/15625 loss=1.381679
[rank 2] epoch=43 train_batch=2000/15625 loss=1.444713
[rank 2] epoch=43 train_batch=4000/15625 loss=1.435447
[rank 2] epoch=43 train_batch=6000/15625 loss=1.556154
[rank 2] epoch=43 train_batch=8000/15625 loss=1.428868
[rank 2] epoch=43 train_batch=10000/15625 loss=1.450799
[rank 2] epoch=43 train_batch=12000/15625 loss=1.523941
[rank 2] epoch=43 train_batch=14000/15625 loss=1.398134
[rank 2] epoch=44 train_batch=2000/15625 loss=1.443155
[rank 2] epoch=44 train_batch=4000/15625 loss=1.371716
[rank 2] epoch=44 train_batch=6000/15625 loss=1.501530
[rank 2] epoch=44 train_batch=8000/15625 loss=1.523116
[rank 2] epoch=44 train_batch=10000/15625 loss=1.452463
[rank 2] epoch=44 train_batch=12000/15625 loss=1.492472
[rank 2] epoch=44 train_batch=14000/15625 loss=1.386494
[rank 2] epoch=45 train_batch=2000/15625 loss=1.358303
[rank 2] epoch=45 train_batch=4000/15625 loss=1.447793
[rank 2] epoch=45 train_batch=6000/15625 loss=1.439692
[rank 2] epoch=45 train_batch=8000/15625 loss=1.456767
[rank 2] epoch=45 train_batch=10000/15625 loss=1.457396
[rank 2] epoch=45 train_batch=12000/15625 loss=1.413139
[rank 2] epoch=45 train_batch=14000/15625 loss=1.424764
[rank 2] epoch=46 train_batch=2000/15625 loss=1.412456
[rank 2] epoch=46 train_batch=4000/15625 loss=1.443092
