cuda:3
thetaphi at main: True
Loading dataset...
Using ILCStreamingDataset (shuffle_buffer=256, files_per_chunk=32, seed=1001)
ILCStreamingDataset: path=/data/suehara/mldata/pfa/murata/data/tc/tc_nnqq_2M, files=20000, events~=2000000, shuffle_buffer=256, files_per_chunk=32
Using ILCStreamingDataset (shuffle_buffer=256, files_per_chunk=32, seed=1001)
ILCStreamingDataset: path=/data/suehara/mldata/pfa/murata/data/tc/tc_nnqq_new/train, files=716, events~=94400, shuffle_buffer=256, files_per_chunk=32
Training dataset size:  2000000
Validating dataset size:  94400
Batch size:  128
Loading GravNetModelMultiHead (heads=3, reg_heads=2, interaction=none)
restart period :  30
[rank 3] epoch=0 train_batch=2000/15625 loss=1.054514
[rank 3] epoch=0 train_batch=4000/15625 loss=1.050626
[rank 3] epoch=0 train_batch=6000/15625 loss=1.045998
[rank 3] epoch=0 train_batch=8000/15625 loss=1.029693
[rank 3] epoch=0 train_batch=10000/15625 loss=1.029512
[rank 3] epoch=0 train_batch=12000/15625 loss=1.026693
[rank 3] epoch=0 train_batch=14000/15625 loss=1.026705
[rank 3] epoch=1 train_batch=2000/15625 loss=1.023622
[rank 3] epoch=1 train_batch=4000/15625 loss=1.021734
[rank 3] epoch=1 train_batch=6000/15625 loss=1.020713
[rank 3] epoch=1 train_batch=8000/15625 loss=1.019500
[rank 3] epoch=1 train_batch=10000/15625 loss=1.015482
[rank 3] epoch=1 train_batch=12000/15625 loss=1.014423
[rank 3] epoch=1 train_batch=14000/15625 loss=1.014930
[rank 3] epoch=2 train_batch=2000/15625 loss=1.577102
[rank 3] epoch=2 train_batch=4000/15625 loss=1.498818
[rank 3] epoch=2 train_batch=6000/15625 loss=1.490685
[rank 3] epoch=2 train_batch=8000/15625 loss=1.452864
[rank 3] epoch=2 train_batch=10000/15625 loss=1.347396
[rank 3] epoch=2 train_batch=12000/15625 loss=1.309734
[rank 3] epoch=2 train_batch=14000/15625 loss=1.299586
[rank 3] epoch=3 train_batch=2000/15625 loss=1.270648
[rank 3] epoch=3 train_batch=4000/15625 loss=1.266465
[rank 3] epoch=3 train_batch=6000/15625 loss=1.300819
[rank 3] epoch=3 train_batch=8000/15625 loss=1.260937
[rank 3] epoch=3 train_batch=10000/15625 loss=1.248171
[rank 3] epoch=3 train_batch=12000/15625 loss=1.256150
[rank 3] epoch=3 train_batch=14000/15625 loss=1.271958
[rank 3] epoch=4 train_batch=2000/15625 loss=1.781968
[rank 3] epoch=4 train_batch=4000/15625 loss=1.898117
[rank 3] epoch=4 train_batch=6000/15625 loss=1.793841
[rank 3] epoch=4 train_batch=8000/15625 loss=1.767444
[rank 3] epoch=4 train_batch=10000/15625 loss=2.380161
[rank 3] epoch=4 train_batch=12000/15625 loss=1.700776
[rank 3] epoch=4 train_batch=14000/15625 loss=1.755505
[rank 3] epoch=5 train_batch=2000/15625 loss=1.704021
[rank 3] epoch=5 train_batch=4000/15625 loss=1.701579
[rank 3] epoch=5 train_batch=6000/15625 loss=1.671798
[rank 3] epoch=5 train_batch=8000/15625 loss=1.645386
[rank 3] epoch=5 train_batch=10000/15625 loss=1.738163
[rank 3] epoch=5 train_batch=12000/15625 loss=1.814869
[rank 3] epoch=5 train_batch=14000/15625 loss=1.601594
[rank 3] epoch=6 train_batch=2000/15625 loss=1.699751
[rank 3] epoch=6 train_batch=4000/15625 loss=1.661172
[rank 3] epoch=6 train_batch=6000/15625 loss=1.569862
[rank 3] epoch=6 train_batch=8000/15625 loss=1.640971
[rank 3] epoch=6 train_batch=10000/15625 loss=1.605330
[rank 3] epoch=6 train_batch=12000/15625 loss=1.671420
[rank 3] epoch=6 train_batch=14000/15625 loss=1.687146
[rank 3] epoch=7 train_batch=2000/15625 loss=1.582684
[rank 3] epoch=7 train_batch=4000/15625 loss=1.641470
[rank 3] epoch=7 train_batch=6000/15625 loss=1.661728
[rank 3] epoch=7 train_batch=8000/15625 loss=1.650604
[rank 3] epoch=7 train_batch=10000/15625 loss=1.613268
[rank 3] epoch=7 train_batch=12000/15625 loss=1.550240
[rank 3] epoch=7 train_batch=14000/15625 loss=1.657461
[rank 3] epoch=8 train_batch=2000/15625 loss=1.600888
[rank 3] epoch=8 train_batch=4000/15625 loss=1.572247
[rank 3] epoch=8 train_batch=6000/15625 loss=1.635228
[rank 3] epoch=8 train_batch=8000/15625 loss=1.524359
[rank 3] epoch=8 train_batch=10000/15625 loss=1.607307
[rank 3] epoch=8 train_batch=12000/15625 loss=1.593543
[rank 3] epoch=8 train_batch=14000/15625 loss=1.598708
[rank 3] epoch=9 train_batch=2000/15625 loss=1.544001
[rank 3] epoch=9 train_batch=4000/15625 loss=1.675704
[rank 3] epoch=9 train_batch=6000/15625 loss=1.590854
[rank 3] epoch=9 train_batch=8000/15625 loss=1.615948
[rank 3] epoch=9 train_batch=10000/15625 loss=1.558907
[rank 3] epoch=9 train_batch=12000/15625 loss=1.542663
[rank 3] epoch=9 train_batch=14000/15625 loss=1.614344
[rank 3] epoch=10 train_batch=2000/15625 loss=1.555258
[rank 3] epoch=10 train_batch=4000/15625 loss=1.585256
[rank 3] epoch=10 train_batch=6000/15625 loss=1.623066
[rank 3] epoch=10 train_batch=8000/15625 loss=1.558847
[rank 3] epoch=10 train_batch=10000/15625 loss=1.591680
[rank 3] epoch=10 train_batch=12000/15625 loss=1.542645
[rank 3] epoch=10 train_batch=14000/15625 loss=1.600705
[rank 3] epoch=11 train_batch=2000/15625 loss=1.525187
[rank 3] epoch=11 train_batch=4000/15625 loss=1.546104
[rank 3] epoch=11 train_batch=6000/15625 loss=1.569662
[rank 3] epoch=11 train_batch=8000/15625 loss=1.541433
[rank 3] epoch=11 train_batch=10000/15625 loss=1.559289
[rank 3] epoch=11 train_batch=12000/15625 loss=1.422699
[rank 3] epoch=11 train_batch=14000/15625 loss=1.487152
[rank 3] epoch=12 train_batch=2000/15625 loss=1.563246
[rank 3] epoch=12 train_batch=4000/15625 loss=1.642297
[rank 3] epoch=12 train_batch=6000/15625 loss=1.512748
[rank 3] epoch=12 train_batch=8000/15625 loss=1.503476
[rank 3] epoch=12 train_batch=10000/15625 loss=1.520442
[rank 3] epoch=12 train_batch=12000/15625 loss=1.588588
[rank 3] epoch=12 train_batch=14000/15625 loss=1.542767
[rank 3] epoch=13 train_batch=2000/15625 loss=1.462097
[rank 3] epoch=13 train_batch=4000/15625 loss=1.503193
[rank 3] epoch=13 train_batch=6000/15625 loss=1.498757
[rank 3] epoch=13 train_batch=8000/15625 loss=1.530180
[rank 3] epoch=13 train_batch=10000/15625 loss=1.496243
[rank 3] epoch=13 train_batch=12000/15625 loss=1.603468
[rank 3] epoch=13 train_batch=14000/15625 loss=1.567853
[rank 3] epoch=14 train_batch=2000/15625 loss=1.457950
[rank 3] epoch=14 train_batch=4000/15625 loss=1.502232
[rank 3] epoch=14 train_batch=6000/15625 loss=1.489414
[rank 3] epoch=14 train_batch=8000/15625 loss=1.591756
[rank 3] epoch=14 train_batch=10000/15625 loss=1.569210
[rank 3] epoch=14 train_batch=12000/15625 loss=1.563022
[rank 3] epoch=14 train_batch=14000/15625 loss=1.566636
[rank 3] epoch=15 train_batch=2000/15625 loss=1.486638
[rank 3] epoch=15 train_batch=4000/15625 loss=1.527053
[rank 3] epoch=15 train_batch=6000/15625 loss=1.534636
[rank 3] epoch=15 train_batch=8000/15625 loss=1.491991
[rank 3] epoch=15 train_batch=10000/15625 loss=1.599957
[rank 3] epoch=15 train_batch=12000/15625 loss=1.506384
[rank 3] epoch=15 train_batch=14000/15625 loss=1.531462
[rank 3] epoch=16 train_batch=2000/15625 loss=1.529194
[rank 3] epoch=16 train_batch=4000/15625 loss=1.462785
[rank 3] epoch=16 train_batch=6000/15625 loss=1.600911
[rank 3] epoch=16 train_batch=8000/15625 loss=1.513989
[rank 3] epoch=16 train_batch=10000/15625 loss=1.509315
[rank 3] epoch=16 train_batch=12000/15625 loss=1.487450
[rank 3] epoch=16 train_batch=14000/15625 loss=1.530954
[rank 3] epoch=17 train_batch=2000/15625 loss=1.528053
[rank 3] epoch=17 train_batch=4000/15625 loss=1.557698
[rank 3] epoch=17 train_batch=6000/15625 loss=1.550905
[rank 3] epoch=17 train_batch=8000/15625 loss=1.511471
[rank 3] epoch=17 train_batch=10000/15625 loss=1.535171
[rank 3] epoch=17 train_batch=12000/15625 loss=1.461375
[rank 3] epoch=17 train_batch=14000/15625 loss=1.412960
[rank 3] epoch=18 train_batch=2000/15625 loss=1.581075
[rank 3] epoch=18 train_batch=4000/15625 loss=1.507429
[rank 3] epoch=18 train_batch=6000/15625 loss=1.442311
[rank 3] epoch=18 train_batch=8000/15625 loss=1.498263
[rank 3] epoch=18 train_batch=10000/15625 loss=1.509417
[rank 3] epoch=18 train_batch=12000/15625 loss=1.485620
[rank 3] epoch=18 train_batch=14000/15625 loss=1.454867
[rank 3] epoch=19 train_batch=2000/15625 loss=1.519713
[rank 3] epoch=19 train_batch=4000/15625 loss=1.401938
[rank 3] epoch=19 train_batch=6000/15625 loss=1.562533
[rank 3] epoch=19 train_batch=8000/15625 loss=1.537166
[rank 3] epoch=19 train_batch=10000/15625 loss=1.457534
[rank 3] epoch=19 train_batch=12000/15625 loss=1.462032
[rank 3] epoch=19 train_batch=14000/15625 loss=1.492557
[rank 3] epoch=20 train_batch=2000/15625 loss=1.532398
[rank 3] epoch=20 train_batch=4000/15625 loss=1.480076
[rank 3] epoch=20 train_batch=6000/15625 loss=1.519393
[rank 3] epoch=20 train_batch=8000/15625 loss=1.520332
[rank 3] epoch=20 train_batch=10000/15625 loss=1.442259
[rank 3] epoch=20 train_batch=12000/15625 loss=1.495519
[rank 3] epoch=20 train_batch=14000/15625 loss=1.551147
[rank 3] epoch=21 train_batch=2000/15625 loss=2.144064
[rank 3] epoch=21 train_batch=4000/15625 loss=1.443022
[rank 3] epoch=21 train_batch=6000/15625 loss=1.532179
[rank 3] epoch=21 train_batch=8000/15625 loss=1.520282
[rank 3] epoch=21 train_batch=10000/15625 loss=1.483959
[rank 3] epoch=21 train_batch=12000/15625 loss=1.399130
[rank 3] epoch=21 train_batch=14000/15625 loss=1.517119
[rank 3] epoch=22 train_batch=2000/15625 loss=1.431919
[rank 3] epoch=22 train_batch=4000/15625 loss=1.462349
[rank 3] epoch=22 train_batch=6000/15625 loss=1.484078
[rank 3] epoch=22 train_batch=8000/15625 loss=1.479160
[rank 3] epoch=22 train_batch=10000/15625 loss=1.380289
[rank 3] epoch=22 train_batch=12000/15625 loss=1.449836
[rank 3] epoch=22 train_batch=14000/15625 loss=1.447276
[rank 3] epoch=23 train_batch=2000/15625 loss=1.438862
[rank 3] epoch=23 train_batch=4000/15625 loss=1.513844
[rank 3] epoch=23 train_batch=6000/15625 loss=1.506579
[rank 3] epoch=23 train_batch=8000/15625 loss=1.422760
[rank 3] epoch=23 train_batch=10000/15625 loss=1.456237
[rank 3] epoch=23 train_batch=12000/15625 loss=1.499359
[rank 3] epoch=23 train_batch=14000/15625 loss=1.477902
[rank 3] epoch=24 train_batch=2000/15625 loss=1.445072
[rank 3] epoch=24 train_batch=4000/15625 loss=1.431795
[rank 3] epoch=24 train_batch=6000/15625 loss=1.489112
[rank 3] epoch=24 train_batch=8000/15625 loss=1.435431
[rank 3] epoch=24 train_batch=10000/15625 loss=1.336517
[rank 3] epoch=24 train_batch=12000/15625 loss=1.420829
[rank 3] epoch=24 train_batch=14000/15625 loss=1.462055
[rank 3] epoch=25 train_batch=2000/15625 loss=1.414325
[rank 3] epoch=25 train_batch=4000/15625 loss=1.519767
[rank 3] epoch=25 train_batch=6000/15625 loss=1.411407
[rank 3] epoch=25 train_batch=8000/15625 loss=1.494304
[rank 3] epoch=25 train_batch=10000/15625 loss=1.489625
[rank 3] epoch=25 train_batch=12000/15625 loss=1.502716
[rank 3] epoch=25 train_batch=14000/15625 loss=1.417306
[rank 3] epoch=26 train_batch=2000/15625 loss=1.483044
[rank 3] epoch=26 train_batch=4000/15625 loss=1.467417
[rank 3] epoch=26 train_batch=6000/15625 loss=1.472799
[rank 3] epoch=26 train_batch=8000/15625 loss=1.399940
[rank 3] epoch=26 train_batch=10000/15625 loss=1.416888
[rank 3] epoch=26 train_batch=12000/15625 loss=1.374871
[rank 3] epoch=26 train_batch=14000/15625 loss=1.414034
[rank 3] epoch=27 train_batch=2000/15625 loss=1.460665
[rank 3] epoch=27 train_batch=4000/15625 loss=1.396668
[rank 3] epoch=27 train_batch=6000/15625 loss=1.406415
[rank 3] epoch=27 train_batch=8000/15625 loss=1.400558
[rank 3] epoch=27 train_batch=10000/15625 loss=1.476048
[rank 3] epoch=27 train_batch=12000/15625 loss=1.452542
[rank 3] epoch=27 train_batch=14000/15625 loss=1.442955
[rank 3] epoch=28 train_batch=2000/15625 loss=1.438964
[rank 3] epoch=28 train_batch=4000/15625 loss=1.471149
[rank 3] epoch=28 train_batch=6000/15625 loss=1.424910
[rank 3] epoch=28 train_batch=8000/15625 loss=1.474200
[rank 3] epoch=28 train_batch=10000/15625 loss=1.493383
[rank 3] epoch=28 train_batch=12000/15625 loss=1.487662
[rank 3] epoch=28 train_batch=14000/15625 loss=1.467285
[rank 3] epoch=29 train_batch=2000/15625 loss=1.529100
[rank 3] epoch=29 train_batch=4000/15625 loss=1.407439
[rank 3] epoch=29 train_batch=6000/15625 loss=1.475775
[rank 3] epoch=29 train_batch=8000/15625 loss=1.397511
[rank 3] epoch=29 train_batch=10000/15625 loss=1.389285
[rank 3] epoch=29 train_batch=12000/15625 loss=1.461009
[rank 3] epoch=29 train_batch=14000/15625 loss=1.431323
[rank 3] epoch=30 train_batch=2000/15625 loss=1.490995
[rank 3] epoch=30 train_batch=4000/15625 loss=1.644063
[rank 3] epoch=30 train_batch=6000/15625 loss=1.526346
[rank 3] epoch=30 train_batch=8000/15625 loss=1.499251
[rank 3] epoch=30 train_batch=10000/15625 loss=1.462604
[rank 3] epoch=30 train_batch=12000/15625 loss=1.528372
[rank 3] epoch=30 train_batch=14000/15625 loss=1.550700
[rank 3] epoch=31 train_batch=2000/15625 loss=1.467415
[rank 3] epoch=31 train_batch=4000/15625 loss=1.558566
[rank 3] epoch=31 train_batch=6000/15625 loss=1.547185
[rank 3] epoch=31 train_batch=8000/15625 loss=1.576571
[rank 3] epoch=31 train_batch=10000/15625 loss=1.528192
[rank 3] epoch=31 train_batch=12000/15625 loss=1.560385
[rank 3] epoch=31 train_batch=14000/15625 loss=1.571015
[rank 3] epoch=32 train_batch=2000/15625 loss=1.495182
[rank 3] epoch=32 train_batch=4000/15625 loss=1.571093
[rank 3] epoch=32 train_batch=6000/15625 loss=1.543495
[rank 3] epoch=32 train_batch=8000/15625 loss=1.492908
[rank 3] epoch=32 train_batch=10000/15625 loss=1.507899
[rank 3] epoch=32 train_batch=12000/15625 loss=1.566290
[rank 3] epoch=32 train_batch=14000/15625 loss=1.577074
[rank 3] epoch=33 train_batch=2000/15625 loss=1.513233
[rank 3] epoch=33 train_batch=4000/15625 loss=1.546447
[rank 3] epoch=33 train_batch=6000/15625 loss=1.493826
[rank 3] epoch=33 train_batch=8000/15625 loss=1.539228
[rank 3] epoch=33 train_batch=10000/15625 loss=1.510290
[rank 3] epoch=33 train_batch=12000/15625 loss=1.474626
[rank 3] epoch=33 train_batch=14000/15625 loss=1.521357
[rank 3] epoch=34 train_batch=2000/15625 loss=1.471636
[rank 3] epoch=34 train_batch=4000/15625 loss=1.461455
[rank 3] epoch=34 train_batch=6000/15625 loss=1.522173
[rank 3] epoch=34 train_batch=8000/15625 loss=1.498549
[rank 3] epoch=34 train_batch=10000/15625 loss=1.444764
[rank 3] epoch=34 train_batch=12000/15625 loss=1.449344
[rank 3] epoch=34 train_batch=14000/15625 loss=1.484091
[rank 3] epoch=35 train_batch=2000/15625 loss=1.463710
[rank 3] epoch=35 train_batch=4000/15625 loss=1.527449
[rank 3] epoch=35 train_batch=6000/15625 loss=1.535737
[rank 3] epoch=35 train_batch=8000/15625 loss=1.488711
[rank 3] epoch=35 train_batch=10000/15625 loss=1.482628
[rank 3] epoch=35 train_batch=12000/15625 loss=1.550760
[rank 3] epoch=35 train_batch=14000/15625 loss=1.484611
[rank 3] epoch=36 train_batch=2000/15625 loss=1.513378
[rank 3] epoch=36 train_batch=4000/15625 loss=1.579647
[rank 3] epoch=36 train_batch=6000/15625 loss=1.495552
[rank 3] epoch=36 train_batch=8000/15625 loss=1.453384
[rank 3] epoch=36 train_batch=10000/15625 loss=1.454681
[rank 3] epoch=36 train_batch=12000/15625 loss=1.492334
[rank 3] epoch=36 train_batch=14000/15625 loss=1.486157
[rank 3] epoch=37 train_batch=2000/15625 loss=1.504999
[rank 3] epoch=37 train_batch=4000/15625 loss=1.570314
[rank 3] epoch=37 train_batch=6000/15625 loss=1.492726
[rank 3] epoch=37 train_batch=8000/15625 loss=1.515419
[rank 3] epoch=37 train_batch=10000/15625 loss=1.459762
[rank 3] epoch=37 train_batch=12000/15625 loss=1.583267
[rank 3] epoch=37 train_batch=14000/15625 loss=1.451668
[rank 3] epoch=38 train_batch=2000/15625 loss=1.484197
[rank 3] epoch=38 train_batch=4000/15625 loss=1.494444
[rank 3] epoch=38 train_batch=6000/15625 loss=1.465257
[rank 3] epoch=38 train_batch=8000/15625 loss=1.493273
[rank 3] epoch=38 train_batch=10000/15625 loss=1.523336
[rank 3] epoch=38 train_batch=12000/15625 loss=1.431959
[rank 3] epoch=38 train_batch=14000/15625 loss=1.430657
[rank 3] epoch=39 train_batch=2000/15625 loss=1.441964
[rank 3] epoch=39 train_batch=4000/15625 loss=1.496637
[rank 3] epoch=39 train_batch=6000/15625 loss=1.495339
[rank 3] epoch=39 train_batch=8000/15625 loss=1.425775
[rank 3] epoch=39 train_batch=10000/15625 loss=1.508191
[rank 3] epoch=39 train_batch=12000/15625 loss=1.462757
[rank 3] epoch=39 train_batch=14000/15625 loss=1.550350
[rank 3] epoch=40 train_batch=2000/15625 loss=1.466434
[rank 3] epoch=40 train_batch=4000/15625 loss=1.409260
[rank 3] epoch=40 train_batch=6000/15625 loss=1.405342
[rank 3] epoch=40 train_batch=8000/15625 loss=1.526769
[rank 3] epoch=40 train_batch=10000/15625 loss=1.433941
[rank 3] epoch=40 train_batch=12000/15625 loss=1.464352
[rank 3] epoch=40 train_batch=14000/15625 loss=1.546585
[rank 3] epoch=41 train_batch=2000/15625 loss=1.459001
[rank 3] epoch=41 train_batch=4000/15625 loss=1.496301
[rank 3] epoch=41 train_batch=6000/15625 loss=1.448911
[rank 3] epoch=41 train_batch=8000/15625 loss=1.445988
[rank 3] epoch=41 train_batch=10000/15625 loss=1.492796
[rank 3] epoch=41 train_batch=12000/15625 loss=1.367700
[rank 3] epoch=41 train_batch=14000/15625 loss=1.507413
[rank 3] epoch=42 train_batch=2000/15625 loss=1.520715
[rank 3] epoch=42 train_batch=4000/15625 loss=1.427113
[rank 3] epoch=42 train_batch=6000/15625 loss=1.438155
[rank 3] epoch=42 train_batch=8000/15625 loss=1.410439
[rank 3] epoch=42 train_batch=10000/15625 loss=1.518430
[rank 3] epoch=42 train_batch=12000/15625 loss=1.455503
[rank 3] epoch=42 train_batch=14000/15625 loss=1.515354
[rank 3] epoch=43 train_batch=2000/15625 loss=1.478898
[rank 3] epoch=43 train_batch=4000/15625 loss=1.374277
[rank 3] epoch=43 train_batch=6000/15625 loss=1.515834
[rank 3] epoch=43 train_batch=8000/15625 loss=1.473792
[rank 3] epoch=43 train_batch=10000/15625 loss=1.580941
[rank 3] epoch=43 train_batch=12000/15625 loss=1.498509
[rank 3] epoch=43 train_batch=14000/15625 loss=1.449859
[rank 3] epoch=44 train_batch=2000/15625 loss=1.414930
[rank 3] epoch=44 train_batch=4000/15625 loss=1.438277
[rank 3] epoch=44 train_batch=6000/15625 loss=1.432040
[rank 3] epoch=44 train_batch=8000/15625 loss=1.462093
[rank 3] epoch=44 train_batch=10000/15625 loss=1.538645
[rank 3] epoch=44 train_batch=12000/15625 loss=1.444145
[rank 3] epoch=44 train_batch=14000/15625 loss=1.426095
[rank 3] epoch=45 train_batch=2000/15625 loss=1.438331
[rank 3] epoch=45 train_batch=4000/15625 loss=1.490960
[rank 3] epoch=45 train_batch=6000/15625 loss=1.451821
[rank 3] epoch=45 train_batch=8000/15625 loss=1.515427
[rank 3] epoch=45 train_batch=10000/15625 loss=1.442643
[rank 3] epoch=45 train_batch=12000/15625 loss=1.469554
[rank 3] epoch=45 train_batch=14000/15625 loss=1.384435
[rank 3] epoch=46 train_batch=2000/15625 loss=1.448675
[rank 3] epoch=46 train_batch=4000/15625 loss=1.369599
