cuda:1
thetaphi at main: True
Loading dataset...
Using ILCStreamingDataset (shuffle_buffer=256, files_per_chunk=32, seed=1001)
ILCStreamingDataset: path=/data/suehara/mldata/pfa/murata/data/tc/tc_nnqq_2M, files=20000, events~=2000000, shuffle_buffer=256, files_per_chunk=32
Using ILCStreamingDataset (shuffle_buffer=256, files_per_chunk=32, seed=1001)
ILCStreamingDataset: path=/data/suehara/mldata/pfa/murata/data/tc/tc_nnqq_new/train, files=716, events~=94400, shuffle_buffer=256, files_per_chunk=32
Training dataset size:  2000000
Validating dataset size:  94400
Batch size:  128
Loading GravNetModelMultiHead (heads=3, reg_heads=2, interaction=none)
restart period :  30
[rank 1] epoch=0 train_batch=2000/15625 loss=1.054069
[rank 1] epoch=0 train_batch=4000/15625 loss=1.046252
[rank 1] epoch=0 train_batch=6000/15625 loss=1.041958
[rank 1] epoch=0 train_batch=8000/15625 loss=1.032565
[rank 1] epoch=0 train_batch=10000/15625 loss=1.027670
[rank 1] epoch=0 train_batch=12000/15625 loss=1.026179
[rank 1] epoch=0 train_batch=14000/15625 loss=1.026292
[rank 1] epoch=1 train_batch=2000/15625 loss=1.022800
[rank 1] epoch=1 train_batch=4000/15625 loss=1.021153
[rank 1] epoch=1 train_batch=6000/15625 loss=1.018104
[rank 1] epoch=1 train_batch=8000/15625 loss=1.016166
[rank 1] epoch=1 train_batch=10000/15625 loss=1.016731
[rank 1] epoch=1 train_batch=12000/15625 loss=1.017460
[rank 1] epoch=1 train_batch=14000/15625 loss=1.014996
[rank 1] epoch=2 train_batch=2000/15625 loss=1.580194
[rank 1] epoch=2 train_batch=4000/15625 loss=1.472872
[rank 1] epoch=2 train_batch=6000/15625 loss=1.529576
[rank 1] epoch=2 train_batch=8000/15625 loss=1.402611
[rank 1] epoch=2 train_batch=10000/15625 loss=1.312553
[rank 1] epoch=2 train_batch=12000/15625 loss=1.279792
[rank 1] epoch=2 train_batch=14000/15625 loss=1.347278
[rank 1] epoch=3 train_batch=2000/15625 loss=1.300515
[rank 1] epoch=3 train_batch=4000/15625 loss=1.277706
[rank 1] epoch=3 train_batch=6000/15625 loss=1.290355
[rank 1] epoch=3 train_batch=8000/15625 loss=1.299505
[rank 1] epoch=3 train_batch=10000/15625 loss=1.255321
[rank 1] epoch=3 train_batch=12000/15625 loss=1.252519
[rank 1] epoch=3 train_batch=14000/15625 loss=1.331301
[rank 1] epoch=4 train_batch=2000/15625 loss=1.765897
[rank 1] epoch=4 train_batch=4000/15625 loss=1.825377
[rank 1] epoch=4 train_batch=6000/15625 loss=1.786909
[rank 1] epoch=4 train_batch=8000/15625 loss=1.700109
[rank 1] epoch=4 train_batch=10000/15625 loss=1.759483
[rank 1] epoch=4 train_batch=12000/15625 loss=1.719195
[rank 1] epoch=4 train_batch=14000/15625 loss=1.677900
[rank 1] epoch=5 train_batch=2000/15625 loss=1.699776
[rank 1] epoch=5 train_batch=4000/15625 loss=1.656611
[rank 1] epoch=5 train_batch=6000/15625 loss=1.719910
[rank 1] epoch=5 train_batch=8000/15625 loss=1.620446
[rank 1] epoch=5 train_batch=10000/15625 loss=1.692555
[rank 1] epoch=5 train_batch=12000/15625 loss=1.652365
[rank 1] epoch=5 train_batch=14000/15625 loss=1.652665
[rank 1] epoch=6 train_batch=2000/15625 loss=1.626451
[rank 1] epoch=6 train_batch=4000/15625 loss=1.667374
[rank 1] epoch=6 train_batch=6000/15625 loss=1.565279
[rank 1] epoch=6 train_batch=8000/15625 loss=1.643828
[rank 1] epoch=6 train_batch=10000/15625 loss=1.723579
[rank 1] epoch=6 train_batch=12000/15625 loss=1.631426
[rank 1] epoch=6 train_batch=14000/15625 loss=1.555512
[rank 1] epoch=7 train_batch=2000/15625 loss=1.627874
[rank 1] epoch=7 train_batch=4000/15625 loss=1.659593
[rank 1] epoch=7 train_batch=6000/15625 loss=1.610859
[rank 1] epoch=7 train_batch=8000/15625 loss=1.549027
[rank 1] epoch=7 train_batch=10000/15625 loss=1.635184
[rank 1] epoch=7 train_batch=12000/15625 loss=1.698464
[rank 1] epoch=7 train_batch=14000/15625 loss=1.634558
[rank 1] epoch=8 train_batch=2000/15625 loss=1.570309
[rank 1] epoch=8 train_batch=4000/15625 loss=1.560458
[rank 1] epoch=8 train_batch=6000/15625 loss=1.613291
[rank 1] epoch=8 train_batch=8000/15625 loss=1.531224
[rank 1] epoch=8 train_batch=10000/15625 loss=1.597322
[rank 1] epoch=8 train_batch=12000/15625 loss=1.622047
[rank 1] epoch=8 train_batch=14000/15625 loss=1.663889
[rank 1] epoch=9 train_batch=2000/15625 loss=1.499615
[rank 1] epoch=9 train_batch=4000/15625 loss=1.565631
[rank 1] epoch=9 train_batch=6000/15625 loss=1.564707
[rank 1] epoch=9 train_batch=8000/15625 loss=1.525399
[rank 1] epoch=9 train_batch=10000/15625 loss=1.583684
[rank 1] epoch=9 train_batch=12000/15625 loss=1.556009
[rank 1] epoch=9 train_batch=14000/15625 loss=1.533295
[rank 1] epoch=10 train_batch=2000/15625 loss=1.579370
[rank 1] epoch=10 train_batch=4000/15625 loss=1.545881
[rank 1] epoch=10 train_batch=6000/15625 loss=1.616298
[rank 1] epoch=10 train_batch=8000/15625 loss=1.668264
[rank 1] epoch=10 train_batch=10000/15625 loss=1.575864
[rank 1] epoch=10 train_batch=12000/15625 loss=1.577609
[rank 1] epoch=10 train_batch=14000/15625 loss=1.506908
[rank 1] epoch=11 train_batch=2000/15625 loss=1.534615
[rank 1] epoch=11 train_batch=4000/15625 loss=1.542803
[rank 1] epoch=11 train_batch=6000/15625 loss=1.550556
[rank 1] epoch=11 train_batch=8000/15625 loss=1.550703
[rank 1] epoch=11 train_batch=10000/15625 loss=1.495602
[rank 1] epoch=11 train_batch=12000/15625 loss=1.534021
[rank 1] epoch=11 train_batch=14000/15625 loss=1.532502
[rank 1] epoch=12 train_batch=2000/15625 loss=1.546464
[rank 1] epoch=12 train_batch=4000/15625 loss=1.530531
[rank 1] epoch=12 train_batch=6000/15625 loss=1.450455
[rank 1] epoch=12 train_batch=8000/15625 loss=1.535362
[rank 1] epoch=12 train_batch=10000/15625 loss=1.519972
[rank 1] epoch=12 train_batch=12000/15625 loss=1.463452
[rank 1] epoch=12 train_batch=14000/15625 loss=1.494524
[rank 1] epoch=13 train_batch=2000/15625 loss=1.551300
[rank 1] epoch=13 train_batch=4000/15625 loss=1.575104
[rank 1] epoch=13 train_batch=6000/15625 loss=1.571193
[rank 1] epoch=13 train_batch=8000/15625 loss=1.480506
[rank 1] epoch=13 train_batch=10000/15625 loss=1.549888
[rank 1] epoch=13 train_batch=12000/15625 loss=1.551242
[rank 1] epoch=13 train_batch=14000/15625 loss=1.500850
[rank 1] epoch=14 train_batch=2000/15625 loss=1.543774
[rank 1] epoch=14 train_batch=4000/15625 loss=1.508162
[rank 1] epoch=14 train_batch=6000/15625 loss=1.518866
[rank 1] epoch=14 train_batch=8000/15625 loss=1.491001
[rank 1] epoch=14 train_batch=10000/15625 loss=1.590396
[rank 1] epoch=14 train_batch=12000/15625 loss=1.537668
[rank 1] epoch=14 train_batch=14000/15625 loss=1.531031
[rank 1] epoch=15 train_batch=2000/15625 loss=1.443987
[rank 1] epoch=15 train_batch=4000/15625 loss=1.456871
[rank 1] epoch=15 train_batch=6000/15625 loss=1.585142
[rank 1] epoch=15 train_batch=8000/15625 loss=1.499786
[rank 1] epoch=15 train_batch=10000/15625 loss=1.524122
[rank 1] epoch=15 train_batch=12000/15625 loss=1.474900
[rank 1] epoch=15 train_batch=14000/15625 loss=1.428351
[rank 1] epoch=16 train_batch=2000/15625 loss=1.440137
[rank 1] epoch=16 train_batch=4000/15625 loss=1.524725
[rank 1] epoch=16 train_batch=6000/15625 loss=1.500472
[rank 1] epoch=16 train_batch=8000/15625 loss=1.566455
[rank 1] epoch=16 train_batch=10000/15625 loss=1.502287
[rank 1] epoch=16 train_batch=12000/15625 loss=1.548949
[rank 1] epoch=16 train_batch=14000/15625 loss=1.519039
[rank 1] epoch=17 train_batch=2000/15625 loss=1.557112
[rank 1] epoch=17 train_batch=4000/15625 loss=1.507438
[rank 1] epoch=17 train_batch=6000/15625 loss=1.548165
[rank 1] epoch=17 train_batch=8000/15625 loss=1.499194
[rank 1] epoch=17 train_batch=10000/15625 loss=1.511076
[rank 1] epoch=17 train_batch=12000/15625 loss=1.475673
[rank 1] epoch=17 train_batch=14000/15625 loss=1.540846
[rank 1] epoch=18 train_batch=2000/15625 loss=1.507864
[rank 1] epoch=18 train_batch=4000/15625 loss=1.486134
[rank 1] epoch=18 train_batch=6000/15625 loss=1.443288
[rank 1] epoch=18 train_batch=8000/15625 loss=1.506165
[rank 1] epoch=18 train_batch=10000/15625 loss=1.491076
[rank 1] epoch=18 train_batch=12000/15625 loss=1.541445
[rank 1] epoch=18 train_batch=14000/15625 loss=1.487422
[rank 1] epoch=19 train_batch=2000/15625 loss=1.480603
[rank 1] epoch=19 train_batch=4000/15625 loss=1.471205
[rank 1] epoch=19 train_batch=6000/15625 loss=1.506248
[rank 1] epoch=19 train_batch=8000/15625 loss=1.479488
[rank 1] epoch=19 train_batch=10000/15625 loss=1.502544
[rank 1] epoch=19 train_batch=12000/15625 loss=1.464327
[rank 1] epoch=19 train_batch=14000/15625 loss=1.440147
[rank 1] epoch=20 train_batch=2000/15625 loss=1.494678
[rank 1] epoch=20 train_batch=4000/15625 loss=1.560404
[rank 1] epoch=20 train_batch=6000/15625 loss=1.496218
[rank 1] epoch=20 train_batch=8000/15625 loss=1.439467
[rank 1] epoch=20 train_batch=10000/15625 loss=1.438726
[rank 1] epoch=20 train_batch=12000/15625 loss=1.423736
[rank 1] epoch=20 train_batch=14000/15625 loss=1.506616
[rank 1] epoch=21 train_batch=2000/15625 loss=1.451257
[rank 1] epoch=21 train_batch=4000/15625 loss=1.458977
[rank 1] epoch=21 train_batch=6000/15625 loss=1.489637
[rank 1] epoch=21 train_batch=8000/15625 loss=1.502017
[rank 1] epoch=21 train_batch=10000/15625 loss=1.504987
[rank 1] epoch=21 train_batch=12000/15625 loss=1.490245
[rank 1] epoch=21 train_batch=14000/15625 loss=1.490452
[rank 1] epoch=22 train_batch=2000/15625 loss=1.457962
[rank 1] epoch=22 train_batch=4000/15625 loss=1.457386
[rank 1] epoch=22 train_batch=6000/15625 loss=1.491578
[rank 1] epoch=22 train_batch=8000/15625 loss=1.468562
[rank 1] epoch=22 train_batch=10000/15625 loss=1.478426
[rank 1] epoch=22 train_batch=12000/15625 loss=1.426872
[rank 1] epoch=22 train_batch=14000/15625 loss=1.523578
[rank 1] epoch=23 train_batch=2000/15625 loss=1.478007
[rank 1] epoch=23 train_batch=4000/15625 loss=1.458119
[rank 1] epoch=23 train_batch=6000/15625 loss=1.450147
[rank 1] epoch=23 train_batch=8000/15625 loss=1.489512
[rank 1] epoch=23 train_batch=10000/15625 loss=1.438590
[rank 1] epoch=23 train_batch=12000/15625 loss=1.535531
[rank 1] epoch=23 train_batch=14000/15625 loss=1.454611
[rank 1] epoch=24 train_batch=2000/15625 loss=1.463472
[rank 1] epoch=24 train_batch=4000/15625 loss=1.455918
[rank 1] epoch=24 train_batch=6000/15625 loss=1.400659
[rank 1] epoch=24 train_batch=8000/15625 loss=1.476372
[rank 1] epoch=24 train_batch=10000/15625 loss=1.430076
[rank 1] epoch=24 train_batch=12000/15625 loss=1.466405
[rank 1] epoch=24 train_batch=14000/15625 loss=1.435586
[rank 1] epoch=25 train_batch=2000/15625 loss=1.407823
[rank 1] epoch=25 train_batch=4000/15625 loss=1.464275
[rank 1] epoch=25 train_batch=6000/15625 loss=1.441471
[rank 1] epoch=25 train_batch=8000/15625 loss=1.403738
[rank 1] epoch=25 train_batch=10000/15625 loss=1.466052
[rank 1] epoch=25 train_batch=12000/15625 loss=1.470330
[rank 1] epoch=25 train_batch=14000/15625 loss=1.458572
[rank 1] epoch=26 train_batch=2000/15625 loss=1.548740
[rank 1] epoch=26 train_batch=4000/15625 loss=1.487709
[rank 1] epoch=26 train_batch=6000/15625 loss=1.484988
[rank 1] epoch=26 train_batch=8000/15625 loss=1.428401
[rank 1] epoch=26 train_batch=10000/15625 loss=1.427771
[rank 1] epoch=26 train_batch=12000/15625 loss=1.432263
[rank 1] epoch=26 train_batch=14000/15625 loss=1.432634
[rank 1] epoch=27 train_batch=2000/15625 loss=1.478858
[rank 1] epoch=27 train_batch=4000/15625 loss=1.394929
[rank 1] epoch=27 train_batch=6000/15625 loss=1.449652
[rank 1] epoch=27 train_batch=8000/15625 loss=1.406522
[rank 1] epoch=27 train_batch=10000/15625 loss=1.411632
[rank 1] epoch=27 train_batch=12000/15625 loss=1.407145
[rank 1] epoch=27 train_batch=14000/15625 loss=1.462298
[rank 1] epoch=28 train_batch=2000/15625 loss=1.407747
[rank 1] epoch=28 train_batch=4000/15625 loss=1.480453
[rank 1] epoch=28 train_batch=6000/15625 loss=1.488006
[rank 1] epoch=28 train_batch=8000/15625 loss=1.437167
[rank 1] epoch=28 train_batch=10000/15625 loss=1.417838
[rank 1] epoch=28 train_batch=12000/15625 loss=1.407522
[rank 1] epoch=28 train_batch=14000/15625 loss=1.432783
[rank 1] epoch=29 train_batch=2000/15625 loss=1.458425
[rank 1] epoch=29 train_batch=4000/15625 loss=1.422910
[rank 1] epoch=29 train_batch=6000/15625 loss=1.396731
[rank 1] epoch=29 train_batch=8000/15625 loss=1.390679
[rank 1] epoch=29 train_batch=10000/15625 loss=1.421143
[rank 1] epoch=29 train_batch=12000/15625 loss=1.374251
[rank 1] epoch=29 train_batch=14000/15625 loss=1.397200
[rank 1] epoch=30 train_batch=2000/15625 loss=1.509268
[rank 1] epoch=30 train_batch=4000/15625 loss=1.519634
[rank 1] epoch=30 train_batch=6000/15625 loss=1.514178
[rank 1] epoch=30 train_batch=8000/15625 loss=1.476038
[rank 1] epoch=30 train_batch=10000/15625 loss=1.538959
[rank 1] epoch=30 train_batch=12000/15625 loss=1.517891
[rank 1] epoch=30 train_batch=14000/15625 loss=1.513690
[rank 1] epoch=31 train_batch=2000/15625 loss=1.508746
[rank 1] epoch=31 train_batch=4000/15625 loss=1.541979
[rank 1] epoch=31 train_batch=6000/15625 loss=1.552791
[rank 1] epoch=31 train_batch=8000/15625 loss=1.551908
[rank 1] epoch=31 train_batch=10000/15625 loss=1.504126
[rank 1] epoch=31 train_batch=12000/15625 loss=1.536536
[rank 1] epoch=31 train_batch=14000/15625 loss=1.566618
[rank 1] epoch=32 train_batch=2000/15625 loss=1.537354
[rank 1] epoch=32 train_batch=4000/15625 loss=1.577832
[rank 1] epoch=32 train_batch=6000/15625 loss=1.529657
[rank 1] epoch=32 train_batch=8000/15625 loss=1.538043
[rank 1] epoch=32 train_batch=10000/15625 loss=1.558727
[rank 1] epoch=32 train_batch=12000/15625 loss=1.483229
[rank 1] epoch=32 train_batch=14000/15625 loss=1.519932
[rank 1] epoch=33 train_batch=2000/15625 loss=1.448522
[rank 1] epoch=33 train_batch=4000/15625 loss=1.539317
[rank 1] epoch=33 train_batch=6000/15625 loss=1.458369
[rank 1] epoch=33 train_batch=8000/15625 loss=1.393347
[rank 1] epoch=33 train_batch=10000/15625 loss=1.459862
[rank 1] epoch=33 train_batch=12000/15625 loss=1.490149
[rank 1] epoch=33 train_batch=14000/15625 loss=1.407639
[rank 1] epoch=34 train_batch=2000/15625 loss=1.464763
[rank 1] epoch=34 train_batch=4000/15625 loss=1.422309
[rank 1] epoch=34 train_batch=6000/15625 loss=1.453394
[rank 1] epoch=34 train_batch=8000/15625 loss=1.485893
[rank 1] epoch=34 train_batch=10000/15625 loss=1.475541
[rank 1] epoch=34 train_batch=12000/15625 loss=1.511503
[rank 1] epoch=34 train_batch=14000/15625 loss=1.409651
[rank 1] epoch=35 train_batch=2000/15625 loss=1.497130
[rank 1] epoch=35 train_batch=4000/15625 loss=1.491217
[rank 1] epoch=35 train_batch=6000/15625 loss=1.490595
[rank 1] epoch=35 train_batch=8000/15625 loss=1.509829
[rank 1] epoch=35 train_batch=10000/15625 loss=1.507231
[rank 1] epoch=35 train_batch=12000/15625 loss=1.534960
[rank 1] epoch=35 train_batch=14000/15625 loss=1.545210
[rank 1] epoch=36 train_batch=2000/15625 loss=1.469785
[rank 1] epoch=36 train_batch=4000/15625 loss=1.475217
[rank 1] epoch=36 train_batch=6000/15625 loss=1.534471
[rank 1] epoch=36 train_batch=8000/15625 loss=1.549060
[rank 1] epoch=36 train_batch=10000/15625 loss=1.449401
[rank 1] epoch=36 train_batch=12000/15625 loss=1.503972
[rank 1] epoch=36 train_batch=14000/15625 loss=1.532312
[rank 1] epoch=37 train_batch=2000/15625 loss=1.519378
[rank 1] epoch=37 train_batch=4000/15625 loss=1.456960
[rank 1] epoch=37 train_batch=6000/15625 loss=1.496570
[rank 1] epoch=37 train_batch=8000/15625 loss=1.469106
[rank 1] epoch=37 train_batch=10000/15625 loss=1.454167
[rank 1] epoch=37 train_batch=12000/15625 loss=1.500084
[rank 1] epoch=37 train_batch=14000/15625 loss=1.424485
[rank 1] epoch=38 train_batch=2000/15625 loss=1.490340
[rank 1] epoch=38 train_batch=4000/15625 loss=1.533011
[rank 1] epoch=38 train_batch=6000/15625 loss=1.407682
[rank 1] epoch=38 train_batch=8000/15625 loss=1.427305
[rank 1] epoch=38 train_batch=10000/15625 loss=1.486422
[rank 1] epoch=38 train_batch=12000/15625 loss=1.466126
[rank 1] epoch=38 train_batch=14000/15625 loss=1.476693
[rank 1] epoch=39 train_batch=2000/15625 loss=1.474643
[rank 1] epoch=39 train_batch=4000/15625 loss=1.559707
[rank 1] epoch=39 train_batch=6000/15625 loss=1.515779
[rank 1] epoch=39 train_batch=8000/15625 loss=1.448281
[rank 1] epoch=39 train_batch=10000/15625 loss=1.525239
[rank 1] epoch=39 train_batch=12000/15625 loss=1.483370
[rank 1] epoch=39 train_batch=14000/15625 loss=1.523696
[rank 1] epoch=40 train_batch=2000/15625 loss=1.445641
[rank 1] epoch=40 train_batch=4000/15625 loss=1.460448
[rank 1] epoch=40 train_batch=6000/15625 loss=1.470225
[rank 1] epoch=40 train_batch=8000/15625 loss=1.443870
[rank 1] epoch=40 train_batch=10000/15625 loss=1.510685
[rank 1] epoch=40 train_batch=12000/15625 loss=1.462851
[rank 1] epoch=40 train_batch=14000/15625 loss=1.465559
[rank 1] epoch=41 train_batch=2000/15625 loss=1.527913
[rank 1] epoch=41 train_batch=4000/15625 loss=1.435405
[rank 1] epoch=41 train_batch=6000/15625 loss=1.467384
[rank 1] epoch=41 train_batch=8000/15625 loss=1.492139
[rank 1] epoch=41 train_batch=10000/15625 loss=1.446639
[rank 1] epoch=41 train_batch=12000/15625 loss=1.483999
[rank 1] epoch=41 train_batch=14000/15625 loss=1.437020
[rank 1] epoch=42 train_batch=2000/15625 loss=1.430140
[rank 1] epoch=42 train_batch=4000/15625 loss=1.474013
[rank 1] epoch=42 train_batch=6000/15625 loss=1.477285
[rank 1] epoch=42 train_batch=8000/15625 loss=1.476253
[rank 1] epoch=42 train_batch=10000/15625 loss=1.498104
[rank 1] epoch=42 train_batch=12000/15625 loss=1.513009
[rank 1] epoch=42 train_batch=14000/15625 loss=1.529657
[rank 1] epoch=43 train_batch=2000/15625 loss=1.482350
[rank 1] epoch=43 train_batch=4000/15625 loss=1.474556
[rank 1] epoch=43 train_batch=6000/15625 loss=1.424038
[rank 1] epoch=43 train_batch=8000/15625 loss=1.375666
[rank 1] epoch=43 train_batch=10000/15625 loss=1.432420
[rank 1] epoch=43 train_batch=12000/15625 loss=1.506674
[rank 1] epoch=43 train_batch=14000/15625 loss=1.523730
[rank 1] epoch=44 train_batch=2000/15625 loss=1.439301
[rank 1] epoch=44 train_batch=4000/15625 loss=2.062457
[rank 1] epoch=44 train_batch=6000/15625 loss=1.418807
[rank 1] epoch=44 train_batch=8000/15625 loss=1.489741
[rank 1] epoch=44 train_batch=10000/15625 loss=1.495914
[rank 1] epoch=44 train_batch=12000/15625 loss=1.432107
[rank 1] epoch=44 train_batch=14000/15625 loss=1.489890
[rank 1] epoch=45 train_batch=2000/15625 loss=1.464420
[rank 1] epoch=45 train_batch=4000/15625 loss=1.374078
[rank 1] epoch=45 train_batch=6000/15625 loss=1.466967
[rank 1] epoch=45 train_batch=8000/15625 loss=1.450047
[rank 1] epoch=45 train_batch=10000/15625 loss=1.478813
[rank 1] epoch=45 train_batch=12000/15625 loss=1.423430
[rank 1] epoch=45 train_batch=14000/15625 loss=1.437580
[rank 1] epoch=46 train_batch=2000/15625 loss=1.463288
[rank 1] epoch=46 train_batch=4000/15625 loss=1.429922
