cuda:1
thetaphi at main: True
Loading dataset...
Using ILCStreamingDataset (shuffle_buffer=256, files_per_chunk=32, seed=1001)
ILCStreamingDataset: path=/data/suehara/mldata/pfa/murata/data/tc/tc_nnqq_2M, files=20000, events~=2000000, shuffle_buffer=256, files_per_chunk=32
Using ILCStreamingDataset (shuffle_buffer=256, files_per_chunk=32, seed=1001)
ILCStreamingDataset: path=/data/suehara/mldata/pfa/murata/data/tc/tc_nnqq_new/train, files=716, events~=94400, shuffle_buffer=256, files_per_chunk=32
Training dataset size:  2000000
Validating dataset size:  94400
Batch size:  128
Loading multi-head model from checkpoint checkpoint/energy_regression/ckpts_gravnet_new02_2026_09_17_123323_outputD5_multihead/ckpt_228_1.pth.tar
restart period :  50
[rank 1] epoch=0 train_batch=2000/15625 loss=10.772869
[rank 1] epoch=0 train_batch=4000/15625 loss=7.690841
[rank 1] epoch=0 train_batch=6000/15625 loss=5.852298
[rank 1] epoch=0 train_batch=8000/15625 loss=4.606557
[rank 1] epoch=0 train_batch=10000/15625 loss=3.043880
[rank 1] epoch=0 train_batch=12000/15625 loss=3.027436
[rank 1] epoch=0 train_batch=14000/15625 loss=2.883366
[rank 1] epoch=1 train_batch=2000/15625 loss=2.875040
[rank 1] epoch=1 train_batch=4000/15625 loss=2.871486
[rank 1] epoch=1 train_batch=6000/15625 loss=2.845866
[rank 1] epoch=1 train_batch=8000/15625 loss=2.822321
[rank 1] epoch=1 train_batch=10000/15625 loss=2.872181
[rank 1] epoch=1 train_batch=12000/15625 loss=2.849798
[rank 1] epoch=1 train_batch=14000/15625 loss=2.874315
[rank 1] epoch=2 train_batch=2000/15625 loss=2.804283
[rank 1] epoch=2 train_batch=4000/15625 loss=2.812438
[rank 1] epoch=2 train_batch=6000/15625 loss=2.990050
[rank 1] epoch=2 train_batch=8000/15625 loss=2.777961
[rank 1] epoch=2 train_batch=10000/15625 loss=2.785798
[rank 1] epoch=2 train_batch=12000/15625 loss=2.800737
[rank 1] epoch=2 train_batch=14000/15625 loss=2.853940
[rank 1] epoch=3 train_batch=2000/15625 loss=2.819041
[rank 1] epoch=3 train_batch=4000/15625 loss=2.814036
[rank 1] epoch=3 train_batch=6000/15625 loss=2.817590
[rank 1] epoch=3 train_batch=8000/15625 loss=2.905726
[rank 1] epoch=3 train_batch=10000/15625 loss=2.800926
[rank 1] epoch=3 train_batch=12000/15625 loss=2.826526
[rank 1] epoch=3 train_batch=14000/15625 loss=2.840379
[rank 1] epoch=4 train_batch=2000/15625 loss=2.860452
[rank 1] epoch=4 train_batch=4000/15625 loss=2.875543
[rank 1] epoch=4 train_batch=6000/15625 loss=2.807886
[rank 1] epoch=4 train_batch=8000/15625 loss=2.815300
[rank 1] epoch=4 train_batch=10000/15625 loss=2.855913
[rank 1] epoch=4 train_batch=12000/15625 loss=2.893682
[rank 1] epoch=4 train_batch=14000/15625 loss=2.812143
[rank 1] epoch=5 train_batch=2000/15625 loss=2.836125
[rank 1] epoch=5 train_batch=4000/15625 loss=2.885614
[rank 1] epoch=5 train_batch=6000/15625 loss=2.871973
[rank 1] epoch=5 train_batch=8000/15625 loss=2.842245
[rank 1] epoch=5 train_batch=10000/15625 loss=2.890511
[rank 1] epoch=5 train_batch=12000/15625 loss=2.863523
[rank 1] epoch=5 train_batch=14000/15625 loss=2.904512
[rank 1] epoch=6 train_batch=2000/15625 loss=2.895063
[rank 1] epoch=6 train_batch=4000/15625 loss=2.826428
[rank 1] epoch=6 train_batch=6000/15625 loss=2.833803
[rank 1] epoch=6 train_batch=8000/15625 loss=2.833280
[rank 1] epoch=6 train_batch=10000/15625 loss=2.903261
[rank 1] epoch=6 train_batch=12000/15625 loss=2.884616
[rank 1] epoch=6 train_batch=14000/15625 loss=2.829970
[rank 1] epoch=7 train_batch=2000/15625 loss=2.973873
[rank 1] epoch=7 train_batch=4000/15625 loss=2.970499
[rank 1] epoch=7 train_batch=6000/15625 loss=2.864627
[rank 1] epoch=7 train_batch=8000/15625 loss=2.911840
[rank 1] epoch=7 train_batch=10000/15625 loss=2.844492
[rank 1] epoch=7 train_batch=12000/15625 loss=2.920180
[rank 1] epoch=7 train_batch=14000/15625 loss=2.868242
[rank 1] epoch=8 train_batch=2000/15625 loss=2.858758
[rank 1] epoch=8 train_batch=4000/15625 loss=2.940507
[rank 1] epoch=8 train_batch=6000/15625 loss=2.937965
[rank 1] epoch=8 train_batch=8000/15625 loss=2.855540
[rank 1] epoch=8 train_batch=10000/15625 loss=2.878944
[rank 1] epoch=8 train_batch=12000/15625 loss=2.931800
[rank 1] epoch=8 train_batch=14000/15625 loss=2.930865
[rank 1] epoch=9 train_batch=2000/15625 loss=2.803468
[rank 1] epoch=9 train_batch=4000/15625 loss=2.837357
[rank 1] epoch=9 train_batch=6000/15625 loss=2.929619
[rank 1] epoch=9 train_batch=8000/15625 loss=2.900816
[rank 1] epoch=9 train_batch=10000/15625 loss=2.900850
[rank 1] epoch=9 train_batch=12000/15625 loss=2.925485
[rank 1] epoch=9 train_batch=14000/15625 loss=2.808248
[rank 1] epoch=10 train_batch=2000/15625 loss=2.906801
[rank 1] epoch=10 train_batch=4000/15625 loss=2.814182
[rank 1] epoch=10 train_batch=6000/15625 loss=2.959571
[rank 1] epoch=10 train_batch=8000/15625 loss=3.015499
[rank 1] epoch=10 train_batch=10000/15625 loss=2.939303
[rank 1] epoch=10 train_batch=12000/15625 loss=2.958336
[rank 1] epoch=10 train_batch=14000/15625 loss=2.829741
[rank 1] epoch=11 train_batch=2000/15625 loss=2.895021
[rank 1] epoch=11 train_batch=4000/15625 loss=2.927334
[rank 1] epoch=11 train_batch=6000/15625 loss=2.905692
[rank 1] epoch=11 train_batch=8000/15625 loss=2.939945
[rank 1] epoch=11 train_batch=10000/15625 loss=2.964195
[rank 1] epoch=11 train_batch=12000/15625 loss=2.868347
[rank 1] epoch=11 train_batch=14000/15625 loss=2.875146
[rank 1] epoch=12 train_batch=2000/15625 loss=2.898044
[rank 1] epoch=12 train_batch=4000/15625 loss=2.862505
[rank 1] epoch=12 train_batch=6000/15625 loss=2.882644
[rank 1] epoch=12 train_batch=8000/15625 loss=2.891436
[rank 1] epoch=12 train_batch=10000/15625 loss=2.990278
[rank 1] epoch=12 train_batch=12000/15625 loss=2.859113
[rank 1] epoch=12 train_batch=14000/15625 loss=2.876908
[rank 1] epoch=13 train_batch=2000/15625 loss=2.958966
[rank 1] epoch=13 train_batch=4000/15625 loss=2.901948
[rank 1] epoch=13 train_batch=6000/15625 loss=2.929553
[rank 1] epoch=13 train_batch=8000/15625 loss=2.918055
[rank 1] epoch=13 train_batch=10000/15625 loss=2.871505
[rank 1] epoch=13 train_batch=12000/15625 loss=2.936403
[rank 1] epoch=13 train_batch=14000/15625 loss=2.859016
[rank 1] epoch=14 train_batch=2000/15625 loss=2.929852
[rank 1] epoch=14 train_batch=4000/15625 loss=2.964937
[rank 1] epoch=14 train_batch=6000/15625 loss=2.898597
[rank 1] epoch=14 train_batch=8000/15625 loss=2.852095
[rank 1] epoch=14 train_batch=10000/15625 loss=3.000757
[rank 1] epoch=14 train_batch=12000/15625 loss=2.855977
[rank 1] epoch=14 train_batch=14000/15625 loss=2.896894
[rank 1] epoch=15 train_batch=2000/15625 loss=2.872757
[rank 1] epoch=15 train_batch=4000/15625 loss=2.867640
[rank 1] epoch=15 train_batch=6000/15625 loss=2.904676
[rank 1] epoch=15 train_batch=8000/15625 loss=2.873304
[rank 1] epoch=15 train_batch=10000/15625 loss=2.960670
[rank 1] epoch=15 train_batch=12000/15625 loss=2.888240
[rank 1] epoch=15 train_batch=14000/15625 loss=2.861689
[rank 1] epoch=16 train_batch=2000/15625 loss=2.798440
[rank 1] epoch=16 train_batch=4000/15625 loss=2.845760
[rank 1] epoch=16 train_batch=6000/15625 loss=2.739359
[rank 1] epoch=16 train_batch=8000/15625 loss=2.777016
[rank 1] epoch=16 train_batch=10000/15625 loss=2.779004
[rank 1] epoch=16 train_batch=12000/15625 loss=2.780556
[rank 1] epoch=16 train_batch=14000/15625 loss=2.716944
[rank 1] epoch=17 train_batch=2000/15625 loss=2.746348
[rank 1] epoch=17 train_batch=4000/15625 loss=2.711531
[rank 1] epoch=17 train_batch=6000/15625 loss=2.738020
[rank 1] epoch=17 train_batch=8000/15625 loss=2.638506
[rank 1] epoch=17 train_batch=10000/15625 loss=2.685733
[rank 1] epoch=17 train_batch=12000/15625 loss=2.641442
[rank 1] epoch=17 train_batch=14000/15625 loss=2.636542
[rank 1] epoch=18 train_batch=2000/15625 loss=2.649873
[rank 1] epoch=18 train_batch=4000/15625 loss=2.534250
[rank 1] epoch=18 train_batch=6000/15625 loss=2.598965
[rank 1] epoch=18 train_batch=8000/15625 loss=2.630845
[rank 1] epoch=18 train_batch=10000/15625 loss=2.632117
[rank 1] epoch=18 train_batch=12000/15625 loss=2.630117
[rank 1] epoch=18 train_batch=14000/15625 loss=2.578951
[rank 1] epoch=19 train_batch=2000/15625 loss=2.644706
[rank 1] epoch=19 train_batch=4000/15625 loss=2.580085
[rank 1] epoch=19 train_batch=6000/15625 loss=2.695561
[rank 1] epoch=19 train_batch=8000/15625 loss=2.551574
[rank 1] epoch=19 train_batch=10000/15625 loss=2.620732
[rank 1] epoch=19 train_batch=12000/15625 loss=2.543568
[rank 1] epoch=19 train_batch=14000/15625 loss=2.567253
[rank 1] epoch=20 train_batch=2000/15625 loss=2.601508
[rank 1] epoch=20 train_batch=4000/15625 loss=2.666098
[rank 1] epoch=20 train_batch=6000/15625 loss=2.592299
[rank 1] epoch=20 train_batch=8000/15625 loss=2.541724
[rank 1] epoch=20 train_batch=10000/15625 loss=2.540683
[rank 1] epoch=20 train_batch=12000/15625 loss=2.583522
[rank 1] epoch=20 train_batch=14000/15625 loss=2.620196
[rank 1] epoch=21 train_batch=2000/15625 loss=2.546554
[rank 1] epoch=21 train_batch=4000/15625 loss=2.531236
[rank 1] epoch=21 train_batch=6000/15625 loss=2.549554
[rank 1] epoch=21 train_batch=8000/15625 loss=2.558936
[rank 1] epoch=21 train_batch=10000/15625 loss=2.588898
[rank 1] epoch=21 train_batch=12000/15625 loss=2.609022
[rank 1] epoch=21 train_batch=14000/15625 loss=2.566255
[rank 1] epoch=22 train_batch=2000/15625 loss=2.535644
[rank 1] epoch=22 train_batch=4000/15625 loss=2.553099
[rank 1] epoch=22 train_batch=6000/15625 loss=2.559084
[rank 1] epoch=22 train_batch=8000/15625 loss=2.539415
[rank 1] epoch=22 train_batch=10000/15625 loss=2.620527
[rank 1] epoch=22 train_batch=12000/15625 loss=2.544451
[rank 1] epoch=22 train_batch=14000/15625 loss=2.609364
[rank 1] epoch=23 train_batch=2000/15625 loss=2.579585
[rank 1] epoch=23 train_batch=4000/15625 loss=2.506976
[rank 1] epoch=23 train_batch=6000/15625 loss=2.514468
[rank 1] epoch=23 train_batch=8000/15625 loss=2.598551
[rank 1] epoch=23 train_batch=10000/15625 loss=2.560928
[rank 1] epoch=23 train_batch=12000/15625 loss=2.604291
[rank 1] epoch=23 train_batch=14000/15625 loss=2.499337
[rank 1] epoch=24 train_batch=2000/15625 loss=2.558784
[rank 1] epoch=24 train_batch=4000/15625 loss=2.519242
[rank 1] epoch=24 train_batch=6000/15625 loss=2.476187
[rank 1] epoch=24 train_batch=8000/15625 loss=2.532411
[rank 1] epoch=24 train_batch=10000/15625 loss=2.535696
[rank 1] epoch=24 train_batch=12000/15625 loss=2.500128
[rank 1] epoch=24 train_batch=14000/15625 loss=2.555326
[rank 1] epoch=25 train_batch=2000/15625 loss=2.540276
[rank 1] epoch=25 train_batch=4000/15625 loss=2.521013
[rank 1] epoch=25 train_batch=6000/15625 loss=2.447618
[rank 1] epoch=25 train_batch=8000/15625 loss=2.473008
[rank 1] epoch=25 train_batch=10000/15625 loss=2.559294
[rank 1] epoch=25 train_batch=12000/15625 loss=2.530603
[rank 1] epoch=25 train_batch=14000/15625 loss=2.524941
[rank 1] epoch=26 train_batch=2000/15625 loss=2.558267
[rank 1] epoch=26 train_batch=4000/15625 loss=2.543063
[rank 1] epoch=26 train_batch=6000/15625 loss=2.549270
[rank 1] epoch=26 train_batch=8000/15625 loss=2.511677
[rank 1] epoch=26 train_batch=10000/15625 loss=2.489002
[rank 1] epoch=26 train_batch=12000/15625 loss=2.477200
[rank 1] epoch=26 train_batch=14000/15625 loss=2.435202
[rank 1] epoch=27 train_batch=2000/15625 loss=2.527301
[rank 1] epoch=27 train_batch=4000/15625 loss=2.459028
[rank 1] epoch=27 train_batch=6000/15625 loss=2.478877
[rank 1] epoch=27 train_batch=8000/15625 loss=2.470521
[rank 1] epoch=27 train_batch=10000/15625 loss=2.509987
[rank 1] epoch=27 train_batch=12000/15625 loss=2.511124
[rank 1] epoch=27 train_batch=14000/15625 loss=2.454061
[rank 1] epoch=28 train_batch=2000/15625 loss=2.450990
[rank 1] epoch=28 train_batch=4000/15625 loss=2.550723
