cuda:3
thetaphi at main: True
Loading dataset...
Using ILCStreamingDataset (shuffle_buffer=256, files_per_chunk=32, seed=1001)
ILCStreamingDataset: path=/data/suehara/mldata/pfa/murata/data/tc/tc_nnqq_2M, files=20000, events~=2000000, shuffle_buffer=256, files_per_chunk=32
Using ILCStreamingDataset (shuffle_buffer=256, files_per_chunk=32, seed=1001)
ILCStreamingDataset: path=/data/suehara/mldata/pfa/murata/data/tc/tc_nnqq_new/train, files=716, events~=94400, shuffle_buffer=256, files_per_chunk=32
Training dataset size:  2000000
Validating dataset size:  94400
Batch size:  128
Loading multi-head model from checkpoint checkpoint/energy_regression/ckpts_gravnet_new02_2026_09_17_123323_outputD5_multihead/ckpt_228_1.pth.tar
restart period :  50
[rank 3] epoch=0 train_batch=2000/15625 loss=10.220470
[rank 3] epoch=0 train_batch=4000/15625 loss=7.949299
[rank 3] epoch=0 train_batch=6000/15625 loss=6.204598
[rank 3] epoch=0 train_batch=8000/15625 loss=4.580405
[rank 3] epoch=0 train_batch=10000/15625 loss=2.988869
[rank 3] epoch=0 train_batch=12000/15625 loss=2.904620
[rank 3] epoch=0 train_batch=14000/15625 loss=2.938755
[rank 3] epoch=1 train_batch=2000/15625 loss=2.875375
[rank 3] epoch=1 train_batch=4000/15625 loss=2.842353
[rank 3] epoch=1 train_batch=6000/15625 loss=2.862964
[rank 3] epoch=1 train_batch=8000/15625 loss=2.892343
[rank 3] epoch=1 train_batch=10000/15625 loss=2.843672
[rank 3] epoch=1 train_batch=12000/15625 loss=2.892993
[rank 3] epoch=1 train_batch=14000/15625 loss=2.855123
[rank 3] epoch=2 train_batch=2000/15625 loss=2.837159
[rank 3] epoch=2 train_batch=4000/15625 loss=2.790484
[rank 3] epoch=2 train_batch=6000/15625 loss=2.815358
[rank 3] epoch=2 train_batch=8000/15625 loss=2.864141
[rank 3] epoch=2 train_batch=10000/15625 loss=2.831256
[rank 3] epoch=2 train_batch=12000/15625 loss=2.835154
[rank 3] epoch=2 train_batch=14000/15625 loss=2.754273
[rank 3] epoch=3 train_batch=2000/15625 loss=2.893004
[rank 3] epoch=3 train_batch=4000/15625 loss=2.829927
[rank 3] epoch=3 train_batch=6000/15625 loss=2.895950
[rank 3] epoch=3 train_batch=8000/15625 loss=2.885344
[rank 3] epoch=3 train_batch=10000/15625 loss=2.796528
[rank 3] epoch=3 train_batch=12000/15625 loss=2.783161
[rank 3] epoch=3 train_batch=14000/15625 loss=2.806041
[rank 3] epoch=4 train_batch=2000/15625 loss=2.862458
[rank 3] epoch=4 train_batch=4000/15625 loss=2.931090
[rank 3] epoch=4 train_batch=6000/15625 loss=2.877348
[rank 3] epoch=4 train_batch=8000/15625 loss=2.914920
[rank 3] epoch=4 train_batch=10000/15625 loss=3.326615
[rank 3] epoch=4 train_batch=12000/15625 loss=2.832507
[rank 3] epoch=4 train_batch=14000/15625 loss=2.819649
[rank 3] epoch=5 train_batch=2000/15625 loss=2.903404
[rank 3] epoch=5 train_batch=4000/15625 loss=2.891170
[rank 3] epoch=5 train_batch=6000/15625 loss=2.893452
[rank 3] epoch=5 train_batch=8000/15625 loss=2.885300
[rank 3] epoch=5 train_batch=10000/15625 loss=2.920134
[rank 3] epoch=5 train_batch=12000/15625 loss=2.886155
[rank 3] epoch=5 train_batch=14000/15625 loss=2.861440
[rank 3] epoch=6 train_batch=2000/15625 loss=2.856635
[rank 3] epoch=6 train_batch=4000/15625 loss=2.874194
[rank 3] epoch=6 train_batch=6000/15625 loss=2.853083
[rank 3] epoch=6 train_batch=8000/15625 loss=2.848248
[rank 3] epoch=6 train_batch=10000/15625 loss=2.885747
[rank 3] epoch=6 train_batch=12000/15625 loss=2.867134
[rank 3] epoch=6 train_batch=14000/15625 loss=2.921421
[rank 3] epoch=7 train_batch=2000/15625 loss=2.776448
[rank 3] epoch=7 train_batch=4000/15625 loss=2.955610
[rank 3] epoch=7 train_batch=6000/15625 loss=2.891308
[rank 3] epoch=7 train_batch=8000/15625 loss=2.932249
[rank 3] epoch=7 train_batch=10000/15625 loss=2.919119
[rank 3] epoch=7 train_batch=12000/15625 loss=2.878699
[rank 3] epoch=7 train_batch=14000/15625 loss=2.915032
[rank 3] epoch=8 train_batch=2000/15625 loss=2.982661
[rank 3] epoch=8 train_batch=4000/15625 loss=2.902996
[rank 3] epoch=8 train_batch=6000/15625 loss=2.948020
[rank 3] epoch=8 train_batch=8000/15625 loss=2.897703
[rank 3] epoch=8 train_batch=10000/15625 loss=2.880471
[rank 3] epoch=8 train_batch=12000/15625 loss=2.877662
[rank 3] epoch=8 train_batch=14000/15625 loss=2.959369
[rank 3] epoch=9 train_batch=2000/15625 loss=2.874287
[rank 3] epoch=9 train_batch=4000/15625 loss=2.890652
[rank 3] epoch=9 train_batch=6000/15625 loss=2.905975
[rank 3] epoch=9 train_batch=8000/15625 loss=2.887343
[rank 3] epoch=9 train_batch=10000/15625 loss=2.920621
[rank 3] epoch=9 train_batch=12000/15625 loss=2.881790
[rank 3] epoch=9 train_batch=14000/15625 loss=2.962297
[rank 3] epoch=10 train_batch=2000/15625 loss=2.887693
[rank 3] epoch=10 train_batch=4000/15625 loss=2.918518
[rank 3] epoch=10 train_batch=6000/15625 loss=2.858440
[rank 3] epoch=10 train_batch=8000/15625 loss=2.890433
[rank 3] epoch=10 train_batch=10000/15625 loss=2.887143
[rank 3] epoch=10 train_batch=12000/15625 loss=2.894533
[rank 3] epoch=10 train_batch=14000/15625 loss=2.953439
[rank 3] epoch=11 train_batch=2000/15625 loss=2.875051
[rank 3] epoch=11 train_batch=4000/15625 loss=2.837956
[rank 3] epoch=11 train_batch=6000/15625 loss=2.860913
[rank 3] epoch=11 train_batch=8000/15625 loss=2.843436
[rank 3] epoch=11 train_batch=10000/15625 loss=2.865557
[rank 3] epoch=11 train_batch=12000/15625 loss=2.850278
[rank 3] epoch=11 train_batch=14000/15625 loss=2.877383
[rank 3] epoch=12 train_batch=2000/15625 loss=2.860130
[rank 3] epoch=12 train_batch=4000/15625 loss=2.910096
[rank 3] epoch=12 train_batch=6000/15625 loss=2.903915
[rank 3] epoch=12 train_batch=8000/15625 loss=2.925843
[rank 3] epoch=12 train_batch=10000/15625 loss=2.904066
[rank 3] epoch=12 train_batch=12000/15625 loss=2.958920
[rank 3] epoch=12 train_batch=14000/15625 loss=2.903795
[rank 3] epoch=13 train_batch=2000/15625 loss=2.920664
[rank 3] epoch=13 train_batch=4000/15625 loss=2.885788
[rank 3] epoch=13 train_batch=6000/15625 loss=2.868332
[rank 3] epoch=13 train_batch=8000/15625 loss=2.905868
[rank 3] epoch=13 train_batch=10000/15625 loss=2.891895
[rank 3] epoch=13 train_batch=12000/15625 loss=2.915942
[rank 3] epoch=13 train_batch=14000/15625 loss=2.899118
[rank 3] epoch=14 train_batch=2000/15625 loss=2.883859
[rank 3] epoch=14 train_batch=4000/15625 loss=2.906318
[rank 3] epoch=14 train_batch=6000/15625 loss=2.882026
[rank 3] epoch=14 train_batch=8000/15625 loss=2.943235
[rank 3] epoch=14 train_batch=10000/15625 loss=2.886747
[rank 3] epoch=14 train_batch=12000/15625 loss=2.973209
[rank 3] epoch=14 train_batch=14000/15625 loss=2.888878
[rank 3] epoch=15 train_batch=2000/15625 loss=2.837918
[rank 3] epoch=15 train_batch=4000/15625 loss=2.837203
[rank 3] epoch=15 train_batch=6000/15625 loss=2.872585
[rank 3] epoch=15 train_batch=8000/15625 loss=2.888557
[rank 3] epoch=15 train_batch=10000/15625 loss=2.970997
[rank 3] epoch=15 train_batch=12000/15625 loss=2.927392
[rank 3] epoch=15 train_batch=14000/15625 loss=2.866625
[rank 3] epoch=16 train_batch=2000/15625 loss=2.865065
[rank 3] epoch=16 train_batch=4000/15625 loss=2.804392
[rank 3] epoch=16 train_batch=6000/15625 loss=2.856127
[rank 3] epoch=16 train_batch=8000/15625 loss=2.764428
[rank 3] epoch=16 train_batch=10000/15625 loss=2.746765
[rank 3] epoch=16 train_batch=12000/15625 loss=2.732203
[rank 3] epoch=16 train_batch=14000/15625 loss=2.742827
[rank 3] epoch=17 train_batch=2000/15625 loss=2.775596
[rank 3] epoch=17 train_batch=4000/15625 loss=2.722744
[rank 3] epoch=17 train_batch=6000/15625 loss=2.722799
[rank 3] epoch=17 train_batch=8000/15625 loss=2.687693
[rank 3] epoch=17 train_batch=10000/15625 loss=2.628480
[rank 3] epoch=17 train_batch=12000/15625 loss=2.633758
[rank 3] epoch=17 train_batch=14000/15625 loss=2.549462
[rank 3] epoch=18 train_batch=2000/15625 loss=2.673460
[rank 3] epoch=18 train_batch=4000/15625 loss=2.605164
[rank 3] epoch=18 train_batch=6000/15625 loss=2.596633
[rank 3] epoch=18 train_batch=8000/15625 loss=2.645575
[rank 3] epoch=18 train_batch=10000/15625 loss=2.574484
[rank 3] epoch=18 train_batch=12000/15625 loss=2.657237
[rank 3] epoch=18 train_batch=14000/15625 loss=2.561495
[rank 3] epoch=19 train_batch=2000/15625 loss=2.613927
[rank 3] epoch=19 train_batch=4000/15625 loss=2.584089
[rank 3] epoch=19 train_batch=6000/15625 loss=2.623537
[rank 3] epoch=19 train_batch=8000/15625 loss=2.605744
[rank 3] epoch=19 train_batch=10000/15625 loss=2.513055
[rank 3] epoch=19 train_batch=12000/15625 loss=2.568730
[rank 3] epoch=19 train_batch=14000/15625 loss=2.592489
[rank 3] epoch=20 train_batch=2000/15625 loss=2.646837
[rank 3] epoch=20 train_batch=4000/15625 loss=2.557908
[rank 3] epoch=20 train_batch=6000/15625 loss=2.603570
[rank 3] epoch=20 train_batch=8000/15625 loss=2.672696
[rank 3] epoch=20 train_batch=10000/15625 loss=2.526106
[rank 3] epoch=20 train_batch=12000/15625 loss=2.634656
[rank 3] epoch=20 train_batch=14000/15625 loss=2.579636
[rank 3] epoch=21 train_batch=2000/15625 loss=3.666178
[rank 3] epoch=21 train_batch=4000/15625 loss=2.586907
[rank 3] epoch=21 train_batch=6000/15625 loss=2.574747
[rank 3] epoch=21 train_batch=8000/15625 loss=2.709169
[rank 3] epoch=21 train_batch=10000/15625 loss=2.569256
[rank 3] epoch=21 train_batch=12000/15625 loss=2.533342
[rank 3] epoch=21 train_batch=14000/15625 loss=2.560080
[rank 3] epoch=22 train_batch=2000/15625 loss=2.464640
[rank 3] epoch=22 train_batch=4000/15625 loss=2.569778
[rank 3] epoch=22 train_batch=6000/15625 loss=2.527158
[rank 3] epoch=22 train_batch=8000/15625 loss=2.482654
[rank 3] epoch=22 train_batch=10000/15625 loss=2.507075
[rank 3] epoch=22 train_batch=12000/15625 loss=2.481708
[rank 3] epoch=22 train_batch=14000/15625 loss=2.580307
[rank 3] epoch=23 train_batch=2000/15625 loss=2.469592
[rank 3] epoch=23 train_batch=4000/15625 loss=2.566051
[rank 3] epoch=23 train_batch=6000/15625 loss=2.577967
[rank 3] epoch=23 train_batch=8000/15625 loss=2.483608
[rank 3] epoch=23 train_batch=10000/15625 loss=2.510203
[rank 3] epoch=23 train_batch=12000/15625 loss=2.526370
[rank 3] epoch=23 train_batch=14000/15625 loss=2.502773
[rank 3] epoch=24 train_batch=2000/15625 loss=2.513126
[rank 3] epoch=24 train_batch=4000/15625 loss=2.482358
[rank 3] epoch=24 train_batch=6000/15625 loss=2.495830
[rank 3] epoch=24 train_batch=8000/15625 loss=2.609211
[rank 3] epoch=24 train_batch=10000/15625 loss=2.454855
[rank 3] epoch=24 train_batch=12000/15625 loss=2.485400
[rank 3] epoch=24 train_batch=14000/15625 loss=2.458571
[rank 3] epoch=25 train_batch=2000/15625 loss=2.467946
[rank 3] epoch=25 train_batch=4000/15625 loss=2.526065
[rank 3] epoch=25 train_batch=6000/15625 loss=2.472261
[rank 3] epoch=25 train_batch=8000/15625 loss=2.566693
[rank 3] epoch=25 train_batch=10000/15625 loss=2.550897
[rank 3] epoch=25 train_batch=12000/15625 loss=2.564208
[rank 3] epoch=25 train_batch=14000/15625 loss=2.526501
[rank 3] epoch=26 train_batch=2000/15625 loss=2.518418
[rank 3] epoch=26 train_batch=4000/15625 loss=2.507422
[rank 3] epoch=26 train_batch=6000/15625 loss=2.624009
[rank 3] epoch=26 train_batch=8000/15625 loss=2.492713
[rank 3] epoch=26 train_batch=10000/15625 loss=2.422901
[rank 3] epoch=26 train_batch=12000/15625 loss=2.436273
[rank 3] epoch=26 train_batch=14000/15625 loss=2.435560
[rank 3] epoch=27 train_batch=2000/15625 loss=2.507089
[rank 3] epoch=27 train_batch=4000/15625 loss=2.415751
[rank 3] epoch=27 train_batch=6000/15625 loss=2.489325
[rank 3] epoch=27 train_batch=8000/15625 loss=2.490917
[rank 3] epoch=27 train_batch=10000/15625 loss=2.562364
[rank 3] epoch=27 train_batch=12000/15625 loss=2.468798
[rank 3] epoch=27 train_batch=14000/15625 loss=2.573913
[rank 3] epoch=28 train_batch=2000/15625 loss=2.457423
[rank 3] epoch=28 train_batch=4000/15625 loss=2.468379
[rank 3] epoch=28 train_batch=6000/15625 loss=2.427768
[rank 3] epoch=28 train_batch=8000/15625 loss=2.517152
[rank 3] epoch=28 train_batch=10000/15625 loss=2.557616
[rank 3] epoch=28 train_batch=12000/15625 loss=2.555588
[rank 3] epoch=28 train_batch=14000/15625 loss=2.502323
[rank 3] epoch=29 train_batch=2000/15625 loss=2.592630
[rank 3] epoch=29 train_batch=4000/15625 loss=2.495458
[rank 3] epoch=29 train_batch=6000/15625 loss=2.476841
[rank 3] epoch=29 train_batch=8000/15625 loss=2.454683
[rank 3] epoch=29 train_batch=10000/15625 loss=2.399360
[rank 3] epoch=29 train_batch=12000/15625 loss=2.543417
[rank 3] epoch=29 train_batch=14000/15625 loss=2.468688
[rank 3] epoch=30 train_batch=2000/15625 loss=2.414650
