cuda:2
thetaphi at main: True
Loading dataset...
Using ILCStreamingDataset (shuffle_buffer=256, files_per_chunk=32, seed=1001)
ILCStreamingDataset: path=/data/suehara/mldata/pfa/murata/data/tc/tc_nnqq_2M, files=20000, events~=2000000, shuffle_buffer=256, files_per_chunk=32
Using ILCStreamingDataset (shuffle_buffer=256, files_per_chunk=32, seed=1001)
ILCStreamingDataset: path=/data/suehara/mldata/pfa/murata/data/tc/tc_nnqq_new/train, files=716, events~=94400, shuffle_buffer=256, files_per_chunk=32
Training dataset size:  2000000
Validating dataset size:  94400
Batch size:  128
Loading multi-head model from checkpoint checkpoint/energy_regression/ckpts_gravnet_new02_2026_09_17_123323_outputD5_multihead/ckpt_228_1.pth.tar
restart period :  50
[rank 2] epoch=0 train_batch=2000/15625 loss=10.670675
[rank 2] epoch=0 train_batch=4000/15625 loss=7.652645
[rank 2] epoch=0 train_batch=6000/15625 loss=6.140079
[rank 2] epoch=0 train_batch=8000/15625 loss=4.526318
[rank 2] epoch=0 train_batch=10000/15625 loss=3.006657
[rank 2] epoch=0 train_batch=12000/15625 loss=2.982998
[rank 2] epoch=0 train_batch=14000/15625 loss=2.875400
[rank 2] epoch=1 train_batch=2000/15625 loss=2.917659
[rank 2] epoch=1 train_batch=4000/15625 loss=2.833093
[rank 2] epoch=1 train_batch=6000/15625 loss=2.869329
[rank 2] epoch=1 train_batch=8000/15625 loss=2.888783
[rank 2] epoch=1 train_batch=10000/15625 loss=2.803532
[rank 2] epoch=1 train_batch=12000/15625 loss=2.839028
[rank 2] epoch=1 train_batch=14000/15625 loss=2.833677
[rank 2] epoch=2 train_batch=2000/15625 loss=2.898680
[rank 2] epoch=2 train_batch=4000/15625 loss=2.853659
[rank 2] epoch=2 train_batch=6000/15625 loss=2.833751
[rank 2] epoch=2 train_batch=8000/15625 loss=2.900371
[rank 2] epoch=2 train_batch=10000/15625 loss=2.788988
[rank 2] epoch=2 train_batch=12000/15625 loss=2.900182
[rank 2] epoch=2 train_batch=14000/15625 loss=2.761683
[rank 2] epoch=3 train_batch=2000/15625 loss=2.823835
[rank 2] epoch=3 train_batch=4000/15625 loss=2.828434
[rank 2] epoch=3 train_batch=6000/15625 loss=2.861874
[rank 2] epoch=3 train_batch=8000/15625 loss=2.877089
[rank 2] epoch=3 train_batch=10000/15625 loss=2.889275
[rank 2] epoch=3 train_batch=12000/15625 loss=2.896934
[rank 2] epoch=3 train_batch=14000/15625 loss=2.808729
[rank 2] epoch=4 train_batch=2000/15625 loss=2.905771
[rank 2] epoch=4 train_batch=4000/15625 loss=2.768249
[rank 2] epoch=4 train_batch=6000/15625 loss=2.752437
[rank 2] epoch=4 train_batch=8000/15625 loss=2.818149
[rank 2] epoch=4 train_batch=10000/15625 loss=2.821521
[rank 2] epoch=4 train_batch=12000/15625 loss=2.801755
[rank 2] epoch=4 train_batch=14000/15625 loss=2.837898
[rank 2] epoch=5 train_batch=2000/15625 loss=2.850386
[rank 2] epoch=5 train_batch=4000/15625 loss=2.891079
[rank 2] epoch=5 train_batch=6000/15625 loss=2.877383
[rank 2] epoch=5 train_batch=8000/15625 loss=2.897302
[rank 2] epoch=5 train_batch=10000/15625 loss=2.891481
[rank 2] epoch=5 train_batch=12000/15625 loss=2.927331
[rank 2] epoch=5 train_batch=14000/15625 loss=2.853564
[rank 2] epoch=6 train_batch=2000/15625 loss=2.914423
[rank 2] epoch=6 train_batch=4000/15625 loss=2.824613
[rank 2] epoch=6 train_batch=6000/15625 loss=2.848155
[rank 2] epoch=6 train_batch=8000/15625 loss=2.857828
[rank 2] epoch=6 train_batch=10000/15625 loss=2.878330
[rank 2] epoch=6 train_batch=12000/15625 loss=2.807926
[rank 2] epoch=6 train_batch=14000/15625 loss=2.839296
[rank 2] epoch=7 train_batch=2000/15625 loss=2.903798
[rank 2] epoch=7 train_batch=4000/15625 loss=2.866687
[rank 2] epoch=7 train_batch=6000/15625 loss=2.857988
[rank 2] epoch=7 train_batch=8000/15625 loss=2.893486
[rank 2] epoch=7 train_batch=10000/15625 loss=2.888406
[rank 2] epoch=7 train_batch=12000/15625 loss=2.888451
[rank 2] epoch=7 train_batch=14000/15625 loss=2.848950
[rank 2] epoch=8 train_batch=2000/15625 loss=2.842285
[rank 2] epoch=8 train_batch=4000/15625 loss=2.862683
[rank 2] epoch=8 train_batch=6000/15625 loss=2.933850
[rank 2] epoch=8 train_batch=8000/15625 loss=2.925529
[rank 2] epoch=8 train_batch=10000/15625 loss=3.083819
[rank 2] epoch=8 train_batch=12000/15625 loss=2.942207
[rank 2] epoch=8 train_batch=14000/15625 loss=2.909194
[rank 2] epoch=9 train_batch=2000/15625 loss=2.895943
[rank 2] epoch=9 train_batch=4000/15625 loss=2.874167
[rank 2] epoch=9 train_batch=6000/15625 loss=2.896986
[rank 2] epoch=9 train_batch=8000/15625 loss=2.851355
[rank 2] epoch=9 train_batch=10000/15625 loss=2.909599
[rank 2] epoch=9 train_batch=12000/15625 loss=2.831150
[rank 2] epoch=9 train_batch=14000/15625 loss=2.916529
[rank 2] epoch=10 train_batch=2000/15625 loss=2.932311
[rank 2] epoch=10 train_batch=4000/15625 loss=2.905576
[rank 2] epoch=10 train_batch=6000/15625 loss=2.939245
[rank 2] epoch=10 train_batch=8000/15625 loss=2.901264
[rank 2] epoch=10 train_batch=10000/15625 loss=2.855681
[rank 2] epoch=10 train_batch=12000/15625 loss=2.929643
[rank 2] epoch=10 train_batch=14000/15625 loss=2.862634
[rank 2] epoch=11 train_batch=2000/15625 loss=2.870899
[rank 2] epoch=11 train_batch=4000/15625 loss=2.880843
[rank 2] epoch=11 train_batch=6000/15625 loss=2.918476
[rank 2] epoch=11 train_batch=8000/15625 loss=2.935992
[rank 2] epoch=11 train_batch=10000/15625 loss=2.914598
[rank 2] epoch=11 train_batch=12000/15625 loss=2.960496
[rank 2] epoch=11 train_batch=14000/15625 loss=2.877869
[rank 2] epoch=12 train_batch=2000/15625 loss=2.846516
[rank 2] epoch=12 train_batch=4000/15625 loss=2.895544
[rank 2] epoch=12 train_batch=6000/15625 loss=2.887436
[rank 2] epoch=12 train_batch=8000/15625 loss=2.924569
[rank 2] epoch=12 train_batch=10000/15625 loss=2.916715
[rank 2] epoch=12 train_batch=12000/15625 loss=2.872645
[rank 2] epoch=12 train_batch=14000/15625 loss=2.892969
[rank 2] epoch=13 train_batch=2000/15625 loss=2.956493
[rank 2] epoch=13 train_batch=4000/15625 loss=2.899647
[rank 2] epoch=13 train_batch=6000/15625 loss=2.908805
[rank 2] epoch=13 train_batch=8000/15625 loss=2.965696
[rank 2] epoch=13 train_batch=10000/15625 loss=2.895168
[rank 2] epoch=13 train_batch=12000/15625 loss=2.870655
[rank 2] epoch=13 train_batch=14000/15625 loss=2.945638
[rank 2] epoch=14 train_batch=2000/15625 loss=2.869633
[rank 2] epoch=14 train_batch=4000/15625 loss=2.840431
[rank 2] epoch=14 train_batch=6000/15625 loss=2.849968
[rank 2] epoch=14 train_batch=8000/15625 loss=2.905675
[rank 2] epoch=14 train_batch=10000/15625 loss=2.927807
[rank 2] epoch=14 train_batch=12000/15625 loss=2.887707
[rank 2] epoch=14 train_batch=14000/15625 loss=2.896965
[rank 2] epoch=15 train_batch=2000/15625 loss=2.894108
[rank 2] epoch=15 train_batch=4000/15625 loss=2.843642
[rank 2] epoch=15 train_batch=6000/15625 loss=2.938784
[rank 2] epoch=15 train_batch=8000/15625 loss=2.846825
[rank 2] epoch=15 train_batch=10000/15625 loss=2.969406
[rank 2] epoch=15 train_batch=12000/15625 loss=2.908055
[rank 2] epoch=15 train_batch=14000/15625 loss=2.868838
[rank 2] epoch=16 train_batch=2000/15625 loss=2.918831
[rank 2] epoch=16 train_batch=4000/15625 loss=2.844530
[rank 2] epoch=16 train_batch=6000/15625 loss=2.827612
[rank 2] epoch=16 train_batch=8000/15625 loss=2.701314
[rank 2] epoch=16 train_batch=10000/15625 loss=2.765804
[rank 2] epoch=16 train_batch=12000/15625 loss=2.782298
[rank 2] epoch=16 train_batch=14000/15625 loss=2.695335
[rank 2] epoch=17 train_batch=2000/15625 loss=2.743332
[rank 2] epoch=17 train_batch=4000/15625 loss=2.686792
[rank 2] epoch=17 train_batch=6000/15625 loss=2.673107
[rank 2] epoch=17 train_batch=8000/15625 loss=2.659282
[rank 2] epoch=17 train_batch=10000/15625 loss=2.692230
[rank 2] epoch=17 train_batch=12000/15625 loss=2.691469
[rank 2] epoch=17 train_batch=14000/15625 loss=2.627645
[rank 2] epoch=18 train_batch=2000/15625 loss=2.636121
[rank 2] epoch=18 train_batch=4000/15625 loss=2.559599
[rank 2] epoch=18 train_batch=6000/15625 loss=2.553471
[rank 2] epoch=18 train_batch=8000/15625 loss=2.662203
[rank 2] epoch=18 train_batch=10000/15625 loss=2.707352
[rank 2] epoch=18 train_batch=12000/15625 loss=2.576852
[rank 2] epoch=18 train_batch=14000/15625 loss=2.574679
[rank 2] epoch=19 train_batch=2000/15625 loss=2.499252
[rank 2] epoch=19 train_batch=4000/15625 loss=2.696419
[rank 2] epoch=19 train_batch=6000/15625 loss=2.582830
[rank 2] epoch=19 train_batch=8000/15625 loss=2.564274
[rank 2] epoch=19 train_batch=10000/15625 loss=2.553780
[rank 2] epoch=19 train_batch=12000/15625 loss=2.601160
[rank 2] epoch=19 train_batch=14000/15625 loss=2.590538
[rank 2] epoch=20 train_batch=2000/15625 loss=2.612494
[rank 2] epoch=20 train_batch=4000/15625 loss=2.493806
[rank 2] epoch=20 train_batch=6000/15625 loss=2.621742
[rank 2] epoch=20 train_batch=8000/15625 loss=2.505847
[rank 2] epoch=20 train_batch=10000/15625 loss=2.500175
[rank 2] epoch=20 train_batch=12000/15625 loss=2.534749
[rank 2] epoch=20 train_batch=14000/15625 loss=2.557303
[rank 2] epoch=21 train_batch=2000/15625 loss=2.576877
[rank 2] epoch=21 train_batch=4000/15625 loss=2.539004
[rank 2] epoch=21 train_batch=6000/15625 loss=2.546374
[rank 2] epoch=21 train_batch=8000/15625 loss=2.549920
[rank 2] epoch=21 train_batch=10000/15625 loss=2.506437
[rank 2] epoch=21 train_batch=12000/15625 loss=2.571746
[rank 2] epoch=21 train_batch=14000/15625 loss=2.591210
[rank 2] epoch=22 train_batch=2000/15625 loss=2.605184
[rank 2] epoch=22 train_batch=4000/15625 loss=2.502827
[rank 2] epoch=22 train_batch=6000/15625 loss=2.585226
[rank 2] epoch=22 train_batch=8000/15625 loss=2.531909
[rank 2] epoch=22 train_batch=10000/15625 loss=2.518840
[rank 2] epoch=22 train_batch=12000/15625 loss=2.507323
[rank 2] epoch=22 train_batch=14000/15625 loss=2.514663
[rank 2] epoch=23 train_batch=2000/15625 loss=2.480621
[rank 2] epoch=23 train_batch=4000/15625 loss=2.454185
[rank 2] epoch=23 train_batch=6000/15625 loss=2.576604
[rank 2] epoch=23 train_batch=8000/15625 loss=2.498585
[rank 2] epoch=23 train_batch=10000/15625 loss=2.544946
[rank 2] epoch=23 train_batch=12000/15625 loss=2.573046
[rank 2] epoch=23 train_batch=14000/15625 loss=2.543683
[rank 2] epoch=24 train_batch=2000/15625 loss=2.548027
[rank 2] epoch=24 train_batch=4000/15625 loss=2.522864
[rank 2] epoch=24 train_batch=6000/15625 loss=2.471669
[rank 2] epoch=24 train_batch=8000/15625 loss=2.556370
[rank 2] epoch=24 train_batch=10000/15625 loss=2.493862
[rank 2] epoch=24 train_batch=12000/15625 loss=2.513389
[rank 2] epoch=24 train_batch=14000/15625 loss=2.629282
[rank 2] epoch=25 train_batch=2000/15625 loss=2.512561
[rank 2] epoch=25 train_batch=4000/15625 loss=2.511598
[rank 2] epoch=25 train_batch=6000/15625 loss=2.503660
[rank 2] epoch=25 train_batch=8000/15625 loss=2.535426
[rank 2] epoch=25 train_batch=10000/15625 loss=2.501327
[rank 2] epoch=25 train_batch=12000/15625 loss=2.457989
[rank 2] epoch=25 train_batch=14000/15625 loss=2.535168
[rank 2] epoch=26 train_batch=2000/15625 loss=2.510212
[rank 2] epoch=26 train_batch=4000/15625 loss=2.464178
[rank 2] epoch=26 train_batch=6000/15625 loss=2.543427
[rank 2] epoch=26 train_batch=8000/15625 loss=2.448722
[rank 2] epoch=26 train_batch=10000/15625 loss=2.522196
[rank 2] epoch=26 train_batch=12000/15625 loss=2.519731
[rank 2] epoch=26 train_batch=14000/15625 loss=2.547868
[rank 2] epoch=27 train_batch=2000/15625 loss=2.440693
[rank 2] epoch=27 train_batch=4000/15625 loss=2.513426
[rank 2] epoch=27 train_batch=6000/15625 loss=2.423372
[rank 2] epoch=27 train_batch=8000/15625 loss=2.464642
[rank 2] epoch=27 train_batch=10000/15625 loss=2.490894
[rank 2] epoch=27 train_batch=12000/15625 loss=2.565870
[rank 2] epoch=27 train_batch=14000/15625 loss=2.537694
[rank 2] epoch=28 train_batch=2000/15625 loss=2.449387
[rank 2] epoch=28 train_batch=4000/15625 loss=2.474125
[rank 2] epoch=28 train_batch=6000/15625 loss=2.554551
[rank 2] epoch=28 train_batch=8000/15625 loss=2.453515
[rank 2] epoch=28 train_batch=10000/15625 loss=2.527431
[rank 2] epoch=28 train_batch=12000/15625 loss=2.451180
[rank 2] epoch=28 train_batch=14000/15625 loss=2.508012
[rank 2] epoch=29 train_batch=2000/15625 loss=2.434421
[rank 2] epoch=29 train_batch=4000/15625 loss=2.466645
[rank 2] epoch=29 train_batch=6000/15625 loss=2.552041
[rank 2] epoch=29 train_batch=8000/15625 loss=2.462309
[rank 2] epoch=29 train_batch=10000/15625 loss=2.858951
[rank 2] epoch=29 train_batch=12000/15625 loss=2.529344
[rank 2] epoch=29 train_batch=14000/15625 loss=2.428431
[rank 2] epoch=30 train_batch=2000/15625 loss=2.419644
