cuda:2
thetaphi at main: True
Loading dataset...
Using ILCStreamingDataset (shuffle_buffer=256, files_per_chunk=32, seed=1001)
ILCStreamingDataset: path=/data/suehara/mldata/pfa/murata/data/tc/tc_nnqq_2M, files=20000, events~=2000000, shuffle_buffer=256, files_per_chunk=32
Using ILCStreamingDataset (shuffle_buffer=256, files_per_chunk=32, seed=1001)
ILCStreamingDataset: path=/data/suehara/mldata/pfa/murata/data/tc/tc_nnqq_new/train, files=716, events~=94400, shuffle_buffer=256, files_per_chunk=32
Training dataset size:  2000000
Validating dataset size:  94400
Batch size:  128
Loading GravNetModelMultiHead (heads=3, reg_heads=2, interaction=none)
restart period :  30
[rank 2] epoch=0 train_batch=2000/15625 loss=1.059135
[rank 2] epoch=0 train_batch=4000/15625 loss=1.045049
[rank 2] epoch=0 train_batch=6000/15625 loss=1.041355
[rank 2] epoch=0 train_batch=8000/15625 loss=1.039929
[rank 2] epoch=0 train_batch=10000/15625 loss=1.037322
[rank 2] epoch=0 train_batch=12000/15625 loss=1.040108
[rank 2] epoch=0 train_batch=14000/15625 loss=1.025798
[rank 2] epoch=1 train_batch=2000/15625 loss=1.023154
[rank 2] epoch=1 train_batch=4000/15625 loss=1.022463
[rank 2] epoch=1 train_batch=6000/15625 loss=1.017694
[rank 2] epoch=1 train_batch=8000/15625 loss=1.019141
[rank 2] epoch=1 train_batch=10000/15625 loss=1.016142
[rank 2] epoch=1 train_batch=12000/15625 loss=1.015459
[rank 2] epoch=1 train_batch=14000/15625 loss=1.015283
[rank 2] epoch=2 train_batch=2000/15625 loss=1.722185
[rank 2] epoch=2 train_batch=4000/15625 loss=1.556757
[rank 2] epoch=2 train_batch=6000/15625 loss=1.537559
[rank 2] epoch=2 train_batch=8000/15625 loss=1.562260
[rank 2] epoch=2 train_batch=10000/15625 loss=1.494345
[rank 2] epoch=2 train_batch=12000/15625 loss=1.442366
[rank 2] epoch=2 train_batch=14000/15625 loss=1.311740
[rank 2] epoch=3 train_batch=2000/15625 loss=1.367014
[rank 2] epoch=3 train_batch=4000/15625 loss=1.309084
[rank 2] epoch=3 train_batch=6000/15625 loss=1.368155
[rank 2] epoch=3 train_batch=8000/15625 loss=1.327326
[rank 2] epoch=3 train_batch=10000/15625 loss=1.359057
[rank 2] epoch=3 train_batch=12000/15625 loss=1.304187
[rank 2] epoch=3 train_batch=14000/15625 loss=1.275065
[rank 2] epoch=4 train_batch=2000/15625 loss=1.881590
[rank 2] epoch=4 train_batch=4000/15625 loss=1.716475
[rank 2] epoch=4 train_batch=6000/15625 loss=1.705126
[rank 2] epoch=4 train_batch=8000/15625 loss=1.682126
[rank 2] epoch=4 train_batch=10000/15625 loss=1.770358
[rank 2] epoch=4 train_batch=12000/15625 loss=1.646259
[rank 2] epoch=4 train_batch=14000/15625 loss=1.713566
[rank 2] epoch=5 train_batch=2000/15625 loss=1.615469
[rank 2] epoch=5 train_batch=4000/15625 loss=1.683074
[rank 2] epoch=5 train_batch=6000/15625 loss=1.602069
[rank 2] epoch=5 train_batch=8000/15625 loss=1.664734
[rank 2] epoch=5 train_batch=10000/15625 loss=1.669881
[rank 2] epoch=5 train_batch=12000/15625 loss=1.644269
[rank 2] epoch=5 train_batch=14000/15625 loss=1.625819
[rank 2] epoch=6 train_batch=2000/15625 loss=1.622761
[rank 2] epoch=6 train_batch=4000/15625 loss=1.606886
[rank 2] epoch=6 train_batch=6000/15625 loss=1.603756
[rank 2] epoch=6 train_batch=8000/15625 loss=1.565315
[rank 2] epoch=6 train_batch=10000/15625 loss=1.665252
[rank 2] epoch=6 train_batch=12000/15625 loss=1.498013
[rank 2] epoch=6 train_batch=14000/15625 loss=1.569129
[rank 2] epoch=7 train_batch=2000/15625 loss=1.579429
[rank 2] epoch=7 train_batch=4000/15625 loss=1.610268
[rank 2] epoch=7 train_batch=6000/15625 loss=1.610170
[rank 2] epoch=7 train_batch=8000/15625 loss=1.605923
[rank 2] epoch=7 train_batch=10000/15625 loss=1.559199
[rank 2] epoch=7 train_batch=12000/15625 loss=1.671025
[rank 2] epoch=7 train_batch=14000/15625 loss=1.546768
[rank 2] epoch=8 train_batch=2000/15625 loss=1.487833
[rank 2] epoch=8 train_batch=4000/15625 loss=1.486151
[rank 2] epoch=8 train_batch=6000/15625 loss=1.563473
[rank 2] epoch=8 train_batch=8000/15625 loss=1.542508
[rank 2] epoch=8 train_batch=10000/15625 loss=1.645438
[rank 2] epoch=8 train_batch=12000/15625 loss=1.511179
[rank 2] epoch=8 train_batch=14000/15625 loss=1.512589
[rank 2] epoch=9 train_batch=2000/15625 loss=1.546798
[rank 2] epoch=9 train_batch=4000/15625 loss=1.562720
[rank 2] epoch=9 train_batch=6000/15625 loss=1.541687
[rank 2] epoch=9 train_batch=8000/15625 loss=1.544284
[rank 2] epoch=9 train_batch=10000/15625 loss=1.627253
[rank 2] epoch=9 train_batch=12000/15625 loss=1.468176
[rank 2] epoch=9 train_batch=14000/15625 loss=1.490918
[rank 2] epoch=10 train_batch=2000/15625 loss=1.580364
[rank 2] epoch=10 train_batch=4000/15625 loss=1.526961
[rank 2] epoch=10 train_batch=6000/15625 loss=1.585111
[rank 2] epoch=10 train_batch=8000/15625 loss=1.501450
[rank 2] epoch=10 train_batch=10000/15625 loss=1.503287
[rank 2] epoch=10 train_batch=12000/15625 loss=1.567129
[rank 2] epoch=10 train_batch=14000/15625 loss=1.494277
[rank 2] epoch=11 train_batch=2000/15625 loss=1.505749
[rank 2] epoch=11 train_batch=4000/15625 loss=1.504164
[rank 2] epoch=11 train_batch=6000/15625 loss=1.543325
[rank 2] epoch=11 train_batch=8000/15625 loss=1.560250
[rank 2] epoch=11 train_batch=10000/15625 loss=1.547644
[rank 2] epoch=11 train_batch=12000/15625 loss=1.530056
[rank 2] epoch=11 train_batch=14000/15625 loss=1.542619
[rank 2] epoch=12 train_batch=2000/15625 loss=1.530971
[rank 2] epoch=12 train_batch=4000/15625 loss=1.523246
[rank 2] epoch=12 train_batch=6000/15625 loss=1.504340
[rank 2] epoch=12 train_batch=8000/15625 loss=1.534775
[rank 2] epoch=12 train_batch=10000/15625 loss=1.601441
[rank 2] epoch=12 train_batch=12000/15625 loss=1.547614
[rank 2] epoch=12 train_batch=14000/15625 loss=1.489820
[rank 2] epoch=13 train_batch=2000/15625 loss=1.557284
[rank 2] epoch=13 train_batch=4000/15625 loss=1.555036
[rank 2] epoch=13 train_batch=6000/15625 loss=1.541111
[rank 2] epoch=13 train_batch=8000/15625 loss=1.519544
[rank 2] epoch=13 train_batch=10000/15625 loss=1.559507
[rank 2] epoch=13 train_batch=12000/15625 loss=1.526299
[rank 2] epoch=13 train_batch=14000/15625 loss=1.540311
[rank 2] epoch=14 train_batch=2000/15625 loss=1.494931
[rank 2] epoch=14 train_batch=4000/15625 loss=1.534287
[rank 2] epoch=14 train_batch=6000/15625 loss=1.484926
[rank 2] epoch=14 train_batch=8000/15625 loss=1.524026
[rank 2] epoch=14 train_batch=10000/15625 loss=1.557220
[rank 2] epoch=14 train_batch=12000/15625 loss=1.526106
[rank 2] epoch=14 train_batch=14000/15625 loss=1.569884
[rank 2] epoch=15 train_batch=2000/15625 loss=1.469158
[rank 2] epoch=15 train_batch=4000/15625 loss=1.437312
[rank 2] epoch=15 train_batch=6000/15625 loss=1.567301
[rank 2] epoch=15 train_batch=8000/15625 loss=1.443761
[rank 2] epoch=15 train_batch=10000/15625 loss=1.525682
[rank 2] epoch=15 train_batch=12000/15625 loss=1.496494
[rank 2] epoch=15 train_batch=14000/15625 loss=1.463565
[rank 2] epoch=16 train_batch=2000/15625 loss=1.566676
[rank 2] epoch=16 train_batch=4000/15625 loss=1.544558
[rank 2] epoch=16 train_batch=6000/15625 loss=1.478005
[rank 2] epoch=16 train_batch=8000/15625 loss=1.458040
[rank 2] epoch=16 train_batch=10000/15625 loss=1.496846
[rank 2] epoch=16 train_batch=12000/15625 loss=1.498695
[rank 2] epoch=16 train_batch=14000/15625 loss=1.475011
[rank 2] epoch=17 train_batch=2000/15625 loss=1.542323
[rank 2] epoch=17 train_batch=4000/15625 loss=1.488344
[rank 2] epoch=17 train_batch=6000/15625 loss=1.559740
[rank 2] epoch=17 train_batch=8000/15625 loss=1.489015
[rank 2] epoch=17 train_batch=10000/15625 loss=1.527670
[rank 2] epoch=17 train_batch=12000/15625 loss=1.449780
[rank 2] epoch=17 train_batch=14000/15625 loss=1.455722
[rank 2] epoch=18 train_batch=2000/15625 loss=1.566674
[rank 2] epoch=18 train_batch=4000/15625 loss=1.538999
[rank 2] epoch=18 train_batch=6000/15625 loss=1.550638
[rank 2] epoch=18 train_batch=8000/15625 loss=1.539400
[rank 2] epoch=18 train_batch=10000/15625 loss=1.529540
[rank 2] epoch=18 train_batch=12000/15625 loss=1.486677
[rank 2] epoch=18 train_batch=14000/15625 loss=1.430683
[rank 2] epoch=19 train_batch=2000/15625 loss=1.432286
[rank 2] epoch=19 train_batch=4000/15625 loss=1.522978
[rank 2] epoch=19 train_batch=6000/15625 loss=1.493002
[rank 2] epoch=19 train_batch=8000/15625 loss=1.491953
[rank 2] epoch=19 train_batch=10000/15625 loss=1.441641
[rank 2] epoch=19 train_batch=12000/15625 loss=1.503996
[rank 2] epoch=19 train_batch=14000/15625 loss=1.537925
[rank 2] epoch=20 train_batch=2000/15625 loss=1.515160
[rank 2] epoch=20 train_batch=4000/15625 loss=1.417613
[rank 2] epoch=20 train_batch=6000/15625 loss=1.544195
[rank 2] epoch=20 train_batch=8000/15625 loss=1.432773
[rank 2] epoch=20 train_batch=10000/15625 loss=1.447343
[rank 2] epoch=20 train_batch=12000/15625 loss=1.398119
[rank 2] epoch=20 train_batch=14000/15625 loss=1.438869
[rank 2] epoch=21 train_batch=2000/15625 loss=1.480078
[rank 2] epoch=21 train_batch=4000/15625 loss=1.449233
[rank 2] epoch=21 train_batch=6000/15625 loss=1.453527
[rank 2] epoch=21 train_batch=8000/15625 loss=1.440562
[rank 2] epoch=21 train_batch=10000/15625 loss=1.429458
[rank 2] epoch=21 train_batch=12000/15625 loss=1.436540
[rank 2] epoch=21 train_batch=14000/15625 loss=1.497861
[rank 2] epoch=22 train_batch=2000/15625 loss=1.508946
[rank 2] epoch=22 train_batch=4000/15625 loss=1.436633
[rank 2] epoch=22 train_batch=6000/15625 loss=1.483196
[rank 2] epoch=22 train_batch=8000/15625 loss=1.419087
[rank 2] epoch=22 train_batch=10000/15625 loss=1.453946
[rank 2] epoch=22 train_batch=12000/15625 loss=1.429129
[rank 2] epoch=22 train_batch=14000/15625 loss=1.403293
[rank 2] epoch=23 train_batch=2000/15625 loss=1.431647
[rank 2] epoch=23 train_batch=4000/15625 loss=1.417763
[rank 2] epoch=23 train_batch=6000/15625 loss=1.470686
[rank 2] epoch=23 train_batch=8000/15625 loss=1.422148
[rank 2] epoch=23 train_batch=10000/15625 loss=1.442993
[rank 2] epoch=23 train_batch=12000/15625 loss=1.485322
[rank 2] epoch=23 train_batch=14000/15625 loss=1.464767
[rank 2] epoch=24 train_batch=2000/15625 loss=1.462523
[rank 2] epoch=24 train_batch=4000/15625 loss=1.435760
[rank 2] epoch=24 train_batch=6000/15625 loss=1.368693
[rank 2] epoch=24 train_batch=8000/15625 loss=1.458868
[rank 2] epoch=24 train_batch=10000/15625 loss=1.454201
[rank 2] epoch=24 train_batch=12000/15625 loss=1.393113
[rank 2] epoch=24 train_batch=14000/15625 loss=1.540903
[rank 2] epoch=25 train_batch=2000/15625 loss=1.408149
[rank 2] epoch=25 train_batch=4000/15625 loss=1.486710
[rank 2] epoch=25 train_batch=6000/15625 loss=1.409960
[rank 2] epoch=25 train_batch=8000/15625 loss=1.492516
[rank 2] epoch=25 train_batch=10000/15625 loss=1.445439
[rank 2] epoch=25 train_batch=12000/15625 loss=1.423706
[rank 2] epoch=25 train_batch=14000/15625 loss=1.426895
[rank 2] epoch=26 train_batch=2000/15625 loss=1.487309
[rank 2] epoch=26 train_batch=4000/15625 loss=1.404829
[rank 2] epoch=26 train_batch=6000/15625 loss=1.492582
[rank 2] epoch=26 train_batch=8000/15625 loss=1.440278
[rank 2] epoch=26 train_batch=10000/15625 loss=1.499542
[rank 2] epoch=26 train_batch=12000/15625 loss=1.486807
[rank 2] epoch=26 train_batch=14000/15625 loss=1.533984
[rank 2] epoch=27 train_batch=2000/15625 loss=1.409388
[rank 2] epoch=27 train_batch=4000/15625 loss=1.447636
[rank 2] epoch=27 train_batch=6000/15625 loss=1.393871
[rank 2] epoch=27 train_batch=8000/15625 loss=1.420137
[rank 2] epoch=27 train_batch=10000/15625 loss=1.421245
[rank 2] epoch=27 train_batch=12000/15625 loss=1.474581
[rank 2] epoch=27 train_batch=14000/15625 loss=1.504735
[rank 2] epoch=28 train_batch=2000/15625 loss=1.350616
[rank 2] epoch=28 train_batch=4000/15625 loss=1.413719
[rank 2] epoch=28 train_batch=6000/15625 loss=1.462598
[rank 2] epoch=28 train_batch=8000/15625 loss=1.393200
[rank 2] epoch=28 train_batch=10000/15625 loss=1.457640
[rank 2] epoch=28 train_batch=12000/15625 loss=1.437872
[rank 2] epoch=28 train_batch=14000/15625 loss=1.530159
[rank 2] epoch=29 train_batch=2000/15625 loss=1.389851
[rank 2] epoch=29 train_batch=4000/15625 loss=1.405595
[rank 2] epoch=29 train_batch=6000/15625 loss=1.499146
[rank 2] epoch=29 train_batch=8000/15625 loss=1.454724
[rank 2] epoch=29 train_batch=10000/15625 loss=1.753675
[rank 2] epoch=29 train_batch=12000/15625 loss=1.523810
[rank 2] epoch=29 train_batch=14000/15625 loss=1.461575
[rank 2] epoch=30 train_batch=2000/15625 loss=1.514308
[rank 2] epoch=30 train_batch=4000/15625 loss=1.588025
[rank 2] epoch=30 train_batch=6000/15625 loss=1.544883
[rank 2] epoch=30 train_batch=8000/15625 loss=1.538597
[rank 2] epoch=30 train_batch=10000/15625 loss=1.563808
[rank 2] epoch=30 train_batch=12000/15625 loss=1.408874
[rank 2] epoch=30 train_batch=14000/15625 loss=1.527122
[rank 2] epoch=31 train_batch=2000/15625 loss=1.480152
[rank 2] epoch=31 train_batch=4000/15625 loss=1.455852
[rank 2] epoch=31 train_batch=6000/15625 loss=1.496306
[rank 2] epoch=31 train_batch=8000/15625 loss=1.517994
[rank 2] epoch=31 train_batch=10000/15625 loss=1.526060
[rank 2] epoch=31 train_batch=12000/15625 loss=1.513881
[rank 2] epoch=31 train_batch=14000/15625 loss=1.540775
[rank 2] epoch=32 train_batch=2000/15625 loss=1.468216
[rank 2] epoch=32 train_batch=4000/15625 loss=1.888359
[rank 2] epoch=32 train_batch=6000/15625 loss=1.581107
[rank 2] epoch=32 train_batch=8000/15625 loss=1.495239
[rank 2] epoch=32 train_batch=10000/15625 loss=1.510917
[rank 2] epoch=32 train_batch=12000/15625 loss=1.464202
[rank 2] epoch=32 train_batch=14000/15625 loss=1.445123
[rank 2] epoch=33 train_batch=2000/15625 loss=1.560102
[rank 2] epoch=33 train_batch=4000/15625 loss=1.517204
[rank 2] epoch=33 train_batch=6000/15625 loss=1.518158
[rank 2] epoch=33 train_batch=8000/15625 loss=1.440862
[rank 2] epoch=33 train_batch=10000/15625 loss=1.504168
[rank 2] epoch=33 train_batch=12000/15625 loss=1.521080
[rank 2] epoch=33 train_batch=14000/15625 loss=1.616232
[rank 2] epoch=34 train_batch=2000/15625 loss=1.476392
[rank 2] epoch=34 train_batch=4000/15625 loss=1.424075
[rank 2] epoch=34 train_batch=6000/15625 loss=1.468032
[rank 2] epoch=34 train_batch=8000/15625 loss=1.496496
[rank 2] epoch=34 train_batch=10000/15625 loss=1.475801
[rank 2] epoch=34 train_batch=12000/15625 loss=1.477333
[rank 2] epoch=34 train_batch=14000/15625 loss=1.541204
[rank 2] epoch=35 train_batch=2000/15625 loss=1.498594
[rank 2] epoch=35 train_batch=4000/15625 loss=1.543632
[rank 2] epoch=35 train_batch=6000/15625 loss=1.482751
[rank 2] epoch=35 train_batch=8000/15625 loss=1.570239
[rank 2] epoch=35 train_batch=10000/15625 loss=1.536862
[rank 2] epoch=35 train_batch=12000/15625 loss=1.482417
[rank 2] epoch=35 train_batch=14000/15625 loss=1.503138
[rank 2] epoch=36 train_batch=2000/15625 loss=1.459780
[rank 2] epoch=36 train_batch=4000/15625 loss=1.515735
[rank 2] epoch=36 train_batch=6000/15625 loss=1.575760
[rank 2] epoch=36 train_batch=8000/15625 loss=1.745894
[rank 2] epoch=36 train_batch=10000/15625 loss=1.464661
[rank 2] epoch=36 train_batch=12000/15625 loss=1.484758
[rank 2] epoch=36 train_batch=14000/15625 loss=1.524179
[rank 2] epoch=37 train_batch=2000/15625 loss=1.492743
[rank 2] epoch=37 train_batch=4000/15625 loss=1.521796
[rank 2] epoch=37 train_batch=6000/15625 loss=1.513030
[rank 2] epoch=37 train_batch=8000/15625 loss=1.414453
[rank 2] epoch=37 train_batch=10000/15625 loss=1.477817
[rank 2] epoch=37 train_batch=12000/15625 loss=1.448815
[rank 2] epoch=37 train_batch=14000/15625 loss=1.416415
[rank 2] epoch=38 train_batch=2000/15625 loss=1.455276
[rank 2] epoch=38 train_batch=4000/15625 loss=1.604225
[rank 2] epoch=38 train_batch=6000/15625 loss=1.479248
[rank 2] epoch=38 train_batch=8000/15625 loss=1.493662
[rank 2] epoch=38 train_batch=10000/15625 loss=1.500896
[rank 2] epoch=38 train_batch=12000/15625 loss=1.490424
[rank 2] epoch=38 train_batch=14000/15625 loss=1.489871
[rank 2] epoch=39 train_batch=2000/15625 loss=1.532773
[rank 2] epoch=39 train_batch=4000/15625 loss=1.475346
[rank 2] epoch=39 train_batch=6000/15625 loss=1.528142
[rank 2] epoch=39 train_batch=8000/15625 loss=1.481552
[rank 2] epoch=39 train_batch=10000/15625 loss=1.458798
[rank 2] epoch=39 train_batch=12000/15625 loss=1.427082
[rank 2] epoch=39 train_batch=14000/15625 loss=1.445858
[rank 2] epoch=40 train_batch=2000/15625 loss=1.444798
[rank 2] epoch=40 train_batch=4000/15625 loss=1.535072
[rank 2] epoch=40 train_batch=6000/15625 loss=1.488368
[rank 2] epoch=40 train_batch=8000/15625 loss=1.491949
[rank 2] epoch=40 train_batch=10000/15625 loss=1.487363
[rank 2] epoch=40 train_batch=12000/15625 loss=1.452614
[rank 2] epoch=40 train_batch=14000/15625 loss=1.410081
[rank 2] epoch=41 train_batch=2000/15625 loss=1.493318
[rank 2] epoch=41 train_batch=4000/15625 loss=1.451096
[rank 2] epoch=41 train_batch=6000/15625 loss=1.480157
[rank 2] epoch=41 train_batch=8000/15625 loss=1.531879
[rank 2] epoch=41 train_batch=10000/15625 loss=1.460092
[rank 2] epoch=41 train_batch=12000/15625 loss=1.476313
[rank 2] epoch=41 train_batch=14000/15625 loss=1.470453
[rank 2] epoch=42 train_batch=2000/15625 loss=1.387290
[rank 2] epoch=42 train_batch=4000/15625 loss=1.465998
[rank 2] epoch=42 train_batch=6000/15625 loss=1.453080
[rank 2] epoch=42 train_batch=8000/15625 loss=1.509459
[rank 2] epoch=42 train_batch=10000/15625 loss=1.461708
[rank 2] epoch=42 train_batch=12000/15625 loss=1.529349
[rank 2] epoch=42 train_batch=14000/15625 loss=1.412947
[rank 2] epoch=43 train_batch=2000/15625 loss=1.430203
[rank 2] epoch=43 train_batch=4000/15625 loss=1.523644
[rank 2] epoch=43 train_batch=6000/15625 loss=1.531547
[rank 2] epoch=43 train_batch=8000/15625 loss=1.476079
[rank 2] epoch=43 train_batch=10000/15625 loss=1.466386
[rank 2] epoch=43 train_batch=12000/15625 loss=1.515111
[rank 2] epoch=43 train_batch=14000/15625 loss=1.427741
[rank 2] epoch=44 train_batch=2000/15625 loss=1.451772
[rank 2] epoch=44 train_batch=4000/15625 loss=1.363556
[rank 2] epoch=44 train_batch=6000/15625 loss=1.499578
[rank 2] epoch=44 train_batch=8000/15625 loss=1.542611
[rank 2] epoch=44 train_batch=10000/15625 loss=1.467109
[rank 2] epoch=44 train_batch=12000/15625 loss=1.489642
[rank 2] epoch=44 train_batch=14000/15625 loss=1.403247
[rank 2] epoch=45 train_batch=2000/15625 loss=1.372672
[rank 2] epoch=45 train_batch=4000/15625 loss=1.452838
[rank 2] epoch=45 train_batch=6000/15625 loss=1.504252
[rank 2] epoch=45 train_batch=8000/15625 loss=1.488149
[rank 2] epoch=45 train_batch=10000/15625 loss=1.501454
[rank 2] epoch=45 train_batch=12000/15625 loss=1.433082
[rank 2] epoch=45 train_batch=14000/15625 loss=1.466166
[rank 2] epoch=46 train_batch=2000/15625 loss=1.440963
[rank 2] epoch=46 train_batch=4000/15625 loss=1.456542
[rank 2] epoch=46 train_batch=6000/15625 loss=1.459232
[rank 2] epoch=46 train_batch=8000/15625 loss=1.455104
[rank 2] epoch=46 train_batch=10000/15625 loss=1.421776
[rank 2] epoch=46 train_batch=12000/15625 loss=1.507337
[rank 2] epoch=46 train_batch=14000/15625 loss=1.430267
[rank 2] epoch=47 train_batch=2000/15625 loss=1.513276
[rank 2] epoch=47 train_batch=4000/15625 loss=1.427296
[rank 2] epoch=47 train_batch=6000/15625 loss=1.445056
[rank 2] epoch=47 train_batch=8000/15625 loss=1.518168
[rank 2] epoch=47 train_batch=10000/15625 loss=1.468896
[rank 2] epoch=47 train_batch=12000/15625 loss=1.484752
[rank 2] epoch=47 train_batch=14000/15625 loss=1.424250
[rank 2] epoch=48 train_batch=2000/15625 loss=1.500659
[rank 2] epoch=48 train_batch=4000/15625 loss=1.400098
[rank 2] epoch=48 train_batch=6000/15625 loss=1.460609
[rank 2] epoch=48 train_batch=8000/15625 loss=1.382201
[rank 2] epoch=48 train_batch=10000/15625 loss=1.481132
[rank 2] epoch=48 train_batch=12000/15625 loss=1.463392
[rank 2] epoch=48 train_batch=14000/15625 loss=1.471194
[rank 2] epoch=49 train_batch=2000/15625 loss=1.424936
[rank 2] epoch=49 train_batch=4000/15625 loss=1.451277
[rank 2] epoch=49 train_batch=6000/15625 loss=1.548223
[rank 2] epoch=49 train_batch=8000/15625 loss=1.417166
[rank 2] epoch=49 train_batch=10000/15625 loss=1.467778
[rank 2] epoch=49 train_batch=12000/15625 loss=1.442604
[rank 2] epoch=49 train_batch=14000/15625 loss=1.452207
[rank 2] epoch=50 train_batch=2000/15625 loss=1.516133
[rank 2] epoch=50 train_batch=4000/15625 loss=1.514780
[rank 2] epoch=50 train_batch=6000/15625 loss=1.472378
[rank 2] epoch=50 train_batch=8000/15625 loss=1.460560
[rank 2] epoch=50 train_batch=10000/15625 loss=1.469748
[rank 2] epoch=50 train_batch=12000/15625 loss=1.480727
[rank 2] epoch=50 train_batch=14000/15625 loss=1.408889
[rank 2] epoch=51 train_batch=2000/15625 loss=1.434502
[rank 2] epoch=51 train_batch=4000/15625 loss=1.449264
[rank 2] epoch=51 train_batch=6000/15625 loss=1.487605
[rank 2] epoch=51 train_batch=8000/15625 loss=1.467149
[rank 2] epoch=51 train_batch=10000/15625 loss=1.459828
[rank 2] epoch=51 train_batch=12000/15625 loss=1.461758
[rank 2] epoch=51 train_batch=14000/15625 loss=1.446227
[rank 2] epoch=52 train_batch=2000/15625 loss=1.488250
[rank 2] epoch=52 train_batch=4000/15625 loss=1.461760
[rank 2] epoch=52 train_batch=6000/15625 loss=1.364434
[rank 2] epoch=52 train_batch=8000/15625 loss=1.403504
[rank 2] epoch=52 train_batch=10000/15625 loss=1.470809
[rank 2] epoch=52 train_batch=12000/15625 loss=1.427143
[rank 2] epoch=52 train_batch=14000/15625 loss=1.514018
[rank 2] epoch=53 train_batch=2000/15625 loss=1.422301
[rank 2] epoch=53 train_batch=4000/15625 loss=1.424968
[rank 2] epoch=53 train_batch=6000/15625 loss=1.530252
[rank 2] epoch=53 train_batch=8000/15625 loss=1.416874
[rank 2] epoch=53 train_batch=10000/15625 loss=1.484624
[rank 2] epoch=53 train_batch=12000/15625 loss=1.446891
[rank 2] epoch=53 train_batch=14000/15625 loss=1.468005
[rank 2] epoch=54 train_batch=2000/15625 loss=1.463223
[rank 2] epoch=54 train_batch=4000/15625 loss=1.455706
[rank 2] epoch=54 train_batch=6000/15625 loss=1.373411
[rank 2] epoch=54 train_batch=8000/15625 loss=1.462194
[rank 2] epoch=54 train_batch=10000/15625 loss=1.402700
[rank 2] epoch=54 train_batch=12000/15625 loss=1.435170
[rank 2] epoch=54 train_batch=14000/15625 loss=1.387308
[rank 2] epoch=55 train_batch=2000/15625 loss=1.416058
[rank 2] epoch=55 train_batch=4000/15625 loss=1.381715
[rank 2] epoch=55 train_batch=6000/15625 loss=1.439499
[rank 2] epoch=55 train_batch=8000/15625 loss=1.443079
[rank 2] epoch=55 train_batch=10000/15625 loss=1.371223
[rank 2] epoch=55 train_batch=12000/15625 loss=1.456459
[rank 2] epoch=55 train_batch=14000/15625 loss=1.452458
[rank 2] epoch=56 train_batch=2000/15625 loss=1.484465
[rank 2] epoch=56 train_batch=4000/15625 loss=1.388672
[rank 2] epoch=56 train_batch=6000/15625 loss=1.397355
[rank 2] epoch=56 train_batch=8000/15625 loss=1.485070
[rank 2] epoch=56 train_batch=10000/15625 loss=1.436715
[rank 2] epoch=56 train_batch=12000/15625 loss=1.409919
[rank 2] epoch=56 train_batch=14000/15625 loss=1.438740
[rank 2] epoch=57 train_batch=2000/15625 loss=1.439373
[rank 2] epoch=57 train_batch=4000/15625 loss=1.440123
[rank 2] epoch=57 train_batch=6000/15625 loss=1.486210
[rank 2] epoch=57 train_batch=8000/15625 loss=1.506397
[rank 2] epoch=57 train_batch=10000/15625 loss=1.449028
[rank 2] epoch=57 train_batch=12000/15625 loss=1.440757
[rank 2] epoch=57 train_batch=14000/15625 loss=1.388141
[rank 2] epoch=58 train_batch=2000/15625 loss=1.407723
[rank 2] epoch=58 train_batch=4000/15625 loss=1.391210
[rank 2] epoch=58 train_batch=6000/15625 loss=1.436050
[rank 2] epoch=58 train_batch=8000/15625 loss=1.426159
[rank 2] epoch=58 train_batch=10000/15625 loss=1.446119
[rank 2] epoch=58 train_batch=12000/15625 loss=1.476002
[rank 2] epoch=58 train_batch=14000/15625 loss=1.388981
[rank 2] epoch=59 train_batch=2000/15625 loss=1.388516
[rank 2] epoch=59 train_batch=4000/15625 loss=1.415220
[rank 2] epoch=59 train_batch=6000/15625 loss=1.413574
[rank 2] epoch=59 train_batch=8000/15625 loss=1.420946
[rank 2] epoch=59 train_batch=10000/15625 loss=1.376173
[rank 2] epoch=59 train_batch=12000/15625 loss=1.423753
[rank 2] epoch=59 train_batch=14000/15625 loss=1.459137
[rank 2] epoch=60 train_batch=2000/15625 loss=1.400148
[rank 2] epoch=60 train_batch=4000/15625 loss=1.381816
[rank 2] epoch=60 train_batch=6000/15625 loss=1.469440
[rank 2] epoch=60 train_batch=8000/15625 loss=1.501232
[rank 2] epoch=60 train_batch=10000/15625 loss=1.418732
[rank 2] epoch=60 train_batch=12000/15625 loss=1.354277
[rank 2] epoch=60 train_batch=14000/15625 loss=1.434201
[rank 2] epoch=61 train_batch=2000/15625 loss=1.455898
[rank 2] epoch=61 train_batch=4000/15625 loss=1.373809
[rank 2] epoch=61 train_batch=6000/15625 loss=1.470289
[rank 2] epoch=61 train_batch=8000/15625 loss=1.497663
[rank 2] epoch=61 train_batch=10000/15625 loss=1.383802
[rank 2] epoch=61 train_batch=12000/15625 loss=1.327393
[rank 2] epoch=61 train_batch=14000/15625 loss=1.471829
[rank 2] epoch=62 train_batch=2000/15625 loss=1.430157
[rank 2] epoch=62 train_batch=4000/15625 loss=1.458716
[rank 2] epoch=62 train_batch=6000/15625 loss=1.476582
[rank 2] epoch=62 train_batch=8000/15625 loss=1.405477
[rank 2] epoch=62 train_batch=10000/15625 loss=1.373314
[rank 2] epoch=62 train_batch=12000/15625 loss=1.437014
[rank 2] epoch=62 train_batch=14000/15625 loss=1.463102
[rank 2] epoch=63 train_batch=2000/15625 loss=1.477068
[rank 2] epoch=63 train_batch=4000/15625 loss=1.411751
[rank 2] epoch=63 train_batch=6000/15625 loss=1.462761
[rank 2] epoch=63 train_batch=8000/15625 loss=1.586723
[rank 2] epoch=63 train_batch=10000/15625 loss=1.501328
[rank 2] epoch=63 train_batch=12000/15625 loss=1.522361
[rank 2] epoch=63 train_batch=14000/15625 loss=1.520043
[rank 2] epoch=64 train_batch=2000/15625 loss=1.390371
[rank 2] epoch=64 train_batch=4000/15625 loss=1.652475
[rank 2] epoch=64 train_batch=6000/15625 loss=1.514176
[rank 2] epoch=64 train_batch=8000/15625 loss=1.447619
[rank 2] epoch=64 train_batch=10000/15625 loss=1.506555
[rank 2] epoch=64 train_batch=12000/15625 loss=1.475040
[rank 2] epoch=64 train_batch=14000/15625 loss=1.462672
[rank 2] epoch=65 train_batch=2000/15625 loss=1.527205
[rank 2] epoch=65 train_batch=4000/15625 loss=1.434714
[rank 2] epoch=65 train_batch=6000/15625 loss=1.490811
[rank 2] epoch=65 train_batch=8000/15625 loss=1.466350
[rank 2] epoch=65 train_batch=10000/15625 loss=1.505543
[rank 2] epoch=65 train_batch=12000/15625 loss=1.399879
[rank 2] epoch=65 train_batch=14000/15625 loss=1.444762
[rank 2] epoch=66 train_batch=2000/15625 loss=1.383269
[rank 2] epoch=66 train_batch=4000/15625 loss=1.423125
[rank 2] epoch=66 train_batch=6000/15625 loss=1.507640
[rank 2] epoch=66 train_batch=8000/15625 loss=1.498775
[rank 2] epoch=66 train_batch=10000/15625 loss=1.515550
[rank 2] epoch=66 train_batch=12000/15625 loss=1.416886
[rank 2] epoch=66 train_batch=14000/15625 loss=1.504770
[rank 2] epoch=67 train_batch=2000/15625 loss=1.521550
[rank 2] epoch=67 train_batch=4000/15625 loss=1.525185
[rank 2] epoch=67 train_batch=6000/15625 loss=1.510242
[rank 2] epoch=67 train_batch=8000/15625 loss=1.461029
[rank 2] epoch=67 train_batch=10000/15625 loss=1.422719
[rank 2] epoch=67 train_batch=12000/15625 loss=1.536933
[rank 2] epoch=67 train_batch=14000/15625 loss=1.608447
[rank 2] epoch=68 train_batch=2000/15625 loss=1.472820
[rank 2] epoch=68 train_batch=4000/15625 loss=1.433973
[rank 2] epoch=68 train_batch=6000/15625 loss=1.494255
[rank 2] epoch=68 train_batch=8000/15625 loss=1.409002
[rank 2] epoch=68 train_batch=10000/15625 loss=1.428119
[rank 2] epoch=68 train_batch=12000/15625 loss=1.437776
[rank 2] epoch=68 train_batch=14000/15625 loss=1.427781
[rank 2] epoch=69 train_batch=2000/15625 loss=1.458202
[rank 2] epoch=69 train_batch=4000/15625 loss=1.459460
[rank 2] epoch=69 train_batch=6000/15625 loss=1.407015
[rank 2] epoch=69 train_batch=8000/15625 loss=1.572031
[rank 2] epoch=69 train_batch=10000/15625 loss=1.427604
[rank 2] epoch=69 train_batch=12000/15625 loss=1.506966
[rank 2] epoch=69 train_batch=14000/15625 loss=1.444954
[rank 2] epoch=70 train_batch=2000/15625 loss=1.521877
[rank 2] epoch=70 train_batch=4000/15625 loss=1.570198
[rank 2] epoch=70 train_batch=6000/15625 loss=1.566546
[rank 2] epoch=70 train_batch=8000/15625 loss=1.499921
[rank 2] epoch=70 train_batch=10000/15625 loss=1.484690
[rank 2] epoch=70 train_batch=12000/15625 loss=1.426117
[rank 2] epoch=70 train_batch=14000/15625 loss=1.513296
[rank 2] epoch=71 train_batch=2000/15625 loss=1.486112
[rank 2] epoch=71 train_batch=4000/15625 loss=1.427259
[rank 2] epoch=71 train_batch=6000/15625 loss=1.473953
[rank 2] epoch=71 train_batch=8000/15625 loss=1.529209
[rank 2] epoch=71 train_batch=10000/15625 loss=1.516516
[rank 2] epoch=71 train_batch=12000/15625 loss=1.443133
[rank 2] epoch=71 train_batch=14000/15625 loss=1.479645
[rank 2] epoch=72 train_batch=2000/15625 loss=1.416605
[rank 2] epoch=72 train_batch=4000/15625 loss=1.462383
[rank 2] epoch=72 train_batch=6000/15625 loss=1.503993
[rank 2] epoch=72 train_batch=8000/15625 loss=1.406327
[rank 2] epoch=72 train_batch=10000/15625 loss=1.470987
[rank 2] epoch=72 train_batch=12000/15625 loss=1.570523
[rank 2] epoch=72 train_batch=14000/15625 loss=1.462363
[rank 2] epoch=73 train_batch=2000/15625 loss=1.503763
[rank 2] epoch=73 train_batch=4000/15625 loss=1.464136
[rank 2] epoch=73 train_batch=6000/15625 loss=1.472823
[rank 2] epoch=73 train_batch=8000/15625 loss=1.503560
[rank 2] epoch=73 train_batch=10000/15625 loss=1.457075
[rank 2] epoch=73 train_batch=12000/15625 loss=1.494144
[rank 2] epoch=73 train_batch=14000/15625 loss=1.479872
[rank 2] epoch=74 train_batch=2000/15625 loss=1.486173
[rank 2] epoch=74 train_batch=4000/15625 loss=1.392166
[rank 2] epoch=74 train_batch=6000/15625 loss=1.459863
[rank 2] epoch=74 train_batch=8000/15625 loss=1.388044
[rank 2] epoch=74 train_batch=10000/15625 loss=1.482304
[rank 2] epoch=74 train_batch=12000/15625 loss=1.461412
[rank 2] epoch=74 train_batch=14000/15625 loss=1.474810
[rank 2] epoch=75 train_batch=2000/15625 loss=1.472534
[rank 2] epoch=75 train_batch=4000/15625 loss=1.463706
[rank 2] epoch=75 train_batch=6000/15625 loss=1.494895
[rank 2] epoch=75 train_batch=8000/15625 loss=1.404972
[rank 2] epoch=75 train_batch=10000/15625 loss=1.467969
[rank 2] epoch=75 train_batch=12000/15625 loss=1.463690
[rank 2] epoch=75 train_batch=14000/15625 loss=1.822332
[rank 2] epoch=76 train_batch=2000/15625 loss=1.472100
[rank 2] epoch=76 train_batch=4000/15625 loss=1.405144
[rank 2] epoch=76 train_batch=6000/15625 loss=1.524935
[rank 2] epoch=76 train_batch=8000/15625 loss=1.442928
[rank 2] epoch=76 train_batch=10000/15625 loss=1.415265
[rank 2] epoch=76 train_batch=12000/15625 loss=1.440794
[rank 2] epoch=76 train_batch=14000/15625 loss=1.449034
[rank 2] epoch=77 train_batch=2000/15625 loss=1.428354
[rank 2] epoch=77 train_batch=4000/15625 loss=1.442192
[rank 2] epoch=77 train_batch=6000/15625 loss=1.435283
[rank 2] epoch=77 train_batch=8000/15625 loss=1.514886
[rank 2] epoch=77 train_batch=10000/15625 loss=1.391323
[rank 2] epoch=77 train_batch=12000/15625 loss=1.378758
[rank 2] epoch=77 train_batch=14000/15625 loss=1.451485
[rank 2] epoch=78 train_batch=2000/15625 loss=1.422311
[rank 2] epoch=78 train_batch=4000/15625 loss=1.436690
[rank 2] epoch=78 train_batch=6000/15625 loss=1.423800
[rank 2] epoch=78 train_batch=8000/15625 loss=1.419148
[rank 2] epoch=78 train_batch=10000/15625 loss=1.430552
[rank 2] epoch=78 train_batch=12000/15625 loss=1.444945
[rank 2] epoch=78 train_batch=14000/15625 loss=1.459586
[rank 2] epoch=79 train_batch=2000/15625 loss=1.541103
[rank 2] epoch=79 train_batch=4000/15625 loss=1.437461
[rank 2] epoch=79 train_batch=6000/15625 loss=1.481476
[rank 2] epoch=79 train_batch=8000/15625 loss=1.467641
[rank 2] epoch=79 train_batch=10000/15625 loss=1.403430
[rank 2] epoch=79 train_batch=12000/15625 loss=1.454552
[rank 2] epoch=79 train_batch=14000/15625 loss=1.456741
[rank 2] epoch=80 train_batch=2000/15625 loss=1.448364
[rank 2] epoch=80 train_batch=4000/15625 loss=1.495351
[rank 2] epoch=80 train_batch=6000/15625 loss=1.435345
[rank 2] epoch=80 train_batch=8000/15625 loss=1.355432
[rank 2] epoch=80 train_batch=10000/15625 loss=1.369130
[rank 2] epoch=80 train_batch=12000/15625 loss=1.433479
[rank 2] epoch=80 train_batch=14000/15625 loss=1.480615
[rank 2] epoch=81 train_batch=2000/15625 loss=1.416055
[rank 2] epoch=81 train_batch=4000/15625 loss=1.459621
[rank 2] epoch=81 train_batch=6000/15625 loss=1.459983
[rank 2] epoch=81 train_batch=8000/15625 loss=1.426459
[rank 2] epoch=81 train_batch=10000/15625 loss=1.517089
[rank 2] epoch=81 train_batch=12000/15625 loss=1.410975
[rank 2] epoch=81 train_batch=14000/15625 loss=1.386069
[rank 2] epoch=82 train_batch=2000/15625 loss=1.438272
[rank 2] epoch=82 train_batch=4000/15625 loss=1.409471
[rank 2] epoch=82 train_batch=6000/15625 loss=1.388182
[rank 2] epoch=82 train_batch=8000/15625 loss=1.464520
[rank 2] epoch=82 train_batch=10000/15625 loss=1.441640
[rank 2] epoch=82 train_batch=12000/15625 loss=1.422758
[rank 2] epoch=82 train_batch=14000/15625 loss=1.467383
[rank 2] epoch=83 train_batch=2000/15625 loss=1.366291
[rank 2] epoch=83 train_batch=4000/15625 loss=1.417149
[rank 2] epoch=83 train_batch=6000/15625 loss=1.453822
[rank 2] epoch=83 train_batch=8000/15625 loss=1.394230
[rank 2] epoch=83 train_batch=10000/15625 loss=1.561065
[rank 2] epoch=83 train_batch=12000/15625 loss=1.496370
[rank 2] epoch=83 train_batch=14000/15625 loss=1.474929
[rank 2] epoch=84 train_batch=2000/15625 loss=1.373973
[rank 2] epoch=84 train_batch=4000/15625 loss=1.433448
[rank 2] epoch=84 train_batch=6000/15625 loss=1.372013
[rank 2] epoch=84 train_batch=8000/15625 loss=1.397347
[rank 2] epoch=84 train_batch=10000/15625 loss=1.464999
[rank 2] epoch=84 train_batch=12000/15625 loss=1.449740
[rank 2] epoch=84 train_batch=14000/15625 loss=1.412498
[rank 2] epoch=85 train_batch=2000/15625 loss=1.434618
[rank 2] epoch=85 train_batch=4000/15625 loss=1.421731
[rank 2] epoch=85 train_batch=6000/15625 loss=1.393911
[rank 2] epoch=85 train_batch=8000/15625 loss=1.437559
[rank 2] epoch=85 train_batch=10000/15625 loss=1.397548
[rank 2] epoch=85 train_batch=12000/15625 loss=1.411003
[rank 2] epoch=85 train_batch=14000/15625 loss=1.460159
[rank 2] epoch=86 train_batch=2000/15625 loss=1.408265
[rank 2] epoch=86 train_batch=4000/15625 loss=1.367295
[rank 2] epoch=86 train_batch=6000/15625 loss=1.413523
[rank 2] epoch=86 train_batch=8000/15625 loss=1.444458
[rank 2] epoch=86 train_batch=10000/15625 loss=1.404469
[rank 2] epoch=86 train_batch=12000/15625 loss=1.355204
[rank 2] epoch=86 train_batch=14000/15625 loss=1.444281
[rank 2] epoch=87 train_batch=2000/15625 loss=1.469779
[rank 2] epoch=87 train_batch=4000/15625 loss=1.420102
[rank 2] epoch=87 train_batch=6000/15625 loss=1.381212
[rank 2] epoch=87 train_batch=8000/15625 loss=1.429625
[rank 2] epoch=87 train_batch=10000/15625 loss=1.357387
[rank 2] epoch=87 train_batch=12000/15625 loss=1.504502
[rank 2] epoch=87 train_batch=14000/15625 loss=1.377818
[rank 2] epoch=88 train_batch=2000/15625 loss=1.483879
[rank 2] epoch=88 train_batch=4000/15625 loss=1.356295
[rank 2] epoch=88 train_batch=6000/15625 loss=1.443029
[rank 2] epoch=88 train_batch=8000/15625 loss=1.482938
[rank 2] epoch=88 train_batch=10000/15625 loss=1.487568
[rank 2] epoch=88 train_batch=12000/15625 loss=1.426097
[rank 2] epoch=88 train_batch=14000/15625 loss=1.442422
[rank 2] epoch=89 train_batch=2000/15625 loss=1.402690
[rank 2] epoch=89 train_batch=4000/15625 loss=1.368387
[rank 2] epoch=89 train_batch=6000/15625 loss=1.413867
[rank 2] epoch=89 train_batch=8000/15625 loss=1.474262
[rank 2] epoch=89 train_batch=10000/15625 loss=1.432469
[rank 2] epoch=89 train_batch=12000/15625 loss=1.420597
[rank 2] epoch=89 train_batch=14000/15625 loss=1.453952
[rank 2] epoch=90 train_batch=2000/15625 loss=1.375116
[rank 2] epoch=90 train_batch=4000/15625 loss=1.420550
[rank 2] epoch=90 train_batch=6000/15625 loss=1.416388
[rank 2] epoch=90 train_batch=8000/15625 loss=1.403643
[rank 2] epoch=90 train_batch=10000/15625 loss=1.438260
[rank 2] epoch=90 train_batch=12000/15625 loss=1.433723
[rank 2] epoch=90 train_batch=14000/15625 loss=1.422347
[rank 2] epoch=91 train_batch=2000/15625 loss=1.440809
[rank 2] epoch=91 train_batch=4000/15625 loss=1.422805
[rank 2] epoch=91 train_batch=6000/15625 loss=1.376599
[rank 2] epoch=91 train_batch=8000/15625 loss=1.494583
[rank 2] epoch=91 train_batch=10000/15625 loss=1.493619
[rank 2] epoch=91 train_batch=12000/15625 loss=1.499413
[rank 2] epoch=91 train_batch=14000/15625 loss=1.372597
[rank 2] epoch=92 train_batch=2000/15625 loss=1.447029
[rank 2] epoch=92 train_batch=4000/15625 loss=1.473457
[rank 2] epoch=92 train_batch=6000/15625 loss=1.443426
[rank 2] epoch=92 train_batch=8000/15625 loss=1.401703
[rank 2] epoch=92 train_batch=10000/15625 loss=1.421770
[rank 2] epoch=92 train_batch=12000/15625 loss=1.429516
[rank 2] epoch=92 train_batch=14000/15625 loss=1.366979
[rank 2] epoch=93 train_batch=2000/15625 loss=1.476808
[rank 2] epoch=93 train_batch=4000/15625 loss=1.359556
[rank 2] epoch=93 train_batch=6000/15625 loss=1.421426
[rank 2] epoch=93 train_batch=8000/15625 loss=1.410927
[rank 2] epoch=93 train_batch=10000/15625 loss=1.419032
[rank 2] epoch=93 train_batch=12000/15625 loss=1.465200
[rank 2] epoch=93 train_batch=14000/15625 loss=1.453094
[rank 2] epoch=94 train_batch=2000/15625 loss=1.456924
[rank 2] epoch=94 train_batch=4000/15625 loss=1.321960
[rank 2] epoch=94 train_batch=6000/15625 loss=1.443802
[rank 2] epoch=94 train_batch=8000/15625 loss=1.334868
[rank 2] epoch=94 train_batch=10000/15625 loss=1.387437
[rank 2] epoch=94 train_batch=12000/15625 loss=1.442238
[rank 2] epoch=94 train_batch=14000/15625 loss=1.475692
[rank 2] epoch=95 train_batch=2000/15625 loss=1.448618
[rank 2] epoch=95 train_batch=4000/15625 loss=1.443780
[rank 2] epoch=95 train_batch=6000/15625 loss=1.414969
[rank 2] epoch=95 train_batch=8000/15625 loss=1.444790
[rank 2] epoch=95 train_batch=10000/15625 loss=1.410559
[rank 2] epoch=95 train_batch=12000/15625 loss=1.410377
[rank 2] epoch=95 train_batch=14000/15625 loss=1.378286
[rank 2] epoch=96 train_batch=2000/15625 loss=1.401999
[rank 2] epoch=96 train_batch=4000/15625 loss=1.520537
[rank 2] epoch=96 train_batch=6000/15625 loss=1.432015
[rank 2] epoch=96 train_batch=8000/15625 loss=1.422357
[rank 2] epoch=96 train_batch=10000/15625 loss=1.387252
[rank 2] epoch=96 train_batch=12000/15625 loss=1.453069
[rank 2] epoch=96 train_batch=14000/15625 loss=1.407730
[rank 2] epoch=97 train_batch=2000/15625 loss=1.416838
[rank 2] epoch=97 train_batch=4000/15625 loss=1.416686
[rank 2] epoch=97 train_batch=6000/15625 loss=1.450149
[rank 2] epoch=97 train_batch=8000/15625 loss=1.414977
[rank 2] epoch=97 train_batch=10000/15625 loss=1.391413
[rank 2] epoch=97 train_batch=12000/15625 loss=1.433158
[rank 2] epoch=97 train_batch=14000/15625 loss=1.370768
[rank 2] epoch=98 train_batch=2000/15625 loss=1.517445
[rank 2] epoch=98 train_batch=4000/15625 loss=1.416849
[rank 2] epoch=98 train_batch=6000/15625 loss=1.508616
[rank 2] epoch=98 train_batch=8000/15625 loss=1.506276
[rank 2] epoch=98 train_batch=10000/15625 loss=1.384623
[rank 2] epoch=98 train_batch=12000/15625 loss=1.432168
[rank 2] epoch=98 train_batch=14000/15625 loss=1.362272
[rank 2] epoch=99 train_batch=2000/15625 loss=1.407574
[rank 2] epoch=99 train_batch=4000/15625 loss=1.464458
[rank 2] epoch=99 train_batch=6000/15625 loss=1.353340
[rank 2] epoch=99 train_batch=8000/15625 loss=1.369748
[rank 2] epoch=99 train_batch=10000/15625 loss=1.432644
[rank 2] epoch=99 train_batch=12000/15625 loss=1.373948
[rank 2] epoch=99 train_batch=14000/15625 loss=1.385001
[rank 2] epoch=100 train_batch=2000/15625 loss=1.394157
[rank 2] epoch=100 train_batch=4000/15625 loss=1.539501
[rank 2] epoch=100 train_batch=6000/15625 loss=1.431265
[rank 2] epoch=100 train_batch=8000/15625 loss=1.461600
[rank 2] epoch=100 train_batch=10000/15625 loss=1.467613
[rank 2] epoch=100 train_batch=12000/15625 loss=1.476487
[rank 2] epoch=100 train_batch=14000/15625 loss=1.431189
[rank 2] epoch=101 train_batch=2000/15625 loss=1.560216
[rank 2] epoch=101 train_batch=4000/15625 loss=1.436489
[rank 2] epoch=101 train_batch=6000/15625 loss=1.424143
[rank 2] epoch=101 train_batch=8000/15625 loss=1.481855
[rank 2] epoch=101 train_batch=10000/15625 loss=1.489083
[rank 2] epoch=101 train_batch=12000/15625 loss=1.387532
[rank 2] epoch=101 train_batch=14000/15625 loss=1.410843
[rank 2] epoch=102 train_batch=2000/15625 loss=1.496530
[rank 2] epoch=102 train_batch=4000/15625 loss=1.401625
[rank 2] epoch=102 train_batch=6000/15625 loss=1.389201
[rank 2] epoch=102 train_batch=8000/15625 loss=1.468576
[rank 2] epoch=102 train_batch=10000/15625 loss=1.408959
[rank 2] epoch=102 train_batch=12000/15625 loss=1.438371
[rank 2] epoch=102 train_batch=14000/15625 loss=1.408745
[rank 2] epoch=103 train_batch=2000/15625 loss=1.398850
[rank 2] epoch=103 train_batch=4000/15625 loss=1.438536
[rank 2] epoch=103 train_batch=6000/15625 loss=1.460441
[rank 2] epoch=103 train_batch=8000/15625 loss=1.385596
[rank 2] epoch=103 train_batch=10000/15625 loss=1.428976
[rank 2] epoch=103 train_batch=12000/15625 loss=1.407296
[rank 2] epoch=103 train_batch=14000/15625 loss=1.506267
[rank 2] epoch=104 train_batch=2000/15625 loss=1.476358
[rank 2] epoch=104 train_batch=4000/15625 loss=1.493165
[rank 2] epoch=104 train_batch=6000/15625 loss=1.438610
[rank 2] epoch=104 train_batch=8000/15625 loss=1.531227
[rank 2] epoch=104 train_batch=10000/15625 loss=1.446742
[rank 2] epoch=104 train_batch=12000/15625 loss=1.410262
[rank 2] epoch=104 train_batch=14000/15625 loss=1.431026
[rank 2] epoch=105 train_batch=2000/15625 loss=1.442052
[rank 2] epoch=105 train_batch=4000/15625 loss=1.487139
[rank 2] epoch=105 train_batch=6000/15625 loss=1.394319
[rank 2] epoch=105 train_batch=8000/15625 loss=1.382990
[rank 2] epoch=105 train_batch=10000/15625 loss=1.469590
[rank 2] epoch=105 train_batch=12000/15625 loss=1.402588
[rank 2] epoch=105 train_batch=14000/15625 loss=1.482046
[rank 2] epoch=106 train_batch=2000/15625 loss=1.409956
[rank 2] epoch=106 train_batch=4000/15625 loss=1.396105
[rank 2] epoch=106 train_batch=6000/15625 loss=1.508426
[rank 2] epoch=106 train_batch=8000/15625 loss=1.515256
[rank 2] epoch=106 train_batch=10000/15625 loss=1.454656
[rank 2] epoch=106 train_batch=12000/15625 loss=1.411525
[rank 2] epoch=106 train_batch=14000/15625 loss=1.552306
[rank 2] epoch=107 train_batch=2000/15625 loss=1.459965
[rank 2] epoch=107 train_batch=4000/15625 loss=1.482099
[rank 2] epoch=107 train_batch=6000/15625 loss=1.441543
[rank 2] epoch=107 train_batch=8000/15625 loss=1.512098
[rank 2] epoch=107 train_batch=10000/15625 loss=1.468094
[rank 2] epoch=107 train_batch=12000/15625 loss=1.554329
[rank 2] epoch=107 train_batch=14000/15625 loss=1.439010
[rank 2] epoch=108 train_batch=2000/15625 loss=1.487394
[rank 2] epoch=108 train_batch=4000/15625 loss=1.429168
[rank 2] epoch=108 train_batch=6000/15625 loss=1.500254
[rank 2] epoch=108 train_batch=8000/15625 loss=1.408828
[rank 2] epoch=108 train_batch=10000/15625 loss=1.404750
[rank 2] epoch=108 train_batch=12000/15625 loss=1.413642
[rank 2] epoch=108 train_batch=14000/15625 loss=1.392361
[rank 2] epoch=109 train_batch=2000/15625 loss=1.434031
[rank 2] epoch=109 train_batch=4000/15625 loss=1.417474
[rank 2] epoch=109 train_batch=6000/15625 loss=1.457408
[rank 2] epoch=109 train_batch=8000/15625 loss=1.456585
[rank 2] epoch=109 train_batch=10000/15625 loss=1.432064
[rank 2] epoch=109 train_batch=12000/15625 loss=1.456359
[rank 2] epoch=109 train_batch=14000/15625 loss=1.479854
[rank 2] epoch=110 train_batch=2000/15625 loss=1.411952
[rank 2] epoch=110 train_batch=4000/15625 loss=1.450467
[rank 2] epoch=110 train_batch=6000/15625 loss=1.436710
[rank 2] epoch=110 train_batch=8000/15625 loss=1.491164
[rank 2] epoch=110 train_batch=10000/15625 loss=1.411813
[rank 2] epoch=110 train_batch=12000/15625 loss=1.432527
[rank 2] epoch=110 train_batch=14000/15625 loss=1.449500
[rank 2] epoch=111 train_batch=2000/15625 loss=1.470787
[rank 2] epoch=111 train_batch=4000/15625 loss=1.451266
[rank 2] epoch=111 train_batch=6000/15625 loss=1.381224
[rank 2] epoch=111 train_batch=8000/15625 loss=1.516974
[rank 2] epoch=111 train_batch=10000/15625 loss=1.480083
[rank 2] epoch=111 train_batch=12000/15625 loss=1.454219
[rank 2] epoch=111 train_batch=14000/15625 loss=1.543777
[rank 2] epoch=112 train_batch=2000/15625 loss=1.427345
[rank 2] epoch=112 train_batch=4000/15625 loss=1.439609
[rank 2] epoch=112 train_batch=6000/15625 loss=1.436034
[rank 2] epoch=112 train_batch=8000/15625 loss=1.457343
[rank 2] epoch=112 train_batch=10000/15625 loss=1.411888
[rank 2] epoch=112 train_batch=12000/15625 loss=1.452423
[rank 2] epoch=112 train_batch=14000/15625 loss=1.457302
[rank 2] epoch=113 train_batch=2000/15625 loss=1.403420
[rank 2] epoch=113 train_batch=4000/15625 loss=1.443337
[rank 2] epoch=113 train_batch=6000/15625 loss=1.436528
[rank 2] epoch=113 train_batch=8000/15625 loss=1.375758
[rank 2] epoch=113 train_batch=10000/15625 loss=1.361720
[rank 2] epoch=113 train_batch=12000/15625 loss=1.384610
[rank 2] epoch=113 train_batch=14000/15625 loss=1.525482
[rank 2] epoch=114 train_batch=2000/15625 loss=1.429657
[rank 2] epoch=114 train_batch=4000/15625 loss=1.423343
[rank 2] epoch=114 train_batch=6000/15625 loss=1.411859
[rank 2] epoch=114 train_batch=8000/15625 loss=1.412113
[rank 2] epoch=114 train_batch=10000/15625 loss=1.396599
