cuda:3
thetaphi at main: True
Loading dataset...
Using ILCStreamingDataset (shuffle_buffer=256, files_per_chunk=32, seed=1001)
ILCStreamingDataset: path=/data/suehara/mldata/pfa/murata/data/tc/tc_nnqq_2M, files=20000, events~=2000000, shuffle_buffer=256, files_per_chunk=32
Using ILCStreamingDataset (shuffle_buffer=256, files_per_chunk=32, seed=1001)
ILCStreamingDataset: path=/data/suehara/mldata/pfa/murata/data/tc/tc_nnqq_new/train, files=716, events~=94400, shuffle_buffer=256, files_per_chunk=32
Training dataset size:  2000000
Validating dataset size:  94400
Batch size:  128
Loading GravNetModelMultiHead (heads=3, reg_heads=2, interaction=none)
restart period :  30
[rank 3] epoch=0 train_batch=2000/15625 loss=1.061986
[rank 3] epoch=0 train_batch=4000/15625 loss=1.045673
[rank 3] epoch=0 train_batch=6000/15625 loss=1.042695
[rank 3] epoch=0 train_batch=8000/15625 loss=1.040064
[rank 3] epoch=0 train_batch=10000/15625 loss=1.039105
[rank 3] epoch=0 train_batch=12000/15625 loss=1.038098
[rank 3] epoch=0 train_batch=14000/15625 loss=1.028723
[rank 3] epoch=1 train_batch=2000/15625 loss=1.023746
[rank 3] epoch=1 train_batch=4000/15625 loss=1.022418
[rank 3] epoch=1 train_batch=6000/15625 loss=1.022069
[rank 3] epoch=1 train_batch=8000/15625 loss=1.019251
[rank 3] epoch=1 train_batch=10000/15625 loss=1.017110
[rank 3] epoch=1 train_batch=12000/15625 loss=1.015260
[rank 3] epoch=1 train_batch=14000/15625 loss=1.014531
[rank 3] epoch=2 train_batch=2000/15625 loss=1.618979
[rank 3] epoch=2 train_batch=4000/15625 loss=1.521572
[rank 3] epoch=2 train_batch=6000/15625 loss=1.530774
[rank 3] epoch=2 train_batch=8000/15625 loss=1.547578
[rank 3] epoch=2 train_batch=10000/15625 loss=1.531151
[rank 3] epoch=2 train_batch=12000/15625 loss=1.366932
[rank 3] epoch=2 train_batch=14000/15625 loss=1.316170
[rank 3] epoch=3 train_batch=2000/15625 loss=1.347002
[rank 3] epoch=3 train_batch=4000/15625 loss=1.295133
[rank 3] epoch=3 train_batch=6000/15625 loss=1.330850
[rank 3] epoch=3 train_batch=8000/15625 loss=1.303954
[rank 3] epoch=3 train_batch=10000/15625 loss=1.284126
[rank 3] epoch=3 train_batch=12000/15625 loss=1.267158
[rank 3] epoch=3 train_batch=14000/15625 loss=1.289806
[rank 3] epoch=4 train_batch=2000/15625 loss=1.810754
[rank 3] epoch=4 train_batch=4000/15625 loss=1.923966
[rank 3] epoch=4 train_batch=6000/15625 loss=1.809999
[rank 3] epoch=4 train_batch=8000/15625 loss=1.765122
[rank 3] epoch=4 train_batch=10000/15625 loss=2.353781
[rank 3] epoch=4 train_batch=12000/15625 loss=1.730088
[rank 3] epoch=4 train_batch=14000/15625 loss=1.704605
[rank 3] epoch=5 train_batch=2000/15625 loss=1.740636
[rank 3] epoch=5 train_batch=4000/15625 loss=1.724208
[rank 3] epoch=5 train_batch=6000/15625 loss=1.653094
[rank 3] epoch=5 train_batch=8000/15625 loss=1.639946
[rank 3] epoch=5 train_batch=10000/15625 loss=1.703272
[rank 3] epoch=5 train_batch=12000/15625 loss=1.714499
[rank 3] epoch=5 train_batch=14000/15625 loss=1.620950
[rank 3] epoch=6 train_batch=2000/15625 loss=1.630737
[rank 3] epoch=6 train_batch=4000/15625 loss=1.618322
[rank 3] epoch=6 train_batch=6000/15625 loss=1.587598
[rank 3] epoch=6 train_batch=8000/15625 loss=1.641526
[rank 3] epoch=6 train_batch=10000/15625 loss=1.656220
[rank 3] epoch=6 train_batch=12000/15625 loss=1.618210
[rank 3] epoch=6 train_batch=14000/15625 loss=1.623813
[rank 3] epoch=7 train_batch=2000/15625 loss=1.529150
[rank 3] epoch=7 train_batch=4000/15625 loss=1.606703
[rank 3] epoch=7 train_batch=6000/15625 loss=1.706839
[rank 3] epoch=7 train_batch=8000/15625 loss=1.683051
[rank 3] epoch=7 train_batch=10000/15625 loss=1.583781
[rank 3] epoch=7 train_batch=12000/15625 loss=1.532267
[rank 3] epoch=7 train_batch=14000/15625 loss=1.620810
[rank 3] epoch=8 train_batch=2000/15625 loss=1.564028
[rank 3] epoch=8 train_batch=4000/15625 loss=1.516319
[rank 3] epoch=8 train_batch=6000/15625 loss=1.571172
[rank 3] epoch=8 train_batch=8000/15625 loss=1.522088
[rank 3] epoch=8 train_batch=10000/15625 loss=1.567638
[rank 3] epoch=8 train_batch=12000/15625 loss=1.582039
[rank 3] epoch=8 train_batch=14000/15625 loss=1.578289
[rank 3] epoch=9 train_batch=2000/15625 loss=1.522435
[rank 3] epoch=9 train_batch=4000/15625 loss=1.613028
[rank 3] epoch=9 train_batch=6000/15625 loss=1.530957
[rank 3] epoch=9 train_batch=8000/15625 loss=1.593921
[rank 3] epoch=9 train_batch=10000/15625 loss=1.527864
[rank 3] epoch=9 train_batch=12000/15625 loss=1.494125
[rank 3] epoch=9 train_batch=14000/15625 loss=1.605391
[rank 3] epoch=10 train_batch=2000/15625 loss=1.534318
[rank 3] epoch=10 train_batch=4000/15625 loss=1.556364
[rank 3] epoch=10 train_batch=6000/15625 loss=1.602668
[rank 3] epoch=10 train_batch=8000/15625 loss=1.521243
[rank 3] epoch=10 train_batch=10000/15625 loss=1.542703
[rank 3] epoch=10 train_batch=12000/15625 loss=1.496292
[rank 3] epoch=10 train_batch=14000/15625 loss=1.587300
[rank 3] epoch=11 train_batch=2000/15625 loss=1.478926
[rank 3] epoch=11 train_batch=4000/15625 loss=1.490618
[rank 3] epoch=11 train_batch=6000/15625 loss=1.493770
[rank 3] epoch=11 train_batch=8000/15625 loss=1.483488
[rank 3] epoch=11 train_batch=10000/15625 loss=1.516718
[rank 3] epoch=11 train_batch=12000/15625 loss=1.395416
[rank 3] epoch=11 train_batch=14000/15625 loss=1.450755
[rank 3] epoch=12 train_batch=2000/15625 loss=1.545181
[rank 3] epoch=12 train_batch=4000/15625 loss=1.571145
[rank 3] epoch=12 train_batch=6000/15625 loss=1.539367
[rank 3] epoch=12 train_batch=8000/15625 loss=1.516574
[rank 3] epoch=12 train_batch=10000/15625 loss=1.547897
[rank 3] epoch=12 train_batch=12000/15625 loss=1.581801
[rank 3] epoch=12 train_batch=14000/15625 loss=1.527876
[rank 3] epoch=13 train_batch=2000/15625 loss=1.460103
[rank 3] epoch=13 train_batch=4000/15625 loss=1.511658
[rank 3] epoch=13 train_batch=6000/15625 loss=1.488926
[rank 3] epoch=13 train_batch=8000/15625 loss=1.518657
[rank 3] epoch=13 train_batch=10000/15625 loss=1.467682
[rank 3] epoch=13 train_batch=12000/15625 loss=1.563042
[rank 3] epoch=13 train_batch=14000/15625 loss=1.521363
[rank 3] epoch=14 train_batch=2000/15625 loss=1.437921
[rank 3] epoch=14 train_batch=4000/15625 loss=1.500441
[rank 3] epoch=14 train_batch=6000/15625 loss=1.465567
[rank 3] epoch=14 train_batch=8000/15625 loss=1.569896
[rank 3] epoch=14 train_batch=10000/15625 loss=1.534611
[rank 3] epoch=14 train_batch=12000/15625 loss=1.558315
[rank 3] epoch=14 train_batch=14000/15625 loss=1.566339
[rank 3] epoch=15 train_batch=2000/15625 loss=1.471978
[rank 3] epoch=15 train_batch=4000/15625 loss=1.515783
[rank 3] epoch=15 train_batch=6000/15625 loss=1.532922
[rank 3] epoch=15 train_batch=8000/15625 loss=1.464492
[rank 3] epoch=15 train_batch=10000/15625 loss=1.569575
[rank 3] epoch=15 train_batch=12000/15625 loss=1.486173
[rank 3] epoch=15 train_batch=14000/15625 loss=1.526848
[rank 3] epoch=16 train_batch=2000/15625 loss=1.492710
[rank 3] epoch=16 train_batch=4000/15625 loss=1.450416
[rank 3] epoch=16 train_batch=6000/15625 loss=1.551848
[rank 3] epoch=16 train_batch=8000/15625 loss=1.498527
[rank 3] epoch=16 train_batch=10000/15625 loss=1.488716
[rank 3] epoch=16 train_batch=12000/15625 loss=1.500298
[rank 3] epoch=16 train_batch=14000/15625 loss=1.525351
[rank 3] epoch=17 train_batch=2000/15625 loss=1.507285
[rank 3] epoch=17 train_batch=4000/15625 loss=1.538148
[rank 3] epoch=17 train_batch=6000/15625 loss=1.541878
[rank 3] epoch=17 train_batch=8000/15625 loss=1.478167
[rank 3] epoch=17 train_batch=10000/15625 loss=1.518694
[rank 3] epoch=17 train_batch=12000/15625 loss=1.476454
[rank 3] epoch=17 train_batch=14000/15625 loss=1.416228
[rank 3] epoch=18 train_batch=2000/15625 loss=1.531825
[rank 3] epoch=18 train_batch=4000/15625 loss=1.500565
[rank 3] epoch=18 train_batch=6000/15625 loss=1.469027
[rank 3] epoch=18 train_batch=8000/15625 loss=1.476611
[rank 3] epoch=18 train_batch=10000/15625 loss=1.496854
[rank 3] epoch=18 train_batch=12000/15625 loss=1.487847
[rank 3] epoch=18 train_batch=14000/15625 loss=1.440235
[rank 3] epoch=19 train_batch=2000/15625 loss=1.546425
[rank 3] epoch=19 train_batch=4000/15625 loss=1.407595
[rank 3] epoch=19 train_batch=6000/15625 loss=1.557328
[rank 3] epoch=19 train_batch=8000/15625 loss=1.538893
[rank 3] epoch=19 train_batch=10000/15625 loss=1.442344
[rank 3] epoch=19 train_batch=12000/15625 loss=1.467104
[rank 3] epoch=19 train_batch=14000/15625 loss=1.471932
[rank 3] epoch=20 train_batch=2000/15625 loss=1.510168
[rank 3] epoch=20 train_batch=4000/15625 loss=1.475981
[rank 3] epoch=20 train_batch=6000/15625 loss=1.476451
[rank 3] epoch=20 train_batch=8000/15625 loss=1.536912
[rank 3] epoch=20 train_batch=10000/15625 loss=1.449358
[rank 3] epoch=20 train_batch=12000/15625 loss=1.490440
[rank 3] epoch=20 train_batch=14000/15625 loss=1.526792
[rank 3] epoch=21 train_batch=2000/15625 loss=2.283350
[rank 3] epoch=21 train_batch=4000/15625 loss=1.433475
[rank 3] epoch=21 train_batch=6000/15625 loss=1.513020
[rank 3] epoch=21 train_batch=8000/15625 loss=1.534348
[rank 3] epoch=21 train_batch=10000/15625 loss=1.494251
[rank 3] epoch=21 train_batch=12000/15625 loss=1.419098
[rank 3] epoch=21 train_batch=14000/15625 loss=1.515743
[rank 3] epoch=22 train_batch=2000/15625 loss=1.403283
[rank 3] epoch=22 train_batch=4000/15625 loss=1.466243
[rank 3] epoch=22 train_batch=6000/15625 loss=1.477644
[rank 3] epoch=22 train_batch=8000/15625 loss=1.521571
[rank 3] epoch=22 train_batch=10000/15625 loss=1.382766
[rank 3] epoch=22 train_batch=12000/15625 loss=1.432428
[rank 3] epoch=22 train_batch=14000/15625 loss=1.456212
[rank 3] epoch=23 train_batch=2000/15625 loss=1.448458
[rank 3] epoch=23 train_batch=4000/15625 loss=1.502470
[rank 3] epoch=23 train_batch=6000/15625 loss=1.492473
[rank 3] epoch=23 train_batch=8000/15625 loss=1.442590
[rank 3] epoch=23 train_batch=10000/15625 loss=1.426979
[rank 3] epoch=23 train_batch=12000/15625 loss=1.490675
[rank 3] epoch=23 train_batch=14000/15625 loss=1.495176
[rank 3] epoch=24 train_batch=2000/15625 loss=1.465575
[rank 3] epoch=24 train_batch=4000/15625 loss=1.421348
[rank 3] epoch=24 train_batch=6000/15625 loss=1.472561
[rank 3] epoch=24 train_batch=8000/15625 loss=1.473754
[rank 3] epoch=24 train_batch=10000/15625 loss=1.335872
[rank 3] epoch=24 train_batch=12000/15625 loss=1.424006
[rank 3] epoch=24 train_batch=14000/15625 loss=1.482002
[rank 3] epoch=25 train_batch=2000/15625 loss=1.413213
[rank 3] epoch=25 train_batch=4000/15625 loss=1.517243
[rank 3] epoch=25 train_batch=6000/15625 loss=1.423661
[rank 3] epoch=25 train_batch=8000/15625 loss=1.465506
[rank 3] epoch=25 train_batch=10000/15625 loss=1.495354
[rank 3] epoch=25 train_batch=12000/15625 loss=1.505111
[rank 3] epoch=25 train_batch=14000/15625 loss=1.427390
[rank 3] epoch=26 train_batch=2000/15625 loss=1.489382
[rank 3] epoch=26 train_batch=4000/15625 loss=1.451037
[rank 3] epoch=26 train_batch=6000/15625 loss=1.466568
[rank 3] epoch=26 train_batch=8000/15625 loss=1.398802
[rank 3] epoch=26 train_batch=10000/15625 loss=1.402210
[rank 3] epoch=26 train_batch=12000/15625 loss=1.372460
[rank 3] epoch=26 train_batch=14000/15625 loss=1.430990
[rank 3] epoch=27 train_batch=2000/15625 loss=1.467211
[rank 3] epoch=27 train_batch=4000/15625 loss=1.383301
[rank 3] epoch=27 train_batch=6000/15625 loss=1.414007
[rank 3] epoch=27 train_batch=8000/15625 loss=1.390240
[rank 3] epoch=27 train_batch=10000/15625 loss=1.492067
[rank 3] epoch=27 train_batch=12000/15625 loss=1.451194
[rank 3] epoch=27 train_batch=14000/15625 loss=1.452005
[rank 3] epoch=28 train_batch=2000/15625 loss=1.428373
[rank 3] epoch=28 train_batch=4000/15625 loss=1.450242
[rank 3] epoch=28 train_batch=6000/15625 loss=1.434191
[rank 3] epoch=28 train_batch=8000/15625 loss=1.475960
[rank 3] epoch=28 train_batch=10000/15625 loss=1.490656
[rank 3] epoch=28 train_batch=12000/15625 loss=1.467060
[rank 3] epoch=28 train_batch=14000/15625 loss=1.499255
[rank 3] epoch=29 train_batch=2000/15625 loss=1.499753
[rank 3] epoch=29 train_batch=4000/15625 loss=1.425547
[rank 3] epoch=29 train_batch=6000/15625 loss=1.455943
[rank 3] epoch=29 train_batch=8000/15625 loss=1.392931
[rank 3] epoch=29 train_batch=10000/15625 loss=1.388464
[rank 3] epoch=29 train_batch=12000/15625 loss=1.475518
[rank 3] epoch=29 train_batch=14000/15625 loss=1.426559
[rank 3] epoch=30 train_batch=2000/15625 loss=1.503589
[rank 3] epoch=30 train_batch=4000/15625 loss=1.606584
[rank 3] epoch=30 train_batch=6000/15625 loss=1.489414
[rank 3] epoch=30 train_batch=8000/15625 loss=1.539875
[rank 3] epoch=30 train_batch=10000/15625 loss=1.485357
[rank 3] epoch=30 train_batch=12000/15625 loss=1.504264
[rank 3] epoch=30 train_batch=14000/15625 loss=1.586442
[rank 3] epoch=31 train_batch=2000/15625 loss=1.471390
[rank 3] epoch=31 train_batch=4000/15625 loss=1.563890
[rank 3] epoch=31 train_batch=6000/15625 loss=1.511077
[rank 3] epoch=31 train_batch=8000/15625 loss=1.571083
[rank 3] epoch=31 train_batch=10000/15625 loss=1.478403
[rank 3] epoch=31 train_batch=12000/15625 loss=1.490538
[rank 3] epoch=31 train_batch=14000/15625 loss=1.561862
[rank 3] epoch=32 train_batch=2000/15625 loss=1.489327
[rank 3] epoch=32 train_batch=4000/15625 loss=1.551686
[rank 3] epoch=32 train_batch=6000/15625 loss=1.583296
[rank 3] epoch=32 train_batch=8000/15625 loss=1.484217
[rank 3] epoch=32 train_batch=10000/15625 loss=1.479688
[rank 3] epoch=32 train_batch=12000/15625 loss=1.548232
[rank 3] epoch=32 train_batch=14000/15625 loss=1.494875
[rank 3] epoch=33 train_batch=2000/15625 loss=1.552844
[rank 3] epoch=33 train_batch=4000/15625 loss=1.544532
[rank 3] epoch=33 train_batch=6000/15625 loss=1.488771
[rank 3] epoch=33 train_batch=8000/15625 loss=1.516426
[rank 3] epoch=33 train_batch=10000/15625 loss=1.458003
[rank 3] epoch=33 train_batch=12000/15625 loss=1.496859
[rank 3] epoch=33 train_batch=14000/15625 loss=1.592752
[rank 3] epoch=34 train_batch=2000/15625 loss=1.479551
[rank 3] epoch=34 train_batch=4000/15625 loss=1.476978
[rank 3] epoch=34 train_batch=6000/15625 loss=1.519141
[rank 3] epoch=34 train_batch=8000/15625 loss=1.479146
[rank 3] epoch=34 train_batch=10000/15625 loss=1.496336
[rank 3] epoch=34 train_batch=12000/15625 loss=1.416105
[rank 3] epoch=34 train_batch=14000/15625 loss=1.511280
[rank 3] epoch=35 train_batch=2000/15625 loss=1.517217
[rank 3] epoch=35 train_batch=4000/15625 loss=1.503782
[rank 3] epoch=35 train_batch=6000/15625 loss=1.554819
[rank 3] epoch=35 train_batch=8000/15625 loss=1.507837
[rank 3] epoch=35 train_batch=10000/15625 loss=1.458828
[rank 3] epoch=35 train_batch=12000/15625 loss=1.535831
[rank 3] epoch=35 train_batch=14000/15625 loss=1.477540
[rank 3] epoch=36 train_batch=2000/15625 loss=1.491411
[rank 3] epoch=36 train_batch=4000/15625 loss=1.582432
[rank 3] epoch=36 train_batch=6000/15625 loss=1.460142
[rank 3] epoch=36 train_batch=8000/15625 loss=1.483071
[rank 3] epoch=36 train_batch=10000/15625 loss=1.458019
[rank 3] epoch=36 train_batch=12000/15625 loss=1.487078
[rank 3] epoch=36 train_batch=14000/15625 loss=1.491191
[rank 3] epoch=37 train_batch=2000/15625 loss=1.496395
[rank 3] epoch=37 train_batch=4000/15625 loss=1.539046
[rank 3] epoch=37 train_batch=6000/15625 loss=1.476428
[rank 3] epoch=37 train_batch=8000/15625 loss=1.533994
[rank 3] epoch=37 train_batch=10000/15625 loss=1.462358
[rank 3] epoch=37 train_batch=12000/15625 loss=1.588838
[rank 3] epoch=37 train_batch=14000/15625 loss=1.432976
[rank 3] epoch=38 train_batch=2000/15625 loss=1.476318
[rank 3] epoch=38 train_batch=4000/15625 loss=1.523997
[rank 3] epoch=38 train_batch=6000/15625 loss=1.473043
[rank 3] epoch=38 train_batch=8000/15625 loss=1.525145
[rank 3] epoch=38 train_batch=10000/15625 loss=1.535401
[rank 3] epoch=38 train_batch=12000/15625 loss=1.439823
[rank 3] epoch=38 train_batch=14000/15625 loss=1.433170
[rank 3] epoch=39 train_batch=2000/15625 loss=1.499103
[rank 3] epoch=39 train_batch=4000/15625 loss=1.507674
[rank 3] epoch=39 train_batch=6000/15625 loss=1.488612
[rank 3] epoch=39 train_batch=8000/15625 loss=1.469945
[rank 3] epoch=39 train_batch=10000/15625 loss=1.521815
[rank 3] epoch=39 train_batch=12000/15625 loss=1.465777
[rank 3] epoch=39 train_batch=14000/15625 loss=1.529145
[rank 3] epoch=40 train_batch=2000/15625 loss=1.474710
[rank 3] epoch=40 train_batch=4000/15625 loss=1.423513
[rank 3] epoch=40 train_batch=6000/15625 loss=1.427163
[rank 3] epoch=40 train_batch=8000/15625 loss=1.507960
[rank 3] epoch=40 train_batch=10000/15625 loss=1.452677
[rank 3] epoch=40 train_batch=12000/15625 loss=1.483480
[rank 3] epoch=40 train_batch=14000/15625 loss=1.556153
[rank 3] epoch=41 train_batch=2000/15625 loss=1.492131
[rank 3] epoch=41 train_batch=4000/15625 loss=1.506482
[rank 3] epoch=41 train_batch=6000/15625 loss=1.485800
[rank 3] epoch=41 train_batch=8000/15625 loss=1.430258
[rank 3] epoch=41 train_batch=10000/15625 loss=1.491513
[rank 3] epoch=41 train_batch=12000/15625 loss=1.402117
[rank 3] epoch=41 train_batch=14000/15625 loss=1.502228
[rank 3] epoch=42 train_batch=2000/15625 loss=1.487946
[rank 3] epoch=42 train_batch=4000/15625 loss=1.449594
[rank 3] epoch=42 train_batch=6000/15625 loss=1.453645
[rank 3] epoch=42 train_batch=8000/15625 loss=1.440607
[rank 3] epoch=42 train_batch=10000/15625 loss=1.512629
[rank 3] epoch=42 train_batch=12000/15625 loss=1.480973
[rank 3] epoch=42 train_batch=14000/15625 loss=1.533934
[rank 3] epoch=43 train_batch=2000/15625 loss=1.497054
[rank 3] epoch=43 train_batch=4000/15625 loss=1.412552
[rank 3] epoch=43 train_batch=6000/15625 loss=1.480840
[rank 3] epoch=43 train_batch=8000/15625 loss=1.495432
[rank 3] epoch=43 train_batch=10000/15625 loss=1.517325
[rank 3] epoch=43 train_batch=12000/15625 loss=1.518646
[rank 3] epoch=43 train_batch=14000/15625 loss=1.484361
[rank 3] epoch=44 train_batch=2000/15625 loss=1.405568
[rank 3] epoch=44 train_batch=4000/15625 loss=1.443236
[rank 3] epoch=44 train_batch=6000/15625 loss=1.447623
[rank 3] epoch=44 train_batch=8000/15625 loss=1.459809
[rank 3] epoch=44 train_batch=10000/15625 loss=1.542636
[rank 3] epoch=44 train_batch=12000/15625 loss=1.462546
[rank 3] epoch=44 train_batch=14000/15625 loss=1.451101
[rank 3] epoch=45 train_batch=2000/15625 loss=1.446408
[rank 3] epoch=45 train_batch=4000/15625 loss=1.477118
[rank 3] epoch=45 train_batch=6000/15625 loss=1.473598
[rank 3] epoch=45 train_batch=8000/15625 loss=1.523415
[rank 3] epoch=45 train_batch=10000/15625 loss=1.457462
[rank 3] epoch=45 train_batch=12000/15625 loss=1.460223
[rank 3] epoch=45 train_batch=14000/15625 loss=1.402784
[rank 3] epoch=46 train_batch=2000/15625 loss=1.468331
[rank 3] epoch=46 train_batch=4000/15625 loss=1.373333
[rank 3] epoch=46 train_batch=6000/15625 loss=1.448834
[rank 3] epoch=46 train_batch=8000/15625 loss=1.455955
[rank 3] epoch=46 train_batch=10000/15625 loss=1.474399
[rank 3] epoch=46 train_batch=12000/15625 loss=1.398213
[rank 3] epoch=46 train_batch=14000/15625 loss=1.417330
[rank 3] epoch=47 train_batch=2000/15625 loss=1.384224
[rank 3] epoch=47 train_batch=4000/15625 loss=1.436295
[rank 3] epoch=47 train_batch=6000/15625 loss=1.474738
[rank 3] epoch=47 train_batch=8000/15625 loss=1.441957
[rank 3] epoch=47 train_batch=10000/15625 loss=1.459430
[rank 3] epoch=47 train_batch=12000/15625 loss=1.470281
[rank 3] epoch=47 train_batch=14000/15625 loss=1.397779
[rank 3] epoch=48 train_batch=2000/15625 loss=1.479852
[rank 3] epoch=48 train_batch=4000/15625 loss=1.443296
[rank 3] epoch=48 train_batch=6000/15625 loss=1.456470
[rank 3] epoch=48 train_batch=8000/15625 loss=1.440524
[rank 3] epoch=48 train_batch=10000/15625 loss=1.494645
[rank 3] epoch=48 train_batch=12000/15625 loss=1.439764
[rank 3] epoch=48 train_batch=14000/15625 loss=1.467670
[rank 3] epoch=49 train_batch=2000/15625 loss=1.493312
[rank 3] epoch=49 train_batch=4000/15625 loss=1.515963
[rank 3] epoch=49 train_batch=6000/15625 loss=1.444484
[rank 3] epoch=49 train_batch=8000/15625 loss=1.445301
[rank 3] epoch=49 train_batch=10000/15625 loss=1.434219
[rank 3] epoch=49 train_batch=12000/15625 loss=1.486631
[rank 3] epoch=49 train_batch=14000/15625 loss=1.411146
[rank 3] epoch=50 train_batch=2000/15625 loss=1.387555
[rank 3] epoch=50 train_batch=4000/15625 loss=1.436641
[rank 3] epoch=50 train_batch=6000/15625 loss=1.495728
[rank 3] epoch=50 train_batch=8000/15625 loss=1.460027
[rank 3] epoch=50 train_batch=10000/15625 loss=1.433336
[rank 3] epoch=50 train_batch=12000/15625 loss=1.506711
[rank 3] epoch=50 train_batch=14000/15625 loss=1.479282
[rank 3] epoch=51 train_batch=2000/15625 loss=1.419909
[rank 3] epoch=51 train_batch=4000/15625 loss=1.453812
[rank 3] epoch=51 train_batch=6000/15625 loss=1.430776
[rank 3] epoch=51 train_batch=8000/15625 loss=1.382003
[rank 3] epoch=51 train_batch=10000/15625 loss=1.414966
[rank 3] epoch=51 train_batch=12000/15625 loss=1.407441
[rank 3] epoch=51 train_batch=14000/15625 loss=1.453742
[rank 3] epoch=52 train_batch=2000/15625 loss=1.445599
[rank 3] epoch=52 train_batch=4000/15625 loss=1.431950
[rank 3] epoch=52 train_batch=6000/15625 loss=1.488332
[rank 3] epoch=52 train_batch=8000/15625 loss=1.390246
[rank 3] epoch=52 train_batch=10000/15625 loss=1.405501
[rank 3] epoch=52 train_batch=12000/15625 loss=1.382963
[rank 3] epoch=52 train_batch=14000/15625 loss=1.435358
[rank 3] epoch=53 train_batch=2000/15625 loss=1.433306
[rank 3] epoch=53 train_batch=4000/15625 loss=1.383188
[rank 3] epoch=53 train_batch=6000/15625 loss=1.449821
[rank 3] epoch=53 train_batch=8000/15625 loss=1.388226
[rank 3] epoch=53 train_batch=10000/15625 loss=1.442815
[rank 3] epoch=53 train_batch=12000/15625 loss=1.477160
[rank 3] epoch=53 train_batch=14000/15625 loss=1.437278
[rank 3] epoch=54 train_batch=2000/15625 loss=1.420218
[rank 3] epoch=54 train_batch=4000/15625 loss=1.376072
[rank 3] epoch=54 train_batch=6000/15625 loss=1.459706
[rank 3] epoch=54 train_batch=8000/15625 loss=1.468285
[rank 3] epoch=54 train_batch=10000/15625 loss=1.404594
[rank 3] epoch=54 train_batch=12000/15625 loss=1.455326
[rank 3] epoch=54 train_batch=14000/15625 loss=1.409394
[rank 3] epoch=55 train_batch=2000/15625 loss=1.462301
[rank 3] epoch=55 train_batch=4000/15625 loss=1.397625
[rank 3] epoch=55 train_batch=6000/15625 loss=1.443308
[rank 3] epoch=55 train_batch=8000/15625 loss=1.433401
[rank 3] epoch=55 train_batch=10000/15625 loss=1.392424
[rank 3] epoch=55 train_batch=12000/15625 loss=1.450002
[rank 3] epoch=55 train_batch=14000/15625 loss=1.413810
[rank 3] epoch=56 train_batch=2000/15625 loss=1.425053
[rank 3] epoch=56 train_batch=4000/15625 loss=1.470990
[rank 3] epoch=56 train_batch=6000/15625 loss=1.444868
[rank 3] epoch=56 train_batch=8000/15625 loss=1.423588
[rank 3] epoch=56 train_batch=10000/15625 loss=1.440516
[rank 3] epoch=56 train_batch=12000/15625 loss=1.504776
[rank 3] epoch=56 train_batch=14000/15625 loss=1.449312
[rank 3] epoch=57 train_batch=2000/15625 loss=1.413326
[rank 3] epoch=57 train_batch=4000/15625 loss=1.439537
[rank 3] epoch=57 train_batch=6000/15625 loss=1.386345
[rank 3] epoch=57 train_batch=8000/15625 loss=1.416816
[rank 3] epoch=57 train_batch=10000/15625 loss=1.360390
[rank 3] epoch=57 train_batch=12000/15625 loss=1.516316
[rank 3] epoch=57 train_batch=14000/15625 loss=1.419359
[rank 3] epoch=58 train_batch=2000/15625 loss=1.430670
[rank 3] epoch=58 train_batch=4000/15625 loss=1.411760
[rank 3] epoch=58 train_batch=6000/15625 loss=1.398345
[rank 3] epoch=58 train_batch=8000/15625 loss=1.369386
[rank 3] epoch=58 train_batch=10000/15625 loss=1.412159
[rank 3] epoch=58 train_batch=12000/15625 loss=1.388808
[rank 3] epoch=58 train_batch=14000/15625 loss=1.428884
[rank 3] epoch=59 train_batch=2000/15625 loss=1.468815
[rank 3] epoch=59 train_batch=4000/15625 loss=1.360461
[rank 3] epoch=59 train_batch=6000/15625 loss=1.415944
[rank 3] epoch=59 train_batch=8000/15625 loss=1.439415
[rank 3] epoch=59 train_batch=10000/15625 loss=1.440708
[rank 3] epoch=59 train_batch=12000/15625 loss=1.390759
[rank 3] epoch=59 train_batch=14000/15625 loss=1.389581
[rank 3] epoch=60 train_batch=2000/15625 loss=1.421896
[rank 3] epoch=60 train_batch=4000/15625 loss=1.376364
[rank 3] epoch=60 train_batch=6000/15625 loss=1.466560
[rank 3] epoch=60 train_batch=8000/15625 loss=1.408885
[rank 3] epoch=60 train_batch=10000/15625 loss=1.390613
[rank 3] epoch=60 train_batch=12000/15625 loss=1.393155
[rank 3] epoch=60 train_batch=14000/15625 loss=1.373689
[rank 3] epoch=61 train_batch=2000/15625 loss=1.427930
[rank 3] epoch=61 train_batch=4000/15625 loss=1.400100
[rank 3] epoch=61 train_batch=6000/15625 loss=1.476291
[rank 3] epoch=61 train_batch=8000/15625 loss=1.384797
[rank 3] epoch=61 train_batch=10000/15625 loss=1.388201
[rank 3] epoch=61 train_batch=12000/15625 loss=1.531304
[rank 3] epoch=61 train_batch=14000/15625 loss=1.449932
[rank 3] epoch=62 train_batch=2000/15625 loss=1.388595
[rank 3] epoch=62 train_batch=4000/15625 loss=1.416443
[rank 3] epoch=62 train_batch=6000/15625 loss=1.469784
[rank 3] epoch=62 train_batch=8000/15625 loss=1.461678
[rank 3] epoch=62 train_batch=10000/15625 loss=1.385306
[rank 3] epoch=62 train_batch=12000/15625 loss=1.463575
[rank 3] epoch=62 train_batch=14000/15625 loss=1.383295
[rank 3] epoch=63 train_batch=2000/15625 loss=1.450841
[rank 3] epoch=63 train_batch=4000/15625 loss=1.479266
[rank 3] epoch=63 train_batch=6000/15625 loss=1.530610
[rank 3] epoch=63 train_batch=8000/15625 loss=1.526103
[rank 3] epoch=63 train_batch=10000/15625 loss=1.492396
[rank 3] epoch=63 train_batch=12000/15625 loss=1.499912
[rank 3] epoch=63 train_batch=14000/15625 loss=1.452434
[rank 3] epoch=64 train_batch=2000/15625 loss=1.461128
[rank 3] epoch=64 train_batch=4000/15625 loss=1.454805
[rank 3] epoch=64 train_batch=6000/15625 loss=1.471847
[rank 3] epoch=64 train_batch=8000/15625 loss=1.475406
[rank 3] epoch=64 train_batch=10000/15625 loss=1.550553
[rank 3] epoch=64 train_batch=12000/15625 loss=1.489990
[rank 3] epoch=64 train_batch=14000/15625 loss=1.513150
[rank 3] epoch=65 train_batch=2000/15625 loss=1.383421
[rank 3] epoch=65 train_batch=4000/15625 loss=1.463985
[rank 3] epoch=65 train_batch=6000/15625 loss=1.469016
[rank 3] epoch=65 train_batch=8000/15625 loss=1.425909
[rank 3] epoch=65 train_batch=10000/15625 loss=1.424593
[rank 3] epoch=65 train_batch=12000/15625 loss=1.473705
[rank 3] epoch=65 train_batch=14000/15625 loss=1.482378
[rank 3] epoch=66 train_batch=2000/15625 loss=1.437050
[rank 3] epoch=66 train_batch=4000/15625 loss=1.429950
[rank 3] epoch=66 train_batch=6000/15625 loss=1.430721
[rank 3] epoch=66 train_batch=8000/15625 loss=1.429985
[rank 3] epoch=66 train_batch=10000/15625 loss=1.429142
[rank 3] epoch=66 train_batch=12000/15625 loss=1.557768
[rank 3] epoch=66 train_batch=14000/15625 loss=1.389884
[rank 3] epoch=67 train_batch=2000/15625 loss=1.497897
[rank 3] epoch=67 train_batch=4000/15625 loss=1.449869
[rank 3] epoch=67 train_batch=6000/15625 loss=1.553879
[rank 3] epoch=67 train_batch=8000/15625 loss=1.495820
[rank 3] epoch=67 train_batch=10000/15625 loss=1.461784
[rank 3] epoch=67 train_batch=12000/15625 loss=1.458127
[rank 3] epoch=67 train_batch=14000/15625 loss=1.516609
[rank 3] epoch=68 train_batch=2000/15625 loss=1.528556
[rank 3] epoch=68 train_batch=4000/15625 loss=1.434849
[rank 3] epoch=68 train_batch=6000/15625 loss=1.498673
[rank 3] epoch=68 train_batch=8000/15625 loss=1.483786
[rank 3] epoch=68 train_batch=10000/15625 loss=1.502615
[rank 3] epoch=68 train_batch=12000/15625 loss=1.395923
[rank 3] epoch=68 train_batch=14000/15625 loss=1.534333
[rank 3] epoch=69 train_batch=2000/15625 loss=1.462194
[rank 3] epoch=69 train_batch=4000/15625 loss=1.530156
[rank 3] epoch=69 train_batch=6000/15625 loss=1.482418
[rank 3] epoch=69 train_batch=8000/15625 loss=1.493631
[rank 3] epoch=69 train_batch=10000/15625 loss=1.517400
[rank 3] epoch=69 train_batch=12000/15625 loss=1.473704
[rank 3] epoch=69 train_batch=14000/15625 loss=1.423844
[rank 3] epoch=70 train_batch=2000/15625 loss=1.500228
[rank 3] epoch=70 train_batch=4000/15625 loss=1.450542
[rank 3] epoch=70 train_batch=6000/15625 loss=1.505804
[rank 3] epoch=70 train_batch=8000/15625 loss=1.408672
[rank 3] epoch=70 train_batch=10000/15625 loss=1.436322
[rank 3] epoch=70 train_batch=12000/15625 loss=1.417371
[rank 3] epoch=70 train_batch=14000/15625 loss=1.460608
[rank 3] epoch=71 train_batch=2000/15625 loss=1.476113
[rank 3] epoch=71 train_batch=4000/15625 loss=1.464859
[rank 3] epoch=71 train_batch=6000/15625 loss=1.502235
[rank 3] epoch=71 train_batch=8000/15625 loss=1.546363
[rank 3] epoch=71 train_batch=10000/15625 loss=1.440017
[rank 3] epoch=71 train_batch=12000/15625 loss=1.450226
[rank 3] epoch=71 train_batch=14000/15625 loss=1.465917
[rank 3] epoch=72 train_batch=2000/15625 loss=1.469982
[rank 3] epoch=72 train_batch=4000/15625 loss=1.557107
[rank 3] epoch=72 train_batch=6000/15625 loss=1.418212
[rank 3] epoch=72 train_batch=8000/15625 loss=1.444657
[rank 3] epoch=72 train_batch=10000/15625 loss=1.379261
[rank 3] epoch=72 train_batch=12000/15625 loss=1.605434
[rank 3] epoch=72 train_batch=14000/15625 loss=1.507754
[rank 3] epoch=73 train_batch=2000/15625 loss=1.485571
[rank 3] epoch=73 train_batch=4000/15625 loss=1.461056
[rank 3] epoch=73 train_batch=6000/15625 loss=1.444209
[rank 3] epoch=73 train_batch=8000/15625 loss=1.458134
[rank 3] epoch=73 train_batch=10000/15625 loss=1.454026
[rank 3] epoch=73 train_batch=12000/15625 loss=1.434728
[rank 3] epoch=73 train_batch=14000/15625 loss=1.450276
[rank 3] epoch=74 train_batch=2000/15625 loss=1.437498
[rank 3] epoch=74 train_batch=4000/15625 loss=1.507338
[rank 3] epoch=74 train_batch=6000/15625 loss=1.426274
[rank 3] epoch=74 train_batch=8000/15625 loss=1.429375
[rank 3] epoch=74 train_batch=10000/15625 loss=1.427761
[rank 3] epoch=74 train_batch=12000/15625 loss=1.469023
[rank 3] epoch=74 train_batch=14000/15625 loss=1.414814
[rank 3] epoch=75 train_batch=2000/15625 loss=1.460325
[rank 3] epoch=75 train_batch=4000/15625 loss=1.486830
[rank 3] epoch=75 train_batch=6000/15625 loss=1.508622
[rank 3] epoch=75 train_batch=8000/15625 loss=1.420606
[rank 3] epoch=75 train_batch=10000/15625 loss=1.446106
[rank 3] epoch=75 train_batch=12000/15625 loss=1.437453
[rank 3] epoch=75 train_batch=14000/15625 loss=1.447769
[rank 3] epoch=76 train_batch=2000/15625 loss=1.437561
[rank 3] epoch=76 train_batch=4000/15625 loss=1.391019
[rank 3] epoch=76 train_batch=6000/15625 loss=1.418738
[rank 3] epoch=76 train_batch=8000/15625 loss=1.442606
[rank 3] epoch=76 train_batch=10000/15625 loss=1.447935
[rank 3] epoch=76 train_batch=12000/15625 loss=1.476464
[rank 3] epoch=76 train_batch=14000/15625 loss=1.443532
[rank 3] epoch=77 train_batch=2000/15625 loss=1.473269
[rank 3] epoch=77 train_batch=4000/15625 loss=1.446790
[rank 3] epoch=77 train_batch=6000/15625 loss=1.444694
[rank 3] epoch=77 train_batch=8000/15625 loss=1.489369
[rank 3] epoch=77 train_batch=10000/15625 loss=1.490235
[rank 3] epoch=77 train_batch=12000/15625 loss=1.435132
[rank 3] epoch=77 train_batch=14000/15625 loss=1.479051
[rank 3] epoch=78 train_batch=2000/15625 loss=1.430127
[rank 3] epoch=78 train_batch=4000/15625 loss=1.432491
[rank 3] epoch=78 train_batch=6000/15625 loss=1.459456
[rank 3] epoch=78 train_batch=8000/15625 loss=1.464785
[rank 3] epoch=78 train_batch=10000/15625 loss=1.441994
[rank 3] epoch=78 train_batch=12000/15625 loss=1.439267
[rank 3] epoch=78 train_batch=14000/15625 loss=1.448034
[rank 3] epoch=79 train_batch=2000/15625 loss=1.435861
[rank 3] epoch=79 train_batch=4000/15625 loss=1.407636
[rank 3] epoch=79 train_batch=6000/15625 loss=1.463915
[rank 3] epoch=79 train_batch=8000/15625 loss=1.409607
[rank 3] epoch=79 train_batch=10000/15625 loss=1.436519
[rank 3] epoch=79 train_batch=12000/15625 loss=1.487827
[rank 3] epoch=79 train_batch=14000/15625 loss=1.472268
[rank 3] epoch=80 train_batch=2000/15625 loss=1.394565
[rank 3] epoch=80 train_batch=4000/15625 loss=1.379995
[rank 3] epoch=80 train_batch=6000/15625 loss=1.408828
[rank 3] epoch=80 train_batch=8000/15625 loss=1.466857
[rank 3] epoch=80 train_batch=10000/15625 loss=1.399151
[rank 3] epoch=80 train_batch=12000/15625 loss=1.413095
[rank 3] epoch=80 train_batch=14000/15625 loss=1.407855
[rank 3] epoch=81 train_batch=2000/15625 loss=1.421896
[rank 3] epoch=81 train_batch=4000/15625 loss=1.442293
[rank 3] epoch=81 train_batch=6000/15625 loss=1.363672
[rank 3] epoch=81 train_batch=8000/15625 loss=1.464585
[rank 3] epoch=81 train_batch=10000/15625 loss=1.360844
[rank 3] epoch=81 train_batch=12000/15625 loss=1.463621
[rank 3] epoch=81 train_batch=14000/15625 loss=1.412842
[rank 3] epoch=82 train_batch=2000/15625 loss=1.420921
[rank 3] epoch=82 train_batch=4000/15625 loss=1.427850
[rank 3] epoch=82 train_batch=6000/15625 loss=1.466504
[rank 3] epoch=82 train_batch=8000/15625 loss=1.501077
[rank 3] epoch=82 train_batch=10000/15625 loss=1.442537
[rank 3] epoch=82 train_batch=12000/15625 loss=1.416969
[rank 3] epoch=82 train_batch=14000/15625 loss=1.416648
[rank 3] epoch=83 train_batch=2000/15625 loss=1.477555
[rank 3] epoch=83 train_batch=4000/15625 loss=1.369325
[rank 3] epoch=83 train_batch=6000/15625 loss=1.385240
[rank 3] epoch=83 train_batch=8000/15625 loss=1.497808
[rank 3] epoch=83 train_batch=10000/15625 loss=1.401941
[rank 3] epoch=83 train_batch=12000/15625 loss=1.396371
[rank 3] epoch=83 train_batch=14000/15625 loss=1.479689
[rank 3] epoch=84 train_batch=2000/15625 loss=1.472717
[rank 3] epoch=84 train_batch=4000/15625 loss=1.354733
[rank 3] epoch=84 train_batch=6000/15625 loss=1.446259
[rank 3] epoch=84 train_batch=8000/15625 loss=1.355722
[rank 3] epoch=84 train_batch=10000/15625 loss=1.401015
[rank 3] epoch=84 train_batch=12000/15625 loss=1.467193
[rank 3] epoch=84 train_batch=14000/15625 loss=1.440646
[rank 3] epoch=85 train_batch=2000/15625 loss=1.419269
[rank 3] epoch=85 train_batch=4000/15625 loss=1.536787
[rank 3] epoch=85 train_batch=6000/15625 loss=1.413225
[rank 3] epoch=85 train_batch=8000/15625 loss=1.440960
[rank 3] epoch=85 train_batch=10000/15625 loss=1.449394
[rank 3] epoch=85 train_batch=12000/15625 loss=1.486579
[rank 3] epoch=85 train_batch=14000/15625 loss=1.416755
[rank 3] epoch=86 train_batch=2000/15625 loss=1.426548
[rank 3] epoch=86 train_batch=4000/15625 loss=1.426737
[rank 3] epoch=86 train_batch=6000/15625 loss=1.494672
[rank 3] epoch=86 train_batch=8000/15625 loss=1.403067
[rank 3] epoch=86 train_batch=10000/15625 loss=1.532153
[rank 3] epoch=86 train_batch=12000/15625 loss=1.398040
[rank 3] epoch=86 train_batch=14000/15625 loss=1.511453
[rank 3] epoch=87 train_batch=2000/15625 loss=1.403760
[rank 3] epoch=87 train_batch=4000/15625 loss=1.420637
[rank 3] epoch=87 train_batch=6000/15625 loss=1.414787
[rank 3] epoch=87 train_batch=8000/15625 loss=1.382980
[rank 3] epoch=87 train_batch=10000/15625 loss=1.375859
[rank 3] epoch=87 train_batch=12000/15625 loss=1.469169
[rank 3] epoch=87 train_batch=14000/15625 loss=1.458097
[rank 3] epoch=88 train_batch=2000/15625 loss=1.500360
[rank 3] epoch=88 train_batch=4000/15625 loss=1.394208
[rank 3] epoch=88 train_batch=6000/15625 loss=1.502524
[rank 3] epoch=88 train_batch=8000/15625 loss=1.452086
[rank 3] epoch=88 train_batch=10000/15625 loss=1.418918
[rank 3] epoch=88 train_batch=12000/15625 loss=1.399882
[rank 3] epoch=88 train_batch=14000/15625 loss=1.391600
[rank 3] epoch=89 train_batch=2000/15625 loss=1.432337
[rank 3] epoch=89 train_batch=4000/15625 loss=1.393206
[rank 3] epoch=89 train_batch=6000/15625 loss=1.453377
[rank 3] epoch=89 train_batch=8000/15625 loss=1.389345
[rank 3] epoch=89 train_batch=10000/15625 loss=1.371034
[rank 3] epoch=89 train_batch=12000/15625 loss=1.401271
[rank 3] epoch=89 train_batch=14000/15625 loss=1.383054
[rank 3] epoch=90 train_batch=2000/15625 loss=1.362579
[rank 3] epoch=90 train_batch=4000/15625 loss=1.427499
[rank 3] epoch=90 train_batch=6000/15625 loss=1.421064
[rank 3] epoch=90 train_batch=8000/15625 loss=1.398160
[rank 3] epoch=90 train_batch=10000/15625 loss=1.418978
[rank 3] epoch=90 train_batch=12000/15625 loss=1.420280
[rank 3] epoch=90 train_batch=14000/15625 loss=1.426810
[rank 3] epoch=91 train_batch=2000/15625 loss=1.362957
[rank 3] epoch=91 train_batch=4000/15625 loss=1.399537
[rank 3] epoch=91 train_batch=6000/15625 loss=1.344932
[rank 3] epoch=91 train_batch=8000/15625 loss=1.395936
[rank 3] epoch=91 train_batch=10000/15625 loss=1.416649
[rank 3] epoch=91 train_batch=12000/15625 loss=1.399653
[rank 3] epoch=91 train_batch=14000/15625 loss=1.362420
[rank 3] epoch=92 train_batch=2000/15625 loss=1.453740
[rank 3] epoch=92 train_batch=4000/15625 loss=1.414641
[rank 3] epoch=92 train_batch=6000/15625 loss=1.442693
[rank 3] epoch=92 train_batch=8000/15625 loss=1.384899
[rank 3] epoch=92 train_batch=10000/15625 loss=1.367159
[rank 3] epoch=92 train_batch=12000/15625 loss=1.381520
[rank 3] epoch=92 train_batch=14000/15625 loss=1.362019
[rank 3] epoch=93 train_batch=2000/15625 loss=1.446645
[rank 3] epoch=93 train_batch=4000/15625 loss=1.391082
[rank 3] epoch=93 train_batch=6000/15625 loss=1.415805
[rank 3] epoch=93 train_batch=8000/15625 loss=1.473770
[rank 3] epoch=93 train_batch=10000/15625 loss=1.410825
[rank 3] epoch=93 train_batch=12000/15625 loss=1.457225
[rank 3] epoch=93 train_batch=14000/15625 loss=1.374779
[rank 3] epoch=94 train_batch=2000/15625 loss=1.408836
[rank 3] epoch=94 train_batch=4000/15625 loss=1.419612
[rank 3] epoch=94 train_batch=6000/15625 loss=1.370637
[rank 3] epoch=94 train_batch=8000/15625 loss=1.444066
[rank 3] epoch=94 train_batch=10000/15625 loss=1.400942
[rank 3] epoch=94 train_batch=12000/15625 loss=1.357694
[rank 3] epoch=94 train_batch=14000/15625 loss=1.388663
[rank 3] epoch=95 train_batch=2000/15625 loss=1.357451
[rank 3] epoch=95 train_batch=4000/15625 loss=1.461973
[rank 3] epoch=95 train_batch=6000/15625 loss=1.405946
[rank 3] epoch=95 train_batch=8000/15625 loss=1.438586
[rank 3] epoch=95 train_batch=10000/15625 loss=1.446944
[rank 3] epoch=95 train_batch=12000/15625 loss=1.349339
[rank 3] epoch=95 train_batch=14000/15625 loss=1.402196
[rank 3] epoch=96 train_batch=2000/15625 loss=1.414804
[rank 3] epoch=96 train_batch=4000/15625 loss=1.485303
[rank 3] epoch=96 train_batch=6000/15625 loss=1.337357
[rank 3] epoch=96 train_batch=8000/15625 loss=1.405965
[rank 3] epoch=96 train_batch=10000/15625 loss=1.402698
[rank 3] epoch=96 train_batch=12000/15625 loss=1.364056
[rank 3] epoch=96 train_batch=14000/15625 loss=1.283016
[rank 3] epoch=97 train_batch=2000/15625 loss=1.349767
[rank 3] epoch=97 train_batch=4000/15625 loss=1.417701
[rank 3] epoch=97 train_batch=6000/15625 loss=1.413582
[rank 3] epoch=97 train_batch=8000/15625 loss=1.371495
[rank 3] epoch=97 train_batch=10000/15625 loss=1.457874
[rank 3] epoch=97 train_batch=12000/15625 loss=1.512217
[rank 3] epoch=97 train_batch=14000/15625 loss=1.453544
[rank 3] epoch=98 train_batch=2000/15625 loss=1.401370
[rank 3] epoch=98 train_batch=4000/15625 loss=1.401162
[rank 3] epoch=98 train_batch=6000/15625 loss=1.387645
[rank 3] epoch=98 train_batch=8000/15625 loss=1.464571
[rank 3] epoch=98 train_batch=10000/15625 loss=1.414197
[rank 3] epoch=98 train_batch=12000/15625 loss=1.355538
[rank 3] epoch=98 train_batch=14000/15625 loss=1.356695
[rank 3] epoch=99 train_batch=2000/15625 loss=1.462486
[rank 3] epoch=99 train_batch=4000/15625 loss=1.395138
[rank 3] epoch=99 train_batch=6000/15625 loss=1.362024
[rank 3] epoch=99 train_batch=8000/15625 loss=1.479966
[rank 3] epoch=99 train_batch=10000/15625 loss=1.381909
[rank 3] epoch=99 train_batch=12000/15625 loss=1.447966
[rank 3] epoch=99 train_batch=14000/15625 loss=1.456208
[rank 3] epoch=100 train_batch=2000/15625 loss=1.422886
[rank 3] epoch=100 train_batch=4000/15625 loss=1.559495
[rank 3] epoch=100 train_batch=6000/15625 loss=1.409687
[rank 3] epoch=100 train_batch=8000/15625 loss=1.448444
[rank 3] epoch=100 train_batch=10000/15625 loss=1.382426
[rank 3] epoch=100 train_batch=12000/15625 loss=1.472183
[rank 3] epoch=100 train_batch=14000/15625 loss=1.464762
[rank 3] epoch=101 train_batch=2000/15625 loss=1.391819
[rank 3] epoch=101 train_batch=4000/15625 loss=1.440638
[rank 3] epoch=101 train_batch=6000/15625 loss=1.454538
[rank 3] epoch=101 train_batch=8000/15625 loss=1.492979
[rank 3] epoch=101 train_batch=10000/15625 loss=1.461923
[rank 3] epoch=101 train_batch=12000/15625 loss=1.464750
[rank 3] epoch=101 train_batch=14000/15625 loss=1.414054
[rank 3] epoch=102 train_batch=2000/15625 loss=1.422023
[rank 3] epoch=102 train_batch=4000/15625 loss=1.491810
[rank 3] epoch=102 train_batch=6000/15625 loss=1.478115
[rank 3] epoch=102 train_batch=8000/15625 loss=1.415316
[rank 3] epoch=102 train_batch=10000/15625 loss=1.491069
[rank 3] epoch=102 train_batch=12000/15625 loss=1.437854
[rank 3] epoch=102 train_batch=14000/15625 loss=1.473968
[rank 3] epoch=103 train_batch=2000/15625 loss=1.558271
[rank 3] epoch=103 train_batch=4000/15625 loss=1.443114
[rank 3] epoch=103 train_batch=6000/15625 loss=1.576702
[rank 3] epoch=103 train_batch=8000/15625 loss=1.568952
[rank 3] epoch=103 train_batch=10000/15625 loss=1.415732
[rank 3] epoch=103 train_batch=12000/15625 loss=1.443887
[rank 3] epoch=103 train_batch=14000/15625 loss=1.486728
[rank 3] epoch=104 train_batch=2000/15625 loss=1.375160
[rank 3] epoch=104 train_batch=4000/15625 loss=1.486783
[rank 3] epoch=104 train_batch=6000/15625 loss=1.476597
[rank 3] epoch=104 train_batch=8000/15625 loss=1.464809
[rank 3] epoch=104 train_batch=10000/15625 loss=1.413128
[rank 3] epoch=104 train_batch=12000/15625 loss=1.456536
[rank 3] epoch=104 train_batch=14000/15625 loss=1.447692
[rank 3] epoch=105 train_batch=2000/15625 loss=1.377798
[rank 3] epoch=105 train_batch=4000/15625 loss=1.439690
[rank 3] epoch=105 train_batch=6000/15625 loss=1.448965
[rank 3] epoch=105 train_batch=8000/15625 loss=1.450336
[rank 3] epoch=105 train_batch=10000/15625 loss=1.536304
[rank 3] epoch=105 train_batch=12000/15625 loss=1.481411
[rank 3] epoch=105 train_batch=14000/15625 loss=1.411538
[rank 3] epoch=106 train_batch=2000/15625 loss=1.459187
[rank 3] epoch=106 train_batch=4000/15625 loss=1.427169
[rank 3] epoch=106 train_batch=6000/15625 loss=1.389667
[rank 3] epoch=106 train_batch=8000/15625 loss=1.517147
[rank 3] epoch=106 train_batch=10000/15625 loss=1.447253
[rank 3] epoch=106 train_batch=12000/15625 loss=1.469969
[rank 3] epoch=106 train_batch=14000/15625 loss=1.539315
[rank 3] epoch=107 train_batch=2000/15625 loss=1.398404
[rank 3] epoch=107 train_batch=4000/15625 loss=1.464975
[rank 3] epoch=107 train_batch=6000/15625 loss=1.363681
[rank 3] epoch=107 train_batch=8000/15625 loss=1.466582
[rank 3] epoch=107 train_batch=10000/15625 loss=1.443598
[rank 3] epoch=107 train_batch=12000/15625 loss=1.396779
[rank 3] epoch=107 train_batch=14000/15625 loss=1.398698
[rank 3] epoch=108 train_batch=2000/15625 loss=1.422259
[rank 3] epoch=108 train_batch=4000/15625 loss=1.448117
[rank 3] epoch=108 train_batch=6000/15625 loss=1.438806
[rank 3] epoch=108 train_batch=8000/15625 loss=1.498069
[rank 3] epoch=108 train_batch=10000/15625 loss=1.526417
[rank 3] epoch=108 train_batch=12000/15625 loss=1.436513
[rank 3] epoch=108 train_batch=14000/15625 loss=1.411220
[rank 3] epoch=109 train_batch=2000/15625 loss=1.406635
[rank 3] epoch=109 train_batch=4000/15625 loss=1.430029
[rank 3] epoch=109 train_batch=6000/15625 loss=1.424624
[rank 3] epoch=109 train_batch=8000/15625 loss=1.427266
[rank 3] epoch=109 train_batch=10000/15625 loss=1.456460
[rank 3] epoch=109 train_batch=12000/15625 loss=1.528932
[rank 3] epoch=109 train_batch=14000/15625 loss=1.457736
[rank 3] epoch=110 train_batch=2000/15625 loss=1.443555
[rank 3] epoch=110 train_batch=4000/15625 loss=1.418433
[rank 3] epoch=110 train_batch=6000/15625 loss=1.431756
[rank 3] epoch=110 train_batch=8000/15625 loss=1.487451
[rank 3] epoch=110 train_batch=10000/15625 loss=1.417756
[rank 3] epoch=110 train_batch=12000/15625 loss=1.539144
[rank 3] epoch=110 train_batch=14000/15625 loss=1.338581
[rank 3] epoch=111 train_batch=2000/15625 loss=1.396078
[rank 3] epoch=111 train_batch=4000/15625 loss=1.413606
[rank 3] epoch=111 train_batch=6000/15625 loss=1.362447
[rank 3] epoch=111 train_batch=8000/15625 loss=1.375120
[rank 3] epoch=111 train_batch=10000/15625 loss=1.414066
[rank 3] epoch=111 train_batch=12000/15625 loss=1.436240
[rank 3] epoch=111 train_batch=14000/15625 loss=1.443004
[rank 3] epoch=112 train_batch=2000/15625 loss=1.445847
[rank 3] epoch=112 train_batch=4000/15625 loss=1.427668
[rank 3] epoch=112 train_batch=6000/15625 loss=1.420653
[rank 3] epoch=112 train_batch=8000/15625 loss=1.386971
[rank 3] epoch=112 train_batch=10000/15625 loss=1.452190
[rank 3] epoch=112 train_batch=12000/15625 loss=1.454312
[rank 3] epoch=112 train_batch=14000/15625 loss=1.469831
[rank 3] epoch=113 train_batch=2000/15625 loss=1.408146
[rank 3] epoch=113 train_batch=4000/15625 loss=1.470737
[rank 3] epoch=113 train_batch=6000/15625 loss=1.493943
[rank 3] epoch=113 train_batch=8000/15625 loss=1.465326
[rank 3] epoch=113 train_batch=10000/15625 loss=1.431447
[rank 3] epoch=113 train_batch=12000/15625 loss=1.489679
[rank 3] epoch=113 train_batch=14000/15625 loss=1.473451
[rank 3] epoch=114 train_batch=2000/15625 loss=1.407283
[rank 3] epoch=114 train_batch=4000/15625 loss=1.461665
[rank 3] epoch=114 train_batch=6000/15625 loss=1.445246
[rank 3] epoch=114 train_batch=8000/15625 loss=1.464253
[rank 3] epoch=114 train_batch=10000/15625 loss=1.404097
