cuda:1
thetaphi at main: True
Loading dataset...
Using ILCStreamingDataset (shuffle_buffer=256, files_per_chunk=32, seed=1001)
ILCStreamingDataset: path=/data/suehara/mldata/pfa/murata/data/tc/tc_nnqq_2M, files=20000, events~=2000000, shuffle_buffer=256, files_per_chunk=32
Using ILCStreamingDataset (shuffle_buffer=256, files_per_chunk=32, seed=1001)
ILCStreamingDataset: path=/data/suehara/mldata/pfa/murata/data/tc/tc_nnqq_new/train, files=716, events~=94400, shuffle_buffer=256, files_per_chunk=32
Training dataset size:  2000000
Validating dataset size:  94400
Batch size:  128
Loading GravNetModelMultiHead (heads=3, reg_heads=2, interaction=none)
restart period :  30
[rank 1] epoch=0 train_batch=2000/15625 loss=1.061764
[rank 1] epoch=0 train_batch=4000/15625 loss=1.043839
[rank 1] epoch=0 train_batch=6000/15625 loss=1.040397
[rank 1] epoch=0 train_batch=8000/15625 loss=1.040327
[rank 1] epoch=0 train_batch=10000/15625 loss=1.038122
[rank 1] epoch=0 train_batch=12000/15625 loss=1.037742
[rank 1] epoch=0 train_batch=14000/15625 loss=1.028869
[rank 1] epoch=1 train_batch=2000/15625 loss=1.022475
[rank 1] epoch=1 train_batch=4000/15625 loss=1.022090
[rank 1] epoch=1 train_batch=6000/15625 loss=1.019117
[rank 1] epoch=1 train_batch=8000/15625 loss=1.016855
[rank 1] epoch=1 train_batch=10000/15625 loss=1.018101
[rank 1] epoch=1 train_batch=12000/15625 loss=1.018907
[rank 1] epoch=1 train_batch=14000/15625 loss=1.014220
[rank 1] epoch=2 train_batch=2000/15625 loss=1.596553
[rank 1] epoch=2 train_batch=4000/15625 loss=1.517412
[rank 1] epoch=2 train_batch=6000/15625 loss=1.583901
[rank 1] epoch=2 train_batch=8000/15625 loss=1.525296
[rank 1] epoch=2 train_batch=10000/15625 loss=1.446788
[rank 1] epoch=2 train_batch=12000/15625 loss=1.356718
[rank 1] epoch=2 train_batch=14000/15625 loss=1.377381
[rank 1] epoch=3 train_batch=2000/15625 loss=1.346304
[rank 1] epoch=3 train_batch=4000/15625 loss=1.301260
[rank 1] epoch=3 train_batch=6000/15625 loss=1.309044
[rank 1] epoch=3 train_batch=8000/15625 loss=1.340621
[rank 1] epoch=3 train_batch=10000/15625 loss=1.266788
[rank 1] epoch=3 train_batch=12000/15625 loss=1.264830
[rank 1] epoch=3 train_batch=14000/15625 loss=1.334926
[rank 1] epoch=4 train_batch=2000/15625 loss=1.785052
[rank 1] epoch=4 train_batch=4000/15625 loss=1.809501
[rank 1] epoch=4 train_batch=6000/15625 loss=1.764161
[rank 1] epoch=4 train_batch=8000/15625 loss=1.715581
[rank 1] epoch=4 train_batch=10000/15625 loss=1.780910
[rank 1] epoch=4 train_batch=12000/15625 loss=1.710719
[rank 1] epoch=4 train_batch=14000/15625 loss=1.640322
[rank 1] epoch=5 train_batch=2000/15625 loss=1.784477
[rank 1] epoch=5 train_batch=4000/15625 loss=1.666265
[rank 1] epoch=5 train_batch=6000/15625 loss=1.684658
[rank 1] epoch=5 train_batch=8000/15625 loss=1.616226
[rank 1] epoch=5 train_batch=10000/15625 loss=1.681774
[rank 1] epoch=5 train_batch=12000/15625 loss=1.611778
[rank 1] epoch=5 train_batch=14000/15625 loss=1.647096
[rank 1] epoch=6 train_batch=2000/15625 loss=1.621450
[rank 1] epoch=6 train_batch=4000/15625 loss=1.632532
[rank 1] epoch=6 train_batch=6000/15625 loss=1.616574
[rank 1] epoch=6 train_batch=8000/15625 loss=1.636099
[rank 1] epoch=6 train_batch=10000/15625 loss=1.839727
[rank 1] epoch=6 train_batch=12000/15625 loss=1.602637
[rank 1] epoch=6 train_batch=14000/15625 loss=1.526802
[rank 1] epoch=7 train_batch=2000/15625 loss=1.625863
[rank 1] epoch=7 train_batch=4000/15625 loss=1.607867
[rank 1] epoch=7 train_batch=6000/15625 loss=1.591611
[rank 1] epoch=7 train_batch=8000/15625 loss=1.519371
[rank 1] epoch=7 train_batch=10000/15625 loss=1.605056
[rank 1] epoch=7 train_batch=12000/15625 loss=1.676833
[rank 1] epoch=7 train_batch=14000/15625 loss=1.615902
[rank 1] epoch=8 train_batch=2000/15625 loss=1.528792
[rank 1] epoch=8 train_batch=4000/15625 loss=1.504279
[rank 1] epoch=8 train_batch=6000/15625 loss=1.570446
[rank 1] epoch=8 train_batch=8000/15625 loss=1.508397
[rank 1] epoch=8 train_batch=10000/15625 loss=1.531119
[rank 1] epoch=8 train_batch=12000/15625 loss=1.627007
[rank 1] epoch=8 train_batch=14000/15625 loss=1.589733
[rank 1] epoch=9 train_batch=2000/15625 loss=1.432108
[rank 1] epoch=9 train_batch=4000/15625 loss=1.525167
[rank 1] epoch=9 train_batch=6000/15625 loss=1.592421
[rank 1] epoch=9 train_batch=8000/15625 loss=1.506109
[rank 1] epoch=9 train_batch=10000/15625 loss=1.552020
[rank 1] epoch=9 train_batch=12000/15625 loss=1.547287
[rank 1] epoch=9 train_batch=14000/15625 loss=1.479991
[rank 1] epoch=10 train_batch=2000/15625 loss=1.530932
[rank 1] epoch=10 train_batch=4000/15625 loss=1.482062
[rank 1] epoch=10 train_batch=6000/15625 loss=1.524714
[rank 1] epoch=10 train_batch=8000/15625 loss=1.607872
[rank 1] epoch=10 train_batch=10000/15625 loss=1.529922
[rank 1] epoch=10 train_batch=12000/15625 loss=1.570532
[rank 1] epoch=10 train_batch=14000/15625 loss=1.474376
[rank 1] epoch=11 train_batch=2000/15625 loss=1.515458
[rank 1] epoch=11 train_batch=4000/15625 loss=1.529275
[rank 1] epoch=11 train_batch=6000/15625 loss=1.544145
[rank 1] epoch=11 train_batch=8000/15625 loss=1.539625
[rank 1] epoch=11 train_batch=10000/15625 loss=1.472954
[rank 1] epoch=11 train_batch=12000/15625 loss=1.488109
[rank 1] epoch=11 train_batch=14000/15625 loss=1.517338
[rank 1] epoch=12 train_batch=2000/15625 loss=1.539418
[rank 1] epoch=12 train_batch=4000/15625 loss=1.521137
[rank 1] epoch=12 train_batch=6000/15625 loss=1.434901
[rank 1] epoch=12 train_batch=8000/15625 loss=1.516304
[rank 1] epoch=12 train_batch=10000/15625 loss=1.526635
[rank 1] epoch=12 train_batch=12000/15625 loss=1.477133
[rank 1] epoch=12 train_batch=14000/15625 loss=1.482807
[rank 1] epoch=13 train_batch=2000/15625 loss=1.525540
[rank 1] epoch=13 train_batch=4000/15625 loss=1.517722
[rank 1] epoch=13 train_batch=6000/15625 loss=1.552592
[rank 1] epoch=13 train_batch=8000/15625 loss=1.512523
[rank 1] epoch=13 train_batch=10000/15625 loss=1.515652
[rank 1] epoch=13 train_batch=12000/15625 loss=1.534194
[rank 1] epoch=13 train_batch=14000/15625 loss=1.495073
[rank 1] epoch=14 train_batch=2000/15625 loss=1.519145
[rank 1] epoch=14 train_batch=4000/15625 loss=1.502462
[rank 1] epoch=14 train_batch=6000/15625 loss=1.501632
[rank 1] epoch=14 train_batch=8000/15625 loss=1.469103
[rank 1] epoch=14 train_batch=10000/15625 loss=1.601471
[rank 1] epoch=14 train_batch=12000/15625 loss=1.500196
[rank 1] epoch=14 train_batch=14000/15625 loss=1.540605
[rank 1] epoch=15 train_batch=2000/15625 loss=1.465564
[rank 1] epoch=15 train_batch=4000/15625 loss=1.441237
[rank 1] epoch=15 train_batch=6000/15625 loss=1.569217
[rank 1] epoch=15 train_batch=8000/15625 loss=1.487781
[rank 1] epoch=15 train_batch=10000/15625 loss=1.484415
[rank 1] epoch=15 train_batch=12000/15625 loss=1.455969
[rank 1] epoch=15 train_batch=14000/15625 loss=1.422000
[rank 1] epoch=16 train_batch=2000/15625 loss=1.401317
[rank 1] epoch=16 train_batch=4000/15625 loss=1.513340
[rank 1] epoch=16 train_batch=6000/15625 loss=1.463509
[rank 1] epoch=16 train_batch=8000/15625 loss=1.515563
[rank 1] epoch=16 train_batch=10000/15625 loss=1.485255
[rank 1] epoch=16 train_batch=12000/15625 loss=1.530321
[rank 1] epoch=16 train_batch=14000/15625 loss=1.515257
[rank 1] epoch=17 train_batch=2000/15625 loss=1.510174
[rank 1] epoch=17 train_batch=4000/15625 loss=1.508106
[rank 1] epoch=17 train_batch=6000/15625 loss=1.539197
[rank 1] epoch=17 train_batch=8000/15625 loss=1.495390
[rank 1] epoch=17 train_batch=10000/15625 loss=1.502913
[rank 1] epoch=17 train_batch=12000/15625 loss=1.481721
[rank 1] epoch=17 train_batch=14000/15625 loss=1.504279
[rank 1] epoch=18 train_batch=2000/15625 loss=1.496150
[rank 1] epoch=18 train_batch=4000/15625 loss=1.487156
[rank 1] epoch=18 train_batch=6000/15625 loss=1.428297
[rank 1] epoch=18 train_batch=8000/15625 loss=1.512454
[rank 1] epoch=18 train_batch=10000/15625 loss=1.474125
[rank 1] epoch=18 train_batch=12000/15625 loss=1.553093
[rank 1] epoch=18 train_batch=14000/15625 loss=1.469015
[rank 1] epoch=19 train_batch=2000/15625 loss=1.495147
[rank 1] epoch=19 train_batch=4000/15625 loss=1.473011
[rank 1] epoch=19 train_batch=6000/15625 loss=1.510268
[rank 1] epoch=19 train_batch=8000/15625 loss=1.474889
[rank 1] epoch=19 train_batch=10000/15625 loss=1.497343
[rank 1] epoch=19 train_batch=12000/15625 loss=1.425596
[rank 1] epoch=19 train_batch=14000/15625 loss=1.423087
[rank 1] epoch=20 train_batch=2000/15625 loss=1.496305
[rank 1] epoch=20 train_batch=4000/15625 loss=1.555706
[rank 1] epoch=20 train_batch=6000/15625 loss=1.507071
[rank 1] epoch=20 train_batch=8000/15625 loss=1.447394
[rank 1] epoch=20 train_batch=10000/15625 loss=1.493589
[rank 1] epoch=20 train_batch=12000/15625 loss=1.422887
[rank 1] epoch=20 train_batch=14000/15625 loss=1.515113
[rank 1] epoch=21 train_batch=2000/15625 loss=1.452525
[rank 1] epoch=21 train_batch=4000/15625 loss=1.448171
[rank 1] epoch=21 train_batch=6000/15625 loss=1.480366
[rank 1] epoch=21 train_batch=8000/15625 loss=1.520930
[rank 1] epoch=21 train_batch=10000/15625 loss=1.488695
[rank 1] epoch=21 train_batch=12000/15625 loss=1.493901
[rank 1] epoch=21 train_batch=14000/15625 loss=1.490737
[rank 1] epoch=22 train_batch=2000/15625 loss=1.461836
[rank 1] epoch=22 train_batch=4000/15625 loss=1.449601
[rank 1] epoch=22 train_batch=6000/15625 loss=1.485551
[rank 1] epoch=22 train_batch=8000/15625 loss=1.458690
[rank 1] epoch=22 train_batch=10000/15625 loss=1.482102
[rank 1] epoch=22 train_batch=12000/15625 loss=1.412443
[rank 1] epoch=22 train_batch=14000/15625 loss=1.533744
[rank 1] epoch=23 train_batch=2000/15625 loss=1.492493
[rank 1] epoch=23 train_batch=4000/15625 loss=1.417712
[rank 1] epoch=23 train_batch=6000/15625 loss=1.448516
[rank 1] epoch=23 train_batch=8000/15625 loss=1.500352
[rank 1] epoch=23 train_batch=10000/15625 loss=1.432364
[rank 1] epoch=23 train_batch=12000/15625 loss=1.525344
[rank 1] epoch=23 train_batch=14000/15625 loss=1.426768
[rank 1] epoch=24 train_batch=2000/15625 loss=1.447179
[rank 1] epoch=24 train_batch=4000/15625 loss=1.436331
[rank 1] epoch=24 train_batch=6000/15625 loss=1.403708
[rank 1] epoch=24 train_batch=8000/15625 loss=1.474150
[rank 1] epoch=24 train_batch=10000/15625 loss=1.440708
[rank 1] epoch=24 train_batch=12000/15625 loss=1.461395
[rank 1] epoch=24 train_batch=14000/15625 loss=1.439471
[rank 1] epoch=25 train_batch=2000/15625 loss=1.425323
[rank 1] epoch=25 train_batch=4000/15625 loss=1.477620
[rank 1] epoch=25 train_batch=6000/15625 loss=1.446255
[rank 1] epoch=25 train_batch=8000/15625 loss=1.407740
[rank 1] epoch=25 train_batch=10000/15625 loss=1.475529
[rank 1] epoch=25 train_batch=12000/15625 loss=1.477381
[rank 1] epoch=25 train_batch=14000/15625 loss=1.494047
[rank 1] epoch=26 train_batch=2000/15625 loss=1.537631
[rank 1] epoch=26 train_batch=4000/15625 loss=1.487643
[rank 1] epoch=26 train_batch=6000/15625 loss=1.485232
[rank 1] epoch=26 train_batch=8000/15625 loss=1.426090
[rank 1] epoch=26 train_batch=10000/15625 loss=1.424893
[rank 1] epoch=26 train_batch=12000/15625 loss=1.445698
[rank 1] epoch=26 train_batch=14000/15625 loss=1.430077
[rank 1] epoch=27 train_batch=2000/15625 loss=1.495919
[rank 1] epoch=27 train_batch=4000/15625 loss=1.408259
[rank 1] epoch=27 train_batch=6000/15625 loss=1.449997
[rank 1] epoch=27 train_batch=8000/15625 loss=1.429142
[rank 1] epoch=27 train_batch=10000/15625 loss=1.398861
[rank 1] epoch=27 train_batch=12000/15625 loss=1.408870
[rank 1] epoch=27 train_batch=14000/15625 loss=1.436682
[rank 1] epoch=28 train_batch=2000/15625 loss=1.411132
[rank 1] epoch=28 train_batch=4000/15625 loss=1.481844
[rank 1] epoch=28 train_batch=6000/15625 loss=1.467693
[rank 1] epoch=28 train_batch=8000/15625 loss=1.431373
[rank 1] epoch=28 train_batch=10000/15625 loss=1.416148
[rank 1] epoch=28 train_batch=12000/15625 loss=1.416432
[rank 1] epoch=28 train_batch=14000/15625 loss=1.452285
[rank 1] epoch=29 train_batch=2000/15625 loss=1.445188
[rank 1] epoch=29 train_batch=4000/15625 loss=1.420418
[rank 1] epoch=29 train_batch=6000/15625 loss=1.399270
[rank 1] epoch=29 train_batch=8000/15625 loss=1.378912
[rank 1] epoch=29 train_batch=10000/15625 loss=1.408884
[rank 1] epoch=29 train_batch=12000/15625 loss=1.393907
[rank 1] epoch=29 train_batch=14000/15625 loss=1.394939
[rank 1] epoch=30 train_batch=2000/15625 loss=1.496953
[rank 1] epoch=30 train_batch=4000/15625 loss=1.536668
[rank 1] epoch=30 train_batch=6000/15625 loss=1.497601
[rank 1] epoch=30 train_batch=8000/15625 loss=1.466026
[rank 1] epoch=30 train_batch=10000/15625 loss=1.562711
[rank 1] epoch=30 train_batch=12000/15625 loss=1.457249
[rank 1] epoch=30 train_batch=14000/15625 loss=1.499552
[rank 1] epoch=31 train_batch=2000/15625 loss=1.532725
[rank 1] epoch=31 train_batch=4000/15625 loss=1.550301
[rank 1] epoch=31 train_batch=6000/15625 loss=1.579846
[rank 1] epoch=31 train_batch=8000/15625 loss=1.546334
[rank 1] epoch=31 train_batch=10000/15625 loss=1.498448
[rank 1] epoch=31 train_batch=12000/15625 loss=1.480309
[rank 1] epoch=31 train_batch=14000/15625 loss=1.558239
[rank 1] epoch=32 train_batch=2000/15625 loss=1.530197
[rank 1] epoch=32 train_batch=4000/15625 loss=1.543225
[rank 1] epoch=32 train_batch=6000/15625 loss=1.540759
[rank 1] epoch=32 train_batch=8000/15625 loss=1.516697
[rank 1] epoch=32 train_batch=10000/15625 loss=1.607525
[rank 1] epoch=32 train_batch=12000/15625 loss=1.471257
[rank 1] epoch=32 train_batch=14000/15625 loss=1.493227
[rank 1] epoch=33 train_batch=2000/15625 loss=1.493558
[rank 1] epoch=33 train_batch=4000/15625 loss=1.543717
[rank 1] epoch=33 train_batch=6000/15625 loss=1.478208
[rank 1] epoch=33 train_batch=8000/15625 loss=1.391780
[rank 1] epoch=33 train_batch=10000/15625 loss=1.464009
[rank 1] epoch=33 train_batch=12000/15625 loss=1.523448
[rank 1] epoch=33 train_batch=14000/15625 loss=1.460641
[rank 1] epoch=34 train_batch=2000/15625 loss=1.456534
[rank 1] epoch=34 train_batch=4000/15625 loss=1.436639
[rank 1] epoch=34 train_batch=6000/15625 loss=1.450281
[rank 1] epoch=34 train_batch=8000/15625 loss=1.457812
[rank 1] epoch=34 train_batch=10000/15625 loss=1.520326
[rank 1] epoch=34 train_batch=12000/15625 loss=1.485108
[rank 1] epoch=34 train_batch=14000/15625 loss=1.460846
[rank 1] epoch=35 train_batch=2000/15625 loss=1.515182
[rank 1] epoch=35 train_batch=4000/15625 loss=1.467983
[rank 1] epoch=35 train_batch=6000/15625 loss=1.482077
[rank 1] epoch=35 train_batch=8000/15625 loss=1.526282
[rank 1] epoch=35 train_batch=10000/15625 loss=1.513062
[rank 1] epoch=35 train_batch=12000/15625 loss=1.546989
[rank 1] epoch=35 train_batch=14000/15625 loss=1.547004
[rank 1] epoch=36 train_batch=2000/15625 loss=1.456124
[rank 1] epoch=36 train_batch=4000/15625 loss=1.478647
[rank 1] epoch=36 train_batch=6000/15625 loss=1.529609
[rank 1] epoch=36 train_batch=8000/15625 loss=1.572557
[rank 1] epoch=36 train_batch=10000/15625 loss=1.443741
[rank 1] epoch=36 train_batch=12000/15625 loss=1.524065
[rank 1] epoch=36 train_batch=14000/15625 loss=1.507396
[rank 1] epoch=37 train_batch=2000/15625 loss=1.547516
[rank 1] epoch=37 train_batch=4000/15625 loss=1.449603
[rank 1] epoch=37 train_batch=6000/15625 loss=1.506575
[rank 1] epoch=37 train_batch=8000/15625 loss=1.469591
[rank 1] epoch=37 train_batch=10000/15625 loss=1.450438
[rank 1] epoch=37 train_batch=12000/15625 loss=1.527772
[rank 1] epoch=37 train_batch=14000/15625 loss=1.433981
[rank 1] epoch=38 train_batch=2000/15625 loss=1.506569
[rank 1] epoch=38 train_batch=4000/15625 loss=1.545398
[rank 1] epoch=38 train_batch=6000/15625 loss=1.400976
[rank 1] epoch=38 train_batch=8000/15625 loss=1.448386
[rank 1] epoch=38 train_batch=10000/15625 loss=1.490769
[rank 1] epoch=38 train_batch=12000/15625 loss=1.480288
[rank 1] epoch=38 train_batch=14000/15625 loss=1.466947
[rank 1] epoch=39 train_batch=2000/15625 loss=1.515320
[rank 1] epoch=39 train_batch=4000/15625 loss=1.530016
[rank 1] epoch=39 train_batch=6000/15625 loss=1.497703
[rank 1] epoch=39 train_batch=8000/15625 loss=1.425791
[rank 1] epoch=39 train_batch=10000/15625 loss=1.523344
[rank 1] epoch=39 train_batch=12000/15625 loss=1.468042
[rank 1] epoch=39 train_batch=14000/15625 loss=1.535503
[rank 1] epoch=40 train_batch=2000/15625 loss=1.462729
[rank 1] epoch=40 train_batch=4000/15625 loss=1.406425
[rank 1] epoch=40 train_batch=6000/15625 loss=1.469389
[rank 1] epoch=40 train_batch=8000/15625 loss=1.448447
[rank 1] epoch=40 train_batch=10000/15625 loss=1.550715
[rank 1] epoch=40 train_batch=12000/15625 loss=1.465145
[rank 1] epoch=40 train_batch=14000/15625 loss=1.435141
[rank 1] epoch=41 train_batch=2000/15625 loss=1.514737
[rank 1] epoch=41 train_batch=4000/15625 loss=1.406810
[rank 1] epoch=41 train_batch=6000/15625 loss=1.447992
[rank 1] epoch=41 train_batch=8000/15625 loss=1.489131
[rank 1] epoch=41 train_batch=10000/15625 loss=1.455055
[rank 1] epoch=41 train_batch=12000/15625 loss=1.464871
[rank 1] epoch=41 train_batch=14000/15625 loss=1.423403
[rank 1] epoch=42 train_batch=2000/15625 loss=1.441006
[rank 1] epoch=42 train_batch=4000/15625 loss=1.450411
[rank 1] epoch=42 train_batch=6000/15625 loss=1.485879
[rank 1] epoch=42 train_batch=8000/15625 loss=1.501308
[rank 1] epoch=42 train_batch=10000/15625 loss=1.529384
[rank 1] epoch=42 train_batch=12000/15625 loss=1.536870
[rank 1] epoch=42 train_batch=14000/15625 loss=1.537467
[rank 1] epoch=43 train_batch=2000/15625 loss=1.498633
[rank 1] epoch=43 train_batch=4000/15625 loss=1.504861
[rank 1] epoch=43 train_batch=6000/15625 loss=1.431217
[rank 1] epoch=43 train_batch=8000/15625 loss=1.397512
[rank 1] epoch=43 train_batch=10000/15625 loss=1.416363
[rank 1] epoch=43 train_batch=12000/15625 loss=1.521783
[rank 1] epoch=43 train_batch=14000/15625 loss=1.516494
[rank 1] epoch=44 train_batch=2000/15625 loss=1.473338
[rank 1] epoch=44 train_batch=4000/15625 loss=2.192700
[rank 1] epoch=44 train_batch=6000/15625 loss=1.416525
[rank 1] epoch=44 train_batch=8000/15625 loss=1.469458
[rank 1] epoch=44 train_batch=10000/15625 loss=1.511434
[rank 1] epoch=44 train_batch=12000/15625 loss=1.457074
[rank 1] epoch=44 train_batch=14000/15625 loss=1.495647
[rank 1] epoch=45 train_batch=2000/15625 loss=1.459503
[rank 1] epoch=45 train_batch=4000/15625 loss=1.406623
[rank 1] epoch=45 train_batch=6000/15625 loss=1.501847
[rank 1] epoch=45 train_batch=8000/15625 loss=1.478756
[rank 1] epoch=45 train_batch=10000/15625 loss=1.475619
[rank 1] epoch=45 train_batch=12000/15625 loss=1.455803
[rank 1] epoch=45 train_batch=14000/15625 loss=1.430018
[rank 1] epoch=46 train_batch=2000/15625 loss=1.485453
[rank 1] epoch=46 train_batch=4000/15625 loss=1.422104
[rank 1] epoch=46 train_batch=6000/15625 loss=1.469466
[rank 1] epoch=46 train_batch=8000/15625 loss=1.560437
[rank 1] epoch=46 train_batch=10000/15625 loss=1.476632
[rank 1] epoch=46 train_batch=12000/15625 loss=1.475322
[rank 1] epoch=46 train_batch=14000/15625 loss=1.615278
[rank 1] epoch=47 train_batch=2000/15625 loss=1.513580
[rank 1] epoch=47 train_batch=4000/15625 loss=1.479121
[rank 1] epoch=47 train_batch=6000/15625 loss=1.443139
[rank 1] epoch=47 train_batch=8000/15625 loss=1.536427
[rank 1] epoch=47 train_batch=10000/15625 loss=1.464958
[rank 1] epoch=47 train_batch=12000/15625 loss=1.429079
[rank 1] epoch=47 train_batch=14000/15625 loss=1.492919
[rank 1] epoch=48 train_batch=2000/15625 loss=1.425740
[rank 1] epoch=48 train_batch=4000/15625 loss=1.497922
[rank 1] epoch=48 train_batch=6000/15625 loss=1.484023
[rank 1] epoch=48 train_batch=8000/15625 loss=1.443630
[rank 1] epoch=48 train_batch=10000/15625 loss=1.443930
[rank 1] epoch=48 train_batch=12000/15625 loss=1.415603
[rank 1] epoch=48 train_batch=14000/15625 loss=1.396047
[rank 1] epoch=49 train_batch=2000/15625 loss=1.428079
[rank 1] epoch=49 train_batch=4000/15625 loss=1.487983
[rank 1] epoch=49 train_batch=6000/15625 loss=1.470364
[rank 1] epoch=49 train_batch=8000/15625 loss=1.418234
[rank 1] epoch=49 train_batch=10000/15625 loss=1.395645
[rank 1] epoch=49 train_batch=12000/15625 loss=1.536554
[rank 1] epoch=49 train_batch=14000/15625 loss=1.438804
[rank 1] epoch=50 train_batch=2000/15625 loss=1.512399
[rank 1] epoch=50 train_batch=4000/15625 loss=1.505668
[rank 1] epoch=50 train_batch=6000/15625 loss=1.421863
[rank 1] epoch=50 train_batch=8000/15625 loss=1.327732
[rank 1] epoch=50 train_batch=10000/15625 loss=1.479759
[rank 1] epoch=50 train_batch=12000/15625 loss=1.474342
[rank 1] epoch=50 train_batch=14000/15625 loss=1.408878
[rank 1] epoch=51 train_batch=2000/15625 loss=1.517856
[rank 1] epoch=51 train_batch=4000/15625 loss=1.487645
[rank 1] epoch=51 train_batch=6000/15625 loss=1.449176
[rank 1] epoch=51 train_batch=8000/15625 loss=1.410022
[rank 1] epoch=51 train_batch=10000/15625 loss=1.443455
[rank 1] epoch=51 train_batch=12000/15625 loss=1.432264
[rank 1] epoch=51 train_batch=14000/15625 loss=1.450565
[rank 1] epoch=52 train_batch=2000/15625 loss=1.445698
[rank 1] epoch=52 train_batch=4000/15625 loss=1.520830
[rank 1] epoch=52 train_batch=6000/15625 loss=1.391425
[rank 1] epoch=52 train_batch=8000/15625 loss=1.462216
[rank 1] epoch=52 train_batch=10000/15625 loss=1.423024
[rank 1] epoch=52 train_batch=12000/15625 loss=1.339878
[rank 1] epoch=52 train_batch=14000/15625 loss=1.387904
[rank 1] epoch=53 train_batch=2000/15625 loss=1.447111
[rank 1] epoch=53 train_batch=4000/15625 loss=1.402689
[rank 1] epoch=53 train_batch=6000/15625 loss=1.404074
[rank 1] epoch=53 train_batch=8000/15625 loss=1.414868
[rank 1] epoch=53 train_batch=10000/15625 loss=1.597127
[rank 1] epoch=53 train_batch=12000/15625 loss=1.456917
[rank 1] epoch=53 train_batch=14000/15625 loss=1.354387
[rank 1] epoch=54 train_batch=2000/15625 loss=1.355581
[rank 1] epoch=54 train_batch=4000/15625 loss=1.471251
[rank 1] epoch=54 train_batch=6000/15625 loss=1.447940
[rank 1] epoch=54 train_batch=8000/15625 loss=1.448745
[rank 1] epoch=54 train_batch=10000/15625 loss=1.374308
[rank 1] epoch=54 train_batch=12000/15625 loss=1.376100
[rank 1] epoch=54 train_batch=14000/15625 loss=1.476569
[rank 1] epoch=55 train_batch=2000/15625 loss=1.481889
[rank 1] epoch=55 train_batch=4000/15625 loss=1.454261
[rank 1] epoch=55 train_batch=6000/15625 loss=1.427334
[rank 1] epoch=55 train_batch=8000/15625 loss=1.439283
[rank 1] epoch=55 train_batch=10000/15625 loss=1.383432
[rank 1] epoch=55 train_batch=12000/15625 loss=1.403764
[rank 1] epoch=55 train_batch=14000/15625 loss=1.374879
[rank 1] epoch=56 train_batch=2000/15625 loss=1.512082
[rank 1] epoch=56 train_batch=4000/15625 loss=1.436543
[rank 1] epoch=56 train_batch=6000/15625 loss=1.441217
[rank 1] epoch=56 train_batch=8000/15625 loss=1.514745
[rank 1] epoch=56 train_batch=10000/15625 loss=1.459961
[rank 1] epoch=56 train_batch=12000/15625 loss=1.373291
[rank 1] epoch=56 train_batch=14000/15625 loss=1.418456
[rank 1] epoch=57 train_batch=2000/15625 loss=1.417728
[rank 1] epoch=57 train_batch=4000/15625 loss=1.397119
[rank 1] epoch=57 train_batch=6000/15625 loss=1.438860
[rank 1] epoch=57 train_batch=8000/15625 loss=1.494933
[rank 1] epoch=57 train_batch=10000/15625 loss=1.405442
[rank 1] epoch=57 train_batch=12000/15625 loss=1.385454
[rank 1] epoch=57 train_batch=14000/15625 loss=1.518645
[rank 1] epoch=58 train_batch=2000/15625 loss=1.396246
[rank 1] epoch=58 train_batch=4000/15625 loss=1.472496
[rank 1] epoch=58 train_batch=6000/15625 loss=1.375103
[rank 1] epoch=58 train_batch=8000/15625 loss=1.369555
[rank 1] epoch=58 train_batch=10000/15625 loss=1.416107
[rank 1] epoch=58 train_batch=12000/15625 loss=1.401055
[rank 1] epoch=58 train_batch=14000/15625 loss=1.386515
[rank 1] epoch=59 train_batch=2000/15625 loss=1.353858
[rank 1] epoch=59 train_batch=4000/15625 loss=1.417864
[rank 1] epoch=59 train_batch=6000/15625 loss=1.421934
[rank 1] epoch=59 train_batch=8000/15625 loss=1.451932
[rank 1] epoch=59 train_batch=10000/15625 loss=1.464276
[rank 1] epoch=59 train_batch=12000/15625 loss=1.425698
[rank 1] epoch=59 train_batch=14000/15625 loss=1.382288
[rank 1] epoch=60 train_batch=2000/15625 loss=1.430281
[rank 1] epoch=60 train_batch=4000/15625 loss=1.445325
[rank 1] epoch=60 train_batch=6000/15625 loss=1.507019
[rank 1] epoch=60 train_batch=8000/15625 loss=1.429766
[rank 1] epoch=60 train_batch=10000/15625 loss=1.370618
[rank 1] epoch=60 train_batch=12000/15625 loss=1.445973
[rank 1] epoch=60 train_batch=14000/15625 loss=1.409764
[rank 1] epoch=61 train_batch=2000/15625 loss=1.406294
[rank 1] epoch=61 train_batch=4000/15625 loss=1.401687
[rank 1] epoch=61 train_batch=6000/15625 loss=1.381224
[rank 1] epoch=61 train_batch=8000/15625 loss=1.478728
[rank 1] epoch=61 train_batch=10000/15625 loss=1.392091
[rank 1] epoch=61 train_batch=12000/15625 loss=1.385548
[rank 1] epoch=61 train_batch=14000/15625 loss=1.394979
[rank 1] epoch=62 train_batch=2000/15625 loss=1.426730
[rank 1] epoch=62 train_batch=4000/15625 loss=1.352549
[rank 1] epoch=62 train_batch=6000/15625 loss=1.474902
[rank 1] epoch=62 train_batch=8000/15625 loss=1.408798
[rank 1] epoch=62 train_batch=10000/15625 loss=1.380956
[rank 1] epoch=62 train_batch=12000/15625 loss=1.487381
[rank 1] epoch=62 train_batch=14000/15625 loss=1.408614
[rank 1] epoch=63 train_batch=2000/15625 loss=1.482946
[rank 1] epoch=63 train_batch=4000/15625 loss=1.532082
[rank 1] epoch=63 train_batch=6000/15625 loss=1.545652
[rank 1] epoch=63 train_batch=8000/15625 loss=1.459211
[rank 1] epoch=63 train_batch=10000/15625 loss=1.547528
[rank 1] epoch=63 train_batch=12000/15625 loss=1.578048
[rank 1] epoch=63 train_batch=14000/15625 loss=1.477731
[rank 1] epoch=64 train_batch=2000/15625 loss=1.465105
[rank 1] epoch=64 train_batch=4000/15625 loss=1.509346
[rank 1] epoch=64 train_batch=6000/15625 loss=1.440276
[rank 1] epoch=64 train_batch=8000/15625 loss=1.560484
[rank 1] epoch=64 train_batch=10000/15625 loss=1.487499
[rank 1] epoch=64 train_batch=12000/15625 loss=1.504991
[rank 1] epoch=64 train_batch=14000/15625 loss=1.514405
[rank 1] epoch=65 train_batch=2000/15625 loss=1.508868
[rank 1] epoch=65 train_batch=4000/15625 loss=1.523969
[rank 1] epoch=65 train_batch=6000/15625 loss=1.458815
[rank 1] epoch=65 train_batch=8000/15625 loss=1.471594
[rank 1] epoch=65 train_batch=10000/15625 loss=1.451371
[rank 1] epoch=65 train_batch=12000/15625 loss=1.472408
[rank 1] epoch=65 train_batch=14000/15625 loss=1.612145
[rank 1] epoch=66 train_batch=2000/15625 loss=1.489819
[rank 1] epoch=66 train_batch=4000/15625 loss=1.435432
[rank 1] epoch=66 train_batch=6000/15625 loss=1.501693
[rank 1] epoch=66 train_batch=8000/15625 loss=1.451031
[rank 1] epoch=66 train_batch=10000/15625 loss=1.481535
[rank 1] epoch=66 train_batch=12000/15625 loss=1.406371
[rank 1] epoch=66 train_batch=14000/15625 loss=1.502221
[rank 1] epoch=67 train_batch=2000/15625 loss=1.474849
[rank 1] epoch=67 train_batch=4000/15625 loss=1.459626
[rank 1] epoch=67 train_batch=6000/15625 loss=1.464546
[rank 1] epoch=67 train_batch=8000/15625 loss=1.439082
[rank 1] epoch=67 train_batch=10000/15625 loss=1.446801
[rank 1] epoch=67 train_batch=12000/15625 loss=1.456523
[rank 1] epoch=67 train_batch=14000/15625 loss=1.475256
[rank 1] epoch=68 train_batch=2000/15625 loss=1.528035
[rank 1] epoch=68 train_batch=4000/15625 loss=1.500448
[rank 1] epoch=68 train_batch=6000/15625 loss=1.529489
[rank 1] epoch=68 train_batch=8000/15625 loss=1.465278
[rank 1] epoch=68 train_batch=10000/15625 loss=1.483418
[rank 1] epoch=68 train_batch=12000/15625 loss=1.445464
[rank 1] epoch=68 train_batch=14000/15625 loss=1.474042
[rank 1] epoch=69 train_batch=2000/15625 loss=1.519778
[rank 1] epoch=69 train_batch=4000/15625 loss=1.497282
[rank 1] epoch=69 train_batch=6000/15625 loss=1.511566
[rank 1] epoch=69 train_batch=8000/15625 loss=1.436108
[rank 1] epoch=69 train_batch=10000/15625 loss=1.521914
[rank 1] epoch=69 train_batch=12000/15625 loss=1.468245
[rank 1] epoch=69 train_batch=14000/15625 loss=1.466062
[rank 1] epoch=70 train_batch=2000/15625 loss=1.461490
[rank 1] epoch=70 train_batch=4000/15625 loss=1.514655
[rank 1] epoch=70 train_batch=6000/15625 loss=1.457608
[rank 1] epoch=70 train_batch=8000/15625 loss=1.471285
[rank 1] epoch=70 train_batch=10000/15625 loss=1.456242
[rank 1] epoch=70 train_batch=12000/15625 loss=1.496692
[rank 1] epoch=70 train_batch=14000/15625 loss=1.460333
[rank 1] epoch=71 train_batch=2000/15625 loss=1.474690
[rank 1] epoch=71 train_batch=4000/15625 loss=1.497137
[rank 1] epoch=71 train_batch=6000/15625 loss=1.582932
[rank 1] epoch=71 train_batch=8000/15625 loss=1.462598
[rank 1] epoch=71 train_batch=10000/15625 loss=1.476636
[rank 1] epoch=71 train_batch=12000/15625 loss=1.538833
[rank 1] epoch=71 train_batch=14000/15625 loss=1.504569
[rank 1] epoch=72 train_batch=2000/15625 loss=1.423141
[rank 1] epoch=72 train_batch=4000/15625 loss=1.497016
[rank 1] epoch=72 train_batch=6000/15625 loss=1.530877
[rank 1] epoch=72 train_batch=8000/15625 loss=1.488550
[rank 1] epoch=72 train_batch=10000/15625 loss=1.473506
[rank 1] epoch=72 train_batch=12000/15625 loss=1.514878
[rank 1] epoch=72 train_batch=14000/15625 loss=1.436053
[rank 1] epoch=73 train_batch=2000/15625 loss=1.488565
[rank 1] epoch=73 train_batch=4000/15625 loss=1.530380
[rank 1] epoch=73 train_batch=6000/15625 loss=1.453251
[rank 1] epoch=73 train_batch=8000/15625 loss=1.482077
[rank 1] epoch=73 train_batch=10000/15625 loss=1.601984
[rank 1] epoch=73 train_batch=12000/15625 loss=1.450964
[rank 1] epoch=73 train_batch=14000/15625 loss=1.459997
[rank 1] epoch=74 train_batch=2000/15625 loss=1.457381
[rank 1] epoch=74 train_batch=4000/15625 loss=1.507866
[rank 1] epoch=74 train_batch=6000/15625 loss=1.418161
[rank 1] epoch=74 train_batch=8000/15625 loss=1.486032
[rank 1] epoch=74 train_batch=10000/15625 loss=1.498164
[rank 1] epoch=74 train_batch=12000/15625 loss=1.442777
[rank 1] epoch=74 train_batch=14000/15625 loss=1.416176
[rank 1] epoch=75 train_batch=2000/15625 loss=1.545514
[rank 1] epoch=75 train_batch=4000/15625 loss=1.462311
[rank 1] epoch=75 train_batch=6000/15625 loss=1.380213
[rank 1] epoch=75 train_batch=8000/15625 loss=1.429710
[rank 1] epoch=75 train_batch=10000/15625 loss=1.452119
[rank 1] epoch=75 train_batch=12000/15625 loss=1.440176
[rank 1] epoch=75 train_batch=14000/15625 loss=1.427890
[rank 1] epoch=76 train_batch=2000/15625 loss=1.512350
[rank 1] epoch=76 train_batch=4000/15625 loss=1.390533
[rank 1] epoch=76 train_batch=6000/15625 loss=1.480781
[rank 1] epoch=76 train_batch=8000/15625 loss=1.364203
[rank 1] epoch=76 train_batch=10000/15625 loss=1.438059
[rank 1] epoch=76 train_batch=12000/15625 loss=1.501581
[rank 1] epoch=76 train_batch=14000/15625 loss=1.488184
[rank 1] epoch=77 train_batch=2000/15625 loss=1.477939
[rank 1] epoch=77 train_batch=4000/15625 loss=1.449006
[rank 1] epoch=77 train_batch=6000/15625 loss=1.441602
[rank 1] epoch=77 train_batch=8000/15625 loss=1.544354
[rank 1] epoch=77 train_batch=10000/15625 loss=1.461062
[rank 1] epoch=77 train_batch=12000/15625 loss=1.401564
[rank 1] epoch=77 train_batch=14000/15625 loss=1.491871
[rank 1] epoch=78 train_batch=2000/15625 loss=1.444325
[rank 1] epoch=78 train_batch=4000/15625 loss=1.438894
[rank 1] epoch=78 train_batch=6000/15625 loss=1.413702
[rank 1] epoch=78 train_batch=8000/15625 loss=1.441762
[rank 1] epoch=78 train_batch=10000/15625 loss=1.367281
[rank 1] epoch=78 train_batch=12000/15625 loss=1.424943
[rank 1] epoch=78 train_batch=14000/15625 loss=1.424412
[rank 1] epoch=79 train_batch=2000/15625 loss=1.446649
[rank 1] epoch=79 train_batch=4000/15625 loss=1.464329
[rank 1] epoch=79 train_batch=6000/15625 loss=1.391890
[rank 1] epoch=79 train_batch=8000/15625 loss=1.442430
[rank 1] epoch=79 train_batch=10000/15625 loss=1.528882
[rank 1] epoch=79 train_batch=12000/15625 loss=1.452018
[rank 1] epoch=79 train_batch=14000/15625 loss=1.406259
[rank 1] epoch=80 train_batch=2000/15625 loss=1.386617
[rank 1] epoch=80 train_batch=4000/15625 loss=1.493191
[rank 1] epoch=80 train_batch=6000/15625 loss=1.380480
[rank 1] epoch=80 train_batch=8000/15625 loss=1.514402
[rank 1] epoch=80 train_batch=10000/15625 loss=1.492466
[rank 1] epoch=80 train_batch=12000/15625 loss=1.484124
[rank 1] epoch=80 train_batch=14000/15625 loss=1.499027
[rank 1] epoch=81 train_batch=2000/15625 loss=1.444060
[rank 1] epoch=81 train_batch=4000/15625 loss=1.389578
[rank 1] epoch=81 train_batch=6000/15625 loss=1.487957
[rank 1] epoch=81 train_batch=8000/15625 loss=1.482954
[rank 1] epoch=81 train_batch=10000/15625 loss=1.482819
[rank 1] epoch=81 train_batch=12000/15625 loss=1.431590
[rank 1] epoch=81 train_batch=14000/15625 loss=1.437672
[rank 1] epoch=82 train_batch=2000/15625 loss=1.464723
[rank 1] epoch=82 train_batch=4000/15625 loss=1.441489
[rank 1] epoch=82 train_batch=6000/15625 loss=1.389359
[rank 1] epoch=82 train_batch=8000/15625 loss=1.490248
[rank 1] epoch=82 train_batch=10000/15625 loss=1.478039
[rank 1] epoch=82 train_batch=12000/15625 loss=1.462458
[rank 1] epoch=82 train_batch=14000/15625 loss=1.451118
[rank 1] epoch=83 train_batch=2000/15625 loss=1.437988
[rank 1] epoch=83 train_batch=4000/15625 loss=1.493541
[rank 1] epoch=83 train_batch=6000/15625 loss=1.385444
[rank 1] epoch=83 train_batch=8000/15625 loss=1.462996
[rank 1] epoch=83 train_batch=10000/15625 loss=1.443844
[rank 1] epoch=83 train_batch=12000/15625 loss=1.514795
[rank 1] epoch=83 train_batch=14000/15625 loss=1.372222
[rank 1] epoch=84 train_batch=2000/15625 loss=1.469962
[rank 1] epoch=84 train_batch=4000/15625 loss=1.460373
[rank 1] epoch=84 train_batch=6000/15625 loss=1.469695
[rank 1] epoch=84 train_batch=8000/15625 loss=1.434419
[rank 1] epoch=84 train_batch=10000/15625 loss=1.343803
[rank 1] epoch=84 train_batch=12000/15625 loss=1.432885
[rank 1] epoch=84 train_batch=14000/15625 loss=1.440822
[rank 1] epoch=85 train_batch=2000/15625 loss=1.438378
[rank 1] epoch=85 train_batch=4000/15625 loss=1.421747
[rank 1] epoch=85 train_batch=6000/15625 loss=1.387979
[rank 1] epoch=85 train_batch=8000/15625 loss=1.495091
[rank 1] epoch=85 train_batch=10000/15625 loss=1.363418
[rank 1] epoch=85 train_batch=12000/15625 loss=1.392263
[rank 1] epoch=85 train_batch=14000/15625 loss=1.419539
[rank 1] epoch=86 train_batch=2000/15625 loss=1.434391
[rank 1] epoch=86 train_batch=4000/15625 loss=1.448013
[rank 1] epoch=86 train_batch=6000/15625 loss=1.458977
[rank 1] epoch=86 train_batch=8000/15625 loss=1.443757
[rank 1] epoch=86 train_batch=10000/15625 loss=1.403407
[rank 1] epoch=86 train_batch=12000/15625 loss=1.449660
[rank 1] epoch=86 train_batch=14000/15625 loss=1.452261
[rank 1] epoch=87 train_batch=2000/15625 loss=1.361480
[rank 1] epoch=87 train_batch=4000/15625 loss=1.400412
[rank 1] epoch=87 train_batch=6000/15625 loss=1.513562
[rank 1] epoch=87 train_batch=8000/15625 loss=1.377213
[rank 1] epoch=87 train_batch=10000/15625 loss=1.417596
[rank 1] epoch=87 train_batch=12000/15625 loss=1.427148
[rank 1] epoch=87 train_batch=14000/15625 loss=1.397531
[rank 1] epoch=88 train_batch=2000/15625 loss=1.438249
[rank 1] epoch=88 train_batch=4000/15625 loss=1.372527
[rank 1] epoch=88 train_batch=6000/15625 loss=1.499666
[rank 1] epoch=88 train_batch=8000/15625 loss=1.422092
[rank 1] epoch=88 train_batch=10000/15625 loss=1.414545
[rank 1] epoch=88 train_batch=12000/15625 loss=1.397172
[rank 1] epoch=88 train_batch=14000/15625 loss=1.432350
[rank 1] epoch=89 train_batch=2000/15625 loss=1.436161
[rank 1] epoch=89 train_batch=4000/15625 loss=1.436646
[rank 1] epoch=89 train_batch=6000/15625 loss=1.443307
[rank 1] epoch=89 train_batch=8000/15625 loss=1.396025
[rank 1] epoch=89 train_batch=10000/15625 loss=1.392184
[rank 1] epoch=89 train_batch=12000/15625 loss=1.392744
[rank 1] epoch=89 train_batch=14000/15625 loss=1.401499
[rank 1] epoch=90 train_batch=2000/15625 loss=1.402172
[rank 1] epoch=90 train_batch=4000/15625 loss=1.412715
[rank 1] epoch=90 train_batch=6000/15625 loss=1.421496
[rank 1] epoch=90 train_batch=8000/15625 loss=1.378707
[rank 1] epoch=90 train_batch=10000/15625 loss=1.448859
[rank 1] epoch=90 train_batch=12000/15625 loss=1.423420
[rank 1] epoch=90 train_batch=14000/15625 loss=1.341059
[rank 1] epoch=91 train_batch=2000/15625 loss=1.402610
[rank 1] epoch=91 train_batch=4000/15625 loss=1.398423
[rank 1] epoch=91 train_batch=6000/15625 loss=1.418081
[rank 1] epoch=91 train_batch=8000/15625 loss=1.430983
[rank 1] epoch=91 train_batch=10000/15625 loss=1.474462
[rank 1] epoch=91 train_batch=12000/15625 loss=1.394330
[rank 1] epoch=91 train_batch=14000/15625 loss=1.415012
[rank 1] epoch=92 train_batch=2000/15625 loss=1.353091
[rank 1] epoch=92 train_batch=4000/15625 loss=1.462587
[rank 1] epoch=92 train_batch=6000/15625 loss=1.400646
[rank 1] epoch=92 train_batch=8000/15625 loss=1.444896
[rank 1] epoch=92 train_batch=10000/15625 loss=1.382814
[rank 1] epoch=92 train_batch=12000/15625 loss=1.420285
[rank 1] epoch=92 train_batch=14000/15625 loss=1.400900
[rank 1] epoch=93 train_batch=2000/15625 loss=1.430090
[rank 1] epoch=93 train_batch=4000/15625 loss=1.399315
[rank 1] epoch=93 train_batch=6000/15625 loss=1.396567
[rank 1] epoch=93 train_batch=8000/15625 loss=1.456815
[rank 1] epoch=93 train_batch=10000/15625 loss=1.359548
[rank 1] epoch=93 train_batch=12000/15625 loss=1.414086
[rank 1] epoch=93 train_batch=14000/15625 loss=1.447080
[rank 1] epoch=94 train_batch=2000/15625 loss=1.403241
[rank 1] epoch=94 train_batch=4000/15625 loss=1.387638
[rank 1] epoch=94 train_batch=6000/15625 loss=1.421906
[rank 1] epoch=94 train_batch=8000/15625 loss=1.408197
[rank 1] epoch=94 train_batch=10000/15625 loss=1.432523
[rank 1] epoch=94 train_batch=12000/15625 loss=1.459558
[rank 1] epoch=94 train_batch=14000/15625 loss=1.404175
[rank 1] epoch=95 train_batch=2000/15625 loss=1.376497
[rank 1] epoch=95 train_batch=4000/15625 loss=1.386656
[rank 1] epoch=95 train_batch=6000/15625 loss=1.407613
[rank 1] epoch=95 train_batch=8000/15625 loss=1.408973
[rank 1] epoch=95 train_batch=10000/15625 loss=1.435444
[rank 1] epoch=95 train_batch=12000/15625 loss=1.472624
[rank 1] epoch=95 train_batch=14000/15625 loss=1.455044
[rank 1] epoch=96 train_batch=2000/15625 loss=1.387541
[rank 1] epoch=96 train_batch=4000/15625 loss=1.387210
[rank 1] epoch=96 train_batch=6000/15625 loss=1.354134
[rank 1] epoch=96 train_batch=8000/15625 loss=1.361784
[rank 1] epoch=96 train_batch=10000/15625 loss=1.345609
[rank 1] epoch=96 train_batch=12000/15625 loss=1.394229
[rank 1] epoch=96 train_batch=14000/15625 loss=1.427949
[rank 1] epoch=97 train_batch=2000/15625 loss=1.396816
[rank 1] epoch=97 train_batch=4000/15625 loss=1.455239
[rank 1] epoch=97 train_batch=6000/15625 loss=1.441235
[rank 1] epoch=97 train_batch=8000/15625 loss=1.394418
[rank 1] epoch=97 train_batch=10000/15625 loss=1.405136
[rank 1] epoch=97 train_batch=12000/15625 loss=1.419163
[rank 1] epoch=97 train_batch=14000/15625 loss=1.439414
[rank 1] epoch=98 train_batch=2000/15625 loss=1.398971
[rank 1] epoch=98 train_batch=4000/15625 loss=1.400209
[rank 1] epoch=98 train_batch=6000/15625 loss=1.455614
[rank 1] epoch=98 train_batch=8000/15625 loss=1.391301
[rank 1] epoch=98 train_batch=10000/15625 loss=1.405387
[rank 1] epoch=98 train_batch=12000/15625 loss=1.334214
[rank 1] epoch=98 train_batch=14000/15625 loss=1.417307
[rank 1] epoch=99 train_batch=2000/15625 loss=1.365484
[rank 1] epoch=99 train_batch=4000/15625 loss=1.406938
[rank 1] epoch=99 train_batch=6000/15625 loss=1.337512
[rank 1] epoch=99 train_batch=8000/15625 loss=1.349685
[rank 1] epoch=99 train_batch=10000/15625 loss=1.480183
[rank 1] epoch=99 train_batch=12000/15625 loss=1.467788
[rank 1] epoch=99 train_batch=14000/15625 loss=1.391075
[rank 1] epoch=100 train_batch=2000/15625 loss=1.496413
[rank 1] epoch=100 train_batch=4000/15625 loss=1.418829
[rank 1] epoch=100 train_batch=6000/15625 loss=1.484067
[rank 1] epoch=100 train_batch=8000/15625 loss=1.432660
[rank 1] epoch=100 train_batch=10000/15625 loss=1.434290
[rank 1] epoch=100 train_batch=12000/15625 loss=1.499371
[rank 1] epoch=100 train_batch=14000/15625 loss=1.364683
[rank 1] epoch=101 train_batch=2000/15625 loss=1.431857
[rank 1] epoch=101 train_batch=4000/15625 loss=1.427863
[rank 1] epoch=101 train_batch=6000/15625 loss=1.464674
[rank 1] epoch=101 train_batch=8000/15625 loss=1.453412
[rank 1] epoch=101 train_batch=10000/15625 loss=1.434451
[rank 1] epoch=101 train_batch=12000/15625 loss=1.469733
[rank 1] epoch=101 train_batch=14000/15625 loss=1.422930
[rank 1] epoch=102 train_batch=2000/15625 loss=1.447791
[rank 1] epoch=102 train_batch=4000/15625 loss=1.447284
[rank 1] epoch=102 train_batch=6000/15625 loss=1.453454
[rank 1] epoch=102 train_batch=8000/15625 loss=1.417293
[rank 1] epoch=102 train_batch=10000/15625 loss=1.425607
[rank 1] epoch=102 train_batch=12000/15625 loss=1.470611
[rank 1] epoch=102 train_batch=14000/15625 loss=1.430248
[rank 1] epoch=103 train_batch=2000/15625 loss=1.458505
[rank 1] epoch=103 train_batch=4000/15625 loss=1.413771
[rank 1] epoch=103 train_batch=6000/15625 loss=1.476348
[rank 1] epoch=103 train_batch=8000/15625 loss=1.469607
[rank 1] epoch=103 train_batch=10000/15625 loss=1.423311
[rank 1] epoch=103 train_batch=12000/15625 loss=1.444082
[rank 1] epoch=103 train_batch=14000/15625 loss=1.450876
[rank 1] epoch=104 train_batch=2000/15625 loss=1.461561
[rank 1] epoch=104 train_batch=4000/15625 loss=1.467660
[rank 1] epoch=104 train_batch=6000/15625 loss=1.470694
[rank 1] epoch=104 train_batch=8000/15625 loss=1.448656
[rank 1] epoch=104 train_batch=10000/15625 loss=1.456842
[rank 1] epoch=104 train_batch=12000/15625 loss=1.438971
[rank 1] epoch=104 train_batch=14000/15625 loss=1.463734
[rank 1] epoch=105 train_batch=2000/15625 loss=1.401413
[rank 1] epoch=105 train_batch=4000/15625 loss=1.499907
[rank 1] epoch=105 train_batch=6000/15625 loss=1.442973
[rank 1] epoch=105 train_batch=8000/15625 loss=1.396462
[rank 1] epoch=105 train_batch=10000/15625 loss=1.440861
[rank 1] epoch=105 train_batch=12000/15625 loss=1.479191
[rank 1] epoch=105 train_batch=14000/15625 loss=1.456836
[rank 1] epoch=106 train_batch=2000/15625 loss=1.477744
[rank 1] epoch=106 train_batch=4000/15625 loss=1.562556
[rank 1] epoch=106 train_batch=6000/15625 loss=1.503525
[rank 1] epoch=106 train_batch=8000/15625 loss=1.561907
[rank 1] epoch=106 train_batch=10000/15625 loss=1.437058
[rank 1] epoch=106 train_batch=12000/15625 loss=1.421901
[rank 1] epoch=106 train_batch=14000/15625 loss=1.444353
[rank 1] epoch=107 train_batch=2000/15625 loss=1.395044
[rank 1] epoch=107 train_batch=4000/15625 loss=1.421354
[rank 1] epoch=107 train_batch=6000/15625 loss=1.380572
[rank 1] epoch=107 train_batch=8000/15625 loss=1.453021
[rank 1] epoch=107 train_batch=10000/15625 loss=1.430162
[rank 1] epoch=107 train_batch=12000/15625 loss=1.415266
[rank 1] epoch=107 train_batch=14000/15625 loss=1.409690
[rank 1] epoch=108 train_batch=2000/15625 loss=1.393397
[rank 1] epoch=108 train_batch=4000/15625 loss=1.484525
[rank 1] epoch=108 train_batch=6000/15625 loss=1.416731
[rank 1] epoch=108 train_batch=8000/15625 loss=1.403337
[rank 1] epoch=108 train_batch=10000/15625 loss=1.469594
[rank 1] epoch=108 train_batch=12000/15625 loss=1.387578
[rank 1] epoch=108 train_batch=14000/15625 loss=1.386816
[rank 1] epoch=109 train_batch=2000/15625 loss=1.445640
[rank 1] epoch=109 train_batch=4000/15625 loss=1.494277
[rank 1] epoch=109 train_batch=6000/15625 loss=1.494885
[rank 1] epoch=109 train_batch=8000/15625 loss=1.453412
[rank 1] epoch=109 train_batch=10000/15625 loss=1.390618
[rank 1] epoch=109 train_batch=12000/15625 loss=1.478364
[rank 1] epoch=109 train_batch=14000/15625 loss=1.483386
[rank 1] epoch=110 train_batch=2000/15625 loss=1.446728
[rank 1] epoch=110 train_batch=4000/15625 loss=1.384392
[rank 1] epoch=110 train_batch=6000/15625 loss=1.438844
[rank 1] epoch=110 train_batch=8000/15625 loss=1.498829
[rank 1] epoch=110 train_batch=10000/15625 loss=1.464431
[rank 1] epoch=110 train_batch=12000/15625 loss=1.480032
[rank 1] epoch=110 train_batch=14000/15625 loss=1.414523
[rank 1] epoch=111 train_batch=2000/15625 loss=1.382838
[rank 1] epoch=111 train_batch=4000/15625 loss=1.440746
[rank 1] epoch=111 train_batch=6000/15625 loss=1.376382
[rank 1] epoch=111 train_batch=8000/15625 loss=1.372676
[rank 1] epoch=111 train_batch=10000/15625 loss=1.512546
[rank 1] epoch=111 train_batch=12000/15625 loss=1.439289
[rank 1] epoch=111 train_batch=14000/15625 loss=1.342263
[rank 1] epoch=112 train_batch=2000/15625 loss=1.427732
[rank 1] epoch=112 train_batch=4000/15625 loss=1.449906
[rank 1] epoch=112 train_batch=6000/15625 loss=1.437583
[rank 1] epoch=112 train_batch=8000/15625 loss=1.416097
[rank 1] epoch=112 train_batch=10000/15625 loss=1.482667
[rank 1] epoch=112 train_batch=12000/15625 loss=1.447722
[rank 1] epoch=112 train_batch=14000/15625 loss=1.433272
[rank 1] epoch=113 train_batch=2000/15625 loss=1.440881
[rank 1] epoch=113 train_batch=4000/15625 loss=1.393057
[rank 1] epoch=113 train_batch=6000/15625 loss=1.393430
[rank 1] epoch=113 train_batch=8000/15625 loss=1.430355
[rank 1] epoch=113 train_batch=10000/15625 loss=1.381641
[rank 1] epoch=113 train_batch=12000/15625 loss=1.393847
[rank 1] epoch=113 train_batch=14000/15625 loss=1.487285
[rank 1] epoch=114 train_batch=2000/15625 loss=1.365862
[rank 1] epoch=114 train_batch=4000/15625 loss=1.497383
[rank 1] epoch=114 train_batch=6000/15625 loss=1.477361
[rank 1] epoch=114 train_batch=8000/15625 loss=1.360603
[rank 1] epoch=114 train_batch=10000/15625 loss=1.408631
