cuda:3
thetaphi at main: True
Loading dataset...
Using ILCStreamingDataset (shuffle_buffer=256, files_per_chunk=32, seed=1001)
ILCStreamingDataset: path=/data/suehara/mldata/pfa/murata/data/tc/tc_nnqq_2M, files=20000, events~=2000000, shuffle_buffer=256, files_per_chunk=32
Using ILCStreamingDataset (shuffle_buffer=256, files_per_chunk=32, seed=1001)
ILCStreamingDataset: path=/data/suehara/mldata/pfa/murata/data/tc/tc_nnqq_new/train, files=716, events~=94400, shuffle_buffer=256, files_per_chunk=32
Training dataset size:  2000000
Validating dataset size:  94400
Batch size:  128
Loading GravnetModel
Hello
restart period :  30
[rank 3] epoch=0 train_batch=2000/15625 loss=1.060021
[rank 3] epoch=0 train_batch=4000/15625 loss=1.054507
[rank 3] epoch=0 train_batch=6000/15625 loss=1.048551
[rank 3] epoch=0 train_batch=8000/15625 loss=1.046797
[rank 3] epoch=0 train_batch=10000/15625 loss=1.051903
[rank 3] epoch=0 train_batch=12000/15625 loss=1.056743
[rank 3] epoch=0 train_batch=14000/15625 loss=1.049611
[rank 3] epoch=1 train_batch=2000/15625 loss=1.087401
[rank 3] epoch=1 train_batch=4000/15625 loss=1.102480
[rank 3] epoch=1 train_batch=6000/15625 loss=1.100361
[rank 3] epoch=1 train_batch=8000/15625 loss=1.087130
[rank 3] epoch=1 train_batch=10000/15625 loss=1.070768
[rank 3] epoch=1 train_batch=12000/15625 loss=1.078598
[rank 3] epoch=1 train_batch=14000/15625 loss=1.087832
[rank 3] epoch=2 train_batch=2000/15625 loss=2.101037
[rank 3] epoch=2 train_batch=4000/15625 loss=2.204047
[rank 3] epoch=2 train_batch=6000/15625 loss=2.078534
[rank 3] epoch=2 train_batch=8000/15625 loss=2.041014
[rank 3] epoch=2 train_batch=10000/15625 loss=2.009299
[rank 3] epoch=2 train_batch=12000/15625 loss=2.035516
[rank 3] epoch=2 train_batch=14000/15625 loss=1.953835
[rank 3] epoch=3 train_batch=2000/15625 loss=2.202365
[rank 3] epoch=3 train_batch=4000/15625 loss=2.179324
[rank 3] epoch=3 train_batch=6000/15625 loss=2.219912
[rank 3] epoch=3 train_batch=8000/15625 loss=2.225814
[rank 3] epoch=3 train_batch=10000/15625 loss=2.256470
[rank 3] epoch=3 train_batch=12000/15625 loss=2.247341
[rank 3] epoch=3 train_batch=14000/15625 loss=2.252157
[rank 3] epoch=4 train_batch=2000/15625 loss=3.386971
[rank 3] epoch=4 train_batch=4000/15625 loss=3.450520
[rank 3] epoch=4 train_batch=6000/15625 loss=3.294679
[rank 3] epoch=4 train_batch=8000/15625 loss=3.457645
[rank 3] epoch=4 train_batch=10000/15625 loss=3.654998
[rank 3] epoch=4 train_batch=12000/15625 loss=3.409898
[rank 3] epoch=4 train_batch=14000/15625 loss=3.352512
[rank 3] epoch=5 train_batch=2000/15625 loss=3.357856
[rank 3] epoch=5 train_batch=4000/15625 loss=3.176630
[rank 3] epoch=5 train_batch=6000/15625 loss=3.201824
[rank 3] epoch=5 train_batch=8000/15625 loss=3.202549
[rank 3] epoch=5 train_batch=10000/15625 loss=3.529320
[rank 3] epoch=5 train_batch=12000/15625 loss=3.307036
[rank 3] epoch=5 train_batch=14000/15625 loss=3.157306
[rank 3] epoch=6 train_batch=2000/15625 loss=3.304823
[rank 3] epoch=6 train_batch=4000/15625 loss=3.496119
[rank 3] epoch=6 train_batch=6000/15625 loss=3.401112
[rank 3] epoch=6 train_batch=8000/15625 loss=3.482128
[rank 3] epoch=6 train_batch=10000/15625 loss=3.541664
[rank 3] epoch=6 train_batch=12000/15625 loss=3.863117
[rank 3] epoch=6 train_batch=14000/15625 loss=3.705420
[rank 3] epoch=7 train_batch=2000/15625 loss=3.560058
[rank 3] epoch=7 train_batch=4000/15625 loss=3.569880
[rank 3] epoch=7 train_batch=6000/15625 loss=3.650619
[rank 3] epoch=7 train_batch=8000/15625 loss=3.494520
[rank 3] epoch=7 train_batch=10000/15625 loss=3.200272
[rank 3] epoch=7 train_batch=12000/15625 loss=3.039854
[rank 3] epoch=7 train_batch=14000/15625 loss=3.004477
[rank 3] epoch=8 train_batch=2000/15625 loss=2.986676
[rank 3] epoch=8 train_batch=4000/15625 loss=2.979344
[rank 3] epoch=8 train_batch=6000/15625 loss=3.075442
[rank 3] epoch=8 train_batch=8000/15625 loss=2.918419
[rank 3] epoch=8 train_batch=10000/15625 loss=2.947787
[rank 3] epoch=8 train_batch=12000/15625 loss=3.034595
[rank 3] epoch=8 train_batch=14000/15625 loss=3.053375
[rank 3] epoch=9 train_batch=2000/15625 loss=3.000910
[rank 3] epoch=9 train_batch=4000/15625 loss=2.941529
[rank 3] epoch=9 train_batch=6000/15625 loss=3.028943
[rank 3] epoch=9 train_batch=8000/15625 loss=2.959609
[rank 3] epoch=9 train_batch=10000/15625 loss=2.997784
[rank 3] epoch=9 train_batch=12000/15625 loss=2.972015
[rank 3] epoch=9 train_batch=14000/15625 loss=2.965358
[rank 3] epoch=10 train_batch=2000/15625 loss=2.899762
[rank 3] epoch=10 train_batch=4000/15625 loss=2.968399
[rank 3] epoch=10 train_batch=6000/15625 loss=2.917248
[rank 3] epoch=10 train_batch=8000/15625 loss=2.929960
[rank 3] epoch=10 train_batch=10000/15625 loss=2.998397
[rank 3] epoch=10 train_batch=12000/15625 loss=2.947865
[rank 3] epoch=10 train_batch=14000/15625 loss=2.963764
[rank 3] epoch=11 train_batch=2000/15625 loss=2.978817
[rank 3] epoch=11 train_batch=4000/15625 loss=3.081186
[rank 3] epoch=11 train_batch=6000/15625 loss=2.988357
[rank 3] epoch=11 train_batch=8000/15625 loss=3.045840
[rank 3] epoch=11 train_batch=10000/15625 loss=2.914237
[rank 3] epoch=11 train_batch=12000/15625 loss=2.968372
[rank 3] epoch=11 train_batch=14000/15625 loss=2.978236
[rank 3] epoch=12 train_batch=2000/15625 loss=2.926891
[rank 3] epoch=12 train_batch=4000/15625 loss=2.934350
[rank 3] epoch=12 train_batch=6000/15625 loss=2.958871
[rank 3] epoch=12 train_batch=8000/15625 loss=2.936288
[rank 3] epoch=12 train_batch=10000/15625 loss=2.943218
[rank 3] epoch=12 train_batch=12000/15625 loss=2.975227
[rank 3] epoch=12 train_batch=14000/15625 loss=2.964739
[rank 3] epoch=13 train_batch=2000/15625 loss=3.006834
[rank 3] epoch=13 train_batch=4000/15625 loss=3.728643
[rank 3] epoch=13 train_batch=6000/15625 loss=3.281853
[rank 3] epoch=13 train_batch=8000/15625 loss=3.015854
[rank 3] epoch=13 train_batch=10000/15625 loss=3.027971
[rank 3] epoch=13 train_batch=12000/15625 loss=2.998963
[rank 3] epoch=13 train_batch=14000/15625 loss=2.975181
[rank 3] epoch=14 train_batch=2000/15625 loss=2.985146
[rank 3] epoch=14 train_batch=4000/15625 loss=3.041299
[rank 3] epoch=14 train_batch=6000/15625 loss=3.033115
[rank 3] epoch=14 train_batch=8000/15625 loss=3.021067
[rank 3] epoch=14 train_batch=10000/15625 loss=3.005566
[rank 3] epoch=14 train_batch=12000/15625 loss=3.021414
[rank 3] epoch=14 train_batch=14000/15625 loss=2.998256
[rank 3] epoch=15 train_batch=2000/15625 loss=2.965878
[rank 3] epoch=15 train_batch=4000/15625 loss=2.971520
[rank 3] epoch=15 train_batch=6000/15625 loss=2.958812
[rank 3] epoch=15 train_batch=8000/15625 loss=3.049692
[rank 3] epoch=15 train_batch=10000/15625 loss=3.224885
[rank 3] epoch=15 train_batch=12000/15625 loss=2.994613
[rank 3] epoch=15 train_batch=14000/15625 loss=3.012086
[rank 3] epoch=16 train_batch=2000/15625 loss=3.008534
[rank 3] epoch=16 train_batch=4000/15625 loss=2.963261
[rank 3] epoch=16 train_batch=6000/15625 loss=3.029434
[rank 3] epoch=16 train_batch=8000/15625 loss=3.020465
[rank 3] epoch=16 train_batch=10000/15625 loss=3.076158
[rank 3] epoch=16 train_batch=12000/15625 loss=3.144368
[rank 3] epoch=16 train_batch=14000/15625 loss=3.004258
[rank 3] epoch=17 train_batch=2000/15625 loss=3.102618
[rank 3] epoch=17 train_batch=4000/15625 loss=3.073792
[rank 3] epoch=17 train_batch=6000/15625 loss=3.039620
[rank 3] epoch=17 train_batch=8000/15625 loss=3.087937
[rank 3] epoch=17 train_batch=10000/15625 loss=3.059587
[rank 3] epoch=17 train_batch=12000/15625 loss=3.110093
[rank 3] epoch=17 train_batch=14000/15625 loss=3.066312
[rank 3] epoch=18 train_batch=2000/15625 loss=3.187120
[rank 3] epoch=18 train_batch=4000/15625 loss=3.098381
[rank 3] epoch=18 train_batch=6000/15625 loss=3.081803
[rank 3] epoch=18 train_batch=8000/15625 loss=3.293128
[rank 3] epoch=18 train_batch=10000/15625 loss=3.072496
[rank 3] epoch=18 train_batch=12000/15625 loss=3.154294
[rank 3] epoch=18 train_batch=14000/15625 loss=3.006082
[rank 3] epoch=19 train_batch=2000/15625 loss=3.107800
[rank 3] epoch=19 train_batch=4000/15625 loss=2.977486
[rank 3] epoch=19 train_batch=6000/15625 loss=3.107682
[rank 3] epoch=19 train_batch=8000/15625 loss=3.063472
[rank 3] epoch=19 train_batch=10000/15625 loss=2.977317
[rank 3] epoch=19 train_batch=12000/15625 loss=3.000928
[rank 3] epoch=19 train_batch=14000/15625 loss=3.110392
[rank 3] epoch=20 train_batch=2000/15625 loss=3.128484
[rank 3] epoch=20 train_batch=4000/15625 loss=3.053346
[rank 3] epoch=20 train_batch=6000/15625 loss=3.031746
[rank 3] epoch=20 train_batch=8000/15625 loss=3.058380
[rank 3] epoch=20 train_batch=10000/15625 loss=2.949689
[rank 3] epoch=20 train_batch=12000/15625 loss=3.016650
[rank 3] epoch=20 train_batch=14000/15625 loss=2.996440
[rank 3] epoch=21 train_batch=2000/15625 loss=3.700882
[rank 3] epoch=21 train_batch=4000/15625 loss=3.007874
[rank 3] epoch=21 train_batch=6000/15625 loss=2.977886
[rank 3] epoch=21 train_batch=8000/15625 loss=3.092971
[rank 3] epoch=21 train_batch=10000/15625 loss=2.970121
[rank 3] epoch=21 train_batch=12000/15625 loss=2.998747
[rank 3] epoch=21 train_batch=14000/15625 loss=2.992448
[rank 3] epoch=22 train_batch=2000/15625 loss=2.912336
[rank 3] epoch=22 train_batch=4000/15625 loss=3.019164
[rank 3] epoch=22 train_batch=6000/15625 loss=2.958328
[rank 3] epoch=22 train_batch=8000/15625 loss=2.955910
[rank 3] epoch=22 train_batch=10000/15625 loss=3.014817
[rank 3] epoch=22 train_batch=12000/15625 loss=2.963784
[rank 3] epoch=22 train_batch=14000/15625 loss=2.991721
[rank 3] epoch=23 train_batch=2000/15625 loss=2.940112
[rank 3] epoch=23 train_batch=4000/15625 loss=3.048489
[rank 3] epoch=23 train_batch=6000/15625 loss=3.104039
[rank 3] epoch=23 train_batch=8000/15625 loss=2.948631
[rank 3] epoch=23 train_batch=10000/15625 loss=2.968932
[rank 3] epoch=23 train_batch=12000/15625 loss=2.970373
[rank 3] epoch=23 train_batch=14000/15625 loss=2.972072
[rank 3] epoch=24 train_batch=2000/15625 loss=2.941447
[rank 3] epoch=24 train_batch=4000/15625 loss=3.056509
[rank 3] epoch=24 train_batch=6000/15625 loss=3.100513
[rank 3] epoch=24 train_batch=8000/15625 loss=3.089296
[rank 3] epoch=24 train_batch=10000/15625 loss=2.907310
[rank 3] epoch=24 train_batch=12000/15625 loss=2.911296
[rank 3] epoch=24 train_batch=14000/15625 loss=2.953765
[rank 3] epoch=25 train_batch=2000/15625 loss=3.004853
[rank 3] epoch=25 train_batch=4000/15625 loss=3.006534
[rank 3] epoch=25 train_batch=6000/15625 loss=2.947907
[rank 3] epoch=25 train_batch=8000/15625 loss=3.009127
[rank 3] epoch=25 train_batch=10000/15625 loss=2.992276
[rank 3] epoch=25 train_batch=12000/15625 loss=3.131425
[rank 3] epoch=25 train_batch=14000/15625 loss=2.923740
[rank 3] epoch=26 train_batch=2000/15625 loss=3.004839
[rank 3] epoch=26 train_batch=4000/15625 loss=3.015697
[rank 3] epoch=26 train_batch=6000/15625 loss=2.966834
[rank 3] epoch=26 train_batch=8000/15625 loss=2.983861
[rank 3] epoch=26 train_batch=10000/15625 loss=2.935441
[rank 3] epoch=26 train_batch=12000/15625 loss=2.962764
[rank 3] epoch=26 train_batch=14000/15625 loss=2.975449
[rank 3] epoch=27 train_batch=2000/15625 loss=2.993435
[rank 3] epoch=27 train_batch=4000/15625 loss=2.906490
[rank 3] epoch=27 train_batch=6000/15625 loss=2.976853
[rank 3] epoch=27 train_batch=8000/15625 loss=3.002611
[rank 3] epoch=27 train_batch=10000/15625 loss=3.004737
[rank 3] epoch=27 train_batch=12000/15625 loss=2.972254
[rank 3] epoch=27 train_batch=14000/15625 loss=3.039664
[rank 3] epoch=28 train_batch=2000/15625 loss=2.993458
[rank 3] epoch=28 train_batch=4000/15625 loss=2.939085
[rank 3] epoch=28 train_batch=6000/15625 loss=3.003710
[rank 3] epoch=28 train_batch=8000/15625 loss=3.116801
[rank 3] epoch=28 train_batch=10000/15625 loss=2.968241
[rank 3] epoch=28 train_batch=12000/15625 loss=3.051880
[rank 3] epoch=28 train_batch=14000/15625 loss=3.002326
[rank 3] epoch=29 train_batch=2000/15625 loss=2.976684
[rank 3] epoch=29 train_batch=4000/15625 loss=2.939746
[rank 3] epoch=29 train_batch=6000/15625 loss=2.952861
[rank 3] epoch=29 train_batch=8000/15625 loss=2.943497
[rank 3] epoch=29 train_batch=10000/15625 loss=2.915329
[rank 3] epoch=29 train_batch=12000/15625 loss=3.035858
[rank 3] epoch=29 train_batch=14000/15625 loss=2.948704
[rank 3] epoch=30 train_batch=2000/15625 loss=2.993999
[rank 3] epoch=30 train_batch=4000/15625 loss=3.023195
[rank 3] epoch=30 train_batch=6000/15625 loss=2.987937
[rank 3] epoch=30 train_batch=8000/15625 loss=3.086221
[rank 3] epoch=30 train_batch=10000/15625 loss=3.019191
[rank 3] epoch=30 train_batch=12000/15625 loss=3.009444
[rank 3] epoch=30 train_batch=14000/15625 loss=2.994997
[rank 3] epoch=31 train_batch=2000/15625 loss=3.004702
[rank 3] epoch=31 train_batch=4000/15625 loss=3.066744
[rank 3] epoch=31 train_batch=6000/15625 loss=2.880485
[rank 3] epoch=31 train_batch=8000/15625 loss=3.034610
[rank 3] epoch=31 train_batch=10000/15625 loss=2.850654
[rank 3] epoch=31 train_batch=12000/15625 loss=2.897961
[rank 3] epoch=31 train_batch=14000/15625 loss=2.940170
[rank 3] epoch=32 train_batch=2000/15625 loss=2.917797
[rank 3] epoch=32 train_batch=4000/15625 loss=2.942289
[rank 3] epoch=32 train_batch=6000/15625 loss=2.910787
[rank 3] epoch=32 train_batch=8000/15625 loss=2.960381
[rank 3] epoch=32 train_batch=10000/15625 loss=2.847516
[rank 3] epoch=32 train_batch=12000/15625 loss=2.934560
[rank 3] epoch=32 train_batch=14000/15625 loss=2.923693
[rank 3] epoch=33 train_batch=2000/15625 loss=2.884953
[rank 3] epoch=33 train_batch=4000/15625 loss=2.865683
[rank 3] epoch=33 train_batch=6000/15625 loss=2.901681
[rank 3] epoch=33 train_batch=8000/15625 loss=2.872215
[rank 3] epoch=33 train_batch=10000/15625 loss=4.042351
[rank 3] epoch=33 train_batch=12000/15625 loss=3.058528
[rank 3] epoch=33 train_batch=14000/15625 loss=3.053958
[rank 3] epoch=34 train_batch=2000/15625 loss=2.871333
[rank 3] epoch=34 train_batch=4000/15625 loss=2.998483
[rank 3] epoch=34 train_batch=6000/15625 loss=2.947162
[rank 3] epoch=34 train_batch=8000/15625 loss=3.060998
[rank 3] epoch=34 train_batch=10000/15625 loss=2.931178
[rank 3] epoch=34 train_batch=12000/15625 loss=2.883449
[rank 3] epoch=34 train_batch=14000/15625 loss=2.862868
[rank 3] epoch=35 train_batch=2000/15625 loss=2.872093
[rank 3] epoch=35 train_batch=4000/15625 loss=2.887489
[rank 3] epoch=35 train_batch=6000/15625 loss=3.093748
[rank 3] epoch=35 train_batch=8000/15625 loss=2.933738
[rank 3] epoch=35 train_batch=10000/15625 loss=2.836798
[rank 3] epoch=35 train_batch=12000/15625 loss=2.908431
[rank 3] epoch=35 train_batch=14000/15625 loss=2.880947
[rank 3] epoch=36 train_batch=2000/15625 loss=3.030279
[rank 3] epoch=36 train_batch=4000/15625 loss=2.972818
[rank 3] epoch=36 train_batch=6000/15625 loss=2.869142
[rank 3] epoch=36 train_batch=8000/15625 loss=2.894293
[rank 3] epoch=36 train_batch=10000/15625 loss=2.914273
[rank 3] epoch=36 train_batch=12000/15625 loss=2.845372
[rank 3] epoch=36 train_batch=14000/15625 loss=2.894483
[rank 3] epoch=37 train_batch=2000/15625 loss=2.853253
[rank 3] epoch=37 train_batch=4000/15625 loss=2.979877
[rank 3] epoch=37 train_batch=6000/15625 loss=2.896046
[rank 3] epoch=37 train_batch=8000/15625 loss=2.896708
[rank 3] epoch=37 train_batch=10000/15625 loss=2.972236
[rank 3] epoch=37 train_batch=12000/15625 loss=3.199326
[rank 3] epoch=37 train_batch=14000/15625 loss=2.909905
[rank 3] epoch=38 train_batch=2000/15625 loss=2.922051
[rank 3] epoch=38 train_batch=4000/15625 loss=2.893576
[rank 3] epoch=38 train_batch=6000/15625 loss=3.104063
[rank 3] epoch=38 train_batch=8000/15625 loss=2.899076
[rank 3] epoch=38 train_batch=10000/15625 loss=2.845523
[rank 3] epoch=38 train_batch=12000/15625 loss=2.869616
[rank 3] epoch=38 train_batch=14000/15625 loss=2.971493
[rank 3] epoch=39 train_batch=2000/15625 loss=2.895532
[rank 3] epoch=39 train_batch=4000/15625 loss=2.910490
[rank 3] epoch=39 train_batch=6000/15625 loss=2.858984
[rank 3] epoch=39 train_batch=8000/15625 loss=2.894602
[rank 3] epoch=39 train_batch=10000/15625 loss=2.921414
[rank 3] epoch=39 train_batch=12000/15625 loss=2.907963
[rank 3] epoch=39 train_batch=14000/15625 loss=2.922739
[rank 3] epoch=40 train_batch=2000/15625 loss=2.877342
[rank 3] epoch=40 train_batch=4000/15625 loss=2.833308
[rank 3] epoch=40 train_batch=6000/15625 loss=2.780987
[rank 3] epoch=40 train_batch=8000/15625 loss=2.963671
[rank 3] epoch=40 train_batch=10000/15625 loss=2.872984
[rank 3] epoch=40 train_batch=12000/15625 loss=2.859775
[rank 3] epoch=40 train_batch=14000/15625 loss=2.939573
[rank 3] epoch=41 train_batch=2000/15625 loss=2.847502
[rank 3] epoch=41 train_batch=4000/15625 loss=2.963065
[rank 3] epoch=41 train_batch=6000/15625 loss=2.846272
[rank 3] epoch=41 train_batch=8000/15625 loss=2.920897
[rank 3] epoch=41 train_batch=10000/15625 loss=2.837869
[rank 3] epoch=41 train_batch=12000/15625 loss=2.781398
[rank 3] epoch=41 train_batch=14000/15625 loss=2.883853
[rank 3] epoch=42 train_batch=2000/15625 loss=2.960269
[rank 3] epoch=42 train_batch=4000/15625 loss=2.849243
[rank 3] epoch=42 train_batch=6000/15625 loss=2.823077
[rank 3] epoch=42 train_batch=8000/15625 loss=2.805873
[rank 3] epoch=42 train_batch=10000/15625 loss=2.822844
[rank 3] epoch=42 train_batch=12000/15625 loss=2.763265
[rank 3] epoch=42 train_batch=14000/15625 loss=2.945785
[rank 3] epoch=43 train_batch=2000/15625 loss=2.782068
[rank 3] epoch=43 train_batch=4000/15625 loss=2.864423
[rank 3] epoch=43 train_batch=6000/15625 loss=2.819514
[rank 3] epoch=43 train_batch=8000/15625 loss=2.813790
[rank 3] epoch=43 train_batch=10000/15625 loss=2.871389
[rank 3] epoch=43 train_batch=12000/15625 loss=2.760951
[rank 3] epoch=43 train_batch=14000/15625 loss=2.832822
[rank 3] epoch=44 train_batch=2000/15625 loss=3.036639
[rank 3] epoch=44 train_batch=4000/15625 loss=2.960299
[rank 3] epoch=44 train_batch=6000/15625 loss=2.979411
[rank 3] epoch=44 train_batch=8000/15625 loss=2.958200
[rank 3] epoch=44 train_batch=10000/15625 loss=3.032622
[rank 3] epoch=44 train_batch=12000/15625 loss=2.884182
[rank 3] epoch=44 train_batch=14000/15625 loss=3.013210
[rank 3] epoch=45 train_batch=2000/15625 loss=2.891099
[rank 3] epoch=45 train_batch=4000/15625 loss=2.859031
[rank 3] epoch=45 train_batch=6000/15625 loss=2.832606
[rank 3] epoch=45 train_batch=8000/15625 loss=2.923670
[rank 3] epoch=45 train_batch=10000/15625 loss=2.826746
[rank 3] epoch=45 train_batch=12000/15625 loss=2.846975
[rank 3] epoch=45 train_batch=14000/15625 loss=2.932934
[rank 3] epoch=46 train_batch=2000/15625 loss=2.790575
[rank 3] epoch=46 train_batch=4000/15625 loss=2.846069
[rank 3] epoch=46 train_batch=6000/15625 loss=2.874660
[rank 3] epoch=46 train_batch=8000/15625 loss=2.844440
[rank 3] epoch=46 train_batch=10000/15625 loss=2.829487
[rank 3] epoch=46 train_batch=12000/15625 loss=2.826571
[rank 3] epoch=46 train_batch=14000/15625 loss=2.870810
[rank 3] epoch=47 train_batch=2000/15625 loss=2.883200
[rank 3] epoch=47 train_batch=4000/15625 loss=2.912755
[rank 3] epoch=47 train_batch=6000/15625 loss=2.859622
[rank 3] epoch=47 train_batch=8000/15625 loss=2.787013
[rank 3] epoch=47 train_batch=10000/15625 loss=2.787420
[rank 3] epoch=47 train_batch=12000/15625 loss=2.932893
[rank 3] epoch=47 train_batch=14000/15625 loss=2.787487
[rank 3] epoch=48 train_batch=2000/15625 loss=2.847805
[rank 3] epoch=48 train_batch=4000/15625 loss=2.858558
[rank 3] epoch=48 train_batch=6000/15625 loss=2.768165
[rank 3] epoch=48 train_batch=8000/15625 loss=2.786927
[rank 3] epoch=48 train_batch=10000/15625 loss=2.863248
[rank 3] epoch=48 train_batch=12000/15625 loss=2.793265
[rank 3] epoch=48 train_batch=14000/15625 loss=2.818609
[rank 3] epoch=49 train_batch=2000/15625 loss=2.883008
[rank 3] epoch=49 train_batch=4000/15625 loss=2.844420
[rank 3] epoch=49 train_batch=6000/15625 loss=2.934842
[rank 3] epoch=49 train_batch=8000/15625 loss=2.856400
[rank 3] epoch=49 train_batch=10000/15625 loss=2.841552
[rank 3] epoch=49 train_batch=12000/15625 loss=2.807287
[rank 3] epoch=49 train_batch=14000/15625 loss=2.940221
[rank 3] epoch=50 train_batch=2000/15625 loss=2.837381
[rank 3] epoch=50 train_batch=4000/15625 loss=2.858190
[rank 3] epoch=50 train_batch=6000/15625 loss=2.835057
[rank 3] epoch=50 train_batch=8000/15625 loss=2.820777
[rank 3] epoch=50 train_batch=10000/15625 loss=2.787264
[rank 3] epoch=50 train_batch=12000/15625 loss=2.799015
[rank 3] epoch=50 train_batch=14000/15625 loss=2.809460
[rank 3] epoch=51 train_batch=2000/15625 loss=2.792424
[rank 3] epoch=51 train_batch=4000/15625 loss=2.791679
[rank 3] epoch=51 train_batch=6000/15625 loss=2.797901
[rank 3] epoch=51 train_batch=8000/15625 loss=2.756331
[rank 3] epoch=51 train_batch=10000/15625 loss=2.781033
[rank 3] epoch=51 train_batch=12000/15625 loss=2.809353
[rank 3] epoch=51 train_batch=14000/15625 loss=2.806259
[rank 3] epoch=52 train_batch=2000/15625 loss=2.785311
[rank 3] epoch=52 train_batch=4000/15625 loss=2.805646
[rank 3] epoch=52 train_batch=6000/15625 loss=2.802497
[rank 3] epoch=52 train_batch=8000/15625 loss=2.803149
[rank 3] epoch=52 train_batch=10000/15625 loss=2.802247
[rank 3] epoch=52 train_batch=12000/15625 loss=2.833922
[rank 3] epoch=52 train_batch=14000/15625 loss=2.800995
[rank 3] epoch=53 train_batch=2000/15625 loss=2.772812
[rank 3] epoch=53 train_batch=4000/15625 loss=2.791675
[rank 3] epoch=53 train_batch=6000/15625 loss=2.866064
[rank 3] epoch=53 train_batch=8000/15625 loss=2.871130
[rank 3] epoch=53 train_batch=10000/15625 loss=2.830388
[rank 3] epoch=53 train_batch=12000/15625 loss=2.803916
[rank 3] epoch=53 train_batch=14000/15625 loss=2.777421
[rank 3] epoch=54 train_batch=2000/15625 loss=2.820046
[rank 3] epoch=54 train_batch=4000/15625 loss=2.798055
[rank 3] epoch=54 train_batch=6000/15625 loss=2.836421
[rank 3] epoch=54 train_batch=8000/15625 loss=2.927270
[rank 3] epoch=54 train_batch=10000/15625 loss=2.805646
[rank 3] epoch=54 train_batch=12000/15625 loss=2.821228
[rank 3] epoch=54 train_batch=14000/15625 loss=2.765823
[rank 3] epoch=55 train_batch=2000/15625 loss=2.799758
[rank 3] epoch=55 train_batch=4000/15625 loss=2.814644
[rank 3] epoch=55 train_batch=6000/15625 loss=2.887117
[rank 3] epoch=55 train_batch=8000/15625 loss=2.766353
[rank 3] epoch=55 train_batch=10000/15625 loss=2.774741
[rank 3] epoch=55 train_batch=12000/15625 loss=2.769377
[rank 3] epoch=55 train_batch=14000/15625 loss=2.815861
[rank 3] epoch=56 train_batch=2000/15625 loss=2.761310
[rank 3] epoch=56 train_batch=4000/15625 loss=2.798479
[rank 3] epoch=56 train_batch=6000/15625 loss=2.814501
[rank 3] epoch=56 train_batch=8000/15625 loss=2.790133
[rank 3] epoch=56 train_batch=10000/15625 loss=2.893508
[rank 3] epoch=56 train_batch=12000/15625 loss=2.826702
[rank 3] epoch=56 train_batch=14000/15625 loss=2.825156
[rank 3] epoch=57 train_batch=2000/15625 loss=2.800173
[rank 3] epoch=57 train_batch=4000/15625 loss=2.845833
[rank 3] epoch=57 train_batch=6000/15625 loss=2.782370
[rank 3] epoch=57 train_batch=8000/15625 loss=2.879367
[rank 3] epoch=57 train_batch=10000/15625 loss=2.716244
[rank 3] epoch=57 train_batch=12000/15625 loss=2.889392
[rank 3] epoch=57 train_batch=14000/15625 loss=2.786433
[rank 3] epoch=58 train_batch=2000/15625 loss=2.902634
[rank 3] epoch=58 train_batch=4000/15625 loss=2.791612
[rank 3] epoch=58 train_batch=6000/15625 loss=2.811336
[rank 3] epoch=58 train_batch=8000/15625 loss=2.835011
[rank 3] epoch=58 train_batch=10000/15625 loss=2.849700
[rank 3] epoch=58 train_batch=12000/15625 loss=2.801773
[rank 3] epoch=58 train_batch=14000/15625 loss=2.769808
[rank 3] epoch=59 train_batch=2000/15625 loss=2.785814
[rank 3] epoch=59 train_batch=4000/15625 loss=2.794976
[rank 3] epoch=59 train_batch=6000/15625 loss=2.792705
[rank 3] epoch=59 train_batch=8000/15625 loss=2.805584
[rank 3] epoch=59 train_batch=10000/15625 loss=2.761845
[rank 3] epoch=59 train_batch=12000/15625 loss=2.768333
[rank 3] epoch=59 train_batch=14000/15625 loss=2.864631
[rank 3] epoch=60 train_batch=2000/15625 loss=2.859621
[rank 3] epoch=60 train_batch=4000/15625 loss=2.788233
[rank 3] epoch=60 train_batch=6000/15625 loss=2.782469
[rank 3] epoch=60 train_batch=8000/15625 loss=2.771453
[rank 3] epoch=60 train_batch=10000/15625 loss=2.796127
[rank 3] epoch=60 train_batch=12000/15625 loss=2.820729
[rank 3] epoch=60 train_batch=14000/15625 loss=2.761003
[rank 3] epoch=61 train_batch=2000/15625 loss=2.747982
[rank 3] epoch=61 train_batch=4000/15625 loss=2.862874
[rank 3] epoch=61 train_batch=6000/15625 loss=2.830345
[rank 3] epoch=61 train_batch=8000/15625 loss=2.826799
[rank 3] epoch=61 train_batch=10000/15625 loss=2.785364
[rank 3] epoch=61 train_batch=12000/15625 loss=2.886796
[rank 3] epoch=61 train_batch=14000/15625 loss=2.800212
[rank 3] epoch=62 train_batch=2000/15625 loss=2.791242
[rank 3] epoch=62 train_batch=4000/15625 loss=2.777692
[rank 3] epoch=62 train_batch=6000/15625 loss=2.833539
[rank 3] epoch=62 train_batch=8000/15625 loss=2.777812
[rank 3] epoch=62 train_batch=10000/15625 loss=2.777597
[rank 3] epoch=62 train_batch=12000/15625 loss=2.819473
[rank 3] epoch=62 train_batch=14000/15625 loss=2.828471
[rank 3] epoch=63 train_batch=2000/15625 loss=2.849541
[rank 3] epoch=63 train_batch=4000/15625 loss=2.819208
[rank 3] epoch=63 train_batch=6000/15625 loss=2.810395
[rank 3] epoch=63 train_batch=8000/15625 loss=3.040007
[rank 3] epoch=63 train_batch=10000/15625 loss=2.956498
[rank 3] epoch=63 train_batch=12000/15625 loss=2.905316
[rank 3] epoch=63 train_batch=14000/15625 loss=2.828183
[rank 3] epoch=64 train_batch=2000/15625 loss=2.885188
[rank 3] epoch=64 train_batch=4000/15625 loss=2.815834
[rank 3] epoch=64 train_batch=6000/15625 loss=2.798692
[rank 3] epoch=64 train_batch=8000/15625 loss=2.841733
[rank 3] epoch=64 train_batch=10000/15625 loss=2.868564
[rank 3] epoch=64 train_batch=12000/15625 loss=2.853765
[rank 3] epoch=64 train_batch=14000/15625 loss=2.834146
[rank 3] epoch=65 train_batch=2000/15625 loss=2.722845
[rank 3] epoch=65 train_batch=4000/15625 loss=2.796955
[rank 3] epoch=65 train_batch=6000/15625 loss=2.793599
[rank 3] epoch=65 train_batch=8000/15625 loss=2.811885
[rank 3] epoch=65 train_batch=10000/15625 loss=2.822633
[rank 3] epoch=65 train_batch=12000/15625 loss=2.815112
[rank 3] epoch=65 train_batch=14000/15625 loss=2.804585
[rank 3] epoch=66 train_batch=2000/15625 loss=2.770553
[rank 3] epoch=66 train_batch=4000/15625 loss=2.746954
[rank 3] epoch=66 train_batch=6000/15625 loss=2.771280
[rank 3] epoch=66 train_batch=8000/15625 loss=2.762717
[rank 3] epoch=66 train_batch=10000/15625 loss=2.809984
[rank 3] epoch=66 train_batch=12000/15625 loss=2.890591
[rank 3] epoch=66 train_batch=14000/15625 loss=2.823266
[rank 3] epoch=67 train_batch=2000/15625 loss=2.801571
[rank 3] epoch=67 train_batch=4000/15625 loss=2.789659
[rank 3] epoch=67 train_batch=6000/15625 loss=2.892260
[rank 3] epoch=67 train_batch=8000/15625 loss=2.906734
[rank 3] epoch=67 train_batch=10000/15625 loss=2.854658
[rank 3] epoch=67 train_batch=12000/15625 loss=2.860392
[rank 3] epoch=67 train_batch=14000/15625 loss=2.894058
[rank 3] epoch=68 train_batch=2000/15625 loss=2.894118
[rank 3] epoch=68 train_batch=4000/15625 loss=2.761389
[rank 3] epoch=68 train_batch=6000/15625 loss=2.959457
[rank 3] epoch=68 train_batch=8000/15625 loss=2.792226
[rank 3] epoch=68 train_batch=10000/15625 loss=2.879299
[rank 3] epoch=68 train_batch=12000/15625 loss=2.770492
[rank 3] epoch=68 train_batch=14000/15625 loss=2.851596
[rank 3] epoch=69 train_batch=2000/15625 loss=2.802503
[rank 3] epoch=69 train_batch=4000/15625 loss=3.019572
[rank 3] epoch=69 train_batch=6000/15625 loss=2.901410
[rank 3] epoch=69 train_batch=8000/15625 loss=3.097869
[rank 3] epoch=69 train_batch=10000/15625 loss=2.962848
[rank 3] epoch=69 train_batch=12000/15625 loss=2.957934
[rank 3] epoch=69 train_batch=14000/15625 loss=2.851530
[rank 3] epoch=70 train_batch=2000/15625 loss=2.881258
[rank 3] epoch=70 train_batch=4000/15625 loss=2.839558
[rank 3] epoch=70 train_batch=6000/15625 loss=2.866050
[rank 3] epoch=70 train_batch=8000/15625 loss=2.896398
[rank 3] epoch=70 train_batch=10000/15625 loss=2.808985
[rank 3] epoch=70 train_batch=12000/15625 loss=2.827089
[rank 3] epoch=70 train_batch=14000/15625 loss=2.858571
[rank 3] epoch=71 train_batch=2000/15625 loss=2.840160
[rank 3] epoch=71 train_batch=4000/15625 loss=2.844238
[rank 3] epoch=71 train_batch=6000/15625 loss=3.204368
[rank 3] epoch=71 train_batch=8000/15625 loss=2.869787
[rank 3] epoch=71 train_batch=10000/15625 loss=2.858307
[rank 3] epoch=71 train_batch=12000/15625 loss=3.007326
[rank 3] epoch=71 train_batch=14000/15625 loss=2.827622
[rank 3] epoch=72 train_batch=2000/15625 loss=2.927385
[rank 3] epoch=72 train_batch=4000/15625 loss=2.862251
[rank 3] epoch=72 train_batch=6000/15625 loss=2.792953
[rank 3] epoch=72 train_batch=8000/15625 loss=2.841332
[rank 3] epoch=72 train_batch=10000/15625 loss=2.823942
[rank 3] epoch=72 train_batch=12000/15625 loss=2.952357
[rank 3] epoch=72 train_batch=14000/15625 loss=2.913269
[rank 3] epoch=73 train_batch=2000/15625 loss=2.844960
[rank 3] epoch=73 train_batch=4000/15625 loss=2.882243
[rank 3] epoch=73 train_batch=6000/15625 loss=2.866265
[rank 3] epoch=73 train_batch=8000/15625 loss=2.801905
[rank 3] epoch=73 train_batch=10000/15625 loss=2.802487
[rank 3] epoch=73 train_batch=12000/15625 loss=2.795977
[rank 3] epoch=73 train_batch=14000/15625 loss=2.793425
[rank 3] epoch=74 train_batch=2000/15625 loss=2.830552
[rank 3] epoch=74 train_batch=4000/15625 loss=2.858899
[rank 3] epoch=74 train_batch=6000/15625 loss=2.793545
[rank 3] epoch=74 train_batch=8000/15625 loss=2.894482
[rank 3] epoch=74 train_batch=10000/15625 loss=2.784222
[rank 3] epoch=74 train_batch=12000/15625 loss=2.833031
[rank 3] epoch=74 train_batch=14000/15625 loss=2.804981
[rank 3] epoch=75 train_batch=2000/15625 loss=2.845761
[rank 3] epoch=75 train_batch=4000/15625 loss=2.889718
[rank 3] epoch=75 train_batch=6000/15625 loss=2.831923
[rank 3] epoch=75 train_batch=8000/15625 loss=2.785732
[rank 3] epoch=75 train_batch=10000/15625 loss=2.802298
[rank 3] epoch=75 train_batch=12000/15625 loss=2.772895
[rank 3] epoch=75 train_batch=14000/15625 loss=2.799574
[rank 3] epoch=76 train_batch=2000/15625 loss=2.772913
[rank 3] epoch=76 train_batch=4000/15625 loss=2.816412
[rank 3] epoch=76 train_batch=6000/15625 loss=2.731903
[rank 3] epoch=76 train_batch=8000/15625 loss=2.855510
[rank 3] epoch=76 train_batch=10000/15625 loss=2.813059
[rank 3] epoch=76 train_batch=12000/15625 loss=2.852524
[rank 3] epoch=76 train_batch=14000/15625 loss=2.772982
[rank 3] epoch=77 train_batch=2000/15625 loss=2.841118
[rank 3] epoch=77 train_batch=4000/15625 loss=2.946275
[rank 3] epoch=77 train_batch=6000/15625 loss=2.804690
[rank 3] epoch=77 train_batch=8000/15625 loss=2.814407
[rank 3] epoch=77 train_batch=10000/15625 loss=2.835293
[rank 3] epoch=77 train_batch=12000/15625 loss=2.937653
[rank 3] epoch=77 train_batch=14000/15625 loss=2.867795
[rank 3] epoch=78 train_batch=2000/15625 loss=2.913538
[rank 3] epoch=78 train_batch=4000/15625 loss=2.835649
[rank 3] epoch=78 train_batch=6000/15625 loss=2.888926
[rank 3] epoch=78 train_batch=8000/15625 loss=2.829131
[rank 3] epoch=78 train_batch=10000/15625 loss=2.834823
[rank 3] epoch=78 train_batch=12000/15625 loss=2.777603
[rank 3] epoch=78 train_batch=14000/15625 loss=2.826797
[rank 3] epoch=79 train_batch=2000/15625 loss=2.891762
[rank 3] epoch=79 train_batch=4000/15625 loss=2.788874
[rank 3] epoch=79 train_batch=6000/15625 loss=2.796977
[rank 3] epoch=79 train_batch=8000/15625 loss=2.858227
[rank 3] epoch=79 train_batch=10000/15625 loss=2.828565
[rank 3] epoch=79 train_batch=12000/15625 loss=2.777879
[rank 3] epoch=79 train_batch=14000/15625 loss=2.841558
[rank 3] epoch=80 train_batch=2000/15625 loss=2.821173
[rank 3] epoch=80 train_batch=4000/15625 loss=2.765942
[rank 3] epoch=80 train_batch=6000/15625 loss=2.800039
[rank 3] epoch=80 train_batch=8000/15625 loss=2.856520
[rank 3] epoch=80 train_batch=10000/15625 loss=2.717167
[rank 3] epoch=80 train_batch=12000/15625 loss=2.846231
[rank 3] epoch=80 train_batch=14000/15625 loss=2.791319
[rank 3] epoch=81 train_batch=2000/15625 loss=2.855149
[rank 3] epoch=81 train_batch=4000/15625 loss=2.771082
[rank 3] epoch=81 train_batch=6000/15625 loss=2.737821
[rank 3] epoch=81 train_batch=8000/15625 loss=2.813735
[rank 3] epoch=81 train_batch=10000/15625 loss=2.727231
[rank 3] epoch=81 train_batch=12000/15625 loss=2.873328
[rank 3] epoch=81 train_batch=14000/15625 loss=2.790275
[rank 3] epoch=82 train_batch=2000/15625 loss=2.827927
[rank 3] epoch=82 train_batch=4000/15625 loss=2.782582
[rank 3] epoch=82 train_batch=6000/15625 loss=2.841328
[rank 3] epoch=82 train_batch=8000/15625 loss=2.801080
[rank 3] epoch=82 train_batch=10000/15625 loss=2.774626
[rank 3] epoch=82 train_batch=12000/15625 loss=2.756886
[rank 3] epoch=82 train_batch=14000/15625 loss=2.811234
[rank 3] epoch=83 train_batch=2000/15625 loss=2.794559
[rank 3] epoch=83 train_batch=4000/15625 loss=2.747597
[rank 3] epoch=83 train_batch=6000/15625 loss=2.833093
[rank 3] epoch=83 train_batch=8000/15625 loss=2.858510
[rank 3] epoch=83 train_batch=10000/15625 loss=2.837617
[rank 3] epoch=83 train_batch=12000/15625 loss=2.825561
[rank 3] epoch=83 train_batch=14000/15625 loss=2.839411
[rank 3] epoch=84 train_batch=2000/15625 loss=2.802981
[rank 3] epoch=84 train_batch=4000/15625 loss=2.852185
[rank 3] epoch=84 train_batch=6000/15625 loss=2.842856
[rank 3] epoch=84 train_batch=8000/15625 loss=2.853954
[rank 3] epoch=84 train_batch=10000/15625 loss=2.830674
[rank 3] epoch=84 train_batch=12000/15625 loss=2.801198
[rank 3] epoch=84 train_batch=14000/15625 loss=2.831870
[rank 3] epoch=85 train_batch=2000/15625 loss=2.760785
[rank 3] epoch=85 train_batch=4000/15625 loss=2.903218
[rank 3] epoch=85 train_batch=6000/15625 loss=2.813922
[rank 3] epoch=85 train_batch=8000/15625 loss=2.809522
[rank 3] epoch=85 train_batch=10000/15625 loss=2.927849
[rank 3] epoch=85 train_batch=12000/15625 loss=2.854015
[rank 3] epoch=85 train_batch=14000/15625 loss=2.850730
[rank 3] epoch=86 train_batch=2000/15625 loss=2.812446
[rank 3] epoch=86 train_batch=4000/15625 loss=2.813834
[rank 3] epoch=86 train_batch=6000/15625 loss=2.870632
[rank 3] epoch=86 train_batch=8000/15625 loss=2.753646
[rank 3] epoch=86 train_batch=10000/15625 loss=2.897846
[rank 3] epoch=86 train_batch=12000/15625 loss=2.776697
[rank 3] epoch=86 train_batch=14000/15625 loss=2.821688
[rank 3] epoch=87 train_batch=2000/15625 loss=2.794992
[rank 3] epoch=87 train_batch=4000/15625 loss=2.902879
[rank 3] epoch=87 train_batch=6000/15625 loss=2.833498
[rank 3] epoch=87 train_batch=8000/15625 loss=2.955854
[rank 3] epoch=87 train_batch=10000/15625 loss=2.841190
[rank 3] epoch=87 train_batch=12000/15625 loss=2.818071
[rank 3] epoch=87 train_batch=14000/15625 loss=2.793276
[rank 3] epoch=88 train_batch=2000/15625 loss=2.897669
[rank 3] epoch=88 train_batch=4000/15625 loss=2.797150
[rank 3] epoch=88 train_batch=6000/15625 loss=2.823836
[rank 3] epoch=88 train_batch=8000/15625 loss=2.914181
[rank 3] epoch=88 train_batch=10000/15625 loss=2.769603
[rank 3] epoch=88 train_batch=12000/15625 loss=2.801854
[rank 3] epoch=88 train_batch=14000/15625 loss=2.767914
[rank 3] epoch=89 train_batch=2000/15625 loss=2.778805
[rank 3] epoch=89 train_batch=4000/15625 loss=2.788091
[rank 3] epoch=89 train_batch=6000/15625 loss=2.845473
[rank 3] epoch=89 train_batch=8000/15625 loss=2.836656
[rank 3] epoch=89 train_batch=10000/15625 loss=2.745218
[rank 3] epoch=89 train_batch=12000/15625 loss=2.755764
[rank 3] epoch=89 train_batch=14000/15625 loss=2.758736
[rank 3] epoch=90 train_batch=2000/15625 loss=2.747912
[rank 3] epoch=90 train_batch=4000/15625 loss=2.793591
[rank 3] epoch=90 train_batch=6000/15625 loss=2.820781
[rank 3] epoch=90 train_batch=8000/15625 loss=2.813234
[rank 3] epoch=90 train_batch=10000/15625 loss=2.903823
[rank 3] epoch=90 train_batch=12000/15625 loss=2.787642
[rank 3] epoch=90 train_batch=14000/15625 loss=2.852485
[rank 3] epoch=91 train_batch=2000/15625 loss=2.774009
[rank 3] epoch=91 train_batch=4000/15625 loss=2.803816
[rank 3] epoch=91 train_batch=6000/15625 loss=2.787493
[rank 3] epoch=91 train_batch=8000/15625 loss=2.779335
[rank 3] epoch=91 train_batch=10000/15625 loss=2.789225
[rank 3] epoch=91 train_batch=12000/15625 loss=2.792641
[rank 3] epoch=91 train_batch=14000/15625 loss=2.741508
[rank 3] epoch=92 train_batch=2000/15625 loss=2.848388
[rank 3] epoch=92 train_batch=4000/15625 loss=2.778627
[rank 3] epoch=92 train_batch=6000/15625 loss=2.799356
[rank 3] epoch=92 train_batch=8000/15625 loss=2.822324
[rank 3] epoch=92 train_batch=10000/15625 loss=2.761434
[rank 3] epoch=92 train_batch=12000/15625 loss=2.730522
[rank 3] epoch=92 train_batch=14000/15625 loss=2.785168
[rank 3] epoch=93 train_batch=2000/15625 loss=2.807271
[rank 3] epoch=93 train_batch=4000/15625 loss=2.787385
[rank 3] epoch=93 train_batch=6000/15625 loss=2.791951
[rank 3] epoch=93 train_batch=8000/15625 loss=2.835667
[rank 3] epoch=93 train_batch=10000/15625 loss=2.837502
[rank 3] epoch=93 train_batch=12000/15625 loss=2.828190
[rank 3] epoch=93 train_batch=14000/15625 loss=2.820326
[rank 3] epoch=94 train_batch=2000/15625 loss=2.826229
[rank 3] epoch=94 train_batch=4000/15625 loss=2.773118
[rank 3] epoch=94 train_batch=6000/15625 loss=2.807347
[rank 3] epoch=94 train_batch=8000/15625 loss=2.797171
[rank 3] epoch=94 train_batch=10000/15625 loss=2.784886
[rank 3] epoch=94 train_batch=12000/15625 loss=2.716390
[rank 3] epoch=94 train_batch=14000/15625 loss=2.783932
[rank 3] epoch=95 train_batch=2000/15625 loss=2.737519
[rank 3] epoch=95 train_batch=4000/15625 loss=2.863429
[rank 3] epoch=95 train_batch=6000/15625 loss=2.811675
[rank 3] epoch=95 train_batch=8000/15625 loss=2.822914
[rank 3] epoch=95 train_batch=10000/15625 loss=2.828391
[rank 3] epoch=95 train_batch=12000/15625 loss=2.742021
[rank 3] epoch=95 train_batch=14000/15625 loss=2.769957
[rank 3] epoch=96 train_batch=2000/15625 loss=2.806561
[rank 3] epoch=96 train_batch=4000/15625 loss=2.870980
[rank 3] epoch=96 train_batch=6000/15625 loss=2.782518
[rank 3] epoch=96 train_batch=8000/15625 loss=2.793980
[rank 3] epoch=96 train_batch=10000/15625 loss=2.808809
[rank 3] epoch=96 train_batch=12000/15625 loss=2.733432
[rank 3] epoch=96 train_batch=14000/15625 loss=2.798919
[rank 3] epoch=97 train_batch=2000/15625 loss=2.808297
[rank 3] epoch=97 train_batch=4000/15625 loss=2.767675
[rank 3] epoch=97 train_batch=6000/15625 loss=2.770064
[rank 3] epoch=97 train_batch=8000/15625 loss=2.814865
[rank 3] epoch=97 train_batch=10000/15625 loss=2.833443
[rank 3] epoch=97 train_batch=12000/15625 loss=2.873593
[rank 3] epoch=97 train_batch=14000/15625 loss=2.783861
[rank 3] epoch=98 train_batch=2000/15625 loss=2.733238
[rank 3] epoch=98 train_batch=4000/15625 loss=2.785611
[rank 3] epoch=98 train_batch=6000/15625 loss=2.845823
[rank 3] epoch=98 train_batch=8000/15625 loss=2.796563
[rank 3] epoch=98 train_batch=10000/15625 loss=2.804587
[rank 3] epoch=98 train_batch=12000/15625 loss=2.761110
[rank 3] epoch=98 train_batch=14000/15625 loss=2.757436
[rank 3] epoch=99 train_batch=2000/15625 loss=2.870163
[rank 3] epoch=99 train_batch=4000/15625 loss=2.780159
[rank 3] epoch=99 train_batch=6000/15625 loss=2.766651
[rank 3] epoch=99 train_batch=8000/15625 loss=2.831398
[rank 3] epoch=99 train_batch=10000/15625 loss=2.783399
[rank 3] epoch=99 train_batch=12000/15625 loss=2.868417
[rank 3] epoch=99 train_batch=14000/15625 loss=2.854270
[rank 3] epoch=100 train_batch=2000/15625 loss=2.870525
[rank 3] epoch=100 train_batch=4000/15625 loss=2.854427
[rank 3] epoch=100 train_batch=6000/15625 loss=2.776291
[rank 3] epoch=100 train_batch=8000/15625 loss=2.871440
[rank 3] epoch=100 train_batch=10000/15625 loss=2.833824
[rank 3] epoch=100 train_batch=12000/15625 loss=2.980249
[rank 3] epoch=100 train_batch=14000/15625 loss=2.783539
[rank 3] epoch=101 train_batch=2000/15625 loss=2.774813
[rank 3] epoch=101 train_batch=4000/15625 loss=2.864867
[rank 3] epoch=101 train_batch=6000/15625 loss=2.888731
[rank 3] epoch=101 train_batch=8000/15625 loss=2.964462
[rank 3] epoch=101 train_batch=10000/15625 loss=2.839788
[rank 3] epoch=101 train_batch=12000/15625 loss=2.844448
[rank 3] epoch=101 train_batch=14000/15625 loss=2.816082
[rank 3] epoch=102 train_batch=2000/15625 loss=2.867594
[rank 3] epoch=102 train_batch=4000/15625 loss=2.845570
[rank 3] epoch=102 train_batch=6000/15625 loss=2.860715
[rank 3] epoch=102 train_batch=8000/15625 loss=2.846668
[rank 3] epoch=102 train_batch=10000/15625 loss=2.832915
[rank 3] epoch=102 train_batch=12000/15625 loss=2.791391
[rank 3] epoch=102 train_batch=14000/15625 loss=2.787480
[rank 3] epoch=103 train_batch=2000/15625 loss=2.835006
[rank 3] epoch=103 train_batch=4000/15625 loss=2.790050
[rank 3] epoch=103 train_batch=6000/15625 loss=2.944434
[rank 3] epoch=103 train_batch=8000/15625 loss=2.984706
[rank 3] epoch=103 train_batch=10000/15625 loss=2.774705
[rank 3] epoch=103 train_batch=12000/15625 loss=2.827234
[rank 3] epoch=103 train_batch=14000/15625 loss=2.910866
[rank 3] epoch=104 train_batch=2000/15625 loss=2.806630
[rank 3] epoch=104 train_batch=4000/15625 loss=2.875870
[rank 3] epoch=104 train_batch=6000/15625 loss=2.901792
[rank 3] epoch=104 train_batch=8000/15625 loss=2.894547
[rank 3] epoch=104 train_batch=10000/15625 loss=2.829736
[rank 3] epoch=104 train_batch=12000/15625 loss=2.890254
[rank 3] epoch=104 train_batch=14000/15625 loss=2.860635
[rank 3] epoch=105 train_batch=2000/15625 loss=2.794592
[rank 3] epoch=105 train_batch=4000/15625 loss=2.853196
[rank 3] epoch=105 train_batch=6000/15625 loss=2.924626
[rank 3] epoch=105 train_batch=8000/15625 loss=2.904774
[rank 3] epoch=105 train_batch=10000/15625 loss=2.969302
[rank 3] epoch=105 train_batch=12000/15625 loss=2.904644
[rank 3] epoch=105 train_batch=14000/15625 loss=2.913634
[rank 3] epoch=106 train_batch=2000/15625 loss=2.925037
[rank 3] epoch=106 train_batch=4000/15625 loss=2.741282
[rank 3] epoch=106 train_batch=6000/15625 loss=2.860671
[rank 3] epoch=106 train_batch=8000/15625 loss=2.954600
[rank 3] epoch=106 train_batch=10000/15625 loss=2.825947
[rank 3] epoch=106 train_batch=12000/15625 loss=2.847416
[rank 3] epoch=106 train_batch=14000/15625 loss=2.931243
[rank 3] epoch=107 train_batch=2000/15625 loss=2.763176
[rank 3] epoch=107 train_batch=4000/15625 loss=2.778008
[rank 3] epoch=107 train_batch=6000/15625 loss=2.767188
[rank 3] epoch=107 train_batch=8000/15625 loss=2.798941
[rank 3] epoch=107 train_batch=10000/15625 loss=2.803727
[rank 3] epoch=107 train_batch=12000/15625 loss=2.765978
[rank 3] epoch=107 train_batch=14000/15625 loss=3.019121
[rank 3] epoch=108 train_batch=2000/15625 loss=2.901075
[rank 3] epoch=108 train_batch=4000/15625 loss=2.893256
[rank 3] epoch=108 train_batch=6000/15625 loss=2.837854
[rank 3] epoch=108 train_batch=8000/15625 loss=2.869858
[rank 3] epoch=108 train_batch=10000/15625 loss=2.890852
[rank 3] epoch=108 train_batch=12000/15625 loss=2.879054
[rank 3] epoch=108 train_batch=14000/15625 loss=2.889276
[rank 3] epoch=109 train_batch=2000/15625 loss=2.786767
[rank 3] epoch=109 train_batch=4000/15625 loss=2.809780
[rank 3] epoch=109 train_batch=6000/15625 loss=2.835969
[rank 3] epoch=109 train_batch=8000/15625 loss=2.796905
[rank 3] epoch=109 train_batch=10000/15625 loss=2.881857
[rank 3] epoch=109 train_batch=12000/15625 loss=2.855348
[rank 3] epoch=109 train_batch=14000/15625 loss=2.835277
[rank 3] epoch=110 train_batch=2000/15625 loss=2.838690
[rank 3] epoch=110 train_batch=4000/15625 loss=2.806051
[rank 3] epoch=110 train_batch=6000/15625 loss=2.791210
[rank 3] epoch=110 train_batch=8000/15625 loss=2.881998
[rank 3] epoch=110 train_batch=10000/15625 loss=2.796906
[rank 3] epoch=110 train_batch=12000/15625 loss=2.967026
[rank 3] epoch=110 train_batch=14000/15625 loss=2.761448
[rank 3] epoch=111 train_batch=2000/15625 loss=2.805861
[rank 3] epoch=111 train_batch=4000/15625 loss=2.755507
[rank 3] epoch=111 train_batch=6000/15625 loss=2.761761
[rank 3] epoch=111 train_batch=8000/15625 loss=2.809102
[rank 3] epoch=111 train_batch=10000/15625 loss=2.787956
[rank 3] epoch=111 train_batch=12000/15625 loss=2.779240
[rank 3] epoch=111 train_batch=14000/15625 loss=2.762260
[rank 3] epoch=112 train_batch=2000/15625 loss=2.788281
[rank 3] epoch=112 train_batch=4000/15625 loss=2.937401
[rank 3] epoch=112 train_batch=6000/15625 loss=2.858879
Exception encountered: DataBatch(x=[96534, 11], y=[96534, 2], feat=[96534, 13], label=[96534, 9], batch=[96534], ptr=[33]) i: 6291
