cuda:2
thetaphi at main: True
Loading dataset...
Using ILCStreamingDataset (shuffle_buffer=256, files_per_chunk=32, seed=1001)
ILCStreamingDataset: path=/data/suehara/mldata/pfa/murata/data/tc/tc_nnqq_2M, files=20000, events~=2000000, shuffle_buffer=256, files_per_chunk=32
Using ILCStreamingDataset (shuffle_buffer=256, files_per_chunk=32, seed=1001)
ILCStreamingDataset: path=/data/suehara/mldata/pfa/murata/data/tc/tc_nnqq_new/train, files=716, events~=94400, shuffle_buffer=256, files_per_chunk=32
Training dataset size:  2000000
Validating dataset size:  94400
Batch size:  128
Loading GravnetModel
Hello
restart period :  30
[rank 2] epoch=0 train_batch=2000/15625 loss=1.065643
[rank 2] epoch=0 train_batch=4000/15625 loss=1.052896
[rank 2] epoch=0 train_batch=6000/15625 loss=1.052137
[rank 2] epoch=0 train_batch=8000/15625 loss=1.043860
[rank 2] epoch=0 train_batch=10000/15625 loss=1.052581
[rank 2] epoch=0 train_batch=12000/15625 loss=1.059584
[rank 2] epoch=0 train_batch=14000/15625 loss=1.052041
[rank 2] epoch=1 train_batch=2000/15625 loss=1.088705
[rank 2] epoch=1 train_batch=4000/15625 loss=1.097268
[rank 2] epoch=1 train_batch=6000/15625 loss=1.087809
[rank 2] epoch=1 train_batch=8000/15625 loss=1.087914
[rank 2] epoch=1 train_batch=10000/15625 loss=1.071483
[rank 2] epoch=1 train_batch=12000/15625 loss=1.082746
[rank 2] epoch=1 train_batch=14000/15625 loss=1.088489
[rank 2] epoch=2 train_batch=2000/15625 loss=2.138579
[rank 2] epoch=2 train_batch=4000/15625 loss=2.197078
[rank 2] epoch=2 train_batch=6000/15625 loss=2.020759
[rank 2] epoch=2 train_batch=8000/15625 loss=2.096709
[rank 2] epoch=2 train_batch=10000/15625 loss=2.026850
[rank 2] epoch=2 train_batch=12000/15625 loss=2.066030
[rank 2] epoch=2 train_batch=14000/15625 loss=1.997747
[rank 2] epoch=3 train_batch=2000/15625 loss=2.234073
[rank 2] epoch=3 train_batch=4000/15625 loss=2.218527
[rank 2] epoch=3 train_batch=6000/15625 loss=2.228034
[rank 2] epoch=3 train_batch=8000/15625 loss=2.209947
[rank 2] epoch=3 train_batch=10000/15625 loss=2.276874
[rank 2] epoch=3 train_batch=12000/15625 loss=2.244181
[rank 2] epoch=3 train_batch=14000/15625 loss=2.238827
[rank 2] epoch=4 train_batch=2000/15625 loss=3.347997
[rank 2] epoch=4 train_batch=4000/15625 loss=3.295145
[rank 2] epoch=4 train_batch=6000/15625 loss=3.272047
[rank 2] epoch=4 train_batch=8000/15625 loss=3.398127
[rank 2] epoch=4 train_batch=10000/15625 loss=3.307243
[rank 2] epoch=4 train_batch=12000/15625 loss=3.394103
[rank 2] epoch=4 train_batch=14000/15625 loss=3.377839
[rank 2] epoch=5 train_batch=2000/15625 loss=3.193185
[rank 2] epoch=5 train_batch=4000/15625 loss=3.162166
[rank 2] epoch=5 train_batch=6000/15625 loss=3.177323
[rank 2] epoch=5 train_batch=8000/15625 loss=3.145766
[rank 2] epoch=5 train_batch=10000/15625 loss=3.501582
[rank 2] epoch=5 train_batch=12000/15625 loss=3.281581
[rank 2] epoch=5 train_batch=14000/15625 loss=3.149531
[rank 2] epoch=6 train_batch=2000/15625 loss=3.381993
[rank 2] epoch=6 train_batch=4000/15625 loss=3.495880
[rank 2] epoch=6 train_batch=6000/15625 loss=3.493949
[rank 2] epoch=6 train_batch=8000/15625 loss=3.438766
[rank 2] epoch=6 train_batch=10000/15625 loss=3.585180
[rank 2] epoch=6 train_batch=12000/15625 loss=3.874781
[rank 2] epoch=6 train_batch=14000/15625 loss=3.610855
[rank 2] epoch=7 train_batch=2000/15625 loss=3.668378
[rank 2] epoch=7 train_batch=4000/15625 loss=3.598564
[rank 2] epoch=7 train_batch=6000/15625 loss=3.712556
[rank 2] epoch=7 train_batch=8000/15625 loss=3.519530
[rank 2] epoch=7 train_batch=10000/15625 loss=3.241557
[rank 2] epoch=7 train_batch=12000/15625 loss=3.073608
[rank 2] epoch=7 train_batch=14000/15625 loss=2.962784
[rank 2] epoch=8 train_batch=2000/15625 loss=2.939244
[rank 2] epoch=8 train_batch=4000/15625 loss=2.940068
[rank 2] epoch=8 train_batch=6000/15625 loss=3.017928
[rank 2] epoch=8 train_batch=8000/15625 loss=3.017243
[rank 2] epoch=8 train_batch=10000/15625 loss=3.063110
[rank 2] epoch=8 train_batch=12000/15625 loss=3.031122
[rank 2] epoch=8 train_batch=14000/15625 loss=3.046003
[rank 2] epoch=9 train_batch=2000/15625 loss=2.935085
[rank 2] epoch=9 train_batch=4000/15625 loss=2.954932
[rank 2] epoch=9 train_batch=6000/15625 loss=2.953101
[rank 2] epoch=9 train_batch=8000/15625 loss=2.924232
[rank 2] epoch=9 train_batch=10000/15625 loss=3.009214
[rank 2] epoch=9 train_batch=12000/15625 loss=2.958966
[rank 2] epoch=9 train_batch=14000/15625 loss=3.025223
[rank 2] epoch=10 train_batch=2000/15625 loss=2.953329
[rank 2] epoch=10 train_batch=4000/15625 loss=2.946413
[rank 2] epoch=10 train_batch=6000/15625 loss=3.067733
[rank 2] epoch=10 train_batch=8000/15625 loss=2.895647
[rank 2] epoch=10 train_batch=10000/15625 loss=2.903753
[rank 2] epoch=10 train_batch=12000/15625 loss=3.012493
[rank 2] epoch=10 train_batch=14000/15625 loss=2.927988
[rank 2] epoch=11 train_batch=2000/15625 loss=2.987172
[rank 2] epoch=11 train_batch=4000/15625 loss=3.165207
[rank 2] epoch=11 train_batch=6000/15625 loss=2.956111
[rank 2] epoch=11 train_batch=8000/15625 loss=2.976710
[rank 2] epoch=11 train_batch=10000/15625 loss=3.015808
[rank 2] epoch=11 train_batch=12000/15625 loss=3.010138
[rank 2] epoch=11 train_batch=14000/15625 loss=2.919220
[rank 2] epoch=12 train_batch=2000/15625 loss=2.860895
[rank 2] epoch=12 train_batch=4000/15625 loss=2.929161
[rank 2] epoch=12 train_batch=6000/15625 loss=3.029095
[rank 2] epoch=12 train_batch=8000/15625 loss=2.979159
[rank 2] epoch=12 train_batch=10000/15625 loss=2.973521
[rank 2] epoch=12 train_batch=12000/15625 loss=2.949729
[rank 2] epoch=12 train_batch=14000/15625 loss=2.992475
[rank 2] epoch=13 train_batch=2000/15625 loss=3.025016
[rank 2] epoch=13 train_batch=4000/15625 loss=3.706166
[rank 2] epoch=13 train_batch=6000/15625 loss=3.263880
[rank 2] epoch=13 train_batch=8000/15625 loss=3.084636
[rank 2] epoch=13 train_batch=10000/15625 loss=3.005414
[rank 2] epoch=13 train_batch=12000/15625 loss=3.014244
[rank 2] epoch=13 train_batch=14000/15625 loss=3.112248
[rank 2] epoch=14 train_batch=2000/15625 loss=2.937044
[rank 2] epoch=14 train_batch=4000/15625 loss=2.983977
[rank 2] epoch=14 train_batch=6000/15625 loss=2.926576
[rank 2] epoch=14 train_batch=8000/15625 loss=3.022887
[rank 2] epoch=14 train_batch=10000/15625 loss=3.019913
[rank 2] epoch=14 train_batch=12000/15625 loss=2.936163
[rank 2] epoch=14 train_batch=14000/15625 loss=3.012022
[rank 2] epoch=15 train_batch=2000/15625 loss=3.038487
[rank 2] epoch=15 train_batch=4000/15625 loss=2.935022
[rank 2] epoch=15 train_batch=6000/15625 loss=3.172070
[rank 2] epoch=15 train_batch=8000/15625 loss=3.031818
[rank 2] epoch=15 train_batch=10000/15625 loss=3.212768
[rank 2] epoch=15 train_batch=12000/15625 loss=3.029310
[rank 2] epoch=15 train_batch=14000/15625 loss=2.940928
[rank 2] epoch=16 train_batch=2000/15625 loss=3.049382
[rank 2] epoch=16 train_batch=4000/15625 loss=3.051738
[rank 2] epoch=16 train_batch=6000/15625 loss=3.004845
[rank 2] epoch=16 train_batch=8000/15625 loss=2.962828
[rank 2] epoch=16 train_batch=10000/15625 loss=3.167988
[rank 2] epoch=16 train_batch=12000/15625 loss=3.086075
[rank 2] epoch=16 train_batch=14000/15625 loss=3.011849
[rank 2] epoch=17 train_batch=2000/15625 loss=3.045217
[rank 2] epoch=17 train_batch=4000/15625 loss=3.055463
[rank 2] epoch=17 train_batch=6000/15625 loss=3.124680
[rank 2] epoch=17 train_batch=8000/15625 loss=3.058323
[rank 2] epoch=17 train_batch=10000/15625 loss=3.106892
[rank 2] epoch=17 train_batch=12000/15625 loss=3.085046
[rank 2] epoch=17 train_batch=14000/15625 loss=3.047390
[rank 2] epoch=18 train_batch=2000/15625 loss=3.115468
[rank 2] epoch=18 train_batch=4000/15625 loss=3.112806
[rank 2] epoch=18 train_batch=6000/15625 loss=3.137571
[rank 2] epoch=18 train_batch=8000/15625 loss=3.304955
[rank 2] epoch=18 train_batch=10000/15625 loss=3.077615
[rank 2] epoch=18 train_batch=12000/15625 loss=3.061101
[rank 2] epoch=18 train_batch=14000/15625 loss=2.997143
[rank 2] epoch=19 train_batch=2000/15625 loss=3.107381
[rank 2] epoch=19 train_batch=4000/15625 loss=3.132509
[rank 2] epoch=19 train_batch=6000/15625 loss=3.189327
[rank 2] epoch=19 train_batch=8000/15625 loss=3.128572
[rank 2] epoch=19 train_batch=10000/15625 loss=3.011672
[rank 2] epoch=19 train_batch=12000/15625 loss=3.060798
[rank 2] epoch=19 train_batch=14000/15625 loss=3.123104
[rank 2] epoch=20 train_batch=2000/15625 loss=3.018905
[rank 2] epoch=20 train_batch=4000/15625 loss=3.032997
[rank 2] epoch=20 train_batch=6000/15625 loss=3.087625
[rank 2] epoch=20 train_batch=8000/15625 loss=2.979947
[rank 2] epoch=20 train_batch=10000/15625 loss=2.919861
[rank 2] epoch=20 train_batch=12000/15625 loss=2.943354
[rank 2] epoch=20 train_batch=14000/15625 loss=3.103643
[rank 2] epoch=21 train_batch=2000/15625 loss=3.011327
[rank 2] epoch=21 train_batch=4000/15625 loss=3.012141
[rank 2] epoch=21 train_batch=6000/15625 loss=2.969164
[rank 2] epoch=21 train_batch=8000/15625 loss=3.017928
[rank 2] epoch=21 train_batch=10000/15625 loss=3.010232
[rank 2] epoch=21 train_batch=12000/15625 loss=2.976174
[rank 2] epoch=21 train_batch=14000/15625 loss=3.016882
[rank 2] epoch=22 train_batch=2000/15625 loss=3.025989
[rank 2] epoch=22 train_batch=4000/15625 loss=3.017319
[rank 2] epoch=22 train_batch=6000/15625 loss=2.987332
[rank 2] epoch=22 train_batch=8000/15625 loss=2.972061
[rank 2] epoch=22 train_batch=10000/15625 loss=3.011506
[rank 2] epoch=22 train_batch=12000/15625 loss=2.983000
[rank 2] epoch=22 train_batch=14000/15625 loss=2.985699
[rank 2] epoch=23 train_batch=2000/15625 loss=2.976967
[rank 2] epoch=23 train_batch=4000/15625 loss=2.989335
[rank 2] epoch=23 train_batch=6000/15625 loss=3.019519
[rank 2] epoch=23 train_batch=8000/15625 loss=2.942096
[rank 2] epoch=23 train_batch=10000/15625 loss=3.010792
[rank 2] epoch=23 train_batch=12000/15625 loss=3.074524
[rank 2] epoch=23 train_batch=14000/15625 loss=2.975531
[rank 2] epoch=24 train_batch=2000/15625 loss=2.972239
[rank 2] epoch=24 train_batch=4000/15625 loss=3.034491
[rank 2] epoch=24 train_batch=6000/15625 loss=3.001666
[rank 2] epoch=24 train_batch=8000/15625 loss=3.123270
[rank 2] epoch=24 train_batch=10000/15625 loss=3.005954
[rank 2] epoch=24 train_batch=12000/15625 loss=2.936325
[rank 2] epoch=24 train_batch=14000/15625 loss=3.040292
[rank 2] epoch=25 train_batch=2000/15625 loss=2.987118
[rank 2] epoch=25 train_batch=4000/15625 loss=2.975470
[rank 2] epoch=25 train_batch=6000/15625 loss=2.992280
[rank 2] epoch=25 train_batch=8000/15625 loss=3.011599
[rank 2] epoch=25 train_batch=10000/15625 loss=2.968539
[rank 2] epoch=25 train_batch=12000/15625 loss=2.978499
[rank 2] epoch=25 train_batch=14000/15625 loss=2.965405
[rank 2] epoch=26 train_batch=2000/15625 loss=2.987859
[rank 2] epoch=26 train_batch=4000/15625 loss=2.950235
[rank 2] epoch=26 train_batch=6000/15625 loss=3.075659
[rank 2] epoch=26 train_batch=8000/15625 loss=2.921515
[rank 2] epoch=26 train_batch=10000/15625 loss=2.979074
[rank 2] epoch=26 train_batch=12000/15625 loss=2.971787
[rank 2] epoch=26 train_batch=14000/15625 loss=3.012173
[rank 2] epoch=27 train_batch=2000/15625 loss=2.951882
[rank 2] epoch=27 train_batch=4000/15625 loss=2.966561
[rank 2] epoch=27 train_batch=6000/15625 loss=2.935284
[rank 2] epoch=27 train_batch=8000/15625 loss=2.967858
[rank 2] epoch=27 train_batch=10000/15625 loss=3.003417
[rank 2] epoch=27 train_batch=12000/15625 loss=2.978250
[rank 2] epoch=27 train_batch=14000/15625 loss=2.986619
[rank 2] epoch=28 train_batch=2000/15625 loss=2.889553
[rank 2] epoch=28 train_batch=4000/15625 loss=2.937723
[rank 2] epoch=28 train_batch=6000/15625 loss=2.994813
[rank 2] epoch=28 train_batch=8000/15625 loss=2.918602
[rank 2] epoch=28 train_batch=10000/15625 loss=3.003042
[rank 2] epoch=28 train_batch=12000/15625 loss=2.940824
[rank 2] epoch=28 train_batch=14000/15625 loss=3.030882
[rank 2] epoch=29 train_batch=2000/15625 loss=2.922996
[rank 2] epoch=29 train_batch=4000/15625 loss=2.992507
[rank 2] epoch=29 train_batch=6000/15625 loss=3.051484
[rank 2] epoch=29 train_batch=8000/15625 loss=2.991236
[rank 2] epoch=29 train_batch=10000/15625 loss=3.807897
[rank 2] epoch=29 train_batch=12000/15625 loss=3.012616
[rank 2] epoch=29 train_batch=14000/15625 loss=2.949716
[rank 2] epoch=30 train_batch=2000/15625 loss=3.039936
[rank 2] epoch=30 train_batch=4000/15625 loss=2.977985
[rank 2] epoch=30 train_batch=6000/15625 loss=2.952587
[rank 2] epoch=30 train_batch=8000/15625 loss=2.995508
[rank 2] epoch=30 train_batch=10000/15625 loss=3.048968
[rank 2] epoch=30 train_batch=12000/15625 loss=3.095054
[rank 2] epoch=30 train_batch=14000/15625 loss=2.990268
[rank 2] epoch=31 train_batch=2000/15625 loss=3.008016
[rank 2] epoch=31 train_batch=4000/15625 loss=2.942260
[rank 2] epoch=31 train_batch=6000/15625 loss=2.923646
[rank 2] epoch=31 train_batch=8000/15625 loss=2.940880
[rank 2] epoch=31 train_batch=10000/15625 loss=2.949683
[rank 2] epoch=31 train_batch=12000/15625 loss=2.913725
[rank 2] epoch=31 train_batch=14000/15625 loss=2.989286
[rank 2] epoch=32 train_batch=2000/15625 loss=3.005402
[rank 2] epoch=32 train_batch=4000/15625 loss=3.309263
[rank 2] epoch=32 train_batch=6000/15625 loss=2.958998
[rank 2] epoch=32 train_batch=8000/15625 loss=2.940800
[rank 2] epoch=32 train_batch=10000/15625 loss=2.886430
[rank 2] epoch=32 train_batch=12000/15625 loss=2.879781
[rank 2] epoch=32 train_batch=14000/15625 loss=2.901920
[rank 2] epoch=33 train_batch=2000/15625 loss=2.913826
[rank 2] epoch=33 train_batch=4000/15625 loss=2.855449
[rank 2] epoch=33 train_batch=6000/15625 loss=2.886938
[rank 2] epoch=33 train_batch=8000/15625 loss=2.891072
[rank 2] epoch=33 train_batch=10000/15625 loss=3.821492
[rank 2] epoch=33 train_batch=12000/15625 loss=3.058355
[rank 2] epoch=33 train_batch=14000/15625 loss=3.121288
[rank 2] epoch=34 train_batch=2000/15625 loss=2.910670
[rank 2] epoch=34 train_batch=4000/15625 loss=2.850194
[rank 2] epoch=34 train_batch=6000/15625 loss=2.891166
[rank 2] epoch=34 train_batch=8000/15625 loss=3.068873
[rank 2] epoch=34 train_batch=10000/15625 loss=2.917830
[rank 2] epoch=34 train_batch=12000/15625 loss=2.908645
[rank 2] epoch=34 train_batch=14000/15625 loss=2.892362
[rank 2] epoch=35 train_batch=2000/15625 loss=2.880011
[rank 2] epoch=35 train_batch=4000/15625 loss=2.933832
[rank 2] epoch=35 train_batch=6000/15625 loss=3.069597
[rank 2] epoch=35 train_batch=8000/15625 loss=3.041289
[rank 2] epoch=35 train_batch=10000/15625 loss=2.887126
[rank 2] epoch=35 train_batch=12000/15625 loss=2.892017
[rank 2] epoch=35 train_batch=14000/15625 loss=2.900544
[rank 2] epoch=36 train_batch=2000/15625 loss=2.905268
[rank 2] epoch=36 train_batch=4000/15625 loss=2.919487
[rank 2] epoch=36 train_batch=6000/15625 loss=2.889231
[rank 2] epoch=36 train_batch=8000/15625 loss=3.259449
[rank 2] epoch=36 train_batch=10000/15625 loss=2.976283
[rank 2] epoch=36 train_batch=12000/15625 loss=2.840419
[rank 2] epoch=36 train_batch=14000/15625 loss=2.890056
[rank 2] epoch=37 train_batch=2000/15625 loss=2.830218
[rank 2] epoch=37 train_batch=4000/15625 loss=2.862987
[rank 2] epoch=37 train_batch=6000/15625 loss=3.000707
[rank 2] epoch=37 train_batch=8000/15625 loss=2.820921
[rank 2] epoch=37 train_batch=10000/15625 loss=2.987274
[rank 2] epoch=37 train_batch=12000/15625 loss=3.100825
[rank 2] epoch=37 train_batch=14000/15625 loss=2.862904
[rank 2] epoch=38 train_batch=2000/15625 loss=2.911019
[rank 2] epoch=38 train_batch=4000/15625 loss=2.959620
[rank 2] epoch=38 train_batch=6000/15625 loss=3.147426
[rank 2] epoch=38 train_batch=8000/15625 loss=2.936258
[rank 2] epoch=38 train_batch=10000/15625 loss=2.901672
[rank 2] epoch=38 train_batch=12000/15625 loss=2.845550
[rank 2] epoch=38 train_batch=14000/15625 loss=3.060351
[rank 2] epoch=39 train_batch=2000/15625 loss=2.979140
[rank 2] epoch=39 train_batch=4000/15625 loss=2.878561
[rank 2] epoch=39 train_batch=6000/15625 loss=2.916044
[rank 2] epoch=39 train_batch=8000/15625 loss=2.838911
[rank 2] epoch=39 train_batch=10000/15625 loss=2.879178
[rank 2] epoch=39 train_batch=12000/15625 loss=2.854999
[rank 2] epoch=39 train_batch=14000/15625 loss=2.899418
[rank 2] epoch=40 train_batch=2000/15625 loss=2.939518
[rank 2] epoch=40 train_batch=4000/15625 loss=2.808322
[rank 2] epoch=40 train_batch=6000/15625 loss=2.880237
[rank 2] epoch=40 train_batch=8000/15625 loss=2.908741
[rank 2] epoch=40 train_batch=10000/15625 loss=2.807089
[rank 2] epoch=40 train_batch=12000/15625 loss=2.873672
[rank 2] epoch=40 train_batch=14000/15625 loss=2.858762
[rank 2] epoch=41 train_batch=2000/15625 loss=2.810127
[rank 2] epoch=41 train_batch=4000/15625 loss=2.825002
[rank 2] epoch=41 train_batch=6000/15625 loss=2.972990
[rank 2] epoch=41 train_batch=8000/15625 loss=2.826480
[rank 2] epoch=41 train_batch=10000/15625 loss=2.842383
[rank 2] epoch=41 train_batch=12000/15625 loss=2.838398
[rank 2] epoch=41 train_batch=14000/15625 loss=2.848983
[rank 2] epoch=42 train_batch=2000/15625 loss=2.816116
[rank 2] epoch=42 train_batch=4000/15625 loss=2.829940
[rank 2] epoch=42 train_batch=6000/15625 loss=2.866899
[rank 2] epoch=42 train_batch=8000/15625 loss=2.814150
[rank 2] epoch=42 train_batch=10000/15625 loss=2.796996
[rank 2] epoch=42 train_batch=12000/15625 loss=2.809552
[rank 2] epoch=42 train_batch=14000/15625 loss=2.853132
[rank 2] epoch=43 train_batch=2000/15625 loss=2.802418
[rank 2] epoch=43 train_batch=4000/15625 loss=2.909703
[rank 2] epoch=43 train_batch=6000/15625 loss=2.965579
[rank 2] epoch=43 train_batch=8000/15625 loss=2.810428
[rank 2] epoch=43 train_batch=10000/15625 loss=2.891306
[rank 2] epoch=43 train_batch=12000/15625 loss=2.870185
[rank 2] epoch=43 train_batch=14000/15625 loss=2.845587
[rank 2] epoch=44 train_batch=2000/15625 loss=2.969053
[rank 2] epoch=44 train_batch=4000/15625 loss=2.895370
[rank 2] epoch=44 train_batch=6000/15625 loss=2.930461
[rank 2] epoch=44 train_batch=8000/15625 loss=3.000962
[rank 2] epoch=44 train_batch=10000/15625 loss=2.947620
[rank 2] epoch=44 train_batch=12000/15625 loss=2.890659
[rank 2] epoch=44 train_batch=14000/15625 loss=2.957335
[rank 2] epoch=45 train_batch=2000/15625 loss=2.845614
[rank 2] epoch=45 train_batch=4000/15625 loss=2.851685
[rank 2] epoch=45 train_batch=6000/15625 loss=2.833286
[rank 2] epoch=45 train_batch=8000/15625 loss=2.868107
[rank 2] epoch=45 train_batch=10000/15625 loss=2.835622
[rank 2] epoch=45 train_batch=12000/15625 loss=2.872056
[rank 2] epoch=45 train_batch=14000/15625 loss=2.867520
[rank 2] epoch=46 train_batch=2000/15625 loss=2.920025
[rank 2] epoch=46 train_batch=4000/15625 loss=2.815486
[rank 2] epoch=46 train_batch=6000/15625 loss=2.904903
[rank 2] epoch=46 train_batch=8000/15625 loss=2.898278
[rank 2] epoch=46 train_batch=10000/15625 loss=2.772170
[rank 2] epoch=46 train_batch=12000/15625 loss=2.840890
[rank 2] epoch=46 train_batch=14000/15625 loss=2.815149
[rank 2] epoch=47 train_batch=2000/15625 loss=3.053251
[rank 2] epoch=47 train_batch=4000/15625 loss=2.796299
[rank 2] epoch=47 train_batch=6000/15625 loss=2.828467
[rank 2] epoch=47 train_batch=8000/15625 loss=2.847681
[rank 2] epoch=47 train_batch=10000/15625 loss=2.842012
[rank 2] epoch=47 train_batch=12000/15625 loss=2.926135
[rank 2] epoch=47 train_batch=14000/15625 loss=2.793928
[rank 2] epoch=48 train_batch=2000/15625 loss=2.860126
[rank 2] epoch=48 train_batch=4000/15625 loss=2.822396
[rank 2] epoch=48 train_batch=6000/15625 loss=2.922440
[rank 2] epoch=48 train_batch=8000/15625 loss=2.723239
[rank 2] epoch=48 train_batch=10000/15625 loss=2.894318
[rank 2] epoch=48 train_batch=12000/15625 loss=2.833083
[rank 2] epoch=48 train_batch=14000/15625 loss=2.848300
[rank 2] epoch=49 train_batch=2000/15625 loss=2.812827
[rank 2] epoch=49 train_batch=4000/15625 loss=2.886138
[rank 2] epoch=49 train_batch=6000/15625 loss=2.886540
[rank 2] epoch=49 train_batch=8000/15625 loss=2.909890
[rank 2] epoch=49 train_batch=10000/15625 loss=2.820166
[rank 2] epoch=49 train_batch=12000/15625 loss=2.865759
[rank 2] epoch=49 train_batch=14000/15625 loss=2.864475
[rank 2] epoch=50 train_batch=2000/15625 loss=2.902004
[rank 2] epoch=50 train_batch=4000/15625 loss=2.829656
[rank 2] epoch=50 train_batch=6000/15625 loss=2.821168
[rank 2] epoch=50 train_batch=8000/15625 loss=2.856369
[rank 2] epoch=50 train_batch=10000/15625 loss=2.881919
[rank 2] epoch=50 train_batch=12000/15625 loss=2.848169
[rank 2] epoch=50 train_batch=14000/15625 loss=2.770054
[rank 2] epoch=51 train_batch=2000/15625 loss=2.769577
[rank 2] epoch=51 train_batch=4000/15625 loss=2.786918
[rank 2] epoch=51 train_batch=6000/15625 loss=2.855279
[rank 2] epoch=51 train_batch=8000/15625 loss=2.810180
[rank 2] epoch=51 train_batch=10000/15625 loss=2.851662
[rank 2] epoch=51 train_batch=12000/15625 loss=2.876845
[rank 2] epoch=51 train_batch=14000/15625 loss=2.773163
[rank 2] epoch=52 train_batch=2000/15625 loss=2.887735
[rank 2] epoch=52 train_batch=4000/15625 loss=2.871287
[rank 2] epoch=52 train_batch=6000/15625 loss=2.803614
[rank 2] epoch=52 train_batch=8000/15625 loss=2.813659
[rank 2] epoch=52 train_batch=10000/15625 loss=2.785566
[rank 2] epoch=52 train_batch=12000/15625 loss=2.790783
[rank 2] epoch=52 train_batch=14000/15625 loss=2.933001
[rank 2] epoch=53 train_batch=2000/15625 loss=2.790920
[rank 2] epoch=53 train_batch=4000/15625 loss=2.815127
[rank 2] epoch=53 train_batch=6000/15625 loss=2.976659
[rank 2] epoch=53 train_batch=8000/15625 loss=2.783608
[rank 2] epoch=53 train_batch=10000/15625 loss=2.792061
[rank 2] epoch=53 train_batch=12000/15625 loss=2.811591
[rank 2] epoch=53 train_batch=14000/15625 loss=2.799470
[rank 2] epoch=54 train_batch=2000/15625 loss=2.812256
[rank 2] epoch=54 train_batch=4000/15625 loss=2.923844
[rank 2] epoch=54 train_batch=6000/15625 loss=2.771927
[rank 2] epoch=54 train_batch=8000/15625 loss=2.972537
[rank 2] epoch=54 train_batch=10000/15625 loss=2.777483
[rank 2] epoch=54 train_batch=12000/15625 loss=2.810616
[rank 2] epoch=54 train_batch=14000/15625 loss=2.793216
[rank 2] epoch=55 train_batch=2000/15625 loss=2.857919
[rank 2] epoch=55 train_batch=4000/15625 loss=2.867795
[rank 2] epoch=55 train_batch=6000/15625 loss=2.825139
[rank 2] epoch=55 train_batch=8000/15625 loss=2.833887
[rank 2] epoch=55 train_batch=10000/15625 loss=2.767797
[rank 2] epoch=55 train_batch=12000/15625 loss=2.748735
[rank 2] epoch=55 train_batch=14000/15625 loss=2.774818
[rank 2] epoch=56 train_batch=2000/15625 loss=2.796043
[rank 2] epoch=56 train_batch=4000/15625 loss=2.764197
[rank 2] epoch=56 train_batch=6000/15625 loss=2.776538
[rank 2] epoch=56 train_batch=8000/15625 loss=2.914323
[rank 2] epoch=56 train_batch=10000/15625 loss=2.801314
[rank 2] epoch=56 train_batch=12000/15625 loss=2.791652
[rank 2] epoch=56 train_batch=14000/15625 loss=2.788407
[rank 2] epoch=57 train_batch=2000/15625 loss=2.817428
[rank 2] epoch=57 train_batch=4000/15625 loss=2.899702
[rank 2] epoch=57 train_batch=6000/15625 loss=2.854462
[rank 2] epoch=57 train_batch=8000/15625 loss=2.993017
[rank 2] epoch=57 train_batch=10000/15625 loss=2.870313
[rank 2] epoch=57 train_batch=12000/15625 loss=2.853058
[rank 2] epoch=57 train_batch=14000/15625 loss=2.754273
[rank 2] epoch=58 train_batch=2000/15625 loss=2.768863
[rank 2] epoch=58 train_batch=4000/15625 loss=2.742976
[rank 2] epoch=58 train_batch=6000/15625 loss=2.826780
[rank 2] epoch=58 train_batch=8000/15625 loss=2.876026
[rank 2] epoch=58 train_batch=10000/15625 loss=2.813047
[rank 2] epoch=58 train_batch=12000/15625 loss=2.833418
[rank 2] epoch=58 train_batch=14000/15625 loss=2.739069
[rank 2] epoch=59 train_batch=2000/15625 loss=2.792227
[rank 2] epoch=59 train_batch=4000/15625 loss=2.802562
[rank 2] epoch=59 train_batch=6000/15625 loss=2.750576
[rank 2] epoch=59 train_batch=8000/15625 loss=2.732668
[rank 2] epoch=59 train_batch=10000/15625 loss=2.865366
[rank 2] epoch=59 train_batch=12000/15625 loss=2.781096
[rank 2] epoch=59 train_batch=14000/15625 loss=2.801892
[rank 2] epoch=60 train_batch=2000/15625 loss=2.733336
[rank 2] epoch=60 train_batch=4000/15625 loss=2.754943
[rank 2] epoch=60 train_batch=6000/15625 loss=2.882844
[rank 2] epoch=60 train_batch=8000/15625 loss=2.834448
[rank 2] epoch=60 train_batch=10000/15625 loss=2.766846
[rank 2] epoch=60 train_batch=12000/15625 loss=2.719527
[rank 2] epoch=60 train_batch=14000/15625 loss=2.798675
[rank 2] epoch=61 train_batch=2000/15625 loss=2.886694
[rank 2] epoch=61 train_batch=4000/15625 loss=2.759988
[rank 2] epoch=61 train_batch=6000/15625 loss=2.813134
[rank 2] epoch=61 train_batch=8000/15625 loss=2.846343
[rank 2] epoch=61 train_batch=10000/15625 loss=2.816955
[rank 2] epoch=61 train_batch=12000/15625 loss=2.728291
[rank 2] epoch=61 train_batch=14000/15625 loss=2.823575
[rank 2] epoch=62 train_batch=2000/15625 loss=2.837008
[rank 2] epoch=62 train_batch=4000/15625 loss=2.824986
[rank 2] epoch=62 train_batch=6000/15625 loss=2.919101
[rank 2] epoch=62 train_batch=8000/15625 loss=2.788474
[rank 2] epoch=62 train_batch=10000/15625 loss=2.809671
[rank 2] epoch=62 train_batch=12000/15625 loss=2.786819
[rank 2] epoch=62 train_batch=14000/15625 loss=2.821832
[rank 2] epoch=63 train_batch=2000/15625 loss=2.853366
[rank 2] epoch=63 train_batch=4000/15625 loss=2.760983
[rank 2] epoch=63 train_batch=6000/15625 loss=2.803828
[rank 2] epoch=63 train_batch=8000/15625 loss=3.092538
[rank 2] epoch=63 train_batch=10000/15625 loss=2.922229
[rank 2] epoch=63 train_batch=12000/15625 loss=2.882855
[rank 2] epoch=63 train_batch=14000/15625 loss=2.788143
[rank 2] epoch=64 train_batch=2000/15625 loss=2.794286
[rank 2] epoch=64 train_batch=4000/15625 loss=2.966563
[rank 2] epoch=64 train_batch=6000/15625 loss=2.882061
[rank 2] epoch=64 train_batch=8000/15625 loss=2.858357
[rank 2] epoch=64 train_batch=10000/15625 loss=2.844610
[rank 2] epoch=64 train_batch=12000/15625 loss=2.795973
[rank 2] epoch=64 train_batch=14000/15625 loss=2.831951
[rank 2] epoch=65 train_batch=2000/15625 loss=2.899551
[rank 2] epoch=65 train_batch=4000/15625 loss=2.801317
[rank 2] epoch=65 train_batch=6000/15625 loss=2.837410
[rank 2] epoch=65 train_batch=8000/15625 loss=2.838306
[rank 2] epoch=65 train_batch=10000/15625 loss=2.935697
[rank 2] epoch=65 train_batch=12000/15625 loss=2.850822
[rank 2] epoch=65 train_batch=14000/15625 loss=2.887868
[rank 2] epoch=66 train_batch=2000/15625 loss=2.840037
[rank 2] epoch=66 train_batch=4000/15625 loss=2.799563
[rank 2] epoch=66 train_batch=6000/15625 loss=2.762094
[rank 2] epoch=66 train_batch=8000/15625 loss=2.788987
[rank 2] epoch=66 train_batch=10000/15625 loss=2.859440
[rank 2] epoch=66 train_batch=12000/15625 loss=2.777474
[rank 2] epoch=66 train_batch=14000/15625 loss=2.833543
[rank 2] epoch=67 train_batch=2000/15625 loss=2.810837
[rank 2] epoch=67 train_batch=4000/15625 loss=2.953328
[rank 2] epoch=67 train_batch=6000/15625 loss=2.874621
[rank 2] epoch=67 train_batch=8000/15625 loss=2.859434
[rank 2] epoch=67 train_batch=10000/15625 loss=3.022461
[rank 2] epoch=67 train_batch=12000/15625 loss=2.867622
[rank 2] epoch=67 train_batch=14000/15625 loss=2.921826
[rank 2] epoch=68 train_batch=2000/15625 loss=2.912917
[rank 2] epoch=68 train_batch=4000/15625 loss=2.748198
[rank 2] epoch=68 train_batch=6000/15625 loss=2.886340
[rank 2] epoch=68 train_batch=8000/15625 loss=2.801342
[rank 2] epoch=68 train_batch=10000/15625 loss=2.824230
[rank 2] epoch=68 train_batch=12000/15625 loss=2.834410
[rank 2] epoch=68 train_batch=14000/15625 loss=2.796831
[rank 2] epoch=69 train_batch=2000/15625 loss=2.770127
[rank 2] epoch=69 train_batch=4000/15625 loss=3.019986
[rank 2] epoch=69 train_batch=6000/15625 loss=2.887419
[rank 2] epoch=69 train_batch=8000/15625 loss=3.110036
[rank 2] epoch=69 train_batch=10000/15625 loss=2.984455
[rank 2] epoch=69 train_batch=12000/15625 loss=2.954470
[rank 2] epoch=69 train_batch=14000/15625 loss=2.893022
[rank 2] epoch=70 train_batch=2000/15625 loss=2.856076
[rank 2] epoch=70 train_batch=4000/15625 loss=2.987780
[rank 2] epoch=70 train_batch=6000/15625 loss=2.925673
[rank 2] epoch=70 train_batch=8000/15625 loss=2.850776
[rank 2] epoch=70 train_batch=10000/15625 loss=2.829900
[rank 2] epoch=70 train_batch=12000/15625 loss=2.938594
[rank 2] epoch=70 train_batch=14000/15625 loss=2.913101
[rank 2] epoch=71 train_batch=2000/15625 loss=2.807106
[rank 2] epoch=71 train_batch=4000/15625 loss=2.876741
[rank 2] epoch=71 train_batch=6000/15625 loss=3.168478
[rank 2] epoch=71 train_batch=8000/15625 loss=2.890561
[rank 2] epoch=71 train_batch=10000/15625 loss=2.825248
[rank 2] epoch=71 train_batch=12000/15625 loss=2.997291
[rank 2] epoch=71 train_batch=14000/15625 loss=2.820255
[rank 2] epoch=72 train_batch=2000/15625 loss=2.811751
[rank 2] epoch=72 train_batch=4000/15625 loss=2.814362
[rank 2] epoch=72 train_batch=6000/15625 loss=2.849953
[rank 2] epoch=72 train_batch=8000/15625 loss=2.836861
[rank 2] epoch=72 train_batch=10000/15625 loss=2.831003
[rank 2] epoch=72 train_batch=12000/15625 loss=2.890006
[rank 2] epoch=72 train_batch=14000/15625 loss=2.781950
[rank 2] epoch=73 train_batch=2000/15625 loss=2.848437
[rank 2] epoch=73 train_batch=4000/15625 loss=2.847260
[rank 2] epoch=73 train_batch=6000/15625 loss=2.776838
[rank 2] epoch=73 train_batch=8000/15625 loss=2.887037
[rank 2] epoch=73 train_batch=10000/15625 loss=2.872405
[rank 2] epoch=73 train_batch=12000/15625 loss=2.797469
[rank 2] epoch=73 train_batch=14000/15625 loss=2.879773
[rank 2] epoch=74 train_batch=2000/15625 loss=2.899146
[rank 2] epoch=74 train_batch=4000/15625 loss=2.841879
[rank 2] epoch=74 train_batch=6000/15625 loss=2.924422
[rank 2] epoch=74 train_batch=8000/15625 loss=2.801796
[rank 2] epoch=74 train_batch=10000/15625 loss=2.858437
[rank 2] epoch=74 train_batch=12000/15625 loss=2.866346
[rank 2] epoch=74 train_batch=14000/15625 loss=2.832452
[rank 2] epoch=75 train_batch=2000/15625 loss=2.846337
[rank 2] epoch=75 train_batch=4000/15625 loss=2.798917
[rank 2] epoch=75 train_batch=6000/15625 loss=2.824710
[rank 2] epoch=75 train_batch=8000/15625 loss=2.857652
[rank 2] epoch=75 train_batch=10000/15625 loss=2.875831
[rank 2] epoch=75 train_batch=12000/15625 loss=2.846284
[rank 2] epoch=75 train_batch=14000/15625 loss=3.442311
[rank 2] epoch=76 train_batch=2000/15625 loss=2.823406
[rank 2] epoch=76 train_batch=4000/15625 loss=2.792069
[rank 2] epoch=76 train_batch=6000/15625 loss=2.979253
[rank 2] epoch=76 train_batch=8000/15625 loss=2.829609
[rank 2] epoch=76 train_batch=10000/15625 loss=2.785007
[rank 2] epoch=76 train_batch=12000/15625 loss=2.785790
[rank 2] epoch=76 train_batch=14000/15625 loss=2.811467
[rank 2] epoch=77 train_batch=2000/15625 loss=2.831769
[rank 2] epoch=77 train_batch=4000/15625 loss=2.830392
[rank 2] epoch=77 train_batch=6000/15625 loss=2.839992
[rank 2] epoch=77 train_batch=8000/15625 loss=2.853650
[rank 2] epoch=77 train_batch=10000/15625 loss=2.902259
[rank 2] epoch=77 train_batch=12000/15625 loss=2.863308
[rank 2] epoch=77 train_batch=14000/15625 loss=2.818918
[rank 2] epoch=78 train_batch=2000/15625 loss=2.845975
[rank 2] epoch=78 train_batch=4000/15625 loss=2.784226
[rank 2] epoch=78 train_batch=6000/15625 loss=2.831624
[rank 2] epoch=78 train_batch=8000/15625 loss=2.772374
[rank 2] epoch=78 train_batch=10000/15625 loss=2.797972
[rank 2] epoch=78 train_batch=12000/15625 loss=2.784867
[rank 2] epoch=78 train_batch=14000/15625 loss=2.781145
[rank 2] epoch=79 train_batch=2000/15625 loss=2.876625
[rank 2] epoch=79 train_batch=4000/15625 loss=2.773601
[rank 2] epoch=79 train_batch=6000/15625 loss=2.883868
[rank 2] epoch=79 train_batch=8000/15625 loss=2.829499
[rank 2] epoch=79 train_batch=10000/15625 loss=2.854261
[rank 2] epoch=79 train_batch=12000/15625 loss=2.756712
[rank 2] epoch=79 train_batch=14000/15625 loss=2.892496
[rank 2] epoch=80 train_batch=2000/15625 loss=2.847316
[rank 2] epoch=80 train_batch=4000/15625 loss=2.851622
[rank 2] epoch=80 train_batch=6000/15625 loss=2.782085
[rank 2] epoch=80 train_batch=8000/15625 loss=2.746397
[rank 2] epoch=80 train_batch=10000/15625 loss=2.791142
[rank 2] epoch=80 train_batch=12000/15625 loss=2.867894
[rank 2] epoch=80 train_batch=14000/15625 loss=2.805083
[rank 2] epoch=81 train_batch=2000/15625 loss=2.816216
[rank 2] epoch=81 train_batch=4000/15625 loss=2.786230
[rank 2] epoch=81 train_batch=6000/15625 loss=2.766349
[rank 2] epoch=81 train_batch=8000/15625 loss=2.785609
[rank 2] epoch=81 train_batch=10000/15625 loss=2.899897
[rank 2] epoch=81 train_batch=12000/15625 loss=2.799643
[rank 2] epoch=81 train_batch=14000/15625 loss=2.827153
[rank 2] epoch=82 train_batch=2000/15625 loss=2.904622
[rank 2] epoch=82 train_batch=4000/15625 loss=2.859202
[rank 2] epoch=82 train_batch=6000/15625 loss=2.855695
[rank 2] epoch=82 train_batch=8000/15625 loss=2.784710
[rank 2] epoch=82 train_batch=10000/15625 loss=2.826777
[rank 2] epoch=82 train_batch=12000/15625 loss=2.872613
[rank 2] epoch=82 train_batch=14000/15625 loss=2.877126
[rank 2] epoch=83 train_batch=2000/15625 loss=2.764513
[rank 2] epoch=83 train_batch=4000/15625 loss=2.802266
[rank 2] epoch=83 train_batch=6000/15625 loss=2.822928
[rank 2] epoch=83 train_batch=8000/15625 loss=2.786272
[rank 2] epoch=83 train_batch=10000/15625 loss=2.953279
[rank 2] epoch=83 train_batch=12000/15625 loss=2.863023
[rank 2] epoch=83 train_batch=14000/15625 loss=2.760144
[rank 2] epoch=84 train_batch=2000/15625 loss=2.740136
[rank 2] epoch=84 train_batch=4000/15625 loss=2.790736
[rank 2] epoch=84 train_batch=6000/15625 loss=2.813780
[rank 2] epoch=84 train_batch=8000/15625 loss=2.981409
[rank 2] epoch=84 train_batch=10000/15625 loss=2.823943
[rank 2] epoch=84 train_batch=12000/15625 loss=2.778850
[rank 2] epoch=84 train_batch=14000/15625 loss=2.836828
[rank 2] epoch=85 train_batch=2000/15625 loss=2.872288
[rank 2] epoch=85 train_batch=4000/15625 loss=2.771209
[rank 2] epoch=85 train_batch=6000/15625 loss=2.795113
[rank 2] epoch=85 train_batch=8000/15625 loss=2.805267
[rank 2] epoch=85 train_batch=10000/15625 loss=2.762460
[rank 2] epoch=85 train_batch=12000/15625 loss=2.770612
[rank 2] epoch=85 train_batch=14000/15625 loss=2.860464
[rank 2] epoch=86 train_batch=2000/15625 loss=2.773846
[rank 2] epoch=86 train_batch=4000/15625 loss=2.698424
[rank 2] epoch=86 train_batch=6000/15625 loss=2.842313
[rank 2] epoch=86 train_batch=8000/15625 loss=2.836984
[rank 2] epoch=86 train_batch=10000/15625 loss=2.858694
[rank 2] epoch=86 train_batch=12000/15625 loss=2.752404
[rank 2] epoch=86 train_batch=14000/15625 loss=2.856027
[rank 2] epoch=87 train_batch=2000/15625 loss=2.820997
[rank 2] epoch=87 train_batch=4000/15625 loss=2.872988
[rank 2] epoch=87 train_batch=6000/15625 loss=2.838237
[rank 2] epoch=87 train_batch=8000/15625 loss=2.828781
[rank 2] epoch=87 train_batch=10000/15625 loss=2.758041
[rank 2] epoch=87 train_batch=12000/15625 loss=2.813329
[rank 2] epoch=87 train_batch=14000/15625 loss=2.824010
[rank 2] epoch=88 train_batch=2000/15625 loss=2.854468
[rank 2] epoch=88 train_batch=4000/15625 loss=2.774601
[rank 2] epoch=88 train_batch=6000/15625 loss=2.850204
[rank 2] epoch=88 train_batch=8000/15625 loss=2.874452
[rank 2] epoch=88 train_batch=10000/15625 loss=2.917324
[rank 2] epoch=88 train_batch=12000/15625 loss=2.819129
[rank 2] epoch=88 train_batch=14000/15625 loss=2.816718
[rank 2] epoch=89 train_batch=2000/15625 loss=2.792371
[rank 2] epoch=89 train_batch=4000/15625 loss=2.746094
[rank 2] epoch=89 train_batch=6000/15625 loss=2.860426
[rank 2] epoch=89 train_batch=8000/15625 loss=2.802609
[rank 2] epoch=89 train_batch=10000/15625 loss=2.832932
[rank 2] epoch=89 train_batch=12000/15625 loss=2.735999
[rank 2] epoch=89 train_batch=14000/15625 loss=2.820196
[rank 2] epoch=90 train_batch=2000/15625 loss=2.866047
[rank 2] epoch=90 train_batch=4000/15625 loss=2.792571
[rank 2] epoch=90 train_batch=6000/15625 loss=2.832775
[rank 2] epoch=90 train_batch=8000/15625 loss=2.864643
[rank 2] epoch=90 train_batch=10000/15625 loss=2.802485
[rank 2] epoch=90 train_batch=12000/15625 loss=2.832157
[rank 2] epoch=90 train_batch=14000/15625 loss=2.778069
[rank 2] epoch=91 train_batch=2000/15625 loss=2.825260
[rank 2] epoch=91 train_batch=4000/15625 loss=2.799787
[rank 2] epoch=91 train_batch=6000/15625 loss=2.765326
[rank 2] epoch=91 train_batch=8000/15625 loss=2.846105
[rank 2] epoch=91 train_batch=10000/15625 loss=2.827531
[rank 2] epoch=91 train_batch=12000/15625 loss=2.891171
[rank 2] epoch=91 train_batch=14000/15625 loss=2.732828
[rank 2] epoch=92 train_batch=2000/15625 loss=2.844146
[rank 2] epoch=92 train_batch=4000/15625 loss=2.861323
[rank 2] epoch=92 train_batch=6000/15625 loss=2.829721
[rank 2] epoch=92 train_batch=8000/15625 loss=2.863772
[rank 2] epoch=92 train_batch=10000/15625 loss=2.793791
[rank 2] epoch=92 train_batch=12000/15625 loss=2.734316
[rank 2] epoch=92 train_batch=14000/15625 loss=2.769425
[rank 2] epoch=93 train_batch=2000/15625 loss=2.774959
[rank 2] epoch=93 train_batch=4000/15625 loss=2.784004
[rank 2] epoch=93 train_batch=6000/15625 loss=2.809365
[rank 2] epoch=93 train_batch=8000/15625 loss=2.823169
[rank 2] epoch=93 train_batch=10000/15625 loss=2.816028
[rank 2] epoch=93 train_batch=12000/15625 loss=2.881682
[rank 2] epoch=93 train_batch=14000/15625 loss=2.766708
[rank 2] epoch=94 train_batch=2000/15625 loss=2.908270
[rank 2] epoch=94 train_batch=4000/15625 loss=2.757160
[rank 2] epoch=94 train_batch=6000/15625 loss=2.875409
[rank 2] epoch=94 train_batch=8000/15625 loss=2.761730
[rank 2] epoch=94 train_batch=10000/15625 loss=2.777829
[rank 2] epoch=94 train_batch=12000/15625 loss=2.863663
[rank 2] epoch=94 train_batch=14000/15625 loss=2.839264
[rank 2] epoch=95 train_batch=2000/15625 loss=2.839235
[rank 2] epoch=95 train_batch=4000/15625 loss=2.800109
[rank 2] epoch=95 train_batch=6000/15625 loss=2.798219
[rank 2] epoch=95 train_batch=8000/15625 loss=2.849260
[rank 2] epoch=95 train_batch=10000/15625 loss=2.921813
[rank 2] epoch=95 train_batch=12000/15625 loss=2.873956
[rank 2] epoch=95 train_batch=14000/15625 loss=2.891537
[rank 2] epoch=96 train_batch=2000/15625 loss=2.731788
[rank 2] epoch=96 train_batch=4000/15625 loss=2.815188
[rank 2] epoch=96 train_batch=6000/15625 loss=2.831300
[rank 2] epoch=96 train_batch=8000/15625 loss=2.780301
[rank 2] epoch=96 train_batch=10000/15625 loss=2.881538
[rank 2] epoch=96 train_batch=12000/15625 loss=2.906315
[rank 2] epoch=96 train_batch=14000/15625 loss=2.839904
[rank 2] epoch=97 train_batch=2000/15625 loss=2.934601
[rank 2] epoch=97 train_batch=4000/15625 loss=2.795334
[rank 2] epoch=97 train_batch=6000/15625 loss=2.819579
[rank 2] epoch=97 train_batch=8000/15625 loss=2.774342
[rank 2] epoch=97 train_batch=10000/15625 loss=2.812315
[rank 2] epoch=97 train_batch=12000/15625 loss=2.772629
[rank 2] epoch=97 train_batch=14000/15625 loss=2.819727
[rank 2] epoch=98 train_batch=2000/15625 loss=2.850663
[rank 2] epoch=98 train_batch=4000/15625 loss=2.790241
[rank 2] epoch=98 train_batch=6000/15625 loss=2.881984
[rank 2] epoch=98 train_batch=8000/15625 loss=2.818446
[rank 2] epoch=98 train_batch=10000/15625 loss=2.809456
[rank 2] epoch=98 train_batch=12000/15625 loss=2.752021
[rank 2] epoch=98 train_batch=14000/15625 loss=2.726810
[rank 2] epoch=99 train_batch=2000/15625 loss=2.869019
[rank 2] epoch=99 train_batch=4000/15625 loss=2.790917
[rank 2] epoch=99 train_batch=6000/15625 loss=2.706631
[rank 2] epoch=99 train_batch=8000/15625 loss=2.758106
[rank 2] epoch=99 train_batch=10000/15625 loss=2.803150
[rank 2] epoch=99 train_batch=12000/15625 loss=2.812769
[rank 2] epoch=99 train_batch=14000/15625 loss=2.748271
[rank 2] epoch=100 train_batch=2000/15625 loss=2.690821
[rank 2] epoch=100 train_batch=4000/15625 loss=2.812729
[rank 2] epoch=100 train_batch=6000/15625 loss=2.822614
[rank 2] epoch=100 train_batch=8000/15625 loss=2.885883
[rank 2] epoch=100 train_batch=10000/15625 loss=2.775068
[rank 2] epoch=100 train_batch=12000/15625 loss=2.908237
[rank 2] epoch=100 train_batch=14000/15625 loss=2.783010
[rank 2] epoch=101 train_batch=2000/15625 loss=2.810359
[rank 2] epoch=101 train_batch=4000/15625 loss=2.792491
[rank 2] epoch=101 train_batch=6000/15625 loss=2.859548
[rank 2] epoch=101 train_batch=8000/15625 loss=2.934734
[rank 2] epoch=101 train_batch=10000/15625 loss=2.855642
[rank 2] epoch=101 train_batch=12000/15625 loss=2.859835
[rank 2] epoch=101 train_batch=14000/15625 loss=2.811978
[rank 2] epoch=102 train_batch=2000/15625 loss=2.857347
[rank 2] epoch=102 train_batch=4000/15625 loss=2.901548
[rank 2] epoch=102 train_batch=6000/15625 loss=2.833676
[rank 2] epoch=102 train_batch=8000/15625 loss=2.846199
[rank 2] epoch=102 train_batch=10000/15625 loss=2.802267
[rank 2] epoch=102 train_batch=12000/15625 loss=2.844668
[rank 2] epoch=102 train_batch=14000/15625 loss=2.828160
[rank 2] epoch=103 train_batch=2000/15625 loss=2.787672
[rank 2] epoch=103 train_batch=4000/15625 loss=2.793233
[rank 2] epoch=103 train_batch=6000/15625 loss=2.870401
[rank 2] epoch=103 train_batch=8000/15625 loss=2.768524
[rank 2] epoch=103 train_batch=10000/15625 loss=2.828670
[rank 2] epoch=103 train_batch=12000/15625 loss=2.772103
[rank 2] epoch=103 train_batch=14000/15625 loss=2.806239
[rank 2] epoch=104 train_batch=2000/15625 loss=2.839986
[rank 2] epoch=104 train_batch=4000/15625 loss=2.870923
[rank 2] epoch=104 train_batch=6000/15625 loss=2.910825
[rank 2] epoch=104 train_batch=8000/15625 loss=2.877352
[rank 2] epoch=104 train_batch=10000/15625 loss=2.868612
[rank 2] epoch=104 train_batch=12000/15625 loss=2.815601
[rank 2] epoch=104 train_batch=14000/15625 loss=2.881639
[rank 2] epoch=105 train_batch=2000/15625 loss=2.799288
[rank 2] epoch=105 train_batch=4000/15625 loss=2.879858
[rank 2] epoch=105 train_batch=6000/15625 loss=2.782670
[rank 2] epoch=105 train_batch=8000/15625 loss=2.809595
[rank 2] epoch=105 train_batch=10000/15625 loss=2.859862
[rank 2] epoch=105 train_batch=12000/15625 loss=2.838997
[rank 2] epoch=105 train_batch=14000/15625 loss=2.915606
[rank 2] epoch=106 train_batch=2000/15625 loss=2.844838
[rank 2] epoch=106 train_batch=4000/15625 loss=2.825452
[rank 2] epoch=106 train_batch=6000/15625 loss=2.933440
[rank 2] epoch=106 train_batch=8000/15625 loss=2.829743
[rank 2] epoch=106 train_batch=10000/15625 loss=2.851332
[rank 2] epoch=106 train_batch=12000/15625 loss=2.852041
[rank 2] epoch=106 train_batch=14000/15625 loss=2.934416
[rank 2] epoch=107 train_batch=2000/15625 loss=2.864077
[rank 2] epoch=107 train_batch=4000/15625 loss=2.855872
[rank 2] epoch=107 train_batch=6000/15625 loss=2.852339
[rank 2] epoch=107 train_batch=8000/15625 loss=2.914690
[rank 2] epoch=107 train_batch=10000/15625 loss=2.789526
[rank 2] epoch=107 train_batch=12000/15625 loss=2.842935
[rank 2] epoch=107 train_batch=14000/15625 loss=3.034231
[rank 2] epoch=108 train_batch=2000/15625 loss=2.845076
[rank 2] epoch=108 train_batch=4000/15625 loss=2.903838
[rank 2] epoch=108 train_batch=6000/15625 loss=2.951441
[rank 2] epoch=108 train_batch=8000/15625 loss=2.864222
[rank 2] epoch=108 train_batch=10000/15625 loss=2.856035
[rank 2] epoch=108 train_batch=12000/15625 loss=2.840435
[rank 2] epoch=108 train_batch=14000/15625 loss=2.837608
[rank 2] epoch=109 train_batch=2000/15625 loss=2.786365
[rank 2] epoch=109 train_batch=4000/15625 loss=2.807443
[rank 2] epoch=109 train_batch=6000/15625 loss=2.879456
[rank 2] epoch=109 train_batch=8000/15625 loss=2.804201
[rank 2] epoch=109 train_batch=10000/15625 loss=2.784207
[rank 2] epoch=109 train_batch=12000/15625 loss=2.823843
[rank 2] epoch=109 train_batch=14000/15625 loss=2.873008
[rank 2] epoch=110 train_batch=2000/15625 loss=2.762920
[rank 2] epoch=110 train_batch=4000/15625 loss=2.831576
[rank 2] epoch=110 train_batch=6000/15625 loss=2.857203
[rank 2] epoch=110 train_batch=8000/15625 loss=2.786020
[rank 2] epoch=110 train_batch=10000/15625 loss=2.834399
[rank 2] epoch=110 train_batch=12000/15625 loss=2.791411
[rank 2] epoch=110 train_batch=14000/15625 loss=2.860217
[rank 2] epoch=111 train_batch=2000/15625 loss=2.854571
[rank 2] epoch=111 train_batch=4000/15625 loss=2.759475
[rank 2] epoch=111 train_batch=6000/15625 loss=2.769480
[rank 2] epoch=111 train_batch=8000/15625 loss=2.941897
[rank 2] epoch=111 train_batch=10000/15625 loss=2.793686
[rank 2] epoch=111 train_batch=12000/15625 loss=2.820642
[rank 2] epoch=111 train_batch=14000/15625 loss=2.891192
[rank 2] epoch=112 train_batch=2000/15625 loss=2.791679
[rank 2] epoch=112 train_batch=4000/15625 loss=2.904544
[rank 2] epoch=112 train_batch=6000/15625 loss=2.821917
