cuda:1
thetaphi at main: True
Loading dataset...
Using ILCStreamingDataset (shuffle_buffer=256, files_per_chunk=32, seed=1001)
ILCStreamingDataset: path=/data/suehara/mldata/pfa/murata/data/tc/tc_nnqq_2M, files=20000, events~=2000000, shuffle_buffer=256, files_per_chunk=32
Using ILCStreamingDataset (shuffle_buffer=256, files_per_chunk=32, seed=1001)
ILCStreamingDataset: path=/data/suehara/mldata/pfa/murata/data/tc/tc_nnqq_new/train, files=716, events~=94400, shuffle_buffer=256, files_per_chunk=32
Training dataset size:  2000000
Validating dataset size:  94400
Batch size:  128
Loading GravnetModel
Hello
restart period :  30
[rank 1] epoch=0 train_batch=2000/15625 loss=1.059261
[rank 1] epoch=0 train_batch=4000/15625 loss=1.049810
[rank 1] epoch=0 train_batch=6000/15625 loss=1.045908
[rank 1] epoch=0 train_batch=8000/15625 loss=1.046250
[rank 1] epoch=0 train_batch=10000/15625 loss=1.051132
[rank 1] epoch=0 train_batch=12000/15625 loss=1.058922
[rank 1] epoch=0 train_batch=14000/15625 loss=1.054953
[rank 1] epoch=1 train_batch=2000/15625 loss=1.087069
[rank 1] epoch=1 train_batch=4000/15625 loss=1.105589
[rank 1] epoch=1 train_batch=6000/15625 loss=1.092843
[rank 1] epoch=1 train_batch=8000/15625 loss=1.084921
[rank 1] epoch=1 train_batch=10000/15625 loss=1.073018
[rank 1] epoch=1 train_batch=12000/15625 loss=1.080269
[rank 1] epoch=1 train_batch=14000/15625 loss=1.088742
[rank 1] epoch=2 train_batch=2000/15625 loss=2.075069
[rank 1] epoch=2 train_batch=4000/15625 loss=2.203480
[rank 1] epoch=2 train_batch=6000/15625 loss=2.112818
[rank 1] epoch=2 train_batch=8000/15625 loss=2.022702
[rank 1] epoch=2 train_batch=10000/15625 loss=2.010209
[rank 1] epoch=2 train_batch=12000/15625 loss=1.986753
[rank 1] epoch=2 train_batch=14000/15625 loss=2.000005
[rank 1] epoch=3 train_batch=2000/15625 loss=2.192902
[rank 1] epoch=3 train_batch=4000/15625 loss=2.188315
[rank 1] epoch=3 train_batch=6000/15625 loss=2.204072
[rank 1] epoch=3 train_batch=8000/15625 loss=2.207372
[rank 1] epoch=3 train_batch=10000/15625 loss=2.281218
[rank 1] epoch=3 train_batch=12000/15625 loss=2.278423
[rank 1] epoch=3 train_batch=14000/15625 loss=2.270364
[rank 1] epoch=4 train_batch=2000/15625 loss=3.384704
[rank 1] epoch=4 train_batch=4000/15625 loss=3.384405
[rank 1] epoch=4 train_batch=6000/15625 loss=3.242482
[rank 1] epoch=4 train_batch=8000/15625 loss=3.488855
[rank 1] epoch=4 train_batch=10000/15625 loss=3.360924
[rank 1] epoch=4 train_batch=12000/15625 loss=3.444257
[rank 1] epoch=4 train_batch=14000/15625 loss=3.364363
[rank 1] epoch=5 train_batch=2000/15625 loss=3.297685
[rank 1] epoch=5 train_batch=4000/15625 loss=3.168426
[rank 1] epoch=5 train_batch=6000/15625 loss=3.182237
[rank 1] epoch=5 train_batch=8000/15625 loss=3.126168
[rank 1] epoch=5 train_batch=10000/15625 loss=3.508060
[rank 1] epoch=5 train_batch=12000/15625 loss=3.246178
[rank 1] epoch=5 train_batch=14000/15625 loss=3.182339
[rank 1] epoch=6 train_batch=2000/15625 loss=3.345661
[rank 1] epoch=6 train_batch=4000/15625 loss=3.423123
[rank 1] epoch=6 train_batch=6000/15625 loss=3.415824
[rank 1] epoch=6 train_batch=8000/15625 loss=3.464476
[rank 1] epoch=6 train_batch=10000/15625 loss=3.636925
[rank 1] epoch=6 train_batch=12000/15625 loss=3.912236
[rank 1] epoch=6 train_batch=14000/15625 loss=3.620564
[rank 1] epoch=7 train_batch=2000/15625 loss=3.622255
[rank 1] epoch=7 train_batch=4000/15625 loss=3.633617
[rank 1] epoch=7 train_batch=6000/15625 loss=3.598668
[rank 1] epoch=7 train_batch=8000/15625 loss=3.417242
[rank 1] epoch=7 train_batch=10000/15625 loss=3.144773
[rank 1] epoch=7 train_batch=12000/15625 loss=3.152181
[rank 1] epoch=7 train_batch=14000/15625 loss=3.019738
[rank 1] epoch=8 train_batch=2000/15625 loss=2.959400
[rank 1] epoch=8 train_batch=4000/15625 loss=2.989832
[rank 1] epoch=8 train_batch=6000/15625 loss=3.055726
[rank 1] epoch=8 train_batch=8000/15625 loss=2.977493
[rank 1] epoch=8 train_batch=10000/15625 loss=2.983581
[rank 1] epoch=8 train_batch=12000/15625 loss=3.046228
[rank 1] epoch=8 train_batch=14000/15625 loss=2.992445
[rank 1] epoch=9 train_batch=2000/15625 loss=2.974669
[rank 1] epoch=9 train_batch=4000/15625 loss=2.904387
[rank 1] epoch=9 train_batch=6000/15625 loss=2.981589
[rank 1] epoch=9 train_batch=8000/15625 loss=2.949209
[rank 1] epoch=9 train_batch=10000/15625 loss=2.969691
[rank 1] epoch=9 train_batch=12000/15625 loss=2.971904
[rank 1] epoch=9 train_batch=14000/15625 loss=2.866959
[rank 1] epoch=10 train_batch=2000/15625 loss=2.961750
[rank 1] epoch=10 train_batch=4000/15625 loss=2.949805
[rank 1] epoch=10 train_batch=6000/15625 loss=2.929843
[rank 1] epoch=10 train_batch=8000/15625 loss=3.041722
[rank 1] epoch=10 train_batch=10000/15625 loss=2.924113
[rank 1] epoch=10 train_batch=12000/15625 loss=2.920655
[rank 1] epoch=10 train_batch=14000/15625 loss=2.953219
[rank 1] epoch=11 train_batch=2000/15625 loss=2.914273
[rank 1] epoch=11 train_batch=4000/15625 loss=3.181165
[rank 1] epoch=11 train_batch=6000/15625 loss=3.081573
[rank 1] epoch=11 train_batch=8000/15625 loss=3.052128
[rank 1] epoch=11 train_batch=10000/15625 loss=2.947857
[rank 1] epoch=11 train_batch=12000/15625 loss=2.965733
[rank 1] epoch=11 train_batch=14000/15625 loss=2.908159
[rank 1] epoch=12 train_batch=2000/15625 loss=2.988446
[rank 1] epoch=12 train_batch=4000/15625 loss=2.917590
[rank 1] epoch=12 train_batch=6000/15625 loss=2.941097
[rank 1] epoch=12 train_batch=8000/15625 loss=2.989908
[rank 1] epoch=12 train_batch=10000/15625 loss=3.033119
[rank 1] epoch=12 train_batch=12000/15625 loss=2.971658
[rank 1] epoch=12 train_batch=14000/15625 loss=2.938343
[rank 1] epoch=13 train_batch=2000/15625 loss=3.075559
[rank 1] epoch=13 train_batch=4000/15625 loss=3.795456
[rank 1] epoch=13 train_batch=6000/15625 loss=3.192011
[rank 1] epoch=13 train_batch=8000/15625 loss=3.068865
[rank 1] epoch=13 train_batch=10000/15625 loss=3.035967
[rank 1] epoch=13 train_batch=12000/15625 loss=3.030533
[rank 1] epoch=13 train_batch=14000/15625 loss=2.988125
[rank 1] epoch=14 train_batch=2000/15625 loss=3.091680
[rank 1] epoch=14 train_batch=4000/15625 loss=3.050652
[rank 1] epoch=14 train_batch=6000/15625 loss=3.036155
[rank 1] epoch=14 train_batch=8000/15625 loss=2.983552
[rank 1] epoch=14 train_batch=10000/15625 loss=3.199488
[rank 1] epoch=14 train_batch=12000/15625 loss=2.981394
[rank 1] epoch=14 train_batch=14000/15625 loss=3.017602
[rank 1] epoch=15 train_batch=2000/15625 loss=2.955172
[rank 1] epoch=15 train_batch=4000/15625 loss=2.994741
[rank 1] epoch=15 train_batch=6000/15625 loss=3.056110
[rank 1] epoch=15 train_batch=8000/15625 loss=3.023213
[rank 1] epoch=15 train_batch=10000/15625 loss=3.159338
[rank 1] epoch=15 train_batch=12000/15625 loss=3.011369
[rank 1] epoch=15 train_batch=14000/15625 loss=2.970622
[rank 1] epoch=16 train_batch=2000/15625 loss=2.986497
[rank 1] epoch=16 train_batch=4000/15625 loss=3.008666
[rank 1] epoch=16 train_batch=6000/15625 loss=2.976608
[rank 1] epoch=16 train_batch=8000/15625 loss=2.993937
[rank 1] epoch=16 train_batch=10000/15625 loss=3.194471
[rank 1] epoch=16 train_batch=12000/15625 loss=3.207966
[rank 1] epoch=16 train_batch=14000/15625 loss=2.995419
[rank 1] epoch=17 train_batch=2000/15625 loss=3.072356
[rank 1] epoch=17 train_batch=4000/15625 loss=3.065827
[rank 1] epoch=17 train_batch=6000/15625 loss=3.092930
[rank 1] epoch=17 train_batch=8000/15625 loss=3.034898
[rank 1] epoch=17 train_batch=10000/15625 loss=3.107460
[rank 1] epoch=17 train_batch=12000/15625 loss=3.063926
[rank 1] epoch=17 train_batch=14000/15625 loss=3.012232
[rank 1] epoch=18 train_batch=2000/15625 loss=3.063596
[rank 1] epoch=18 train_batch=4000/15625 loss=3.027390
[rank 1] epoch=18 train_batch=6000/15625 loss=3.016579
[rank 1] epoch=18 train_batch=8000/15625 loss=3.366980
[rank 1] epoch=18 train_batch=10000/15625 loss=3.012911
[rank 1] epoch=18 train_batch=12000/15625 loss=3.046487
[rank 1] epoch=18 train_batch=14000/15625 loss=3.080856
[rank 1] epoch=19 train_batch=2000/15625 loss=3.032036
[rank 1] epoch=19 train_batch=4000/15625 loss=3.034446
[rank 1] epoch=19 train_batch=6000/15625 loss=3.162055
[rank 1] epoch=19 train_batch=8000/15625 loss=3.020185
[rank 1] epoch=19 train_batch=10000/15625 loss=3.101438
[rank 1] epoch=19 train_batch=12000/15625 loss=3.007044
[rank 1] epoch=19 train_batch=14000/15625 loss=3.063731
[rank 1] epoch=20 train_batch=2000/15625 loss=3.040595
[rank 1] epoch=20 train_batch=4000/15625 loss=3.029942
[rank 1] epoch=20 train_batch=6000/15625 loss=3.041718
[rank 1] epoch=20 train_batch=8000/15625 loss=2.979636
[rank 1] epoch=20 train_batch=10000/15625 loss=3.077948
[rank 1] epoch=20 train_batch=12000/15625 loss=3.004085
[rank 1] epoch=20 train_batch=14000/15625 loss=3.024533
[rank 1] epoch=21 train_batch=2000/15625 loss=3.041602
[rank 1] epoch=21 train_batch=4000/15625 loss=3.006381
[rank 1] epoch=21 train_batch=6000/15625 loss=3.031935
[rank 1] epoch=21 train_batch=8000/15625 loss=2.971658
[rank 1] epoch=21 train_batch=10000/15625 loss=2.960184
[rank 1] epoch=21 train_batch=12000/15625 loss=3.016522
[rank 1] epoch=21 train_batch=14000/15625 loss=3.064190
[rank 1] epoch=22 train_batch=2000/15625 loss=3.009752
[rank 1] epoch=22 train_batch=4000/15625 loss=2.988345
[rank 1] epoch=22 train_batch=6000/15625 loss=3.014244
[rank 1] epoch=22 train_batch=8000/15625 loss=2.980965
[rank 1] epoch=22 train_batch=10000/15625 loss=2.968684
[rank 1] epoch=22 train_batch=12000/15625 loss=2.957065
[rank 1] epoch=22 train_batch=14000/15625 loss=3.130628
[rank 1] epoch=23 train_batch=2000/15625 loss=3.058077
[rank 1] epoch=23 train_batch=4000/15625 loss=2.959769
[rank 1] epoch=23 train_batch=6000/15625 loss=2.982802
[rank 1] epoch=23 train_batch=8000/15625 loss=2.987927
[rank 1] epoch=23 train_batch=10000/15625 loss=2.969759
[rank 1] epoch=23 train_batch=12000/15625 loss=3.089360
[rank 1] epoch=23 train_batch=14000/15625 loss=2.975362
[rank 1] epoch=24 train_batch=2000/15625 loss=2.953338
[rank 1] epoch=24 train_batch=4000/15625 loss=3.023897
[rank 1] epoch=24 train_batch=6000/15625 loss=2.978294
[rank 1] epoch=24 train_batch=8000/15625 loss=3.031498
[rank 1] epoch=24 train_batch=10000/15625 loss=2.981078
[rank 1] epoch=24 train_batch=12000/15625 loss=2.976507
[rank 1] epoch=24 train_batch=14000/15625 loss=3.021513
[rank 1] epoch=25 train_batch=2000/15625 loss=3.013885
[rank 1] epoch=25 train_batch=4000/15625 loss=3.008198
[rank 1] epoch=25 train_batch=6000/15625 loss=2.962568
[rank 1] epoch=25 train_batch=8000/15625 loss=2.987969
[rank 1] epoch=25 train_batch=10000/15625 loss=2.998875
[rank 1] epoch=25 train_batch=12000/15625 loss=3.080924
[rank 1] epoch=25 train_batch=14000/15625 loss=3.033252
[rank 1] epoch=26 train_batch=2000/15625 loss=3.093539
[rank 1] epoch=26 train_batch=4000/15625 loss=2.985076
[rank 1] epoch=26 train_batch=6000/15625 loss=2.988460
[rank 1] epoch=26 train_batch=8000/15625 loss=3.013473
[rank 1] epoch=26 train_batch=10000/15625 loss=2.940414
[rank 1] epoch=26 train_batch=12000/15625 loss=2.932359
[rank 1] epoch=26 train_batch=14000/15625 loss=2.916605
[rank 1] epoch=27 train_batch=2000/15625 loss=3.005207
[rank 1] epoch=27 train_batch=4000/15625 loss=2.941237
[rank 1] epoch=27 train_batch=6000/15625 loss=2.940697
[rank 1] epoch=27 train_batch=8000/15625 loss=2.909845
[rank 1] epoch=27 train_batch=10000/15625 loss=3.063983
[rank 1] epoch=27 train_batch=12000/15625 loss=2.953833
[rank 1] epoch=27 train_batch=14000/15625 loss=2.962998
[rank 1] epoch=28 train_batch=2000/15625 loss=2.996777
[rank 1] epoch=28 train_batch=4000/15625 loss=3.005405
[rank 1] epoch=28 train_batch=6000/15625 loss=2.939552
[rank 1] epoch=28 train_batch=8000/15625 loss=3.031904
[rank 1] epoch=28 train_batch=10000/15625 loss=2.980124
[rank 1] epoch=28 train_batch=12000/15625 loss=3.020569
[rank 1] epoch=28 train_batch=14000/15625 loss=2.953185
[rank 1] epoch=29 train_batch=2000/15625 loss=2.976574
[rank 1] epoch=29 train_batch=4000/15625 loss=2.962602
[rank 1] epoch=29 train_batch=6000/15625 loss=2.968514
[rank 1] epoch=29 train_batch=8000/15625 loss=2.997181
[rank 1] epoch=29 train_batch=10000/15625 loss=2.900599
[rank 1] epoch=29 train_batch=12000/15625 loss=2.906934
[rank 1] epoch=29 train_batch=14000/15625 loss=2.924659
[rank 1] epoch=30 train_batch=2000/15625 loss=3.008361
[rank 1] epoch=30 train_batch=4000/15625 loss=2.985276
[rank 1] epoch=30 train_batch=6000/15625 loss=2.948981
[rank 1] epoch=30 train_batch=8000/15625 loss=3.021218
[rank 1] epoch=30 train_batch=10000/15625 loss=2.997315
[rank 1] epoch=30 train_batch=12000/15625 loss=2.959467
[rank 1] epoch=30 train_batch=14000/15625 loss=2.931689
[rank 1] epoch=31 train_batch=2000/15625 loss=3.035535
[rank 1] epoch=31 train_batch=4000/15625 loss=2.985319
[rank 1] epoch=31 train_batch=6000/15625 loss=2.946164
[rank 1] epoch=31 train_batch=8000/15625 loss=2.925926
[rank 1] epoch=31 train_batch=10000/15625 loss=2.912034
[rank 1] epoch=31 train_batch=12000/15625 loss=2.935020
[rank 1] epoch=31 train_batch=14000/15625 loss=2.911757
[rank 1] epoch=32 train_batch=2000/15625 loss=3.008254
[rank 1] epoch=32 train_batch=4000/15625 loss=2.988575
[rank 1] epoch=32 train_batch=6000/15625 loss=2.876444
[rank 1] epoch=32 train_batch=8000/15625 loss=2.961004
[rank 1] epoch=32 train_batch=10000/15625 loss=2.871705
[rank 1] epoch=32 train_batch=12000/15625 loss=2.852035
[rank 1] epoch=32 train_batch=14000/15625 loss=2.863513
[rank 1] epoch=33 train_batch=2000/15625 loss=2.835763
[rank 1] epoch=33 train_batch=4000/15625 loss=2.901590
[rank 1] epoch=33 train_batch=6000/15625 loss=2.872467
[rank 1] epoch=33 train_batch=8000/15625 loss=2.851262
[rank 1] epoch=33 train_batch=10000/15625 loss=4.023661
[rank 1] epoch=33 train_batch=12000/15625 loss=3.075252
[rank 1] epoch=33 train_batch=14000/15625 loss=3.011090
[rank 1] epoch=34 train_batch=2000/15625 loss=2.953328
[rank 1] epoch=34 train_batch=4000/15625 loss=2.986410
[rank 1] epoch=34 train_batch=6000/15625 loss=2.853353
[rank 1] epoch=34 train_batch=8000/15625 loss=3.025976
[rank 1] epoch=34 train_batch=10000/15625 loss=3.002360
[rank 1] epoch=34 train_batch=12000/15625 loss=2.949957
[rank 1] epoch=34 train_batch=14000/15625 loss=2.814380
[rank 1] epoch=35 train_batch=2000/15625 loss=2.840513
[rank 1] epoch=35 train_batch=4000/15625 loss=2.892064
[rank 1] epoch=35 train_batch=6000/15625 loss=3.044107
[rank 1] epoch=35 train_batch=8000/15625 loss=2.906936
[rank 1] epoch=35 train_batch=10000/15625 loss=2.902218
[rank 1] epoch=35 train_batch=12000/15625 loss=2.940745
[rank 1] epoch=35 train_batch=14000/15625 loss=2.954437
[rank 1] epoch=36 train_batch=2000/15625 loss=2.904625
[rank 1] epoch=36 train_batch=4000/15625 loss=2.934208
[rank 1] epoch=36 train_batch=6000/15625 loss=2.945102
[rank 1] epoch=36 train_batch=8000/15625 loss=2.967880
[rank 1] epoch=36 train_batch=10000/15625 loss=2.931263
[rank 1] epoch=36 train_batch=12000/15625 loss=2.834725
[rank 1] epoch=36 train_batch=14000/15625 loss=2.852716
[rank 1] epoch=37 train_batch=2000/15625 loss=2.846129
[rank 1] epoch=37 train_batch=4000/15625 loss=2.835316
[rank 1] epoch=37 train_batch=6000/15625 loss=3.024123
[rank 1] epoch=37 train_batch=8000/15625 loss=2.895891
[rank 1] epoch=37 train_batch=10000/15625 loss=2.954884
[rank 1] epoch=37 train_batch=12000/15625 loss=3.147392
[rank 1] epoch=37 train_batch=14000/15625 loss=2.844388
[rank 1] epoch=38 train_batch=2000/15625 loss=2.973008
[rank 1] epoch=38 train_batch=4000/15625 loss=3.016097
[rank 1] epoch=38 train_batch=6000/15625 loss=2.972296
[rank 1] epoch=38 train_batch=8000/15625 loss=2.891932
[rank 1] epoch=38 train_batch=10000/15625 loss=2.962415
[rank 1] epoch=38 train_batch=12000/15625 loss=2.915519
[rank 1] epoch=38 train_batch=14000/15625 loss=3.048301
[rank 1] epoch=39 train_batch=2000/15625 loss=2.866398
[rank 1] epoch=39 train_batch=4000/15625 loss=2.990535
[rank 1] epoch=39 train_batch=6000/15625 loss=2.931202
[rank 1] epoch=39 train_batch=8000/15625 loss=2.821233
[rank 1] epoch=39 train_batch=10000/15625 loss=2.913116
[rank 1] epoch=39 train_batch=12000/15625 loss=2.832866
[rank 1] epoch=39 train_batch=14000/15625 loss=2.936782
[rank 1] epoch=40 train_batch=2000/15625 loss=2.906209
[rank 1] epoch=40 train_batch=4000/15625 loss=2.913311
[rank 1] epoch=40 train_batch=6000/15625 loss=2.819866
[rank 1] epoch=40 train_batch=8000/15625 loss=2.858833
[rank 1] epoch=40 train_batch=10000/15625 loss=2.867822
[rank 1] epoch=40 train_batch=12000/15625 loss=2.817993
[rank 1] epoch=40 train_batch=14000/15625 loss=2.894685
[rank 1] epoch=41 train_batch=2000/15625 loss=2.852766
[rank 1] epoch=41 train_batch=4000/15625 loss=2.873745
[rank 1] epoch=41 train_batch=6000/15625 loss=2.911998
[rank 1] epoch=41 train_batch=8000/15625 loss=2.863514
[rank 1] epoch=41 train_batch=10000/15625 loss=2.810518
[rank 1] epoch=41 train_batch=12000/15625 loss=2.878026
[rank 1] epoch=41 train_batch=14000/15625 loss=2.820274
[rank 1] epoch=42 train_batch=2000/15625 loss=2.805516
[rank 1] epoch=42 train_batch=4000/15625 loss=2.798243
[rank 1] epoch=42 train_batch=6000/15625 loss=2.943576
[rank 1] epoch=42 train_batch=8000/15625 loss=2.831147
[rank 1] epoch=42 train_batch=10000/15625 loss=2.872139
[rank 1] epoch=42 train_batch=12000/15625 loss=2.903084
[rank 1] epoch=42 train_batch=14000/15625 loss=2.906415
[rank 1] epoch=43 train_batch=2000/15625 loss=2.841687
[rank 1] epoch=43 train_batch=4000/15625 loss=2.817091
[rank 1] epoch=43 train_batch=6000/15625 loss=2.792326
[rank 1] epoch=43 train_batch=8000/15625 loss=2.761882
[rank 1] epoch=43 train_batch=10000/15625 loss=2.810430
[rank 1] epoch=43 train_batch=12000/15625 loss=2.875147
[rank 1] epoch=43 train_batch=14000/15625 loss=2.949140
[rank 1] epoch=44 train_batch=2000/15625 loss=3.002147
[rank 1] epoch=44 train_batch=4000/15625 loss=3.804331
[rank 1] epoch=44 train_batch=6000/15625 loss=2.915935
[rank 1] epoch=44 train_batch=8000/15625 loss=2.986691
[rank 1] epoch=44 train_batch=10000/15625 loss=2.935937
[rank 1] epoch=44 train_batch=12000/15625 loss=2.927176
[rank 1] epoch=44 train_batch=14000/15625 loss=2.930268
[rank 1] epoch=45 train_batch=2000/15625 loss=2.862351
[rank 1] epoch=45 train_batch=4000/15625 loss=2.909018
[rank 1] epoch=45 train_batch=6000/15625 loss=2.934616
[rank 1] epoch=45 train_batch=8000/15625 loss=2.922204
[rank 1] epoch=45 train_batch=10000/15625 loss=2.863717
[rank 1] epoch=45 train_batch=12000/15625 loss=2.806870
[rank 1] epoch=45 train_batch=14000/15625 loss=2.788672
[rank 1] epoch=46 train_batch=2000/15625 loss=2.791083
[rank 1] epoch=46 train_batch=4000/15625 loss=2.780704
[rank 1] epoch=46 train_batch=6000/15625 loss=2.889847
[rank 1] epoch=46 train_batch=8000/15625 loss=2.949025
[rank 1] epoch=46 train_batch=10000/15625 loss=2.836236
[rank 1] epoch=46 train_batch=12000/15625 loss=2.902620
[rank 1] epoch=46 train_batch=14000/15625 loss=2.916803
[rank 1] epoch=47 train_batch=2000/15625 loss=2.925193
[rank 1] epoch=47 train_batch=4000/15625 loss=2.877970
[rank 1] epoch=47 train_batch=6000/15625 loss=2.798636
[rank 1] epoch=47 train_batch=8000/15625 loss=2.853147
[rank 1] epoch=47 train_batch=10000/15625 loss=2.917412
[rank 1] epoch=47 train_batch=12000/15625 loss=2.947331
[rank 1] epoch=47 train_batch=14000/15625 loss=2.823834
[rank 1] epoch=48 train_batch=2000/15625 loss=2.796374
[rank 1] epoch=48 train_batch=4000/15625 loss=2.940275
[rank 1] epoch=48 train_batch=6000/15625 loss=2.824625
[rank 1] epoch=48 train_batch=8000/15625 loss=2.821695
[rank 1] epoch=48 train_batch=10000/15625 loss=2.814747
[rank 1] epoch=48 train_batch=12000/15625 loss=2.859585
[rank 1] epoch=48 train_batch=14000/15625 loss=2.797999
[rank 1] epoch=49 train_batch=2000/15625 loss=2.821815
[rank 1] epoch=49 train_batch=4000/15625 loss=2.907646
[rank 1] epoch=49 train_batch=6000/15625 loss=2.832540
[rank 1] epoch=49 train_batch=8000/15625 loss=2.898174
[rank 1] epoch=49 train_batch=10000/15625 loss=2.795893
[rank 1] epoch=49 train_batch=12000/15625 loss=2.864941
[rank 1] epoch=49 train_batch=14000/15625 loss=2.900743
[rank 1] epoch=50 train_batch=2000/15625 loss=2.911083
[rank 1] epoch=50 train_batch=4000/15625 loss=2.919430
[rank 1] epoch=50 train_batch=6000/15625 loss=2.754546
[rank 1] epoch=50 train_batch=8000/15625 loss=2.799358
[rank 1] epoch=50 train_batch=10000/15625 loss=2.801602
[rank 1] epoch=50 train_batch=12000/15625 loss=2.845424
[rank 1] epoch=50 train_batch=14000/15625 loss=2.867634
[rank 1] epoch=51 train_batch=2000/15625 loss=2.858419
[rank 1] epoch=51 train_batch=4000/15625 loss=2.845881
[rank 1] epoch=51 train_batch=6000/15625 loss=2.826930
[rank 1] epoch=51 train_batch=8000/15625 loss=2.842545
[rank 1] epoch=51 train_batch=10000/15625 loss=2.892804
[rank 1] epoch=51 train_batch=12000/15625 loss=2.780960
[rank 1] epoch=51 train_batch=14000/15625 loss=2.879662
[rank 1] epoch=52 train_batch=2000/15625 loss=2.770195
[rank 1] epoch=52 train_batch=4000/15625 loss=2.852481
[rank 1] epoch=52 train_batch=6000/15625 loss=2.750653
[rank 1] epoch=52 train_batch=8000/15625 loss=2.778569
[rank 1] epoch=52 train_batch=10000/15625 loss=2.787590
[rank 1] epoch=52 train_batch=12000/15625 loss=2.745128
[rank 1] epoch=52 train_batch=14000/15625 loss=2.844741
[rank 1] epoch=53 train_batch=2000/15625 loss=2.799603
[rank 1] epoch=53 train_batch=4000/15625 loss=2.765433
[rank 1] epoch=53 train_batch=6000/15625 loss=2.753287
[rank 1] epoch=53 train_batch=8000/15625 loss=2.814724
[rank 1] epoch=53 train_batch=10000/15625 loss=2.881896
[rank 1] epoch=53 train_batch=12000/15625 loss=2.897218
[rank 1] epoch=53 train_batch=14000/15625 loss=2.853418
[rank 1] epoch=54 train_batch=2000/15625 loss=2.766023
[rank 1] epoch=54 train_batch=4000/15625 loss=2.802351
[rank 1] epoch=54 train_batch=6000/15625 loss=2.925458
[rank 1] epoch=54 train_batch=8000/15625 loss=3.052551
[rank 1] epoch=54 train_batch=10000/15625 loss=2.768218
[rank 1] epoch=54 train_batch=12000/15625 loss=2.836495
[rank 1] epoch=54 train_batch=14000/15625 loss=2.953268
[rank 1] epoch=55 train_batch=2000/15625 loss=2.893639
[rank 1] epoch=55 train_batch=4000/15625 loss=2.826812
[rank 1] epoch=55 train_batch=6000/15625 loss=2.889174
[rank 1] epoch=55 train_batch=8000/15625 loss=2.807548
[rank 1] epoch=55 train_batch=10000/15625 loss=2.843117
[rank 1] epoch=55 train_batch=12000/15625 loss=2.814167
[rank 1] epoch=55 train_batch=14000/15625 loss=2.796069
[rank 1] epoch=56 train_batch=2000/15625 loss=2.914822
[rank 1] epoch=56 train_batch=4000/15625 loss=2.798744
[rank 1] epoch=56 train_batch=6000/15625 loss=2.828727
[rank 1] epoch=56 train_batch=8000/15625 loss=2.874035
[rank 1] epoch=56 train_batch=10000/15625 loss=2.800565
[rank 1] epoch=56 train_batch=12000/15625 loss=2.749357
[rank 1] epoch=56 train_batch=14000/15625 loss=2.899943
[rank 1] epoch=57 train_batch=2000/15625 loss=2.754822
[rank 1] epoch=57 train_batch=4000/15625 loss=2.815166
[rank 1] epoch=57 train_batch=6000/15625 loss=2.840559
[rank 1] epoch=57 train_batch=8000/15625 loss=2.971481
[rank 1] epoch=57 train_batch=10000/15625 loss=2.779285
[rank 1] epoch=57 train_batch=12000/15625 loss=2.996767
[rank 1] epoch=57 train_batch=14000/15625 loss=2.963169
[rank 1] epoch=58 train_batch=2000/15625 loss=2.749301
[rank 1] epoch=58 train_batch=4000/15625 loss=2.793362
[rank 1] epoch=58 train_batch=6000/15625 loss=2.737134
[rank 1] epoch=58 train_batch=8000/15625 loss=2.732603
[rank 1] epoch=58 train_batch=10000/15625 loss=2.767460
[rank 1] epoch=58 train_batch=12000/15625 loss=2.716177
[rank 1] epoch=58 train_batch=14000/15625 loss=2.751132
[rank 1] epoch=59 train_batch=2000/15625 loss=2.813916
[rank 1] epoch=59 train_batch=4000/15625 loss=2.798379
[rank 1] epoch=59 train_batch=6000/15625 loss=2.785942
[rank 1] epoch=59 train_batch=8000/15625 loss=2.778295
[rank 1] epoch=59 train_batch=10000/15625 loss=2.798342
[rank 1] epoch=59 train_batch=12000/15625 loss=2.768255
[rank 1] epoch=59 train_batch=14000/15625 loss=2.751609
[rank 1] epoch=60 train_batch=2000/15625 loss=2.845243
[rank 1] epoch=60 train_batch=4000/15625 loss=2.802149
[rank 1] epoch=60 train_batch=6000/15625 loss=2.890180
[rank 1] epoch=60 train_batch=8000/15625 loss=2.812262
[rank 1] epoch=60 train_batch=10000/15625 loss=2.887638
[rank 1] epoch=60 train_batch=12000/15625 loss=2.834300
[rank 1] epoch=60 train_batch=14000/15625 loss=2.836343
[rank 1] epoch=61 train_batch=2000/15625 loss=2.823163
[rank 1] epoch=61 train_batch=4000/15625 loss=2.858613
[rank 1] epoch=61 train_batch=6000/15625 loss=2.777740
[rank 1] epoch=61 train_batch=8000/15625 loss=2.801928
[rank 1] epoch=61 train_batch=10000/15625 loss=2.814035
[rank 1] epoch=61 train_batch=12000/15625 loss=2.738236
[rank 1] epoch=61 train_batch=14000/15625 loss=2.772923
[rank 1] epoch=62 train_batch=2000/15625 loss=2.919398
[rank 1] epoch=62 train_batch=4000/15625 loss=2.758624
[rank 1] epoch=62 train_batch=6000/15625 loss=2.871943
[rank 1] epoch=62 train_batch=8000/15625 loss=2.827927
[rank 1] epoch=62 train_batch=10000/15625 loss=2.768355
[rank 1] epoch=62 train_batch=12000/15625 loss=2.873759
[rank 1] epoch=62 train_batch=14000/15625 loss=2.802342
[rank 1] epoch=63 train_batch=2000/15625 loss=2.879594
[rank 1] epoch=63 train_batch=4000/15625 loss=2.993573
[rank 1] epoch=63 train_batch=6000/15625 loss=2.831935
[rank 1] epoch=63 train_batch=8000/15625 loss=2.977428
[rank 1] epoch=63 train_batch=10000/15625 loss=2.814825
[rank 1] epoch=63 train_batch=12000/15625 loss=2.845665
[rank 1] epoch=63 train_batch=14000/15625 loss=2.818503
[rank 1] epoch=64 train_batch=2000/15625 loss=2.860743
[rank 1] epoch=64 train_batch=4000/15625 loss=2.879420
[rank 1] epoch=64 train_batch=6000/15625 loss=2.805893
[rank 1] epoch=64 train_batch=8000/15625 loss=2.874477
[rank 1] epoch=64 train_batch=10000/15625 loss=2.803735
[rank 1] epoch=64 train_batch=12000/15625 loss=2.831525
[rank 1] epoch=64 train_batch=14000/15625 loss=2.778437
[rank 1] epoch=65 train_batch=2000/15625 loss=2.851760
[rank 1] epoch=65 train_batch=4000/15625 loss=2.836946
[rank 1] epoch=65 train_batch=6000/15625 loss=2.795464
[rank 1] epoch=65 train_batch=8000/15625 loss=2.829994
[rank 1] epoch=65 train_batch=10000/15625 loss=2.816252
[rank 1] epoch=65 train_batch=12000/15625 loss=2.842296
[rank 1] epoch=65 train_batch=14000/15625 loss=2.907630
[rank 1] epoch=66 train_batch=2000/15625 loss=2.817751
[rank 1] epoch=66 train_batch=4000/15625 loss=2.762043
[rank 1] epoch=66 train_batch=6000/15625 loss=2.950661
[rank 1] epoch=66 train_batch=8000/15625 loss=2.725783
[rank 1] epoch=66 train_batch=10000/15625 loss=2.847464
[rank 1] epoch=66 train_batch=12000/15625 loss=2.820424
[rank 1] epoch=66 train_batch=14000/15625 loss=2.922117
[rank 1] epoch=67 train_batch=2000/15625 loss=2.736619
[rank 1] epoch=67 train_batch=4000/15625 loss=2.860131
[rank 1] epoch=67 train_batch=6000/15625 loss=2.845035
[rank 1] epoch=67 train_batch=8000/15625 loss=2.921958
[rank 1] epoch=67 train_batch=10000/15625 loss=2.849154
[rank 1] epoch=67 train_batch=12000/15625 loss=2.889986
[rank 1] epoch=67 train_batch=14000/15625 loss=3.078419
[rank 1] epoch=68 train_batch=2000/15625 loss=2.934121
[rank 1] epoch=68 train_batch=4000/15625 loss=2.779801
[rank 1] epoch=68 train_batch=6000/15625 loss=2.977795
[rank 1] epoch=68 train_batch=8000/15625 loss=2.878045
[rank 1] epoch=68 train_batch=10000/15625 loss=2.775957
[rank 1] epoch=68 train_batch=12000/15625 loss=2.797368
[rank 1] epoch=68 train_batch=14000/15625 loss=2.815599
[rank 1] epoch=69 train_batch=2000/15625 loss=2.843549
[rank 1] epoch=69 train_batch=4000/15625 loss=2.980145
[rank 1] epoch=69 train_batch=6000/15625 loss=2.970165
[rank 1] epoch=69 train_batch=8000/15625 loss=3.103875
[rank 1] epoch=69 train_batch=10000/15625 loss=3.028322
[rank 1] epoch=69 train_batch=12000/15625 loss=2.932588
[rank 1] epoch=69 train_batch=14000/15625 loss=2.835342
[rank 1] epoch=70 train_batch=2000/15625 loss=2.809576
[rank 1] epoch=70 train_batch=4000/15625 loss=2.888279
[rank 1] epoch=70 train_batch=6000/15625 loss=2.848386
[rank 1] epoch=70 train_batch=8000/15625 loss=2.890412
[rank 1] epoch=70 train_batch=10000/15625 loss=2.846251
[rank 1] epoch=70 train_batch=12000/15625 loss=2.861144
[rank 1] epoch=70 train_batch=14000/15625 loss=2.907923
[rank 1] epoch=71 train_batch=2000/15625 loss=2.837323
[rank 1] epoch=71 train_batch=4000/15625 loss=2.908036
[rank 1] epoch=71 train_batch=6000/15625 loss=3.217574
[rank 1] epoch=71 train_batch=8000/15625 loss=2.887881
[rank 1] epoch=71 train_batch=10000/15625 loss=2.832824
[rank 1] epoch=71 train_batch=12000/15625 loss=3.060853
[rank 1] epoch=71 train_batch=14000/15625 loss=2.839002
[rank 1] epoch=72 train_batch=2000/15625 loss=2.810397
[rank 1] epoch=72 train_batch=4000/15625 loss=2.815475
[rank 1] epoch=72 train_batch=6000/15625 loss=2.912840
[rank 1] epoch=72 train_batch=8000/15625 loss=2.854028
[rank 1] epoch=72 train_batch=10000/15625 loss=2.881531
[rank 1] epoch=72 train_batch=12000/15625 loss=2.860197
[rank 1] epoch=72 train_batch=14000/15625 loss=2.854227
[rank 1] epoch=73 train_batch=2000/15625 loss=2.918117
[rank 1] epoch=73 train_batch=4000/15625 loss=2.892840
[rank 1] epoch=73 train_batch=6000/15625 loss=2.816240
[rank 1] epoch=73 train_batch=8000/15625 loss=2.860381
[rank 1] epoch=73 train_batch=10000/15625 loss=3.248200
[rank 1] epoch=73 train_batch=12000/15625 loss=2.783282
[rank 1] epoch=73 train_batch=14000/15625 loss=2.828645
[rank 1] epoch=74 train_batch=2000/15625 loss=2.833272
[rank 1] epoch=74 train_batch=4000/15625 loss=2.818882
[rank 1] epoch=74 train_batch=6000/15625 loss=2.827712
[rank 1] epoch=74 train_batch=8000/15625 loss=2.955593
[rank 1] epoch=74 train_batch=10000/15625 loss=2.926103
[rank 1] epoch=74 train_batch=12000/15625 loss=2.772237
[rank 1] epoch=74 train_batch=14000/15625 loss=2.797711
[rank 1] epoch=75 train_batch=2000/15625 loss=2.834871
[rank 1] epoch=75 train_batch=4000/15625 loss=2.860096
[rank 1] epoch=75 train_batch=6000/15625 loss=2.817224
[rank 1] epoch=75 train_batch=8000/15625 loss=2.793898
[rank 1] epoch=75 train_batch=10000/15625 loss=2.795300
[rank 1] epoch=75 train_batch=12000/15625 loss=2.802988
[rank 1] epoch=75 train_batch=14000/15625 loss=2.764486
[rank 1] epoch=76 train_batch=2000/15625 loss=2.798601
[rank 1] epoch=76 train_batch=4000/15625 loss=2.818488
[rank 1] epoch=76 train_batch=6000/15625 loss=2.921065
[rank 1] epoch=76 train_batch=8000/15625 loss=2.782374
[rank 1] epoch=76 train_batch=10000/15625 loss=2.874880
[rank 1] epoch=76 train_batch=12000/15625 loss=2.810792
[rank 1] epoch=76 train_batch=14000/15625 loss=2.813898
[rank 1] epoch=77 train_batch=2000/15625 loss=2.848829
[rank 1] epoch=77 train_batch=4000/15625 loss=2.864295
[rank 1] epoch=77 train_batch=6000/15625 loss=2.869717
[rank 1] epoch=77 train_batch=8000/15625 loss=2.894454
[rank 1] epoch=77 train_batch=10000/15625 loss=2.821282
[rank 1] epoch=77 train_batch=12000/15625 loss=2.809672
[rank 1] epoch=77 train_batch=14000/15625 loss=2.847113
[rank 1] epoch=78 train_batch=2000/15625 loss=2.780745
[rank 1] epoch=78 train_batch=4000/15625 loss=2.856104
[rank 1] epoch=78 train_batch=6000/15625 loss=2.793074
[rank 1] epoch=78 train_batch=8000/15625 loss=2.791070
[rank 1] epoch=78 train_batch=10000/15625 loss=2.767551
[rank 1] epoch=78 train_batch=12000/15625 loss=2.794545
[rank 1] epoch=78 train_batch=14000/15625 loss=2.788176
[rank 1] epoch=79 train_batch=2000/15625 loss=2.805642
[rank 1] epoch=79 train_batch=4000/15625 loss=2.847357
[rank 1] epoch=79 train_batch=6000/15625 loss=2.775670
[rank 1] epoch=79 train_batch=8000/15625 loss=2.884687
[rank 1] epoch=79 train_batch=10000/15625 loss=2.943212
[rank 1] epoch=79 train_batch=12000/15625 loss=2.796655
[rank 1] epoch=79 train_batch=14000/15625 loss=2.851891
[rank 1] epoch=80 train_batch=2000/15625 loss=2.776840
[rank 1] epoch=80 train_batch=4000/15625 loss=2.896165
[rank 1] epoch=80 train_batch=6000/15625 loss=2.751431
[rank 1] epoch=80 train_batch=8000/15625 loss=2.837971
[rank 1] epoch=80 train_batch=10000/15625 loss=2.912019
[rank 1] epoch=80 train_batch=12000/15625 loss=2.842505
[rank 1] epoch=80 train_batch=14000/15625 loss=2.842130
[rank 1] epoch=81 train_batch=2000/15625 loss=2.803143
[rank 1] epoch=81 train_batch=4000/15625 loss=2.764478
[rank 1] epoch=81 train_batch=6000/15625 loss=2.834197
[rank 1] epoch=81 train_batch=8000/15625 loss=2.917174
[rank 1] epoch=81 train_batch=10000/15625 loss=2.816241
[rank 1] epoch=81 train_batch=12000/15625 loss=2.806936
[rank 1] epoch=81 train_batch=14000/15625 loss=2.847031
[rank 1] epoch=82 train_batch=2000/15625 loss=2.810436
[rank 1] epoch=82 train_batch=4000/15625 loss=2.845500
[rank 1] epoch=82 train_batch=6000/15625 loss=2.752856
[rank 1] epoch=82 train_batch=8000/15625 loss=2.819100
[rank 1] epoch=82 train_batch=10000/15625 loss=2.885585
[rank 1] epoch=82 train_batch=12000/15625 loss=2.799539
[rank 1] epoch=82 train_batch=14000/15625 loss=2.799275
[rank 1] epoch=83 train_batch=2000/15625 loss=2.813434
[rank 1] epoch=83 train_batch=4000/15625 loss=2.861705
[rank 1] epoch=83 train_batch=6000/15625 loss=2.794785
[rank 1] epoch=83 train_batch=8000/15625 loss=2.818465
[rank 1] epoch=83 train_batch=10000/15625 loss=2.752438
[rank 1] epoch=83 train_batch=12000/15625 loss=2.889972
[rank 1] epoch=83 train_batch=14000/15625 loss=2.805268
[rank 1] epoch=84 train_batch=2000/15625 loss=2.851873
[rank 1] epoch=84 train_batch=4000/15625 loss=2.762809
[rank 1] epoch=84 train_batch=6000/15625 loss=2.854106
[rank 1] epoch=84 train_batch=8000/15625 loss=2.842527
[rank 1] epoch=84 train_batch=10000/15625 loss=2.756867
[rank 1] epoch=84 train_batch=12000/15625 loss=2.880454
[rank 1] epoch=84 train_batch=14000/15625 loss=2.775223
[rank 1] epoch=85 train_batch=2000/15625 loss=2.802248
[rank 1] epoch=85 train_batch=4000/15625 loss=2.802523
[rank 1] epoch=85 train_batch=6000/15625 loss=2.808031
[rank 1] epoch=85 train_batch=8000/15625 loss=2.889899
[rank 1] epoch=85 train_batch=10000/15625 loss=2.792298
[rank 1] epoch=85 train_batch=12000/15625 loss=2.748364
[rank 1] epoch=85 train_batch=14000/15625 loss=2.802522
[rank 1] epoch=86 train_batch=2000/15625 loss=2.779447
[rank 1] epoch=86 train_batch=4000/15625 loss=2.794475
[rank 1] epoch=86 train_batch=6000/15625 loss=2.835494
[rank 1] epoch=86 train_batch=8000/15625 loss=2.795624
[rank 1] epoch=86 train_batch=10000/15625 loss=2.756111
[rank 1] epoch=86 train_batch=12000/15625 loss=2.878988
[rank 1] epoch=86 train_batch=14000/15625 loss=2.798835
[rank 1] epoch=87 train_batch=2000/15625 loss=2.777410
[rank 1] epoch=87 train_batch=4000/15625 loss=2.751876
[rank 1] epoch=87 train_batch=6000/15625 loss=2.833813
[rank 1] epoch=87 train_batch=8000/15625 loss=2.793551
[rank 1] epoch=87 train_batch=10000/15625 loss=2.816561
[rank 1] epoch=87 train_batch=12000/15625 loss=2.818625
[rank 1] epoch=87 train_batch=14000/15625 loss=2.815976
[rank 1] epoch=88 train_batch=2000/15625 loss=2.823184
[rank 1] epoch=88 train_batch=4000/15625 loss=2.794942
[rank 1] epoch=88 train_batch=6000/15625 loss=2.901638
[rank 1] epoch=88 train_batch=8000/15625 loss=2.776175
[rank 1] epoch=88 train_batch=10000/15625 loss=2.770986
[rank 1] epoch=88 train_batch=12000/15625 loss=2.772193
[rank 1] epoch=88 train_batch=14000/15625 loss=2.793577
[rank 1] epoch=89 train_batch=2000/15625 loss=2.777081
[rank 1] epoch=89 train_batch=4000/15625 loss=2.820763
[rank 1] epoch=89 train_batch=6000/15625 loss=2.837720
[rank 1] epoch=89 train_batch=8000/15625 loss=2.753308
[rank 1] epoch=89 train_batch=10000/15625 loss=2.780459
[rank 1] epoch=89 train_batch=12000/15625 loss=2.769468
[rank 1] epoch=89 train_batch=14000/15625 loss=2.739485
[rank 1] epoch=90 train_batch=2000/15625 loss=2.804139
[rank 1] epoch=90 train_batch=4000/15625 loss=2.756868
[rank 1] epoch=90 train_batch=6000/15625 loss=2.795559
[rank 1] epoch=90 train_batch=8000/15625 loss=2.800478
[rank 1] epoch=90 train_batch=10000/15625 loss=2.864329
[rank 1] epoch=90 train_batch=12000/15625 loss=2.779092
[rank 1] epoch=90 train_batch=14000/15625 loss=2.825768
[rank 1] epoch=91 train_batch=2000/15625 loss=2.770421
[rank 1] epoch=91 train_batch=4000/15625 loss=2.806777
[rank 1] epoch=91 train_batch=6000/15625 loss=2.825274
[rank 1] epoch=91 train_batch=8000/15625 loss=2.838918
[rank 1] epoch=91 train_batch=10000/15625 loss=2.827169
[rank 1] epoch=91 train_batch=12000/15625 loss=2.818620
[rank 1] epoch=91 train_batch=14000/15625 loss=2.756617
[rank 1] epoch=92 train_batch=2000/15625 loss=2.802302
[rank 1] epoch=92 train_batch=4000/15625 loss=2.809321
[rank 1] epoch=92 train_batch=6000/15625 loss=2.730809
[rank 1] epoch=92 train_batch=8000/15625 loss=2.859849
[rank 1] epoch=92 train_batch=10000/15625 loss=2.808127
[rank 1] epoch=92 train_batch=12000/15625 loss=2.821662
[rank 1] epoch=92 train_batch=14000/15625 loss=2.819059
[rank 1] epoch=93 train_batch=2000/15625 loss=2.997972
[rank 1] epoch=93 train_batch=4000/15625 loss=2.806036
[rank 1] epoch=93 train_batch=6000/15625 loss=2.800153
[rank 1] epoch=93 train_batch=8000/15625 loss=2.837061
[rank 1] epoch=93 train_batch=10000/15625 loss=2.746392
[rank 1] epoch=93 train_batch=12000/15625 loss=2.784287
[rank 1] epoch=93 train_batch=14000/15625 loss=2.808706
[rank 1] epoch=94 train_batch=2000/15625 loss=2.790595
[rank 1] epoch=94 train_batch=4000/15625 loss=2.764541
[rank 1] epoch=94 train_batch=6000/15625 loss=2.804445
[rank 1] epoch=94 train_batch=8000/15625 loss=2.855865
[rank 1] epoch=94 train_batch=10000/15625 loss=2.782590
[rank 1] epoch=94 train_batch=12000/15625 loss=2.865473
[rank 1] epoch=94 train_batch=14000/15625 loss=2.762173
[rank 1] epoch=95 train_batch=2000/15625 loss=2.816457
[rank 1] epoch=95 train_batch=4000/15625 loss=2.763880
[rank 1] epoch=95 train_batch=6000/15625 loss=2.842029
[rank 1] epoch=95 train_batch=8000/15625 loss=2.804823
[rank 1] epoch=95 train_batch=10000/15625 loss=2.775962
[rank 1] epoch=95 train_batch=12000/15625 loss=2.829956
[rank 1] epoch=95 train_batch=14000/15625 loss=2.825869
[rank 1] epoch=96 train_batch=2000/15625 loss=2.768515
[rank 1] epoch=96 train_batch=4000/15625 loss=2.772162
[rank 1] epoch=96 train_batch=6000/15625 loss=2.783899
[rank 1] epoch=96 train_batch=8000/15625 loss=2.845777
[rank 1] epoch=96 train_batch=10000/15625 loss=2.735565
[rank 1] epoch=96 train_batch=12000/15625 loss=2.771391
[rank 1] epoch=96 train_batch=14000/15625 loss=2.771088
[rank 1] epoch=97 train_batch=2000/15625 loss=2.779780
[rank 1] epoch=97 train_batch=4000/15625 loss=2.862569
[rank 1] epoch=97 train_batch=6000/15625 loss=2.802917
[rank 1] epoch=97 train_batch=8000/15625 loss=2.798993
[rank 1] epoch=97 train_batch=10000/15625 loss=2.834369
[rank 1] epoch=97 train_batch=12000/15625 loss=2.764669
[rank 1] epoch=97 train_batch=14000/15625 loss=2.770007
[rank 1] epoch=98 train_batch=2000/15625 loss=2.848617
[rank 1] epoch=98 train_batch=4000/15625 loss=2.767196
[rank 1] epoch=98 train_batch=6000/15625 loss=2.780600
[rank 1] epoch=98 train_batch=8000/15625 loss=2.865436
[rank 1] epoch=98 train_batch=10000/15625 loss=2.762711
[rank 1] epoch=98 train_batch=12000/15625 loss=2.724967
[rank 1] epoch=98 train_batch=14000/15625 loss=2.800806
[rank 1] epoch=99 train_batch=2000/15625 loss=2.725818
[rank 1] epoch=99 train_batch=4000/15625 loss=2.787000
[rank 1] epoch=99 train_batch=6000/15625 loss=2.772234
[rank 1] epoch=99 train_batch=8000/15625 loss=2.779898
[rank 1] epoch=99 train_batch=10000/15625 loss=2.850624
[rank 1] epoch=99 train_batch=12000/15625 loss=2.793586
[rank 1] epoch=99 train_batch=14000/15625 loss=2.766844
[rank 1] epoch=100 train_batch=2000/15625 loss=2.918323
[rank 1] epoch=100 train_batch=4000/15625 loss=2.792634
[rank 1] epoch=100 train_batch=6000/15625 loss=2.809878
[rank 1] epoch=100 train_batch=8000/15625 loss=2.787835
[rank 1] epoch=100 train_batch=10000/15625 loss=2.796821
[rank 1] epoch=100 train_batch=12000/15625 loss=2.924999
[rank 1] epoch=100 train_batch=14000/15625 loss=2.738222
[rank 1] epoch=101 train_batch=2000/15625 loss=2.828361
[rank 1] epoch=101 train_batch=4000/15625 loss=2.763508
[rank 1] epoch=101 train_batch=6000/15625 loss=3.035100
[rank 1] epoch=101 train_batch=8000/15625 loss=2.933634
[rank 1] epoch=101 train_batch=10000/15625 loss=2.843831
[rank 1] epoch=101 train_batch=12000/15625 loss=2.925970
[rank 1] epoch=101 train_batch=14000/15625 loss=2.862267
[rank 1] epoch=102 train_batch=2000/15625 loss=2.841307
[rank 1] epoch=102 train_batch=4000/15625 loss=2.816257
[rank 1] epoch=102 train_batch=6000/15625 loss=2.803719
[rank 1] epoch=102 train_batch=8000/15625 loss=2.771789
[rank 1] epoch=102 train_batch=10000/15625 loss=2.907465
[rank 1] epoch=102 train_batch=12000/15625 loss=2.815196
[rank 1] epoch=102 train_batch=14000/15625 loss=2.771244
[rank 1] epoch=103 train_batch=2000/15625 loss=2.844820
[rank 1] epoch=103 train_batch=4000/15625 loss=2.809754
[rank 1] epoch=103 train_batch=6000/15625 loss=2.852595
[rank 1] epoch=103 train_batch=8000/15625 loss=2.829968
[rank 1] epoch=103 train_batch=10000/15625 loss=2.765207
[rank 1] epoch=103 train_batch=12000/15625 loss=2.816491
[rank 1] epoch=103 train_batch=14000/15625 loss=2.776330
[rank 1] epoch=104 train_batch=2000/15625 loss=2.855115
[rank 1] epoch=104 train_batch=4000/15625 loss=2.832888
[rank 1] epoch=104 train_batch=6000/15625 loss=2.845555
[rank 1] epoch=104 train_batch=8000/15625 loss=2.806683
[rank 1] epoch=104 train_batch=10000/15625 loss=2.866442
[rank 1] epoch=104 train_batch=12000/15625 loss=2.871304
[rank 1] epoch=104 train_batch=14000/15625 loss=2.927875
[rank 1] epoch=105 train_batch=2000/15625 loss=2.820915
[rank 1] epoch=105 train_batch=4000/15625 loss=2.852341
[rank 1] epoch=105 train_batch=6000/15625 loss=2.782139
[rank 1] epoch=105 train_batch=8000/15625 loss=2.789278
[rank 1] epoch=105 train_batch=10000/15625 loss=2.893960
[rank 1] epoch=105 train_batch=12000/15625 loss=2.914472
[rank 1] epoch=105 train_batch=14000/15625 loss=2.891603
[rank 1] epoch=106 train_batch=2000/15625 loss=2.806608
[rank 1] epoch=106 train_batch=4000/15625 loss=2.924715
[rank 1] epoch=106 train_batch=6000/15625 loss=2.911058
[rank 1] epoch=106 train_batch=8000/15625 loss=2.984798
[rank 1] epoch=106 train_batch=10000/15625 loss=2.795392
[rank 1] epoch=106 train_batch=12000/15625 loss=2.853045
[rank 1] epoch=106 train_batch=14000/15625 loss=2.878215
[rank 1] epoch=107 train_batch=2000/15625 loss=2.769517
[rank 1] epoch=107 train_batch=4000/15625 loss=2.883133
[rank 1] epoch=107 train_batch=6000/15625 loss=2.790817
[rank 1] epoch=107 train_batch=8000/15625 loss=2.856880
[rank 1] epoch=107 train_batch=10000/15625 loss=2.813713
[rank 1] epoch=107 train_batch=12000/15625 loss=2.767841
[rank 1] epoch=107 train_batch=14000/15625 loss=2.954222
[rank 1] epoch=108 train_batch=2000/15625 loss=2.885717
[rank 1] epoch=108 train_batch=4000/15625 loss=2.867951
[rank 1] epoch=108 train_batch=6000/15625 loss=2.829445
[rank 1] epoch=108 train_batch=8000/15625 loss=2.763119
[rank 1] epoch=108 train_batch=10000/15625 loss=2.868343
[rank 1] epoch=108 train_batch=12000/15625 loss=2.830822
[rank 1] epoch=108 train_batch=14000/15625 loss=2.851288
[rank 1] epoch=109 train_batch=2000/15625 loss=2.863497
[rank 1] epoch=109 train_batch=4000/15625 loss=2.847808
[rank 1] epoch=109 train_batch=6000/15625 loss=2.857022
[rank 1] epoch=109 train_batch=8000/15625 loss=2.824596
[rank 1] epoch=109 train_batch=10000/15625 loss=2.786656
[rank 1] epoch=109 train_batch=12000/15625 loss=2.800517
[rank 1] epoch=109 train_batch=14000/15625 loss=2.799666
[rank 1] epoch=110 train_batch=2000/15625 loss=2.910789
[rank 1] epoch=110 train_batch=4000/15625 loss=2.818072
[rank 1] epoch=110 train_batch=6000/15625 loss=2.844116
[rank 1] epoch=110 train_batch=8000/15625 loss=2.812663
[rank 1] epoch=110 train_batch=10000/15625 loss=2.797069
[rank 1] epoch=110 train_batch=12000/15625 loss=2.795923
[rank 1] epoch=110 train_batch=14000/15625 loss=2.862625
[rank 1] epoch=111 train_batch=2000/15625 loss=2.789871
[rank 1] epoch=111 train_batch=4000/15625 loss=2.784969
[rank 1] epoch=111 train_batch=6000/15625 loss=2.746634
[rank 1] epoch=111 train_batch=8000/15625 loss=2.766995
[rank 1] epoch=111 train_batch=10000/15625 loss=2.822676
[rank 1] epoch=111 train_batch=12000/15625 loss=2.786659
[rank 1] epoch=111 train_batch=14000/15625 loss=2.698292
[rank 1] epoch=112 train_batch=2000/15625 loss=2.815714
[rank 1] epoch=112 train_batch=4000/15625 loss=2.918659
[rank 1] epoch=112 train_batch=6000/15625 loss=2.766051
