cuda:0
thetaphi at main: True
Loading dataset...
Using ILCStreamingDataset (shuffle_buffer=256, files_per_chunk=32, seed=1001)
ILCStreamingDataset: path=/data/suehara/mldata/pfa/murata/data/tc/eventCut/tc_singleParticles/train, files=401, events~=400120, shuffle_buffer=256, files_per_chunk=32
Using ILCStreamingDataset (shuffle_buffer=256, files_per_chunk=32, seed=1001)
ILCStreamingDataset: path=/data/suehara/mldata/pfa/murata/data/tc/eventCut/tc_singleParticles/validation, files=49, events~=48895, shuffle_buffer=256, files_per_chunk=32
Training dataset size:  400120
Validating dataset size:  48895
Batch size:  512
Loading GravNetModelMultiHead (heads=3, reg_heads=2, interaction=none)
restart period :  30
DDP scheduler setup: local_batch_size=128, local_epoch_size=101752, world_size=4
Training epoch 0
[1.32409406e-03 8.97885812e-05 2.35041821e-02 1.35148658e-04
 3.89093228e-03 3.73142890e-10 9.42501572e-03 2.30371519e-04
 2.85042047e-02 6.57453919e-10 1.19679560e-03 3.01757682e-04
 1.74456219e-02 5.06676932e-04 8.52501214e-04 3.05343288e-04
 1.59294460e-02 5.12018484e-04 2.37548064e-02 2.38934106e-04
 7.00433989e-04 2.01898968e-04 1.94385681e-03 7.36163007e-11
 3.67214799e-03 1.96183429e-04 1.22629495e-02 4.30609799e-10
 6.08363497e-04 1.76244176e-04 9.91421169e-03 3.00134587e-04
 5.38669764e-04 2.00934462e-04 1.04287734e-02 3.33199149e-04
 1.63849987e-02 2.06416455e-04 5.40577529e-04 1.74824291e-04
 1.56054268e-03 6.54609145e-11 2.85261358e-03 1.09010203e-04
 8.49644984e-03 1.99153822e-10 4.31335889e-04 1.27788004e-04
 6.91930725e-03 2.14094495e-04 3.90964354e-04 1.56629813e-04
 7.27374876e-03 2.52424290e-04 1.21770720e-02 1.66112284e-04
 4.19038020e-04 1.64406864e-04 5.31463612e-04 2.95818429e-11
 1.78397797e-03 5.97680428e-05 5.65454352e-03 1.06076035e-10
 2.79602018e-04 7.51767855e-05 4.55928109e-03 1.28441552e-04
 2.49592748e-04 9.30008999e-05 4.69520365e-03 1.53098527e-04
 7.93671853e-03 1.08179098e-04 2.96685800e-04 1.57797266e-04
 1.89071101e-02 5.43686665e-04 7.05013788e-04 3.44605319e-04
 1.24376493e-02 5.80736834e-04 5.87024600e-04 2.90459953e-04
 1.03691160e-02 4.85394644e-04 5.17586591e-04 2.44286522e-04
 8.65664880e-03 3.99908846e-04 5.79192268e-04 4.47219043e-04
 0.00000000e+00 0.00000000e+00 0.00000000e+00 0.00000000e+00
 0.00000000e+00 0.00000000e+00 0.00000000e+00 0.00000000e+00
 0.00000000e+00 0.00000000e+00 0.00000000e+00 0.00000000e+00
 0.00000000e+00 0.00000000e+00 0.00000000e+00 0.00000000e+00
 0.00000000e+00 0.00000000e+00 0.00000000e+00 0.00000000e+00
 0.00000000e+00 0.00000000e+00 0.00000000e+00 0.00000000e+00
 0.00000000e+00 0.00000000e+00 0.00000000e+00 0.00000000e+00
 0.00000000e+00 0.00000000e+00 0.00000000e+00 0.00000000e+00
 8.05145493e-03 6.47465940e-04 8.67887349e-03 1.34240128e-03
 1.09271349e-02 3.02515144e-03 0.00000000e+00 0.00000000e+00
 0.00000000e+00 0.00000000e+00 0.00000000e+00 0.00000000e+00
 0.00000000e+00 0.00000000e+00 0.00000000e+00 0.00000000e+00
 0.00000000e+00 0.00000000e+00]
train  L_V                   = +0.0139 (0.1%)
 train    L_V_attractive      = +0.0024 (0.0%)
 train      L_V_attractive_charged      = +0.0009 (0.0%)
 train      L_V_attractive_neutral      = +0.0015 (0.0%)
 train    L_V_repulsive       = +0.0115 (0.1%)
 train      L_V_repulsive_charged       = +0.0024 (0.0%)
 train      L_V_repulsive_neutral       = +0.0091 (0.1%)
 train    L_charged_cluster   = +0.0000 (0.0%)
 train  L_beta              = +1.4474 (15.4%)
 train    L_beta_noise        = +0.0000 (0.0%)
 train    L_beta_sig          = +0.4760 (5.1%)
 train    L_beta_suppress     = +0.0000 (0.0%)
 train    L_beta_track        = +0.9714 (10.3%)
 train      L_beta_norms_term   = -0.0880 (-0.9%)
 train      L_beta_logbeta_term = +0.5640 (6.0%)
 train  L_E   = +7.9607 (84.5%)
 train    L_E_charge = +0.0000 (0.0%)
 train    L_E_cond = +3.6535 (38.8%)
 train    L_E_cluster = +4.3073 (45.7%)
 train    L_E_w_photon   = +0.0000 (0.0%)
 train    L_E_w_charged_hadron   = +0.0000 (0.0%)
 train    L_E_w_neutral_hadron   = +0.0000 (0.0%)
 train    L_E_w_muon     = +0.0000 (0.0%)
 train    L_E_w_electron = +0.0000 (0.0%)
learning rate :  [0.00039890465297888624]
train loss :  1.013892650604248
test   L_V                   = +0.0081 (0.1%)
    L_V_attractive      = +0.0026 (0.0%)
      L_V_attractive_charged      = +0.0013 (0.0%)
      L_V_attractive_neutral      = +0.0013 (0.0%)
    L_V_repulsive       = +0.0055 (0.1%)
      L_V_repulsive_charged       = +0.0009 (0.0%)
      L_V_repulsive_neutral       = +0.0046 (0.0%)
    L_charged_cluster   = +0.0000 (0.0%)
  L_beta              = +1.6804 (17.5%)
    L_beta_noise        = +0.0000 (0.0%)
    L_beta_sig          = +0.6864 (7.1%)
    L_beta_suppress     = +0.0000 (0.0%)
    L_beta_track        = +0.9939 (10.3%)
      L_beta_norms_term   = -0.0357 (-0.4%)
      L_beta_logbeta_term = +0.7221 (7.5%)
  L_E   = +7.9356 (82.5%)
    L_E_charge = +0.0000 (0.0%)
    L_E_cond = +3.6386 (37.8%)
    L_E_cluster = +4.2969 (44.6%)
    L_E_w_photon   = +0.0000 (0.0%)
    L_E_w_charged_hadron   = +0.0000 (0.0%)
    L_E_w_neutral_hadron   = +0.0000 (0.0%)
    L_E_w_muon     = +0.0000 (0.0%)
    L_E_w_electron = +0.0000 (0.0%)
Returning 1.0081071853637695
Training epoch 1
[1.78289968e-02 2.28814914e-03 2.17063344e-01 2.65813399e-03
 8.08280917e-02 1.21343927e-08 6.25808830e-02 4.05977135e-03
 1.64372771e-01 2.21194648e-08 6.79074081e-03 1.92514161e-03
 7.14671807e-02 2.94592510e-03 4.54064767e-03 2.64520649e-03
 6.60708716e-02 3.65446437e-03 1.26660214e-01 3.51399239e-03
 6.52556046e-03 1.24032744e-03 4.47845434e-02 5.27710923e-09
 2.08080669e-02 1.37573756e-03 5.30314193e-02 3.23000314e-09
 3.06169002e-03 9.95625301e-04 4.00230282e-02 1.56129097e-03
 2.53923073e-03 1.47692881e-03 4.27103877e-02 2.09911423e-03
 8.90396314e-02 2.11936897e-03 3.90526851e-03 8.06525160e-04
 1.84525874e-02 1.68089537e-09 1.24158886e-02 6.10160458e-04
 2.99983280e-02 8.44714410e-10 1.74914139e-03 5.28622366e-04
 2.20339929e-02 8.20586696e-04 1.43421681e-03 9.00299485e-04
 2.20694414e-02 1.15670986e-03 4.44678806e-02 1.18888355e-03
 2.27081160e-03 7.77721987e-04 3.76723383e-03 3.06991156e-10
 8.47705692e-03 5.36263296e-04 1.94163768e-02 2.40152933e-10
 1.03467628e-03 3.11962215e-04 1.34355351e-02 4.77934915e-04
 8.66620731e-04 5.26500679e-04 1.37886138e-02 6.90086103e-04
 2.69813939e-02 6.31816124e-04 1.40686280e-03 5.84635943e-04
 7.79370586e-02 1.78869423e-03 4.80763636e-03 2.13649742e-03
 7.95315318e-02 3.51615855e-03 6.48701100e-03 3.20127461e-03
 1.17449584e-01 5.75217996e-03 1.26664201e-02 9.55705642e-03
 2.79139388e-01 1.71176196e-02 6.91017708e-02 1.50644375e-02
 0.00000000e+00 0.00000000e+00 0.00000000e+00 0.00000000e+00
 0.00000000e+00 0.00000000e+00 0.00000000e+00 0.00000000e+00
 0.00000000e+00 0.00000000e+00 0.00000000e+00 0.00000000e+00
 0.00000000e+00 0.00000000e+00 0.00000000e+00 0.00000000e+00
 0.00000000e+00 0.00000000e+00 0.00000000e+00 0.00000000e+00
 0.00000000e+00 0.00000000e+00 0.00000000e+00 0.00000000e+00
 0.00000000e+00 0.00000000e+00 0.00000000e+00 0.00000000e+00
 0.00000000e+00 0.00000000e+00 0.00000000e+00 0.00000000e+00
 1.43036353e+00 2.93868074e-02 3.77205549e+00 1.50538800e-01
 5.21452381e+00 1.16458130e-02 0.00000000e+00 0.00000000e+00
 0.00000000e+00 0.00000000e+00 0.00000000e+00 0.00000000e+00
 0.00000000e+00 0.00000000e+00 0.00000000e+00 0.00000000e+00
 0.00000000e+00 0.00000000e+00]
train  L_V                   = +0.0659 (0.8%)
 train    L_V_attractive      = +0.0032 (0.0%)
 train      L_V_attractive_charged      = +0.0026 (0.0%)
 train      L_V_attractive_neutral      = +0.0007 (0.0%)
 train    L_V_repulsive       = +0.0627 (0.8%)
 train      L_V_repulsive_charged       = +0.0163 (0.2%)
 train      L_V_repulsive_neutral       = +0.0464 (0.6%)
 train    L_charged_cluster   = +0.0000 (0.0%)
 train  L_beta              = -0.2316 (-3.0%)
 train    L_beta_noise        = +0.0000 (0.0%)
 train    L_beta_sig          = -0.9040 (-11.6%)
 train    L_beta_suppress     = +0.0000 (0.0%)
 train    L_beta_track        = +0.6724 (8.6%)
 train      L_beta_norms_term   = -0.9254 (-11.8%)
 train      L_beta_logbeta_term = +0.0214 (0.3%)
 train  L_E   = +7.9758 (102.1%)
 train    L_E_charge = +0.0000 (0.0%)
 train    L_E_cond = +3.6503 (46.7%)
 train    L_E_cluster = +4.3255 (55.4%)
 train    L_E_w_photon   = +0.0000 (0.0%)
 train    L_E_w_charged_hadron   = +0.0000 (0.0%)
 train    L_E_w_neutral_hadron   = +0.0000 (0.0%)
 train    L_E_w_muon     = +0.0000 (0.0%)
 train    L_E_w_electron = +0.0000 (0.0%)
learning rate :  [0.00039890465297888624, 0.00039563061276672447]
train loss :  0.8343780636787415
test   L_V                   = +0.0513 (0.7%)
    L_V_attractive      = +0.0022 (0.0%)
      L_V_attractive_charged      = +0.0017 (0.0%)
      L_V_attractive_neutral      = +0.0005 (0.0%)
    L_V_repulsive       = +0.0491 (0.6%)
      L_V_repulsive_charged       = +0.0091 (0.1%)
      L_V_repulsive_neutral       = +0.0401 (0.5%)
    L_charged_cluster   = +0.0000 (0.0%)
  L_beta              = -0.2682 (-3.4%)
    L_beta_noise        = +0.0000 (0.0%)
    L_beta_sig          = -0.9187 (-11.8%)
    L_beta_suppress     = +0.0000 (0.0%)
    L_beta_track        = +0.6505 (8.3%)
      L_beta_norms_term   = -0.9375 (-12.0%)
      L_beta_logbeta_term = +0.0187 (0.2%)
  L_E   = +8.0259 (102.8%)
    L_E_charge = +0.0000 (0.0%)
    L_E_cond = +3.6367 (46.6%)
    L_E_cluster = +4.3892 (56.2%)
    L_E_w_photon   = +0.0000 (0.0%)
    L_E_w_charged_hadron   = +0.0000 (0.0%)
    L_E_w_neutral_hadron   = +0.0000 (0.0%)
    L_E_w_muon     = +0.0000 (0.0%)
    L_E_w_electron = +0.0000 (0.0%)
Returning 0.7830730080604553
Training epoch 2
[6.13797485e-01 3.80218478e-02 3.70963585e+00 3.79151989e-02
 9.75411948e-01 3.09448985e-07 1.07578187e+00 4.70256254e-02
 2.52808676e+00 7.63271201e-08 1.85755280e-01 7.63480355e-02
 1.91394912e+00 1.03100378e-01 1.49176317e-01 1.16590693e-01
 1.90026961e+00 1.29685383e-01 4.25153956e+00 1.53730474e-01
 2.08073244e-01 6.55041134e-02 5.12724202e-01 5.91686109e-08
 4.72519536e-01 2.75964487e-02 8.94810009e-01 4.39039666e-08
 6.46305987e-02 3.62002692e-02 7.37368276e-01 4.24814584e-02
 5.40155397e-02 4.31503665e-02 6.89966181e-01 5.09349182e-02
 1.59408126e+00 5.77778915e-02 1.14993146e-01 5.70744881e-02
 1.73982501e-01 1.31388459e-08 3.08088052e-01 1.22523928e-02
 5.66895002e-01 1.47571628e-08 4.34974781e-02 2.05521021e-02
 4.41657655e-01 2.12668980e-02 3.55288561e-02 3.01372834e-02
 4.59562487e-01 3.20606009e-02 1.11975433e+00 4.18720490e-02
 9.73148058e-02 5.33392662e-02 7.30101672e-02 5.12863762e-09
 1.91933906e-01 5.32633484e-03 3.63525062e-01 5.88740475e-09
 2.39585138e-02 1.13478201e-02 2.90969962e-01 1.31929505e-02
 2.15159496e-02 1.78645098e-02 3.04874799e-01 2.07857389e-02
 8.32330003e-01 3.13371385e-02 8.16236673e-02 5.27450879e-02
 1.94616730e-01 3.50228255e-03 8.43331258e-03 2.01214731e-03
 9.94486868e-02 3.06255520e-03 6.15010036e-03 1.86134764e-03
 8.24790553e-02 3.04717368e-03 7.50690321e-03 4.37625867e-03
 1.49497019e-01 7.94324923e-03 3.80876114e-02 7.04282956e-03
 2.66145658e+00 6.80059674e-02 7.45442999e-02 3.70988034e-02
 1.02931269e+00 5.35724751e-02 5.65967068e-02 3.37733399e-02
 8.48721444e-01 4.35523651e-02 6.36028305e-02 4.23945402e-02
 9.13517803e-01 4.51713433e-02 1.60108949e-01 6.48018942e-02
 5.21314780e+00 1.62067365e-01 1.76505462e-01 1.07924589e-01
 3.43148492e+00 1.80697473e-01 1.74840997e-01 1.09436600e-01
 3.41080392e+00 1.79902042e-01 1.94181551e-01 1.30423845e-01
 3.83394916e+00 2.19107141e-01 3.55533655e-01 4.17222416e-01
 7.85108553e-01 1.40526182e-02 2.13685473e+00 7.71530695e-02
 3.26852500e+00 9.05903211e-03 1.61245852e+00 2.42331115e-02
 1.39186215e+00 1.88715782e-02 1.88223596e+00 2.69146386e-02
 6.65570721e+00 9.08812058e-01 9.86264154e+00 4.74337593e+00
 1.69442933e+01 7.89122979e+00]
train  L_V                   = +0.1053 (2.6%)
 train    L_V_attractive      = +0.0003 (0.0%)
 train      L_V_attractive_charged      = +0.0002 (0.0%)
 train      L_V_attractive_neutral      = +0.0001 (0.0%)
 train    L_V_repulsive       = +0.1050 (2.6%)
 train      L_V_repulsive_charged       = +0.0316 (0.8%)
 train      L_V_repulsive_neutral       = +0.0734 (1.8%)
 train    L_charged_cluster   = +0.0000 (0.0%)
 train  L_beta              = -0.2492 (-6.1%)
 train    L_beta_noise        = +0.0000 (0.0%)
 train    L_beta_sig          = -0.9189 (-22.3%)
 train    L_beta_suppress     = +0.0000 (0.0%)
 train    L_beta_track        = +0.6697 (16.3%)
 train      L_beta_norms_term   = -0.9391 (-22.8%)
 train      L_beta_logbeta_term = +0.0203 (0.5%)
 train  L_E   = +4.2573 (103.5%)
 train    L_E_charge = +0.0000 (0.0%)
 train    L_E_cond = +2.4161 (58.7%)
 train    L_E_cluster = +1.8412 (44.8%)
 train    L_E_w_photon   = +0.0000 (0.0%)
 train    L_E_w_charged_hadron   = +0.0000 (0.0%)
 train    L_E_w_neutral_hadron   = +0.0000 (0.0%)
 train    L_E_w_muon     = +0.0000 (0.0%)
 train    L_E_w_electron = +0.0000 (0.0%)
learning rate :  [0.00039890465297888624, 0.00039563061276672447, 0.000390213750433216]
train loss :  5.113447189331055
test   L_V                   = +0.0839 (2.1%)
    L_V_attractive      = +0.0001 (0.0%)
      L_V_attractive_charged      = +0.0001 (0.0%)
      L_V_attractive_neutral      = +0.0000 (0.0%)
    L_V_repulsive       = +0.0838 (2.1%)
      L_V_repulsive_charged       = +0.0243 (0.6%)
      L_V_repulsive_neutral       = +0.0595 (1.5%)
    L_charged_cluster   = +0.0000 (0.0%)
  L_beta              = -0.2546 (-6.5%)
    L_beta_noise        = +0.0000 (0.0%)
    L_beta_sig          = -0.9069 (-23.1%)
    L_beta_suppress     = +0.0000 (0.0%)
    L_beta_track        = +0.6523 (16.6%)
      L_beta_norms_term   = -0.9303 (-23.7%)
      L_beta_logbeta_term = +0.0234 (0.6%)
  L_E   = +4.0891 (104.4%)
    L_E_charge = +0.0000 (0.0%)
    L_E_cond = +2.1261 (54.3%)
    L_E_cluster = +1.9630 (50.1%)
    L_E_w_photon   = +0.0000 (0.0%)
    L_E_w_charged_hadron   = +0.0000 (0.0%)
    L_E_w_neutral_hadron   = +0.0000 (0.0%)
    L_E_w_muon     = +0.0000 (0.0%)
    L_E_w_electron = +0.0000 (0.0%)
Returning 4.918377876281738
Training epoch 3
[7.45580626e-01 6.14025283e-02 4.81467457e+00 4.54150512e-02
 2.00528222e+00 4.53618969e-07 1.12238561e+00 5.10365879e-02
 2.56756250e+00 1.26533973e-07 2.06933120e-01 8.80118903e-02
 1.95102065e+00 1.14048611e-01 1.56473317e-01 1.11795295e-01
 1.89609496e+00 1.26085497e-01 3.76678460e+00 1.40864622e-01
 1.96629603e-01 4.32467282e-02 4.31899874e-01 7.79667281e-08
 5.46714708e-01 2.65905926e-02 1.06068072e+00 4.44476641e-08
 8.39457606e-02 4.66415518e-02 1.04850900e+00 5.64407283e-02
 6.46418209e-02 3.57093669e-02 7.49312794e-01 4.37925727e-02
 1.11233802e+00 3.72224664e-02 7.69290022e-02 3.00354120e-02
 1.37774254e-01 1.20546725e-08 1.85822252e-01 8.92821112e-03
 3.15622267e-01 1.37589685e-08 2.87422663e-02 1.65130942e-02
 2.62151457e-01 1.50043186e-02 2.24273262e-02 2.25577213e-02
 2.63070395e-01 2.01063891e-02 5.44990711e-01 2.12869496e-02
 5.37397682e-02 2.34192171e-02 8.38917267e-02 1.47507253e-08
 9.30162712e-02 2.96261560e-03 1.61321671e-01 4.13370430e-09
 1.14641474e-02 7.17072219e-03 1.48105271e-01 7.00838781e-03
 1.04626175e-02 8.47806192e-03 1.47021617e-01 9.27960228e-03
 3.35829226e-01 1.17077870e-02 3.79576510e-02 2.40537341e-02
 1.09635882e-01 2.02820083e-03 5.48796330e-03 1.40797209e-03
 5.55878598e-02 2.22938175e-03 4.47992362e-03 1.37684611e-03
 5.96652806e-02 2.32614842e-03 5.73773860e-03 3.23481789e-03
 1.22842906e-01 6.36882243e-03 3.66183930e-02 5.19954486e-03
 2.34521763e+00 4.68683139e-02 8.30374080e-02 3.95458562e-02
 9.87181272e-01 5.15417921e-02 6.04596874e-02 4.12275471e-02
 8.77111259e-01 5.03859012e-02 8.24788103e-02 6.11881514e-02
 1.15224165e+00 6.22719556e-02 2.49017287e-01 1.16378474e-01
 2.27540321e+00 6.40074108e-02 8.05212599e-02 5.28089398e-02
 1.47039775e+00 8.01624095e-02 8.09122578e-02 6.01345531e-02
 1.54035903e+00 9.06841356e-02 1.14184009e-01 8.81777454e-02
 2.11736835e+00 1.39174971e-01 3.35394206e-01 3.83654454e-01
 7.79681947e-01 1.06739467e-02 2.16686911e+00 6.83260881e-02
 2.90234013e+00 5.79313583e-03 2.33097082e+00 3.78847973e-02
 1.92082639e+00 2.74613513e-02 2.55516340e+00 3.57962173e-02
 5.52610794e+00 8.56572912e-01 1.01999621e+01 6.11494315e+00
 1.88707641e+01 8.66889672e+00]
train  L_V                   = +0.0972 (2.9%)
 train    L_V_attractive      = +0.0001 (0.0%)
 train      L_V_attractive_charged      = +0.0001 (0.0%)
 train      L_V_attractive_neutral      = +0.0000 (0.0%)
 train    L_V_repulsive       = +0.0971 (2.9%)
 train      L_V_repulsive_charged       = +0.0299 (0.9%)
 train      L_V_repulsive_neutral       = +0.0673 (2.0%)
 train    L_charged_cluster   = +0.0000 (0.0%)
 train  L_beta              = -0.2589 (-7.8%)
 train    L_beta_noise        = +0.0000 (0.0%)
 train    L_beta_sig          = -0.9271 (-27.9%)
 train    L_beta_suppress     = +0.0000 (0.0%)
 train    L_beta_track        = +0.6683 (20.1%)
 train      L_beta_norms_term   = -0.9456 (-28.4%)
 train      L_beta_logbeta_term = +0.0185 (0.6%)
 train  L_E   = +3.4871 (104.9%)
 train    L_E_charge = +0.0000 (0.0%)
 train    L_E_cond = +1.9199 (57.7%)
 train    L_E_cluster = +1.5672 (47.1%)
 train    L_E_w_photon   = +0.0000 (0.0%)
 train    L_E_w_charged_hadron   = +0.0000 (0.0%)
 train    L_E_w_neutral_hadron   = +0.0000 (0.0%)
 train    L_E_w_muon     = +0.0000 (0.0%)
 train    L_E_w_electron = +0.0000 (0.0%)
learning rate :  [0.00039890465297888624, 0.00039563061276672447, 0.000390213750433216, 0.00038271341425563806]
train loss :  4.32547664642334
test   L_V                   = +0.0853 (2.9%)
    L_V_attractive      = +0.0003 (0.0%)
      L_V_attractive_charged      = +0.0002 (0.0%)
      L_V_attractive_neutral      = +0.0001 (0.0%)
    L_V_repulsive       = +0.0851 (2.9%)
      L_V_repulsive_charged       = +0.0266 (0.9%)
      L_V_repulsive_neutral       = +0.0585 (2.0%)
    L_charged_cluster   = +0.0000 (0.0%)
  L_beta              = -0.2655 (-8.9%)
    L_beta_noise        = +0.0000 (0.0%)
    L_beta_sig          = -0.9161 (-30.8%)
    L_beta_suppress     = +0.0000 (0.0%)
    L_beta_track        = +0.6506 (21.9%)
      L_beta_norms_term   = -0.9369 (-31.5%)
      L_beta_logbeta_term = +0.0208 (0.7%)
  L_E   = +3.1502 (106.1%)
    L_E_charge = +0.0000 (0.0%)
    L_E_cond = +1.6533 (55.7%)
    L_E_cluster = +1.4969 (50.4%)
    L_E_w_photon   = +0.0000 (0.0%)
    L_E_w_charged_hadron   = +0.0000 (0.0%)
    L_E_w_neutral_hadron   = +0.0000 (0.0%)
    L_E_w_muon     = +0.0000 (0.0%)
    L_E_w_electron = +0.0000 (0.0%)
Returning 3.9699831008911133
Training epoch 4
[8.98086930e-01 6.78479038e-02 6.46111894e+00 5.60375212e-02
 2.75940978e+00 5.16443115e-07 1.32909412e+00 6.47719048e-02
 3.17242903e+00 2.70763201e-07 2.60827510e-01 1.18879117e-01
 2.42487371e+00 1.42728220e-01 1.92084324e-01 1.35070150e-01
 2.22936962e+00 1.51616147e-01 4.34582498e+00 1.65421047e-01
 2.41057471e-01 5.61901271e-02 5.86700805e-01 1.50450782e-07
 8.14437054e-01 4.06701480e-02 1.34859026e+00 6.88077536e-08
 1.05597372e-01 6.28446098e-02 1.23520808e+00 7.69752369e-02
 9.50716597e-02 5.01722558e-02 1.07510664e+00 6.09658142e-02
 1.31088064e+00 3.90229048e-02 9.05477601e-02 2.98087985e-02
 2.07417407e-01 2.81476447e-08 2.16307078e-01 1.14496286e-02
 3.43457999e-01 3.53294173e-08 3.02511762e-02 1.67223055e-02
 3.03375337e-01 1.78920688e-02 2.70874131e-02 2.57695811e-02
 3.35674028e-01 2.44177299e-02 5.63769943e-01 2.24204970e-02
 5.35389689e-02 2.13023734e-02 1.08297282e-01 2.83927918e-08
 1.42990516e-01 4.59755838e-03 2.11685017e-01 6.78143254e-09
 1.48303100e-02 8.54362792e-03 1.82400790e-01 9.62765541e-03
 1.57050222e-02 1.02735133e-02 2.12473731e-01 1.16942892e-02
 3.99989304e-01 1.24980126e-02 3.80560130e-02 2.20921886e-02
 9.26251427e-02 1.68086198e-03 4.60876021e-03 1.36949578e-03
 4.97128912e-02 2.10401279e-03 4.51363038e-03 1.34667832e-03
 5.64919714e-02 2.12126248e-03 5.37128608e-03 2.86913878e-03
 1.09365984e-01 5.55063139e-03 3.18032388e-02 4.65414827e-03
 2.50709650e+00 4.88518205e-02 8.30683938e-02 4.29835057e-02
 9.59572154e-01 5.11787345e-02 6.19065703e-02 4.50653488e-02
 8.31791748e-01 5.20586217e-02 8.60780435e-02 7.37073549e-02
 1.15133687e+00 6.84608764e-02 2.95603614e-01 1.36430778e-01
 2.13843334e+00 5.46075229e-02 7.40750647e-02 4.73349841e-02
 1.28176448e+00 6.96927963e-02 7.15071121e-02 5.08618178e-02
 1.26553171e+00 7.37519476e-02 9.24214242e-02 7.81822670e-02
 1.72307710e+00 1.20580443e-01 3.36488830e-01 3.99267998e-01
 6.75679632e-01 9.35851571e-03 1.87993259e+00 6.19957088e-02
 2.57711462e+00 5.69945666e-03 2.60492348e+00 4.36123303e-02
 2.16922695e+00 3.09864452e-02 2.94927821e+00 3.95802477e-02
 5.05917341e+00 8.62076546e-01 9.77626250e+00 6.35526994e+00
 1.89990820e+01 8.73713495e+00]
train  L_V                   = +0.0992 (3.2%)
 train    L_V_attractive      = +0.0001 (0.0%)
 train      L_V_attractive_charged      = +0.0000 (0.0%)
 train      L_V_attractive_neutral      = +0.0000 (0.0%)
 train    L_V_repulsive       = +0.0991 (3.2%)
 train      L_V_repulsive_charged       = +0.0313 (1.0%)
 train      L_V_repulsive_neutral       = +0.0678 (2.2%)
 train    L_charged_cluster   = +0.0000 (0.0%)
 train  L_beta              = -0.2595 (-8.3%)
 train    L_beta_noise        = +0.0000 (0.0%)
 train    L_beta_sig          = -0.9281 (-29.6%)
 train    L_beta_suppress     = +0.0000 (0.0%)
 train    L_beta_track        = +0.6686 (21.3%)
 train      L_beta_norms_term   = -0.9463 (-30.1%)
 train      L_beta_logbeta_term = +0.0182 (0.6%)
 train  L_E   = +3.2997 (105.1%)
 train    L_E_charge = +0.0000 (0.0%)
 train    L_E_cond = +1.7759 (56.6%)
 train    L_E_cluster = +1.5238 (48.5%)
 train    L_E_w_photon   = +0.0000 (0.0%)
 train    L_E_w_charged_hadron   = +0.0000 (0.0%)
 train    L_E_w_neutral_hadron   = +0.0000 (0.0%)
 train    L_E_w_muon     = +0.0000 (0.0%)
 train    L_E_w_electron = +0.0000 (0.0%)
learning rate :  [0.00039890465297888624, 0.00039563061276672447, 0.000390213750433216, 0.00038271341425563806, 0.0003732117794866986]
train loss :  4.139412879943848
test   L_V                   = +0.0961 (3.0%)
    L_V_attractive      = +0.0001 (0.0%)
      L_V_attractive_charged      = +0.0000 (0.0%)
      L_V_attractive_neutral      = +0.0000 (0.0%)
    L_V_repulsive       = +0.0960 (3.0%)
      L_V_repulsive_charged       = +0.0273 (0.9%)
      L_V_repulsive_neutral       = +0.0687 (2.2%)
    L_charged_cluster   = +0.0000 (0.0%)
  L_beta              = -0.2752 (-8.7%)
    L_beta_noise        = +0.0000 (0.0%)
    L_beta_sig          = -0.9254 (-29.3%)
    L_beta_suppress     = +0.0000 (0.0%)
    L_beta_track        = +0.6501 (20.6%)
      L_beta_norms_term   = -0.9450 (-29.9%)
      L_beta_logbeta_term = +0.0196 (0.6%)
  L_E   = +3.3415 (105.7%)
    L_E_charge = +0.0000 (0.0%)
    L_E_cond = +1.8343 (58.0%)
    L_E_cluster = +1.5072 (47.7%)
    L_E_w_photon   = +0.0000 (0.0%)
    L_E_w_charged_hadron   = +0.0000 (0.0%)
    L_E_w_neutral_hadron   = +0.0000 (0.0%)
    L_E_w_muon     = +0.0000 (0.0%)
    L_E_w_electron = +0.0000 (0.0%)
Returning 4.162370204925537
Exception ignored in: <function _MultiProcessingDataLoaderIter.__del__ at 0x7af5be8e8280>
Traceback (most recent call last):
  File "/opt/pyenv/versions/3.9.18/lib/python3.9/site-packages/torch/utils/data/dataloader.py", line 1479, in __del__
    self._shutdown_workers()
  File "/opt/pyenv/versions/3.9.18/lib/python3.9/site-packages/torch/utils/data/dataloader.py", line 1443, in _shutdown_workers
    w.join(timeout=_utils.MP_STATUS_CHECK_INTERVAL)
  File "/opt/pyenv/versions/3.9.18/lib/python3.9/multiprocessing/process.py", line 149, in join
    res = self._popen.wait(timeout)
  File "/opt/pyenv/versions/3.9.18/lib/python3.9/multiprocessing/popen_fork.py", line 40, in wait
    if not wait([self.sentinel], timeout):
  File "/opt/pyenv/versions/3.9.18/lib/python3.9/multiprocessing/connection.py", line 931, in wait
    ready = selector.select(timeout)
  File "/opt/pyenv/versions/3.9.18/lib/python3.9/selectors.py", line 416, in select
    fd_event_list = self._selector.poll(timeout)
KeyboardInterrupt: 
Process SpawnProcess-1:
Traceback (most recent call last):
  File "/opt/pyenv/versions/3.9.18/lib/python3.9/multiprocessing/process.py", line 318, in _bootstrap
    util._exit_function()
  File "/opt/pyenv/versions/3.9.18/lib/python3.9/multiprocessing/util.py", line 357, in _exit_function
    p.join()
  File "/opt/pyenv/versions/3.9.18/lib/python3.9/multiprocessing/process.py", line 149, in join
    res = self._popen.wait(timeout)
  File "/opt/pyenv/versions/3.9.18/lib/python3.9/multiprocessing/popen_fork.py", line 43, in wait
    return self.poll(os.WNOHANG if timeout == 0.0 else 0)
  File "/opt/pyenv/versions/3.9.18/lib/python3.9/multiprocessing/popen_fork.py", line 27, in poll
    pid, sts = os.waitpid(self.pid, flag)
KeyboardInterrupt
