cuda:2
thetaphi at main: True
Loading dataset...
Extended H5: retain valid unknown-truth inputs; supervised loss is masked; exclude_gap_hits=True; detector_one_hot=True
Using ILCStreamingDataset (shuffle_buffer=256, files_per_chunk=32, seed=1001)
ILCStreamingDataset: path=/data/suehara/mldata/pfa/murata/data/tc/tc_nnqq_2M_nobrems/train, files=1960, events~=1960000, shuffle_buffer=256, files_per_chunk=32
Extended H5: retain valid unknown-truth inputs; supervised loss is masked; exclude_gap_hits=True; detector_one_hot=True
Using ILCStreamingDataset (shuffle_buffer=256, files_per_chunk=32, seed=1001)
ILCStreamingDataset: path=/data/suehara/mldata/pfa/murata/data/tc/tc_nnqq_2M_nobrems/validation, files=20, events~=20000, shuffle_buffer=256, files_per_chunk=32
Training dataset size:  1960000
Validating dataset size:  20000
Batch size:  128
Loading GravNetModelMultiHead (heads=6, reg_heads=5, interaction=none)
KNN backend=event-parallel GravNet_layers=4
restart period :  30
[rank 2] epoch=0 train_batch=2000/15313 loss=1.483508
[rank 2] epoch=0 train_batch=4000/15313 loss=1.394324
[rank 2] epoch=0 train_batch=6000/15313 loss=1.428918
[rank 2] epoch=0 train_batch=8000/15313 loss=1.486598
[rank 2] epoch=0 train_batch=10000/15313 loss=1.408144
[rank 2] epoch=0 train_batch=12000/15313 loss=1.444896
[rank 2] epoch=0 train_batch=14000/15313 loss=1.394529
[rank 2] epoch=1 train_batch=2000/15313 loss=1.349155
[rank 2] epoch=1 train_batch=4000/15313 loss=1.372587
[rank 2] epoch=1 train_batch=6000/15313 loss=1.382780
[rank 2] epoch=1 train_batch=8000/15313 loss=1.350290
[rank 2] epoch=1 train_batch=10000/15313 loss=1.322505
[rank 2] epoch=1 train_batch=12000/15313 loss=1.300267
[rank 2] epoch=1 train_batch=14000/15313 loss=1.326465
[rank 2] epoch=2 train_batch=2000/15313 loss=1.696533
[rank 2] epoch=2 train_batch=4000/15313 loss=1.710765
[rank 2] epoch=2 train_batch=6000/15313 loss=1.542860
[rank 2] epoch=2 train_batch=8000/15313 loss=1.494223
[rank 2] epoch=2 train_batch=10000/15313 loss=1.506176
[rank 2] epoch=2 train_batch=12000/15313 loss=1.611431
[rank 2] epoch=2 train_batch=14000/15313 loss=1.457210
[rank 2] epoch=3 train_batch=2000/15313 loss=1.563410
[rank 2] epoch=3 train_batch=4000/15313 loss=1.500538
[rank 2] epoch=3 train_batch=6000/15313 loss=1.429803
[rank 2] epoch=3 train_batch=8000/15313 loss=1.468933
[rank 2] epoch=3 train_batch=10000/15313 loss=1.479151
[rank 2] epoch=3 train_batch=12000/15313 loss=1.557622
[rank 2] epoch=3 train_batch=14000/15313 loss=1.387517
[rank 2] epoch=4 train_batch=2000/15313 loss=1.602020
[rank 2] epoch=4 train_batch=4000/15313 loss=1.566016
[rank 2] epoch=4 train_batch=6000/15313 loss=1.612776
[rank 2] epoch=4 train_batch=8000/15313 loss=1.527559
[rank 2] epoch=4 train_batch=10000/15313 loss=1.548498
[rank 2] epoch=4 train_batch=12000/15313 loss=1.614119
[rank 2] epoch=4 train_batch=14000/15313 loss=1.640413
[rank 2] epoch=5 train_batch=2000/15313 loss=1.566067
[rank 2] epoch=5 train_batch=4000/15313 loss=1.468505
[rank 2] epoch=5 train_batch=6000/15313 loss=1.500704
[rank 2] epoch=5 train_batch=8000/15313 loss=1.526417
[rank 2] epoch=5 train_batch=10000/15313 loss=1.582841
[rank 2] epoch=5 train_batch=12000/15313 loss=1.546625
[rank 2] epoch=5 train_batch=14000/15313 loss=1.602868
[rank 2] epoch=6 train_batch=2000/15313 loss=1.583568
[rank 2] epoch=6 train_batch=4000/15313 loss=1.591923
[rank 2] epoch=6 train_batch=6000/15313 loss=1.536696
[rank 2] epoch=6 train_batch=8000/15313 loss=1.518871
[rank 2] epoch=6 train_batch=10000/15313 loss=1.590277
[rank 2] epoch=6 train_batch=12000/15313 loss=1.598976
[rank 2] epoch=6 train_batch=14000/15313 loss=1.462378
[rank 2] epoch=7 train_batch=2000/15313 loss=1.484170
[rank 2] epoch=7 train_batch=4000/15313 loss=1.484845
[rank 2] epoch=7 train_batch=6000/15313 loss=1.556835
[rank 2] epoch=7 train_batch=8000/15313 loss=1.594980
[rank 2] epoch=7 train_batch=10000/15313 loss=1.588140
[rank 2] epoch=7 train_batch=12000/15313 loss=1.521859
[rank 2] epoch=7 train_batch=14000/15313 loss=1.551489
[rank 2] epoch=8 train_batch=2000/15313 loss=1.485448
[rank 2] epoch=8 train_batch=4000/15313 loss=1.519242
[rank 2] epoch=8 train_batch=6000/15313 loss=1.466362
[rank 2] epoch=8 train_batch=8000/15313 loss=1.462193
[rank 2] epoch=8 train_batch=10000/15313 loss=1.483108
[rank 2] epoch=8 train_batch=12000/15313 loss=1.384576
[rank 2] epoch=8 train_batch=14000/15313 loss=1.494258
[rank 2] epoch=9 train_batch=2000/15313 loss=1.455796
[rank 2] epoch=9 train_batch=4000/15313 loss=1.386966
[rank 2] epoch=9 train_batch=6000/15313 loss=1.466692
[rank 2] epoch=9 train_batch=8000/15313 loss=1.489343
[rank 2] epoch=9 train_batch=10000/15313 loss=1.623749
[rank 2] epoch=9 train_batch=12000/15313 loss=1.481651
[rank 2] epoch=9 train_batch=14000/15313 loss=1.521179
[rank 2] epoch=10 train_batch=2000/15313 loss=1.376919
[rank 2] epoch=10 train_batch=4000/15313 loss=1.414204
[rank 2] epoch=10 train_batch=6000/15313 loss=1.427861
[rank 2] epoch=10 train_batch=8000/15313 loss=1.398953
[rank 2] epoch=10 train_batch=10000/15313 loss=1.427688
[rank 2] epoch=10 train_batch=12000/15313 loss=1.490022
[rank 2] epoch=10 train_batch=14000/15313 loss=1.393797
[rank 2] epoch=11 train_batch=2000/15313 loss=1.420710
[rank 2] epoch=11 train_batch=4000/15313 loss=1.391350
[rank 2] epoch=11 train_batch=6000/15313 loss=1.443468
[rank 2] epoch=11 train_batch=8000/15313 loss=1.449250
[rank 2] epoch=11 train_batch=10000/15313 loss=1.419595
[rank 2] epoch=11 train_batch=12000/15313 loss=1.454007
[rank 2] epoch=11 train_batch=14000/15313 loss=1.408775
[rank 2] epoch=12 train_batch=2000/15313 loss=1.470878
[rank 2] epoch=12 train_batch=4000/15313 loss=1.413284
[rank 2] epoch=12 train_batch=6000/15313 loss=1.439307
[rank 2] epoch=12 train_batch=8000/15313 loss=1.370203
[rank 2] epoch=12 train_batch=10000/15313 loss=1.447835
[rank 2] epoch=12 train_batch=12000/15313 loss=1.389272
[rank 2] epoch=12 train_batch=14000/15313 loss=1.312345
[rank 2] epoch=13 train_batch=2000/15313 loss=1.419903
[rank 2] epoch=13 train_batch=4000/15313 loss=1.431385
[rank 2] epoch=13 train_batch=6000/15313 loss=1.525423
[rank 2] epoch=13 train_batch=8000/15313 loss=1.467416
[rank 2] epoch=13 train_batch=10000/15313 loss=1.483802
[rank 2] epoch=13 train_batch=12000/15313 loss=1.392285
[rank 2] epoch=13 train_batch=14000/15313 loss=1.447398
[rank 2] epoch=14 train_batch=2000/15313 loss=1.429008
[rank 2] epoch=14 train_batch=4000/15313 loss=1.426618
[rank 2] epoch=14 train_batch=6000/15313 loss=1.519000
[rank 2] epoch=14 train_batch=8000/15313 loss=1.473959
[rank 2] epoch=14 train_batch=10000/15313 loss=1.427337
[rank 2] epoch=14 train_batch=12000/15313 loss=1.451677
[rank 2] epoch=14 train_batch=14000/15313 loss=1.433843
[rank 2] epoch=15 train_batch=2000/15313 loss=1.418776
[rank 2] epoch=15 train_batch=4000/15313 loss=1.416351
[rank 2] epoch=15 train_batch=6000/15313 loss=1.388309
[rank 2] epoch=15 train_batch=8000/15313 loss=1.380561
[rank 2] epoch=15 train_batch=10000/15313 loss=1.378554
[rank 2] epoch=15 train_batch=12000/15313 loss=1.419936
[rank 2] epoch=15 train_batch=14000/15313 loss=1.418589
[rank 2] epoch=16 train_batch=2000/15313 loss=1.391420
[rank 2] epoch=16 train_batch=4000/15313 loss=1.384624
[rank 2] epoch=16 train_batch=6000/15313 loss=1.382686
[rank 2] epoch=16 train_batch=8000/15313 loss=1.359497
[rank 2] epoch=16 train_batch=10000/15313 loss=1.409811
[rank 2] epoch=16 train_batch=12000/15313 loss=1.409316
[rank 2] epoch=16 train_batch=14000/15313 loss=1.464791
[rank 2] epoch=17 train_batch=2000/15313 loss=1.391397
[rank 2] epoch=17 train_batch=4000/15313 loss=1.378068
[rank 2] epoch=17 train_batch=6000/15313 loss=1.406949
[rank 2] epoch=17 train_batch=8000/15313 loss=1.398177
[rank 2] epoch=17 train_batch=10000/15313 loss=1.470071
[rank 2] epoch=17 train_batch=12000/15313 loss=1.440883
[rank 2] epoch=17 train_batch=14000/15313 loss=1.407581
[rank 2] epoch=18 train_batch=2000/15313 loss=1.413628
[rank 2] epoch=18 train_batch=4000/15313 loss=1.423191
[rank 2] epoch=18 train_batch=6000/15313 loss=1.438352
[rank 2] epoch=18 train_batch=8000/15313 loss=1.392530
[rank 2] epoch=18 train_batch=10000/15313 loss=1.363393
[rank 2] epoch=18 train_batch=12000/15313 loss=1.438201
[rank 2] epoch=18 train_batch=14000/15313 loss=1.336799
[rank 2] epoch=19 train_batch=2000/15313 loss=1.434864
[rank 2] epoch=19 train_batch=4000/15313 loss=1.413505
[rank 2] epoch=19 train_batch=6000/15313 loss=1.419389
[rank 2] epoch=19 train_batch=8000/15313 loss=1.359333
[rank 2] epoch=19 train_batch=10000/15313 loss=1.372656
[rank 2] epoch=19 train_batch=12000/15313 loss=1.437419
[rank 2] epoch=19 train_batch=14000/15313 loss=1.396133
[rank 2] epoch=20 train_batch=2000/15313 loss=1.360225
[rank 2] epoch=20 train_batch=4000/15313 loss=1.335653
[rank 2] epoch=20 train_batch=6000/15313 loss=1.433707
[rank 2] epoch=20 train_batch=8000/15313 loss=1.464094
[rank 2] epoch=20 train_batch=10000/15313 loss=1.381266
[rank 2] epoch=20 train_batch=12000/15313 loss=1.396518
[rank 2] epoch=20 train_batch=14000/15313 loss=1.366447
[rank 2] epoch=21 train_batch=2000/15313 loss=1.435059
[rank 2] epoch=21 train_batch=4000/15313 loss=1.367265
[rank 2] epoch=21 train_batch=6000/15313 loss=1.337417
[rank 2] epoch=21 train_batch=8000/15313 loss=1.365970
[rank 2] epoch=21 train_batch=10000/15313 loss=1.416242
[rank 2] epoch=21 train_batch=12000/15313 loss=1.474903
[rank 2] epoch=21 train_batch=14000/15313 loss=1.368359
[rank 2] epoch=22 train_batch=2000/15313 loss=1.480600
[rank 2] epoch=22 train_batch=4000/15313 loss=1.345845
[rank 2] epoch=22 train_batch=6000/15313 loss=1.432844
[rank 2] epoch=22 train_batch=8000/15313 loss=1.371800
[rank 2] epoch=22 train_batch=10000/15313 loss=1.420790
[rank 2] epoch=22 train_batch=12000/15313 loss=1.399876
[rank 2] epoch=22 train_batch=14000/15313 loss=1.369682
[rank 2] epoch=23 train_batch=2000/15313 loss=1.396617
[rank 2] epoch=23 train_batch=4000/15313 loss=1.393726
[rank 2] epoch=23 train_batch=6000/15313 loss=1.336261
[rank 2] epoch=23 train_batch=8000/15313 loss=1.368666
[rank 2] epoch=23 train_batch=10000/15313 loss=1.395704
[rank 2] epoch=23 train_batch=12000/15313 loss=1.383760
[rank 2] epoch=23 train_batch=14000/15313 loss=1.432200
[rank 2] epoch=24 train_batch=2000/15313 loss=1.329000
[rank 2] epoch=24 train_batch=4000/15313 loss=1.401505
[rank 2] epoch=24 train_batch=6000/15313 loss=1.383892
[rank 2] epoch=24 train_batch=8000/15313 loss=1.379110
[rank 2] epoch=24 train_batch=10000/15313 loss=1.433901
[rank 2] epoch=24 train_batch=12000/15313 loss=1.420080
[rank 2] epoch=24 train_batch=14000/15313 loss=1.337112
[rank 2] epoch=25 train_batch=2000/15313 loss=1.326362
[rank 2] epoch=25 train_batch=4000/15313 loss=1.405301
[rank 2] epoch=25 train_batch=6000/15313 loss=1.368833
[rank 2] epoch=25 train_batch=8000/15313 loss=1.436517
[rank 2] epoch=25 train_batch=10000/15313 loss=1.384261
[rank 2] epoch=25 train_batch=12000/15313 loss=1.409398
[rank 2] epoch=25 train_batch=14000/15313 loss=1.388509
[rank 2] epoch=26 train_batch=2000/15313 loss=1.406381
[rank 2] epoch=26 train_batch=4000/15313 loss=1.380351
[rank 2] epoch=26 train_batch=6000/15313 loss=1.339341
[rank 2] epoch=26 train_batch=8000/15313 loss=1.391325
[rank 2] epoch=26 train_batch=10000/15313 loss=1.362882
[rank 2] epoch=26 train_batch=12000/15313 loss=1.400800
[rank 2] epoch=26 train_batch=14000/15313 loss=1.381373
[rank 2] epoch=27 train_batch=2000/15313 loss=1.360277
[rank 2] epoch=27 train_batch=4000/15313 loss=1.326119
[rank 2] epoch=27 train_batch=6000/15313 loss=1.352455
[rank 2] epoch=27 train_batch=8000/15313 loss=1.375190
