cuda:1
thetaphi at main: True
Loading dataset...
Extended H5: retain valid unknown-truth inputs; supervised loss is masked; exclude_gap_hits=True; detector_one_hot=True
Using ILCStreamingDataset (shuffle_buffer=256, files_per_chunk=32, seed=1001)
ILCStreamingDataset: path=/data/suehara/mldata/pfa/murata/data/tc/tc_nnqq_2M_nobrems/train, files=1960, events~=1960000, shuffle_buffer=256, files_per_chunk=32
Extended H5: retain valid unknown-truth inputs; supervised loss is masked; exclude_gap_hits=True; detector_one_hot=True
Using ILCStreamingDataset (shuffle_buffer=256, files_per_chunk=32, seed=1001)
ILCStreamingDataset: path=/data/suehara/mldata/pfa/murata/data/tc/tc_nnqq_2M_nobrems/validation, files=20, events~=20000, shuffle_buffer=256, files_per_chunk=32
Training dataset size:  1960000
Validating dataset size:  20000
Batch size:  128
Loading GravNetModelMultiHead (heads=6, reg_heads=5, interaction=none)
KNN backend=event-parallel GravNet_layers=4
restart period :  30
[rank 1] epoch=0 train_batch=2000/15313 loss=1.562851
[rank 1] epoch=0 train_batch=4000/15313 loss=1.449047
[rank 1] epoch=0 train_batch=6000/15313 loss=1.439957
[rank 1] epoch=0 train_batch=8000/15313 loss=1.463373
[rank 1] epoch=0 train_batch=10000/15313 loss=1.456308
[rank 1] epoch=0 train_batch=12000/15313 loss=1.416827
[rank 1] epoch=0 train_batch=14000/15313 loss=1.434674
[rank 1] epoch=1 train_batch=2000/15313 loss=1.392231
[rank 1] epoch=1 train_batch=4000/15313 loss=1.354631
[rank 1] epoch=1 train_batch=6000/15313 loss=1.403645
[rank 1] epoch=1 train_batch=8000/15313 loss=1.427416
[rank 1] epoch=1 train_batch=10000/15313 loss=1.390023
[rank 1] epoch=1 train_batch=12000/15313 loss=1.363201
[rank 1] epoch=1 train_batch=14000/15313 loss=1.317987
[rank 1] epoch=2 train_batch=2000/15313 loss=1.712655
[rank 1] epoch=2 train_batch=4000/15313 loss=1.631667
[rank 1] epoch=2 train_batch=6000/15313 loss=1.554906
[rank 1] epoch=2 train_batch=8000/15313 loss=1.523145
[rank 1] epoch=2 train_batch=10000/15313 loss=1.585593
[rank 1] epoch=2 train_batch=12000/15313 loss=1.541095
[rank 1] epoch=2 train_batch=14000/15313 loss=1.454599
[rank 1] epoch=3 train_batch=2000/15313 loss=1.437405
[rank 1] epoch=3 train_batch=4000/15313 loss=1.528961
[rank 1] epoch=3 train_batch=6000/15313 loss=1.521682
[rank 1] epoch=3 train_batch=8000/15313 loss=1.436413
[rank 1] epoch=3 train_batch=10000/15313 loss=1.466530
[rank 1] epoch=3 train_batch=12000/15313 loss=1.445226
[rank 1] epoch=3 train_batch=14000/15313 loss=1.429416
[rank 1] epoch=4 train_batch=2000/15313 loss=1.609355
[rank 1] epoch=4 train_batch=4000/15313 loss=1.569403
[rank 1] epoch=4 train_batch=6000/15313 loss=1.518179
[rank 1] epoch=4 train_batch=8000/15313 loss=1.567169
[rank 1] epoch=4 train_batch=10000/15313 loss=1.538299
[rank 1] epoch=4 train_batch=12000/15313 loss=1.553384
[rank 1] epoch=4 train_batch=14000/15313 loss=1.479202
[rank 1] epoch=5 train_batch=2000/15313 loss=1.608479
[rank 1] epoch=5 train_batch=4000/15313 loss=1.561314
[rank 1] epoch=5 train_batch=6000/15313 loss=1.532014
[rank 1] epoch=5 train_batch=8000/15313 loss=1.478204
[rank 1] epoch=5 train_batch=10000/15313 loss=1.638353
[rank 1] epoch=5 train_batch=12000/15313 loss=1.535942
[rank 1] epoch=5 train_batch=14000/15313 loss=1.524104
[rank 1] epoch=6 train_batch=2000/15313 loss=1.555205
[rank 1] epoch=6 train_batch=4000/15313 loss=1.533880
[rank 1] epoch=6 train_batch=6000/15313 loss=1.457283
[rank 1] epoch=6 train_batch=8000/15313 loss=1.444949
[rank 1] epoch=6 train_batch=10000/15313 loss=1.579175
[rank 1] epoch=6 train_batch=12000/15313 loss=1.580944
[rank 1] epoch=6 train_batch=14000/15313 loss=1.437511
[rank 1] epoch=7 train_batch=2000/15313 loss=1.451853
[rank 1] epoch=7 train_batch=4000/15313 loss=1.506466
[rank 1] epoch=7 train_batch=6000/15313 loss=1.437806
[rank 1] epoch=7 train_batch=8000/15313 loss=1.490566
[rank 1] epoch=7 train_batch=10000/15313 loss=1.503090
[rank 1] epoch=7 train_batch=12000/15313 loss=1.493119
[rank 1] epoch=7 train_batch=14000/15313 loss=1.498634
[rank 1] epoch=8 train_batch=2000/15313 loss=1.477742
[rank 1] epoch=8 train_batch=4000/15313 loss=1.553533
[rank 1] epoch=8 train_batch=6000/15313 loss=1.422419
[rank 1] epoch=8 train_batch=8000/15313 loss=1.471174
[rank 1] epoch=8 train_batch=10000/15313 loss=1.482537
[rank 1] epoch=8 train_batch=12000/15313 loss=1.546311
[rank 1] epoch=8 train_batch=14000/15313 loss=1.478014
[rank 1] epoch=9 train_batch=2000/15313 loss=1.451988
[rank 1] epoch=9 train_batch=4000/15313 loss=1.397482
[rank 1] epoch=9 train_batch=6000/15313 loss=1.472513
[rank 1] epoch=9 train_batch=8000/15313 loss=1.482700
[rank 1] epoch=9 train_batch=10000/15313 loss=1.387124
[rank 1] epoch=9 train_batch=12000/15313 loss=1.436139
[rank 1] epoch=9 train_batch=14000/15313 loss=1.440230
[rank 1] epoch=10 train_batch=2000/15313 loss=1.457969
[rank 1] epoch=10 train_batch=4000/15313 loss=1.475548
[rank 1] epoch=10 train_batch=6000/15313 loss=1.484458
[rank 1] epoch=10 train_batch=8000/15313 loss=1.450680
[rank 1] epoch=10 train_batch=10000/15313 loss=1.444423
[rank 1] epoch=10 train_batch=12000/15313 loss=1.373878
[rank 1] epoch=10 train_batch=14000/15313 loss=1.444447
[rank 1] epoch=11 train_batch=2000/15313 loss=1.427415
[rank 1] epoch=11 train_batch=4000/15313 loss=1.481672
[rank 1] epoch=11 train_batch=6000/15313 loss=1.449095
[rank 1] epoch=11 train_batch=8000/15313 loss=1.483910
[rank 1] epoch=11 train_batch=10000/15313 loss=1.400206
[rank 1] epoch=11 train_batch=12000/15313 loss=1.461842
[rank 1] epoch=11 train_batch=14000/15313 loss=1.422828
[rank 1] epoch=12 train_batch=2000/15313 loss=1.431256
[rank 1] epoch=12 train_batch=4000/15313 loss=1.375821
[rank 1] epoch=12 train_batch=6000/15313 loss=1.517139
[rank 1] epoch=12 train_batch=8000/15313 loss=1.424896
[rank 1] epoch=12 train_batch=10000/15313 loss=1.393018
[rank 1] epoch=12 train_batch=12000/15313 loss=1.406749
[rank 1] epoch=12 train_batch=14000/15313 loss=1.451774
[rank 1] epoch=13 train_batch=2000/15313 loss=1.435332
[rank 1] epoch=13 train_batch=4000/15313 loss=1.482733
[rank 1] epoch=13 train_batch=6000/15313 loss=1.386475
[rank 1] epoch=13 train_batch=8000/15313 loss=1.387553
[rank 1] epoch=13 train_batch=10000/15313 loss=1.369202
[rank 1] epoch=13 train_batch=12000/15313 loss=1.448073
[rank 1] epoch=13 train_batch=14000/15313 loss=1.373688
[rank 1] epoch=14 train_batch=2000/15313 loss=1.428844
[rank 1] epoch=14 train_batch=4000/15313 loss=1.399805
[rank 1] epoch=14 train_batch=6000/15313 loss=1.458300
[rank 1] epoch=14 train_batch=8000/15313 loss=1.433562
[rank 1] epoch=14 train_batch=10000/15313 loss=1.395810
[rank 1] epoch=14 train_batch=12000/15313 loss=1.435154
[rank 1] epoch=14 train_batch=14000/15313 loss=1.517854
[rank 1] epoch=15 train_batch=2000/15313 loss=1.441069
[rank 1] epoch=15 train_batch=4000/15313 loss=1.398038
[rank 1] epoch=15 train_batch=6000/15313 loss=1.435748
[rank 1] epoch=15 train_batch=8000/15313 loss=1.437867
[rank 1] epoch=15 train_batch=10000/15313 loss=1.461678
[rank 1] epoch=15 train_batch=12000/15313 loss=1.423874
[rank 1] epoch=15 train_batch=14000/15313 loss=1.380377
[rank 1] epoch=16 train_batch=2000/15313 loss=1.401657
[rank 1] epoch=16 train_batch=4000/15313 loss=1.433693
[rank 1] epoch=16 train_batch=6000/15313 loss=1.356688
[rank 1] epoch=16 train_batch=8000/15313 loss=1.370705
[rank 1] epoch=16 train_batch=10000/15313 loss=1.399120
[rank 1] epoch=16 train_batch=12000/15313 loss=1.424779
[rank 1] epoch=16 train_batch=14000/15313 loss=1.401487
[rank 1] epoch=17 train_batch=2000/15313 loss=1.438445
[rank 1] epoch=17 train_batch=4000/15313 loss=1.367086
[rank 1] epoch=17 train_batch=6000/15313 loss=1.381404
[rank 1] epoch=17 train_batch=8000/15313 loss=1.378501
[rank 1] epoch=17 train_batch=10000/15313 loss=1.549306
[rank 1] epoch=17 train_batch=12000/15313 loss=1.465391
[rank 1] epoch=17 train_batch=14000/15313 loss=1.388315
[rank 1] epoch=18 train_batch=2000/15313 loss=1.371425
[rank 1] epoch=18 train_batch=4000/15313 loss=1.395819
[rank 1] epoch=18 train_batch=6000/15313 loss=1.423295
[rank 1] epoch=18 train_batch=8000/15313 loss=1.378076
[rank 1] epoch=18 train_batch=10000/15313 loss=1.409381
[rank 1] epoch=18 train_batch=12000/15313 loss=1.397464
[rank 1] epoch=18 train_batch=14000/15313 loss=1.401233
[rank 1] epoch=19 train_batch=2000/15313 loss=1.462567
[rank 1] epoch=19 train_batch=4000/15313 loss=1.347349
[rank 1] epoch=19 train_batch=6000/15313 loss=1.466134
[rank 1] epoch=19 train_batch=8000/15313 loss=1.396081
[rank 1] epoch=19 train_batch=10000/15313 loss=1.404979
[rank 1] epoch=19 train_batch=12000/15313 loss=1.442042
[rank 1] epoch=19 train_batch=14000/15313 loss=1.418441
[rank 1] epoch=20 train_batch=2000/15313 loss=1.375198
[rank 1] epoch=20 train_batch=4000/15313 loss=1.406696
[rank 1] epoch=20 train_batch=6000/15313 loss=1.359317
[rank 1] epoch=20 train_batch=8000/15313 loss=1.340468
[rank 1] epoch=20 train_batch=10000/15313 loss=1.375725
[rank 1] epoch=20 train_batch=12000/15313 loss=1.390718
[rank 1] epoch=20 train_batch=14000/15313 loss=1.409430
[rank 1] epoch=21 train_batch=2000/15313 loss=1.409102
[rank 1] epoch=21 train_batch=4000/15313 loss=1.462072
[rank 1] epoch=21 train_batch=6000/15313 loss=1.409350
[rank 1] epoch=21 train_batch=8000/15313 loss=1.352963
[rank 1] epoch=21 train_batch=10000/15313 loss=1.395918
[rank 1] epoch=21 train_batch=12000/15313 loss=1.385264
[rank 1] epoch=21 train_batch=14000/15313 loss=1.339679
[rank 1] epoch=22 train_batch=2000/15313 loss=1.433089
[rank 1] epoch=22 train_batch=4000/15313 loss=1.385802
[rank 1] epoch=22 train_batch=6000/15313 loss=1.394422
[rank 1] epoch=22 train_batch=8000/15313 loss=1.420848
[rank 1] epoch=22 train_batch=10000/15313 loss=1.468438
[rank 1] epoch=22 train_batch=12000/15313 loss=1.374868
[rank 1] epoch=22 train_batch=14000/15313 loss=1.415994
[rank 1] epoch=23 train_batch=2000/15313 loss=1.434977
[rank 1] epoch=23 train_batch=4000/15313 loss=1.434577
[rank 1] epoch=23 train_batch=6000/15313 loss=1.361674
[rank 1] epoch=23 train_batch=8000/15313 loss=1.341872
[rank 1] epoch=23 train_batch=10000/15313 loss=1.374860
[rank 1] epoch=23 train_batch=12000/15313 loss=1.335640
[rank 1] epoch=23 train_batch=14000/15313 loss=1.380138
[rank 1] epoch=24 train_batch=2000/15313 loss=1.419609
[rank 1] epoch=24 train_batch=4000/15313 loss=1.380297
[rank 1] epoch=24 train_batch=6000/15313 loss=1.419137
[rank 1] epoch=24 train_batch=8000/15313 loss=1.385924
[rank 1] epoch=24 train_batch=10000/15313 loss=1.356475
[rank 1] epoch=24 train_batch=12000/15313 loss=1.414217
[rank 1] epoch=24 train_batch=14000/15313 loss=1.403123
[rank 1] epoch=25 train_batch=2000/15313 loss=1.415236
[rank 1] epoch=25 train_batch=4000/15313 loss=1.387565
[rank 1] epoch=25 train_batch=6000/15313 loss=1.334006
[rank 1] epoch=25 train_batch=8000/15313 loss=1.406254
[rank 1] epoch=25 train_batch=10000/15313 loss=1.340759
[rank 1] epoch=25 train_batch=12000/15313 loss=1.319630
[rank 1] epoch=25 train_batch=14000/15313 loss=1.331311
[rank 1] epoch=26 train_batch=2000/15313 loss=1.344761
[rank 1] epoch=26 train_batch=4000/15313 loss=1.370086
[rank 1] epoch=26 train_batch=6000/15313 loss=1.392017
[rank 1] epoch=26 train_batch=8000/15313 loss=1.429285
[rank 1] epoch=26 train_batch=10000/15313 loss=1.311612
[rank 1] epoch=26 train_batch=12000/15313 loss=1.342831
[rank 1] epoch=26 train_batch=14000/15313 loss=1.357853
[rank 1] epoch=27 train_batch=2000/15313 loss=1.362168
[rank 1] epoch=27 train_batch=4000/15313 loss=1.417193
[rank 1] epoch=27 train_batch=6000/15313 loss=1.347916
[rank 1] epoch=27 train_batch=8000/15313 loss=1.417925
