cuda:3
thetaphi at main: True
Loading dataset...
Extended H5: retain valid unknown-truth inputs; supervised loss is masked; exclude_gap_hits=True; detector_one_hot=True
Using ILCStreamingDataset (shuffle_buffer=256, files_per_chunk=32, seed=1001)
ILCStreamingDataset: path=/data/suehara/mldata/pfa/murata/data/tc/tc_nnqq_2M_nobrems/train, files=1960, events~=1960000, shuffle_buffer=256, files_per_chunk=32
Extended H5: retain valid unknown-truth inputs; supervised loss is masked; exclude_gap_hits=True; detector_one_hot=True
Using ILCStreamingDataset (shuffle_buffer=256, files_per_chunk=32, seed=1001)
ILCStreamingDataset: path=/data/suehara/mldata/pfa/murata/data/tc/tc_nnqq_2M_nobrems/validation, files=20, events~=20000, shuffle_buffer=256, files_per_chunk=32
Training dataset size:  1960000
Validating dataset size:  20000
Batch size:  128
Loading GravNetModelMultiHead (heads=6, reg_heads=5, interaction=none)
KNN backend=event-parallel GravNet_layers=4
restart period :  30
[rank 3] epoch=0 train_batch=2000/15313 loss=1.480501
[rank 3] epoch=0 train_batch=4000/15313 loss=1.457166
[rank 3] epoch=0 train_batch=6000/15313 loss=1.473559
[rank 3] epoch=0 train_batch=8000/15313 loss=1.450369
[rank 3] epoch=0 train_batch=10000/15313 loss=1.431105
[rank 3] epoch=0 train_batch=12000/15313 loss=1.403407
[rank 3] epoch=0 train_batch=14000/15313 loss=1.391828
[rank 3] epoch=1 train_batch=2000/15313 loss=1.399944
[rank 3] epoch=1 train_batch=4000/15313 loss=1.349431
[rank 3] epoch=1 train_batch=6000/15313 loss=1.343914
[rank 3] epoch=1 train_batch=8000/15313 loss=1.334707
[rank 3] epoch=1 train_batch=10000/15313 loss=1.332297
[rank 3] epoch=1 train_batch=12000/15313 loss=1.317231
[rank 3] epoch=1 train_batch=14000/15313 loss=1.344381
[rank 3] epoch=2 train_batch=2000/15313 loss=1.723447
[rank 3] epoch=2 train_batch=4000/15313 loss=1.672490
[rank 3] epoch=2 train_batch=6000/15313 loss=1.754399
[rank 3] epoch=2 train_batch=8000/15313 loss=1.602977
[rank 3] epoch=2 train_batch=10000/15313 loss=1.604954
[rank 3] epoch=2 train_batch=12000/15313 loss=1.571597
[rank 3] epoch=2 train_batch=14000/15313 loss=1.472430
[rank 3] epoch=3 train_batch=2000/15313 loss=1.558709
[rank 3] epoch=3 train_batch=4000/15313 loss=1.509569
[rank 3] epoch=3 train_batch=6000/15313 loss=1.441213
[rank 3] epoch=3 train_batch=8000/15313 loss=1.506383
[rank 3] epoch=3 train_batch=10000/15313 loss=1.477040
[rank 3] epoch=3 train_batch=12000/15313 loss=1.427686
[rank 3] epoch=3 train_batch=14000/15313 loss=1.447901
[rank 3] epoch=4 train_batch=2000/15313 loss=1.608738
[rank 3] epoch=4 train_batch=4000/15313 loss=1.542466
[rank 3] epoch=4 train_batch=6000/15313 loss=1.580820
[rank 3] epoch=4 train_batch=8000/15313 loss=1.505360
[rank 3] epoch=4 train_batch=10000/15313 loss=1.586928
[rank 3] epoch=4 train_batch=12000/15313 loss=1.691229
[rank 3] epoch=4 train_batch=14000/15313 loss=1.521341
[rank 3] epoch=5 train_batch=2000/15313 loss=1.469000
[rank 3] epoch=5 train_batch=4000/15313 loss=1.587174
[rank 3] epoch=5 train_batch=6000/15313 loss=1.513484
[rank 3] epoch=5 train_batch=8000/15313 loss=1.645165
[rank 3] epoch=5 train_batch=10000/15313 loss=1.546922
[rank 3] epoch=5 train_batch=12000/15313 loss=1.536699
[rank 3] epoch=5 train_batch=14000/15313 loss=1.550454
[rank 3] epoch=6 train_batch=2000/15313 loss=1.512959
[rank 3] epoch=6 train_batch=4000/15313 loss=1.523519
[rank 3] epoch=6 train_batch=6000/15313 loss=1.505366
[rank 3] epoch=6 train_batch=8000/15313 loss=1.489561
[rank 3] epoch=6 train_batch=10000/15313 loss=1.458819
[rank 3] epoch=6 train_batch=12000/15313 loss=1.583760
[rank 3] epoch=6 train_batch=14000/15313 loss=1.509951
[rank 3] epoch=7 train_batch=2000/15313 loss=1.417763
[rank 3] epoch=7 train_batch=4000/15313 loss=1.529307
[rank 3] epoch=7 train_batch=6000/15313 loss=1.456878
[rank 3] epoch=7 train_batch=8000/15313 loss=1.522285
[rank 3] epoch=7 train_batch=10000/15313 loss=1.540618
[rank 3] epoch=7 train_batch=12000/15313 loss=1.493729
[rank 3] epoch=7 train_batch=14000/15313 loss=1.499912
[rank 3] epoch=8 train_batch=2000/15313 loss=1.434596
[rank 3] epoch=8 train_batch=4000/15313 loss=1.542200
[rank 3] epoch=8 train_batch=6000/15313 loss=1.461864
[rank 3] epoch=8 train_batch=8000/15313 loss=1.545027
[rank 3] epoch=8 train_batch=10000/15313 loss=1.483656
[rank 3] epoch=8 train_batch=12000/15313 loss=1.594928
[rank 3] epoch=8 train_batch=14000/15313 loss=1.450950
[rank 3] epoch=9 train_batch=2000/15313 loss=1.437675
[rank 3] epoch=9 train_batch=4000/15313 loss=1.394206
[rank 3] epoch=9 train_batch=6000/15313 loss=1.459241
[rank 3] epoch=9 train_batch=8000/15313 loss=1.479303
[rank 3] epoch=9 train_batch=10000/15313 loss=1.428184
[rank 3] epoch=9 train_batch=12000/15313 loss=1.415215
[rank 3] epoch=9 train_batch=14000/15313 loss=1.461547
[rank 3] epoch=10 train_batch=2000/15313 loss=1.573939
[rank 3] epoch=10 train_batch=4000/15313 loss=1.418242
[rank 3] epoch=10 train_batch=6000/15313 loss=1.378276
[rank 3] epoch=10 train_batch=8000/15313 loss=1.502649
[rank 3] epoch=10 train_batch=10000/15313 loss=1.358224
[rank 3] epoch=10 train_batch=12000/15313 loss=1.456439
[rank 3] epoch=10 train_batch=14000/15313 loss=1.473396
[rank 3] epoch=11 train_batch=2000/15313 loss=1.370099
[rank 3] epoch=11 train_batch=4000/15313 loss=1.371895
[rank 3] epoch=11 train_batch=6000/15313 loss=1.479190
[rank 3] epoch=11 train_batch=8000/15313 loss=1.447972
[rank 3] epoch=11 train_batch=10000/15313 loss=1.428355
[rank 3] epoch=11 train_batch=12000/15313 loss=1.441659
[rank 3] epoch=11 train_batch=14000/15313 loss=1.475874
[rank 3] epoch=12 train_batch=2000/15313 loss=1.432248
[rank 3] epoch=12 train_batch=4000/15313 loss=1.479139
[rank 3] epoch=12 train_batch=6000/15313 loss=1.446874
[rank 3] epoch=12 train_batch=8000/15313 loss=1.457800
[rank 3] epoch=12 train_batch=10000/15313 loss=1.399674
[rank 3] epoch=12 train_batch=12000/15313 loss=1.381999
[rank 3] epoch=12 train_batch=14000/15313 loss=1.512028
[rank 3] epoch=13 train_batch=2000/15313 loss=1.474352
[rank 3] epoch=13 train_batch=4000/15313 loss=1.431435
[rank 3] epoch=13 train_batch=6000/15313 loss=1.409340
[rank 3] epoch=13 train_batch=8000/15313 loss=1.367124
[rank 3] epoch=13 train_batch=10000/15313 loss=1.480783
[rank 3] epoch=13 train_batch=12000/15313 loss=1.504585
[rank 3] epoch=13 train_batch=14000/15313 loss=1.349844
[rank 3] epoch=14 train_batch=2000/15313 loss=1.405178
[rank 3] epoch=14 train_batch=4000/15313 loss=1.458608
[rank 3] epoch=14 train_batch=6000/15313 loss=1.348214
[rank 3] epoch=14 train_batch=8000/15313 loss=1.434543
[rank 3] epoch=14 train_batch=10000/15313 loss=1.482670
[rank 3] epoch=14 train_batch=12000/15313 loss=1.369415
[rank 3] epoch=14 train_batch=14000/15313 loss=1.446185
[rank 3] epoch=15 train_batch=2000/15313 loss=1.418321
[rank 3] epoch=15 train_batch=4000/15313 loss=1.429927
[rank 3] epoch=15 train_batch=6000/15313 loss=1.381643
[rank 3] epoch=15 train_batch=8000/15313 loss=1.488326
[rank 3] epoch=15 train_batch=10000/15313 loss=1.315967
[rank 3] epoch=15 train_batch=12000/15313 loss=1.378579
[rank 3] epoch=15 train_batch=14000/15313 loss=1.419496
[rank 3] epoch=16 train_batch=2000/15313 loss=1.423620
[rank 3] epoch=16 train_batch=4000/15313 loss=1.442728
[rank 3] epoch=16 train_batch=6000/15313 loss=1.416516
[rank 3] epoch=16 train_batch=8000/15313 loss=1.431101
[rank 3] epoch=16 train_batch=10000/15313 loss=1.424031
[rank 3] epoch=16 train_batch=12000/15313 loss=1.363471
[rank 3] epoch=16 train_batch=14000/15313 loss=1.408497
[rank 3] epoch=17 train_batch=2000/15313 loss=1.378720
[rank 3] epoch=17 train_batch=4000/15313 loss=1.418040
[rank 3] epoch=17 train_batch=6000/15313 loss=1.398448
[rank 3] epoch=17 train_batch=8000/15313 loss=1.360736
[rank 3] epoch=17 train_batch=10000/15313 loss=1.418451
[rank 3] epoch=17 train_batch=12000/15313 loss=1.381146
[rank 3] epoch=17 train_batch=14000/15313 loss=1.401223
[rank 3] epoch=18 train_batch=2000/15313 loss=1.383133
[rank 3] epoch=18 train_batch=4000/15313 loss=1.440654
[rank 3] epoch=18 train_batch=6000/15313 loss=1.434269
[rank 3] epoch=18 train_batch=8000/15313 loss=1.420854
[rank 3] epoch=18 train_batch=10000/15313 loss=1.372743
[rank 3] epoch=18 train_batch=12000/15313 loss=1.412293
[rank 3] epoch=18 train_batch=14000/15313 loss=1.435403
[rank 3] epoch=19 train_batch=2000/15313 loss=1.383873
[rank 3] epoch=19 train_batch=4000/15313 loss=1.395937
[rank 3] epoch=19 train_batch=6000/15313 loss=1.365211
[rank 3] epoch=19 train_batch=8000/15313 loss=1.380517
[rank 3] epoch=19 train_batch=10000/15313 loss=1.417380
[rank 3] epoch=19 train_batch=12000/15313 loss=1.368268
[rank 3] epoch=19 train_batch=14000/15313 loss=1.443927
[rank 3] epoch=20 train_batch=2000/15313 loss=1.386830
[rank 3] epoch=20 train_batch=4000/15313 loss=1.379882
[rank 3] epoch=20 train_batch=6000/15313 loss=1.337475
[rank 3] epoch=20 train_batch=8000/15313 loss=1.404320
[rank 3] epoch=20 train_batch=10000/15313 loss=1.401285
[rank 3] epoch=20 train_batch=12000/15313 loss=1.387139
[rank 3] epoch=20 train_batch=14000/15313 loss=1.362836
[rank 3] epoch=21 train_batch=2000/15313 loss=1.461617
[rank 3] epoch=21 train_batch=4000/15313 loss=1.445814
[rank 3] epoch=21 train_batch=6000/15313 loss=1.393315
[rank 3] epoch=21 train_batch=8000/15313 loss=1.387442
[rank 3] epoch=21 train_batch=10000/15313 loss=1.409044
[rank 3] epoch=21 train_batch=12000/15313 loss=1.397470
[rank 3] epoch=21 train_batch=14000/15313 loss=1.407755
[rank 3] epoch=22 train_batch=2000/15313 loss=1.336171
[rank 3] epoch=22 train_batch=4000/15313 loss=1.441988
[rank 3] epoch=22 train_batch=6000/15313 loss=1.406358
[rank 3] epoch=22 train_batch=8000/15313 loss=1.424534
[rank 3] epoch=22 train_batch=10000/15313 loss=1.387107
[rank 3] epoch=22 train_batch=12000/15313 loss=1.339933
[rank 3] epoch=22 train_batch=14000/15313 loss=1.340426
[rank 3] epoch=23 train_batch=2000/15313 loss=1.346973
[rank 3] epoch=23 train_batch=4000/15313 loss=1.344422
[rank 3] epoch=23 train_batch=6000/15313 loss=1.419514
[rank 3] epoch=23 train_batch=8000/15313 loss=1.358177
[rank 3] epoch=23 train_batch=10000/15313 loss=1.363101
[rank 3] epoch=23 train_batch=12000/15313 loss=1.417244
[rank 3] epoch=23 train_batch=14000/15313 loss=1.348181
[rank 3] epoch=24 train_batch=2000/15313 loss=1.388870
[rank 3] epoch=24 train_batch=4000/15313 loss=1.359287
[rank 3] epoch=24 train_batch=6000/15313 loss=1.395417
[rank 3] epoch=24 train_batch=8000/15313 loss=1.399881
[rank 3] epoch=24 train_batch=10000/15313 loss=1.352411
[rank 3] epoch=24 train_batch=12000/15313 loss=1.329118
[rank 3] epoch=24 train_batch=14000/15313 loss=1.297101
[rank 3] epoch=25 train_batch=2000/15313 loss=1.380393
[rank 3] epoch=25 train_batch=4000/15313 loss=1.348113
[rank 3] epoch=25 train_batch=6000/15313 loss=1.370683
[rank 3] epoch=25 train_batch=8000/15313 loss=1.382434
[rank 3] epoch=25 train_batch=10000/15313 loss=1.343768
[rank 3] epoch=25 train_batch=12000/15313 loss=1.390090
[rank 3] epoch=25 train_batch=14000/15313 loss=1.368083
[rank 3] epoch=26 train_batch=2000/15313 loss=1.371713
[rank 3] epoch=26 train_batch=4000/15313 loss=1.411855
[rank 3] epoch=26 train_batch=6000/15313 loss=1.435452
[rank 3] epoch=26 train_batch=8000/15313 loss=1.371987
[rank 3] epoch=26 train_batch=10000/15313 loss=1.404757
[rank 3] epoch=26 train_batch=12000/15313 loss=1.418948
[rank 3] epoch=26 train_batch=14000/15313 loss=1.389814
[rank 3] epoch=27 train_batch=2000/15313 loss=1.353004
[rank 3] epoch=27 train_batch=4000/15313 loss=1.352143
[rank 3] epoch=27 train_batch=6000/15313 loss=1.280684
[rank 3] epoch=27 train_batch=8000/15313 loss=1.369439
