['train.py', '-i', '/data/suehara/mldata/pfa/murata/data/tc/tc_nnqq/train', '-ii', '/data/suehara/mldata/pfa/murata/data/tc/tc_nnqq/validation', '--no-split', '--thetaphi', '--cuda', 'cuda:0', '--epochs', '500', '--beta-track', '--force-track-alpha', '--batch-size', '40', '--output-dimension', '5', '--ckptdir', 'checkpoint/energy_regression/ckpts_gravnet_new02_2025_06_05_204722_outputD5', '--energy-regression', '--energy-regression-cluster', '--LE-track', 'alpha_tracker', '--LE-cluster', 'sum', '--qmin', '0.1', '--learning-rate', '5e-4', '--lr-policy', 'cosineReduce', '--ddp']
cuda:2
thetaphi at main: True
Loading dataset...
ILCDataset: path='/data/suehara/mldata/pfa/murata/data/tc/tc_nnqq/train'
filenames=['/data/suehara/mldata/pfa/murata/data/tc/tc_nnqq/train/nnqq_10_uu_eL_pR.h5', '/data/suehara/mldata/pfa/murata/data/tc/tc_nnqq/train/nnqq_11_uu_eL_pR.h5', '/data/suehara/mldata/pfa/murata/data/tc/tc_nnqq/train/nnqq_12_uu_eL_pR.h5', '/data/suehara/mldata/pfa/murata/data/tc/tc_nnqq/train/nnqq_13_uu_eL_pR.h5', '/data/suehara/mldata/pfa/murata/data/tc/tc_nnqq/train/nnqq_14_uu_eL_pR.h5', '/data/suehara/mldata/pfa/murata/data/tc/tc_nnqq/train/nnqq_15_uu_eL_pR.h5', '/data/suehara/mldata/pfa/murata/data/tc/tc_nnqq/train/nnqq_16_uu_eL_pR.h5', '/data/suehara/mldata/pfa/murata/data/tc/tc_nnqq/train/nnqq_17_uu_eL_pR.h5', '/data/suehara/mldata/pfa/murata/data/tc/tc_nnqq/train/nnqq_18_uu_eL_pR.h5', '/data/suehara/mldata/pfa/murata/data/tc/tc_nnqq/train/nnqq_19_uu_eL_pR.h5', '/data/suehara/mldata/pfa/murata/data/tc/tc_nnqq/train/nnqq_1_uu_eL_pR.h5', '/data/suehara/mldata/pfa/murata/data/tc/tc_nnqq/train/nnqq_26_uu_eR_pL.h5', '/data/suehara/mldata/pfa/murata/data/tc/tc_nnqq/train/nnqq_27_uu_eR_pL.h5', '/data/suehara/mldata/pfa/murata/data/tc/tc_nnqq/train/nnqq_28_uu_eR_pL.h5', '/data/suehara/mldata/pfa/murata/data/tc/tc_nnqq/train/nnqq_29_uu_eR_pL.h5', '/data/suehara/mldata/pfa/murata/data/tc/tc_nnqq/train/nnqq_2_uu_eL_pR.h5', '/data/suehara/mldata/pfa/murata/data/tc/tc_nnqq/train/nnqq_30_uu_eR_pL.h5', '/data/suehara/mldata/pfa/murata/data/tc/tc_nnqq/train/nnqq_31_uu_eR_pL.h5', '/data/suehara/mldata/pfa/murata/data/tc/tc_nnqq/train/nnqq_32_uu_eR_pL.h5', '/data/suehara/mldata/pfa/murata/data/tc/tc_nnqq/train/nnqq_33_uu_eR_pL.h5', '/data/suehara/mldata/pfa/murata/data/tc/tc_nnqq/train/nnqq_34_uu_eR_pL.h5', '/data/suehara/mldata/pfa/murata/data/tc/tc_nnqq/train/nnqq_35_uu_eR_pL.h5', '/data/suehara/mldata/pfa/murata/data/tc/tc_nnqq/train/nnqq_36_uu_eR_pL.h5', '/data/suehara/mldata/pfa/murata/data/tc/tc_nnqq/train/nnqq_37_uu_eR_pL.h5', '/data/suehara/mldata/pfa/murata/data/tc/tc_nnqq/train/nnqq_38_uu_eR_pL.h5', '/data/suehara/mldata/pfa/murata/data/tc/tc_nnqq/train/nnqq_39_uu_eR_pL.h5', '/data/suehara/mldata/pfa/murata/data/tc/tc_nnqq/train/nnqq_3_uu_eL_pR.h5', '/data/suehara/mldata/pfa/murata/data/tc/tc_nnqq/train/nnqq_40_uu_eR_pL.h5', '/data/suehara/mldata/pfa/murata/data/tc/tc_nnqq/train/nnqq_41_uu_eR_pL.h5', '/data/suehara/mldata/pfa/murata/data/tc/tc_nnqq/train/nnqq_42_uu_eR_pL.h5', '/data/suehara/mldata/pfa/murata/data/tc/tc_nnqq/train/nnqq_43_uu_eR_pL.h5', '/data/suehara/mldata/pfa/murata/data/tc/tc_nnqq/train/nnqq_44_uu_eR_pL.h5', '/data/suehara/mldata/pfa/murata/data/tc/tc_nnqq/train/nnqq_4_uu_eL_pR.h5', '/data/suehara/mldata/pfa/murata/data/tc/tc_nnqq/train/nnqq_51_dd_eL_pR.h5', '/data/suehara/mldata/pfa/murata/data/tc/tc_nnqq/train/nnqq_52_dd_eL_pR.h5', '/data/suehara/mldata/pfa/murata/data/tc/tc_nnqq/train/nnqq_53_dd_eL_pR.h5', '/data/suehara/mldata/pfa/murata/data/tc/tc_nnqq/train/nnqq_54_dd_eL_pR.h5', '/data/suehara/mldata/pfa/murata/data/tc/tc_nnqq/train/nnqq_55_dd_eL_pR.h5', '/data/suehara/mldata/pfa/murata/data/tc/tc_nnqq/train/nnqq_56_dd_eL_pR.h5', '/data/suehara/mldata/pfa/murata/data/tc/tc_nnqq/train/nnqq_57_dd_eL_pR.h5', '/data/suehara/mldata/pfa/murata/data/tc/tc_nnqq/train/nnqq_58_dd_eL_pR.h5', '/data/suehara/mldata/pfa/murata/data/tc/tc_nnqq/train/nnqq_59_dd_eL_pR.h5', '/data/suehara/mldata/pfa/murata/data/tc/tc_nnqq/train/nnqq_5_uu_eL_pR.h5', '/data/suehara/mldata/pfa/murata/data/tc/tc_nnqq/train/nnqq_60_dd_eL_pR.h5', '/data/suehara/mldata/pfa/murata/data/tc/tc_nnqq/train/nnqq_61_dd_eL_pR.h5', '/data/suehara/mldata/pfa/murata/data/tc/tc_nnqq/train/nnqq_62_dd_eL_pR.h5', '/data/suehara/mldata/pfa/murata/data/tc/tc_nnqq/train/nnqq_63_dd_eL_pR.h5', '/data/suehara/mldata/pfa/murata/data/tc/tc_nnqq/train/nnqq_64_dd_eL_pR.h5', '/data/suehara/mldata/pfa/murata/data/tc/tc_nnqq/train/nnqq_65_dd_eL_pR.h5', '/data/suehara/mldata/pfa/murata/data/tc/tc_nnqq/train/nnqq_66_dd_eL_pR.h5', '/data/suehara/mldata/pfa/murata/data/tc/tc_nnqq/train/nnqq_67_dd_eL_pR.h5', '/data/suehara/mldata/pfa/murata/data/tc/tc_nnqq/train/nnqq_68_dd_eL_pR.h5', '/data/suehara/mldata/pfa/murata/data/tc/tc_nnqq/train/nnqq_69_dd_eL_pR.h5', '/data/suehara/mldata/pfa/murata/data/tc/tc_nnqq/train/nnqq_6_uu_eL_pR.h5', '/data/suehara/mldata/pfa/murata/data/tc/tc_nnqq/train/nnqq_76_dd_eR_pL.h5', '/data/suehara/mldata/pfa/murata/data/tc/tc_nnqq/train/nnqq_77_dd_eR_pL.h5', '/data/suehara/mldata/pfa/murata/data/tc/tc_nnqq/train/nnqq_78_dd_eR_pL.h5', '/data/suehara/mldata/pfa/murata/data/tc/tc_nnqq/train/nnqq_79_dd_eR_pL.h5', '/data/suehara/mldata/pfa/murata/data/tc/tc_nnqq/train/nnqq_7_uu_eL_pR.h5', '/data/suehara/mldata/pfa/murata/data/tc/tc_nnqq/train/nnqq_80_dd_eR_pL.h5', '/data/suehara/mldata/pfa/murata/data/tc/tc_nnqq/train/nnqq_81_dd_eR_pL.h5', '/data/suehara/mldata/pfa/murata/data/tc/tc_nnqq/train/nnqq_82_dd_eR_pL.h5', '/data/suehara/mldata/pfa/murata/data/tc/tc_nnqq/train/nnqq_83_dd_eR_pL.h5', '/data/suehara/mldata/pfa/murata/data/tc/tc_nnqq/train/nnqq_84_dd_eR_pL.h5', '/data/suehara/mldata/pfa/murata/data/tc/tc_nnqq/train/nnqq_85_dd_eR_pL.h5', '/data/suehara/mldata/pfa/murata/data/tc/tc_nnqq/train/nnqq_86_dd_eR_pL.h5', '/data/suehara/mldata/pfa/murata/data/tc/tc_nnqq/train/nnqq_87_dd_eR_pL.h5', '/data/suehara/mldata/pfa/murata/data/tc/tc_nnqq/train/nnqq_88_dd_eR_pL.h5', '/data/suehara/mldata/pfa/murata/data/tc/tc_nnqq/train/nnqq_89_dd_eR_pL.h5', '/data/suehara/mldata/pfa/murata/data/tc/tc_nnqq/train/nnqq_8_uu_eL_pR.h5', '/data/suehara/mldata/pfa/murata/data/tc/tc_nnqq/train/nnqq_90_dd_eR_pL.h5', '/data/suehara/mldata/pfa/murata/data/tc/tc_nnqq/train/nnqq_91_dd_eR_pL.h5', '/data/suehara/mldata/pfa/murata/data/tc/tc_nnqq/train/nnqq_92_dd_eR_pL.h5', '/data/suehara/mldata/pfa/murata/data/tc/tc_nnqq/train/nnqq_93_dd_eR_pL.h5', '/data/suehara/mldata/pfa/murata/data/tc/tc_nnqq/train/nnqq_94_dd_eR_pL.h5', '/data/suehara/mldata/pfa/murata/data/tc/tc_nnqq/train/nnqq_9_uu_eL_pR.h5']
Reading file: file='/data/suehara/mldata/pfa/murata/data/tc/tc_nnqq/train/nnqq_10_uu_eL_pR.h5'
Reading file: file='/data/suehara/mldata/pfa/murata/data/tc/tc_nnqq/train/nnqq_11_uu_eL_pR.h5'
Reading file: file='/data/suehara/mldata/pfa/murata/data/tc/tc_nnqq/train/nnqq_12_uu_eL_pR.h5'
Reading file: file='/data/suehara/mldata/pfa/murata/data/tc/tc_nnqq/train/nnqq_13_uu_eL_pR.h5'
Reading file: file='/data/suehara/mldata/pfa/murata/data/tc/tc_nnqq/train/nnqq_14_uu_eL_pR.h5'
Reading file: file='/data/suehara/mldata/pfa/murata/data/tc/tc_nnqq/train/nnqq_15_uu_eL_pR.h5'
Reading file: file='/data/suehara/mldata/pfa/murata/data/tc/tc_nnqq/train/nnqq_16_uu_eL_pR.h5'
Reading file: file='/data/suehara/mldata/pfa/murata/data/tc/tc_nnqq/train/nnqq_17_uu_eL_pR.h5'
Reading file: file='/data/suehara/mldata/pfa/murata/data/tc/tc_nnqq/train/nnqq_18_uu_eL_pR.h5'
Reading file: file='/data/suehara/mldata/pfa/murata/data/tc/tc_nnqq/train/nnqq_19_uu_eL_pR.h5'
Reading file: file='/data/suehara/mldata/pfa/murata/data/tc/tc_nnqq/train/nnqq_1_uu_eL_pR.h5'
Reading file: file='/data/suehara/mldata/pfa/murata/data/tc/tc_nnqq/train/nnqq_26_uu_eR_pL.h5'
Reading file: file='/data/suehara/mldata/pfa/murata/data/tc/tc_nnqq/train/nnqq_27_uu_eR_pL.h5'
Reading file: file='/data/suehara/mldata/pfa/murata/data/tc/tc_nnqq/train/nnqq_28_uu_eR_pL.h5'
Reading file: file='/data/suehara/mldata/pfa/murata/data/tc/tc_nnqq/train/nnqq_29_uu_eR_pL.h5'
Reading file: file='/data/suehara/mldata/pfa/murata/data/tc/tc_nnqq/train/nnqq_2_uu_eL_pR.h5'
Reading file: file='/data/suehara/mldata/pfa/murata/data/tc/tc_nnqq/train/nnqq_30_uu_eR_pL.h5'
Reading file: file='/data/suehara/mldata/pfa/murata/data/tc/tc_nnqq/train/nnqq_31_uu_eR_pL.h5'
Reading file: file='/data/suehara/mldata/pfa/murata/data/tc/tc_nnqq/train/nnqq_32_uu_eR_pL.h5'
Reading file: file='/data/suehara/mldata/pfa/murata/data/tc/tc_nnqq/train/nnqq_33_uu_eR_pL.h5'
Reading file: file='/data/suehara/mldata/pfa/murata/data/tc/tc_nnqq/train/nnqq_34_uu_eR_pL.h5'
Reading file: file='/data/suehara/mldata/pfa/murata/data/tc/tc_nnqq/train/nnqq_35_uu_eR_pL.h5'
Reading file: file='/data/suehara/mldata/pfa/murata/data/tc/tc_nnqq/train/nnqq_36_uu_eR_pL.h5'
Reading file: file='/data/suehara/mldata/pfa/murata/data/tc/tc_nnqq/train/nnqq_37_uu_eR_pL.h5'
Reading file: file='/data/suehara/mldata/pfa/murata/data/tc/tc_nnqq/train/nnqq_38_uu_eR_pL.h5'
Reading file: file='/data/suehara/mldata/pfa/murata/data/tc/tc_nnqq/train/nnqq_39_uu_eR_pL.h5'
Reading file: file='/data/suehara/mldata/pfa/murata/data/tc/tc_nnqq/train/nnqq_3_uu_eL_pR.h5'
Reading file: file='/data/suehara/mldata/pfa/murata/data/tc/tc_nnqq/train/nnqq_40_uu_eR_pL.h5'
Reading file: file='/data/suehara/mldata/pfa/murata/data/tc/tc_nnqq/train/nnqq_41_uu_eR_pL.h5'
Reading file: file='/data/suehara/mldata/pfa/murata/data/tc/tc_nnqq/train/nnqq_42_uu_eR_pL.h5'
Reading file: file='/data/suehara/mldata/pfa/murata/data/tc/tc_nnqq/train/nnqq_43_uu_eR_pL.h5'
Reading file: file='/data/suehara/mldata/pfa/murata/data/tc/tc_nnqq/train/nnqq_44_uu_eR_pL.h5'
Reading file: file='/data/suehara/mldata/pfa/murata/data/tc/tc_nnqq/train/nnqq_4_uu_eL_pR.h5'
Reading file: file='/data/suehara/mldata/pfa/murata/data/tc/tc_nnqq/train/nnqq_51_dd_eL_pR.h5'
Reading file: file='/data/suehara/mldata/pfa/murata/data/tc/tc_nnqq/train/nnqq_52_dd_eL_pR.h5'
Reading file: file='/data/suehara/mldata/pfa/murata/data/tc/tc_nnqq/train/nnqq_53_dd_eL_pR.h5'
Reading file: file='/data/suehara/mldata/pfa/murata/data/tc/tc_nnqq/train/nnqq_54_dd_eL_pR.h5'
Reading file: file='/data/suehara/mldata/pfa/murata/data/tc/tc_nnqq/train/nnqq_55_dd_eL_pR.h5'
Reading file: file='/data/suehara/mldata/pfa/murata/data/tc/tc_nnqq/train/nnqq_56_dd_eL_pR.h5'
Reading file: file='/data/suehara/mldata/pfa/murata/data/tc/tc_nnqq/train/nnqq_57_dd_eL_pR.h5'
Reading file: file='/data/suehara/mldata/pfa/murata/data/tc/tc_nnqq/train/nnqq_58_dd_eL_pR.h5'
Reading file: file='/data/suehara/mldata/pfa/murata/data/tc/tc_nnqq/train/nnqq_59_dd_eL_pR.h5'
Reading file: file='/data/suehara/mldata/pfa/murata/data/tc/tc_nnqq/train/nnqq_5_uu_eL_pR.h5'
Reading file: file='/data/suehara/mldata/pfa/murata/data/tc/tc_nnqq/train/nnqq_60_dd_eL_pR.h5'
Reading file: file='/data/suehara/mldata/pfa/murata/data/tc/tc_nnqq/train/nnqq_61_dd_eL_pR.h5'
Reading file: file='/data/suehara/mldata/pfa/murata/data/tc/tc_nnqq/train/nnqq_62_dd_eL_pR.h5'
Reading file: file='/data/suehara/mldata/pfa/murata/data/tc/tc_nnqq/train/nnqq_63_dd_eL_pR.h5'
Reading file: file='/data/suehara/mldata/pfa/murata/data/tc/tc_nnqq/train/nnqq_64_dd_eL_pR.h5'
Reading file: file='/data/suehara/mldata/pfa/murata/data/tc/tc_nnqq/train/nnqq_65_dd_eL_pR.h5'
Reading file: file='/data/suehara/mldata/pfa/murata/data/tc/tc_nnqq/train/nnqq_66_dd_eL_pR.h5'
Reading file: file='/data/suehara/mldata/pfa/murata/data/tc/tc_nnqq/train/nnqq_67_dd_eL_pR.h5'
Reading file: file='/data/suehara/mldata/pfa/murata/data/tc/tc_nnqq/train/nnqq_68_dd_eL_pR.h5'
Reading file: file='/data/suehara/mldata/pfa/murata/data/tc/tc_nnqq/train/nnqq_69_dd_eL_pR.h5'
Reading file: file='/data/suehara/mldata/pfa/murata/data/tc/tc_nnqq/train/nnqq_6_uu_eL_pR.h5'
Reading file: file='/data/suehara/mldata/pfa/murata/data/tc/tc_nnqq/train/nnqq_76_dd_eR_pL.h5'
Reading file: file='/data/suehara/mldata/pfa/murata/data/tc/tc_nnqq/train/nnqq_77_dd_eR_pL.h5'
Reading file: file='/data/suehara/mldata/pfa/murata/data/tc/tc_nnqq/train/nnqq_78_dd_eR_pL.h5'
Reading file: file='/data/suehara/mldata/pfa/murata/data/tc/tc_nnqq/train/nnqq_79_dd_eR_pL.h5'
Reading file: file='/data/suehara/mldata/pfa/murata/data/tc/tc_nnqq/train/nnqq_7_uu_eL_pR.h5'
Reading file: file='/data/suehara/mldata/pfa/murata/data/tc/tc_nnqq/train/nnqq_80_dd_eR_pL.h5'
Reading file: file='/data/suehara/mldata/pfa/murata/data/tc/tc_nnqq/train/nnqq_81_dd_eR_pL.h5'
Reading file: file='/data/suehara/mldata/pfa/murata/data/tc/tc_nnqq/train/nnqq_82_dd_eR_pL.h5'
Reading file: file='/data/suehara/mldata/pfa/murata/data/tc/tc_nnqq/train/nnqq_83_dd_eR_pL.h5'
Reading file: file='/data/suehara/mldata/pfa/murata/data/tc/tc_nnqq/train/nnqq_84_dd_eR_pL.h5'
Reading file: file='/data/suehara/mldata/pfa/murata/data/tc/tc_nnqq/train/nnqq_85_dd_eR_pL.h5'
Reading file: file='/data/suehara/mldata/pfa/murata/data/tc/tc_nnqq/train/nnqq_86_dd_eR_pL.h5'
Reading file: file='/data/suehara/mldata/pfa/murata/data/tc/tc_nnqq/train/nnqq_87_dd_eR_pL.h5'
Reading file: file='/data/suehara/mldata/pfa/murata/data/tc/tc_nnqq/train/nnqq_88_dd_eR_pL.h5'
Reading file: file='/data/suehara/mldata/pfa/murata/data/tc/tc_nnqq/train/nnqq_89_dd_eR_pL.h5'
Reading file: file='/data/suehara/mldata/pfa/murata/data/tc/tc_nnqq/train/nnqq_8_uu_eL_pR.h5'
Reading file: file='/data/suehara/mldata/pfa/murata/data/tc/tc_nnqq/train/nnqq_90_dd_eR_pL.h5'
Reading file: file='/data/suehara/mldata/pfa/murata/data/tc/tc_nnqq/train/nnqq_91_dd_eR_pL.h5'
Reading file: file='/data/suehara/mldata/pfa/murata/data/tc/tc_nnqq/train/nnqq_92_dd_eR_pL.h5'
Reading file: file='/data/suehara/mldata/pfa/murata/data/tc/tc_nnqq/train/nnqq_93_dd_eR_pL.h5'
Reading file: file='/data/suehara/mldata/pfa/murata/data/tc/tc_nnqq/train/nnqq_94_dd_eR_pL.h5'
Reading file: file='/data/suehara/mldata/pfa/murata/data/tc/tc_nnqq/train/nnqq_9_uu_eL_pR.h5'
Making ak_feats...
Making ak_labels...
ILCDataset: path='/data/suehara/mldata/pfa/murata/data/tc/tc_nnqq/validation'
filenames=['/data/suehara/mldata/pfa/murata/data/tc/tc_nnqq/validation/nnqq_20_uu_eL_pR.h5', '/data/suehara/mldata/pfa/murata/data/tc/tc_nnqq/validation/nnqq_21_uu_eL_pR.h5', '/data/suehara/mldata/pfa/murata/data/tc/tc_nnqq/validation/nnqq_22_uu_eL_pR.h5', '/data/suehara/mldata/pfa/murata/data/tc/tc_nnqq/validation/nnqq_45_uu_eR_pL.h5', '/data/suehara/mldata/pfa/murata/data/tc/tc_nnqq/validation/nnqq_46_uu_eR_pL.h5', '/data/suehara/mldata/pfa/murata/data/tc/tc_nnqq/validation/nnqq_47_uu_eR_pL.h5', '/data/suehara/mldata/pfa/murata/data/tc/tc_nnqq/validation/nnqq_70_dd_eL_pR.h5', '/data/suehara/mldata/pfa/murata/data/tc/tc_nnqq/validation/nnqq_71_dd_eL_pR.h5', '/data/suehara/mldata/pfa/murata/data/tc/tc_nnqq/validation/nnqq_72_dd_eL_pR.h5', '/data/suehara/mldata/pfa/murata/data/tc/tc_nnqq/validation/nnqq_95_dd_eR_pL.h5', '/data/suehara/mldata/pfa/murata/data/tc/tc_nnqq/validation/nnqq_96_dd_eR_pL.h5', '/data/suehara/mldata/pfa/murata/data/tc/tc_nnqq/validation/nnqq_97_dd_eR_pL.h5']
Reading file: file='/data/suehara/mldata/pfa/murata/data/tc/tc_nnqq/validation/nnqq_20_uu_eL_pR.h5'
Reading file: file='/data/suehara/mldata/pfa/murata/data/tc/tc_nnqq/validation/nnqq_21_uu_eL_pR.h5'
Reading file: file='/data/suehara/mldata/pfa/murata/data/tc/tc_nnqq/validation/nnqq_22_uu_eL_pR.h5'
Reading file: file='/data/suehara/mldata/pfa/murata/data/tc/tc_nnqq/validation/nnqq_45_uu_eR_pL.h5'
Reading file: file='/data/suehara/mldata/pfa/murata/data/tc/tc_nnqq/validation/nnqq_46_uu_eR_pL.h5'
Reading file: file='/data/suehara/mldata/pfa/murata/data/tc/tc_nnqq/validation/nnqq_47_uu_eR_pL.h5'
Reading file: file='/data/suehara/mldata/pfa/murata/data/tc/tc_nnqq/validation/nnqq_70_dd_eL_pR.h5'
Reading file: file='/data/suehara/mldata/pfa/murata/data/tc/tc_nnqq/validation/nnqq_71_dd_eL_pR.h5'
Reading file: file='/data/suehara/mldata/pfa/murata/data/tc/tc_nnqq/validation/nnqq_72_dd_eL_pR.h5'
Reading file: file='/data/suehara/mldata/pfa/murata/data/tc/tc_nnqq/validation/nnqq_95_dd_eR_pL.h5'
Reading file: file='/data/suehara/mldata/pfa/murata/data/tc/tc_nnqq/validation/nnqq_96_dd_eR_pL.h5'
Reading file: file='/data/suehara/mldata/pfa/murata/data/tc/tc_nnqq/validation/nnqq_97_dd_eR_pL.h5'
Making ak_feats...
Making ak_labels...
Training dataset size:  30400
Validating dataset size:  4800
Batch size:  120
Loading GravnetModel
Hello
restart period :  30
cuda:1
thetaphi at main: True
Loading dataset...
ILCDataset: path='/data/suehara/mldata/pfa/murata/data/tc/tc_nnqq/train'
filenames=['/data/suehara/mldata/pfa/murata/data/tc/tc_nnqq/train/nnqq_10_uu_eL_pR.h5', '/data/suehara/mldata/pfa/murata/data/tc/tc_nnqq/train/nnqq_11_uu_eL_pR.h5', '/data/suehara/mldata/pfa/murata/data/tc/tc_nnqq/train/nnqq_12_uu_eL_pR.h5', '/data/suehara/mldata/pfa/murata/data/tc/tc_nnqq/train/nnqq_13_uu_eL_pR.h5', '/data/suehara/mldata/pfa/murata/data/tc/tc_nnqq/train/nnqq_14_uu_eL_pR.h5', '/data/suehara/mldata/pfa/murata/data/tc/tc_nnqq/train/nnqq_15_uu_eL_pR.h5', '/data/suehara/mldata/pfa/murata/data/tc/tc_nnqq/train/nnqq_16_uu_eL_pR.h5', '/data/suehara/mldata/pfa/murata/data/tc/tc_nnqq/train/nnqq_17_uu_eL_pR.h5', '/data/suehara/mldata/pfa/murata/data/tc/tc_nnqq/train/nnqq_18_uu_eL_pR.h5', '/data/suehara/mldata/pfa/murata/data/tc/tc_nnqq/train/nnqq_19_uu_eL_pR.h5', '/data/suehara/mldata/pfa/murata/data/tc/tc_nnqq/train/nnqq_1_uu_eL_pR.h5', '/data/suehara/mldata/pfa/murata/data/tc/tc_nnqq/train/nnqq_26_uu_eR_pL.h5', '/data/suehara/mldata/pfa/murata/data/tc/tc_nnqq/train/nnqq_27_uu_eR_pL.h5', '/data/suehara/mldata/pfa/murata/data/tc/tc_nnqq/train/nnqq_28_uu_eR_pL.h5', '/data/suehara/mldata/pfa/murata/data/tc/tc_nnqq/train/nnqq_29_uu_eR_pL.h5', '/data/suehara/mldata/pfa/murata/data/tc/tc_nnqq/train/nnqq_2_uu_eL_pR.h5', '/data/suehara/mldata/pfa/murata/data/tc/tc_nnqq/train/nnqq_30_uu_eR_pL.h5', '/data/suehara/mldata/pfa/murata/data/tc/tc_nnqq/train/nnqq_31_uu_eR_pL.h5', '/data/suehara/mldata/pfa/murata/data/tc/tc_nnqq/train/nnqq_32_uu_eR_pL.h5', '/data/suehara/mldata/pfa/murata/data/tc/tc_nnqq/train/nnqq_33_uu_eR_pL.h5', '/data/suehara/mldata/pfa/murata/data/tc/tc_nnqq/train/nnqq_34_uu_eR_pL.h5', '/data/suehara/mldata/pfa/murata/data/tc/tc_nnqq/train/nnqq_35_uu_eR_pL.h5', '/data/suehara/mldata/pfa/murata/data/tc/tc_nnqq/train/nnqq_36_uu_eR_pL.h5', '/data/suehara/mldata/pfa/murata/data/tc/tc_nnqq/train/nnqq_37_uu_eR_pL.h5', '/data/suehara/mldata/pfa/murata/data/tc/tc_nnqq/train/nnqq_38_uu_eR_pL.h5', '/data/suehara/mldata/pfa/murata/data/tc/tc_nnqq/train/nnqq_39_uu_eR_pL.h5', '/data/suehara/mldata/pfa/murata/data/tc/tc_nnqq/train/nnqq_3_uu_eL_pR.h5', '/data/suehara/mldata/pfa/murata/data/tc/tc_nnqq/train/nnqq_40_uu_eR_pL.h5', '/data/suehara/mldata/pfa/murata/data/tc/tc_nnqq/train/nnqq_41_uu_eR_pL.h5', '/data/suehara/mldata/pfa/murata/data/tc/tc_nnqq/train/nnqq_42_uu_eR_pL.h5', '/data/suehara/mldata/pfa/murata/data/tc/tc_nnqq/train/nnqq_43_uu_eR_pL.h5', '/data/suehara/mldata/pfa/murata/data/tc/tc_nnqq/train/nnqq_44_uu_eR_pL.h5', '/data/suehara/mldata/pfa/murata/data/tc/tc_nnqq/train/nnqq_4_uu_eL_pR.h5', '/data/suehara/mldata/pfa/murata/data/tc/tc_nnqq/train/nnqq_51_dd_eL_pR.h5', '/data/suehara/mldata/pfa/murata/data/tc/tc_nnqq/train/nnqq_52_dd_eL_pR.h5', '/data/suehara/mldata/pfa/murata/data/tc/tc_nnqq/train/nnqq_53_dd_eL_pR.h5', '/data/suehara/mldata/pfa/murata/data/tc/tc_nnqq/train/nnqq_54_dd_eL_pR.h5', '/data/suehara/mldata/pfa/murata/data/tc/tc_nnqq/train/nnqq_55_dd_eL_pR.h5', '/data/suehara/mldata/pfa/murata/data/tc/tc_nnqq/train/nnqq_56_dd_eL_pR.h5', '/data/suehara/mldata/pfa/murata/data/tc/tc_nnqq/train/nnqq_57_dd_eL_pR.h5', '/data/suehara/mldata/pfa/murata/data/tc/tc_nnqq/train/nnqq_58_dd_eL_pR.h5', '/data/suehara/mldata/pfa/murata/data/tc/tc_nnqq/train/nnqq_59_dd_eL_pR.h5', '/data/suehara/mldata/pfa/murata/data/tc/tc_nnqq/train/nnqq_5_uu_eL_pR.h5', '/data/suehara/mldata/pfa/murata/data/tc/tc_nnqq/train/nnqq_60_dd_eL_pR.h5', '/data/suehara/mldata/pfa/murata/data/tc/tc_nnqq/train/nnqq_61_dd_eL_pR.h5', '/data/suehara/mldata/pfa/murata/data/tc/tc_nnqq/train/nnqq_62_dd_eL_pR.h5', '/data/suehara/mldata/pfa/murata/data/tc/tc_nnqq/train/nnqq_63_dd_eL_pR.h5', '/data/suehara/mldata/pfa/murata/data/tc/tc_nnqq/train/nnqq_64_dd_eL_pR.h5', '/data/suehara/mldata/pfa/murata/data/tc/tc_nnqq/train/nnqq_65_dd_eL_pR.h5', '/data/suehara/mldata/pfa/murata/data/tc/tc_nnqq/train/nnqq_66_dd_eL_pR.h5', '/data/suehara/mldata/pfa/murata/data/tc/tc_nnqq/train/nnqq_67_dd_eL_pR.h5', '/data/suehara/mldata/pfa/murata/data/tc/tc_nnqq/train/nnqq_68_dd_eL_pR.h5', '/data/suehara/mldata/pfa/murata/data/tc/tc_nnqq/train/nnqq_69_dd_eL_pR.h5', '/data/suehara/mldata/pfa/murata/data/tc/tc_nnqq/train/nnqq_6_uu_eL_pR.h5', '/data/suehara/mldata/pfa/murata/data/tc/tc_nnqq/train/nnqq_76_dd_eR_pL.h5', '/data/suehara/mldata/pfa/murata/data/tc/tc_nnqq/train/nnqq_77_dd_eR_pL.h5', '/data/suehara/mldata/pfa/murata/data/tc/tc_nnqq/train/nnqq_78_dd_eR_pL.h5', '/data/suehara/mldata/pfa/murata/data/tc/tc_nnqq/train/nnqq_79_dd_eR_pL.h5', '/data/suehara/mldata/pfa/murata/data/tc/tc_nnqq/train/nnqq_7_uu_eL_pR.h5', '/data/suehara/mldata/pfa/murata/data/tc/tc_nnqq/train/nnqq_80_dd_eR_pL.h5', '/data/suehara/mldata/pfa/murata/data/tc/tc_nnqq/train/nnqq_81_dd_eR_pL.h5', '/data/suehara/mldata/pfa/murata/data/tc/tc_nnqq/train/nnqq_82_dd_eR_pL.h5', '/data/suehara/mldata/pfa/murata/data/tc/tc_nnqq/train/nnqq_83_dd_eR_pL.h5', '/data/suehara/mldata/pfa/murata/data/tc/tc_nnqq/train/nnqq_84_dd_eR_pL.h5', '/data/suehara/mldata/pfa/murata/data/tc/tc_nnqq/train/nnqq_85_dd_eR_pL.h5', '/data/suehara/mldata/pfa/murata/data/tc/tc_nnqq/train/nnqq_86_dd_eR_pL.h5', '/data/suehara/mldata/pfa/murata/data/tc/tc_nnqq/train/nnqq_87_dd_eR_pL.h5', '/data/suehara/mldata/pfa/murata/data/tc/tc_nnqq/train/nnqq_88_dd_eR_pL.h5', '/data/suehara/mldata/pfa/murata/data/tc/tc_nnqq/train/nnqq_89_dd_eR_pL.h5', '/data/suehara/mldata/pfa/murata/data/tc/tc_nnqq/train/nnqq_8_uu_eL_pR.h5', '/data/suehara/mldata/pfa/murata/data/tc/tc_nnqq/train/nnqq_90_dd_eR_pL.h5', '/data/suehara/mldata/pfa/murata/data/tc/tc_nnqq/train/nnqq_91_dd_eR_pL.h5', '/data/suehara/mldata/pfa/murata/data/tc/tc_nnqq/train/nnqq_92_dd_eR_pL.h5', '/data/suehara/mldata/pfa/murata/data/tc/tc_nnqq/train/nnqq_93_dd_eR_pL.h5', '/data/suehara/mldata/pfa/murata/data/tc/tc_nnqq/train/nnqq_94_dd_eR_pL.h5', '/data/suehara/mldata/pfa/murata/data/tc/tc_nnqq/train/nnqq_9_uu_eL_pR.h5']
Reading file: file='/data/suehara/mldata/pfa/murata/data/tc/tc_nnqq/train/nnqq_10_uu_eL_pR.h5'
Reading file: file='/data/suehara/mldata/pfa/murata/data/tc/tc_nnqq/train/nnqq_11_uu_eL_pR.h5'
Reading file: file='/data/suehara/mldata/pfa/murata/data/tc/tc_nnqq/train/nnqq_12_uu_eL_pR.h5'
Reading file: file='/data/suehara/mldata/pfa/murata/data/tc/tc_nnqq/train/nnqq_13_uu_eL_pR.h5'
Reading file: file='/data/suehara/mldata/pfa/murata/data/tc/tc_nnqq/train/nnqq_14_uu_eL_pR.h5'
Reading file: file='/data/suehara/mldata/pfa/murata/data/tc/tc_nnqq/train/nnqq_15_uu_eL_pR.h5'
Reading file: file='/data/suehara/mldata/pfa/murata/data/tc/tc_nnqq/train/nnqq_16_uu_eL_pR.h5'
Reading file: file='/data/suehara/mldata/pfa/murata/data/tc/tc_nnqq/train/nnqq_17_uu_eL_pR.h5'
Reading file: file='/data/suehara/mldata/pfa/murata/data/tc/tc_nnqq/train/nnqq_18_uu_eL_pR.h5'
Reading file: file='/data/suehara/mldata/pfa/murata/data/tc/tc_nnqq/train/nnqq_19_uu_eL_pR.h5'
Reading file: file='/data/suehara/mldata/pfa/murata/data/tc/tc_nnqq/train/nnqq_1_uu_eL_pR.h5'
Reading file: file='/data/suehara/mldata/pfa/murata/data/tc/tc_nnqq/train/nnqq_26_uu_eR_pL.h5'
Reading file: file='/data/suehara/mldata/pfa/murata/data/tc/tc_nnqq/train/nnqq_27_uu_eR_pL.h5'
Reading file: file='/data/suehara/mldata/pfa/murata/data/tc/tc_nnqq/train/nnqq_28_uu_eR_pL.h5'
Reading file: file='/data/suehara/mldata/pfa/murata/data/tc/tc_nnqq/train/nnqq_29_uu_eR_pL.h5'
Reading file: file='/data/suehara/mldata/pfa/murata/data/tc/tc_nnqq/train/nnqq_2_uu_eL_pR.h5'
Reading file: file='/data/suehara/mldata/pfa/murata/data/tc/tc_nnqq/train/nnqq_30_uu_eR_pL.h5'
Reading file: file='/data/suehara/mldata/pfa/murata/data/tc/tc_nnqq/train/nnqq_31_uu_eR_pL.h5'
Reading file: file='/data/suehara/mldata/pfa/murata/data/tc/tc_nnqq/train/nnqq_32_uu_eR_pL.h5'
Reading file: file='/data/suehara/mldata/pfa/murata/data/tc/tc_nnqq/train/nnqq_33_uu_eR_pL.h5'
Reading file: file='/data/suehara/mldata/pfa/murata/data/tc/tc_nnqq/train/nnqq_34_uu_eR_pL.h5'
Reading file: file='/data/suehara/mldata/pfa/murata/data/tc/tc_nnqq/train/nnqq_35_uu_eR_pL.h5'
Reading file: file='/data/suehara/mldata/pfa/murata/data/tc/tc_nnqq/train/nnqq_36_uu_eR_pL.h5'
Reading file: file='/data/suehara/mldata/pfa/murata/data/tc/tc_nnqq/train/nnqq_37_uu_eR_pL.h5'
Reading file: file='/data/suehara/mldata/pfa/murata/data/tc/tc_nnqq/train/nnqq_38_uu_eR_pL.h5'
Reading file: file='/data/suehara/mldata/pfa/murata/data/tc/tc_nnqq/train/nnqq_39_uu_eR_pL.h5'
Reading file: file='/data/suehara/mldata/pfa/murata/data/tc/tc_nnqq/train/nnqq_3_uu_eL_pR.h5'
Reading file: file='/data/suehara/mldata/pfa/murata/data/tc/tc_nnqq/train/nnqq_40_uu_eR_pL.h5'
Reading file: file='/data/suehara/mldata/pfa/murata/data/tc/tc_nnqq/train/nnqq_41_uu_eR_pL.h5'
Reading file: file='/data/suehara/mldata/pfa/murata/data/tc/tc_nnqq/train/nnqq_42_uu_eR_pL.h5'
Reading file: file='/data/suehara/mldata/pfa/murata/data/tc/tc_nnqq/train/nnqq_43_uu_eR_pL.h5'
Reading file: file='/data/suehara/mldata/pfa/murata/data/tc/tc_nnqq/train/nnqq_44_uu_eR_pL.h5'
Reading file: file='/data/suehara/mldata/pfa/murata/data/tc/tc_nnqq/train/nnqq_4_uu_eL_pR.h5'
Reading file: file='/data/suehara/mldata/pfa/murata/data/tc/tc_nnqq/train/nnqq_51_dd_eL_pR.h5'
Reading file: file='/data/suehara/mldata/pfa/murata/data/tc/tc_nnqq/train/nnqq_52_dd_eL_pR.h5'
Reading file: file='/data/suehara/mldata/pfa/murata/data/tc/tc_nnqq/train/nnqq_53_dd_eL_pR.h5'
Reading file: file='/data/suehara/mldata/pfa/murata/data/tc/tc_nnqq/train/nnqq_54_dd_eL_pR.h5'
Reading file: file='/data/suehara/mldata/pfa/murata/data/tc/tc_nnqq/train/nnqq_55_dd_eL_pR.h5'
Reading file: file='/data/suehara/mldata/pfa/murata/data/tc/tc_nnqq/train/nnqq_56_dd_eL_pR.h5'
Reading file: file='/data/suehara/mldata/pfa/murata/data/tc/tc_nnqq/train/nnqq_57_dd_eL_pR.h5'
Reading file: file='/data/suehara/mldata/pfa/murata/data/tc/tc_nnqq/train/nnqq_58_dd_eL_pR.h5'
Reading file: file='/data/suehara/mldata/pfa/murata/data/tc/tc_nnqq/train/nnqq_59_dd_eL_pR.h5'
Reading file: file='/data/suehara/mldata/pfa/murata/data/tc/tc_nnqq/train/nnqq_5_uu_eL_pR.h5'
Reading file: file='/data/suehara/mldata/pfa/murata/data/tc/tc_nnqq/train/nnqq_60_dd_eL_pR.h5'
Reading file: file='/data/suehara/mldata/pfa/murata/data/tc/tc_nnqq/train/nnqq_61_dd_eL_pR.h5'
Reading file: file='/data/suehara/mldata/pfa/murata/data/tc/tc_nnqq/train/nnqq_62_dd_eL_pR.h5'
Reading file: file='/data/suehara/mldata/pfa/murata/data/tc/tc_nnqq/train/nnqq_63_dd_eL_pR.h5'
Reading file: file='/data/suehara/mldata/pfa/murata/data/tc/tc_nnqq/train/nnqq_64_dd_eL_pR.h5'
Reading file: file='/data/suehara/mldata/pfa/murata/data/tc/tc_nnqq/train/nnqq_65_dd_eL_pR.h5'
Reading file: file='/data/suehara/mldata/pfa/murata/data/tc/tc_nnqq/train/nnqq_66_dd_eL_pR.h5'
Reading file: file='/data/suehara/mldata/pfa/murata/data/tc/tc_nnqq/train/nnqq_67_dd_eL_pR.h5'
Reading file: file='/data/suehara/mldata/pfa/murata/data/tc/tc_nnqq/train/nnqq_68_dd_eL_pR.h5'
Reading file: file='/data/suehara/mldata/pfa/murata/data/tc/tc_nnqq/train/nnqq_69_dd_eL_pR.h5'
Reading file: file='/data/suehara/mldata/pfa/murata/data/tc/tc_nnqq/train/nnqq_6_uu_eL_pR.h5'
Reading file: file='/data/suehara/mldata/pfa/murata/data/tc/tc_nnqq/train/nnqq_76_dd_eR_pL.h5'
Reading file: file='/data/suehara/mldata/pfa/murata/data/tc/tc_nnqq/train/nnqq_77_dd_eR_pL.h5'
Reading file: file='/data/suehara/mldata/pfa/murata/data/tc/tc_nnqq/train/nnqq_78_dd_eR_pL.h5'
Reading file: file='/data/suehara/mldata/pfa/murata/data/tc/tc_nnqq/train/nnqq_79_dd_eR_pL.h5'
Reading file: file='/data/suehara/mldata/pfa/murata/data/tc/tc_nnqq/train/nnqq_7_uu_eL_pR.h5'
Reading file: file='/data/suehara/mldata/pfa/murata/data/tc/tc_nnqq/train/nnqq_80_dd_eR_pL.h5'
Reading file: file='/data/suehara/mldata/pfa/murata/data/tc/tc_nnqq/train/nnqq_81_dd_eR_pL.h5'
Reading file: file='/data/suehara/mldata/pfa/murata/data/tc/tc_nnqq/train/nnqq_82_dd_eR_pL.h5'
Reading file: file='/data/suehara/mldata/pfa/murata/data/tc/tc_nnqq/train/nnqq_83_dd_eR_pL.h5'
Reading file: file='/data/suehara/mldata/pfa/murata/data/tc/tc_nnqq/train/nnqq_84_dd_eR_pL.h5'
Reading file: file='/data/suehara/mldata/pfa/murata/data/tc/tc_nnqq/train/nnqq_85_dd_eR_pL.h5'
Reading file: file='/data/suehara/mldata/pfa/murata/data/tc/tc_nnqq/train/nnqq_86_dd_eR_pL.h5'
Reading file: file='/data/suehara/mldata/pfa/murata/data/tc/tc_nnqq/train/nnqq_87_dd_eR_pL.h5'
Reading file: file='/data/suehara/mldata/pfa/murata/data/tc/tc_nnqq/train/nnqq_88_dd_eR_pL.h5'
Reading file: file='/data/suehara/mldata/pfa/murata/data/tc/tc_nnqq/train/nnqq_89_dd_eR_pL.h5'
Reading file: file='/data/suehara/mldata/pfa/murata/data/tc/tc_nnqq/train/nnqq_8_uu_eL_pR.h5'
Reading file: file='/data/suehara/mldata/pfa/murata/data/tc/tc_nnqq/train/nnqq_90_dd_eR_pL.h5'
Reading file: file='/data/suehara/mldata/pfa/murata/data/tc/tc_nnqq/train/nnqq_91_dd_eR_pL.h5'
Reading file: file='/data/suehara/mldata/pfa/murata/data/tc/tc_nnqq/train/nnqq_92_dd_eR_pL.h5'
Reading file: file='/data/suehara/mldata/pfa/murata/data/tc/tc_nnqq/train/nnqq_93_dd_eR_pL.h5'
Reading file: file='/data/suehara/mldata/pfa/murata/data/tc/tc_nnqq/train/nnqq_94_dd_eR_pL.h5'
Reading file: file='/data/suehara/mldata/pfa/murata/data/tc/tc_nnqq/train/nnqq_9_uu_eL_pR.h5'
Making ak_feats...
Making ak_labels...
ILCDataset: path='/data/suehara/mldata/pfa/murata/data/tc/tc_nnqq/validation'
filenames=['/data/suehara/mldata/pfa/murata/data/tc/tc_nnqq/validation/nnqq_20_uu_eL_pR.h5', '/data/suehara/mldata/pfa/murata/data/tc/tc_nnqq/validation/nnqq_21_uu_eL_pR.h5', '/data/suehara/mldata/pfa/murata/data/tc/tc_nnqq/validation/nnqq_22_uu_eL_pR.h5', '/data/suehara/mldata/pfa/murata/data/tc/tc_nnqq/validation/nnqq_45_uu_eR_pL.h5', '/data/suehara/mldata/pfa/murata/data/tc/tc_nnqq/validation/nnqq_46_uu_eR_pL.h5', '/data/suehara/mldata/pfa/murata/data/tc/tc_nnqq/validation/nnqq_47_uu_eR_pL.h5', '/data/suehara/mldata/pfa/murata/data/tc/tc_nnqq/validation/nnqq_70_dd_eL_pR.h5', '/data/suehara/mldata/pfa/murata/data/tc/tc_nnqq/validation/nnqq_71_dd_eL_pR.h5', '/data/suehara/mldata/pfa/murata/data/tc/tc_nnqq/validation/nnqq_72_dd_eL_pR.h5', '/data/suehara/mldata/pfa/murata/data/tc/tc_nnqq/validation/nnqq_95_dd_eR_pL.h5', '/data/suehara/mldata/pfa/murata/data/tc/tc_nnqq/validation/nnqq_96_dd_eR_pL.h5', '/data/suehara/mldata/pfa/murata/data/tc/tc_nnqq/validation/nnqq_97_dd_eR_pL.h5']
Reading file: file='/data/suehara/mldata/pfa/murata/data/tc/tc_nnqq/validation/nnqq_20_uu_eL_pR.h5'
Reading file: file='/data/suehara/mldata/pfa/murata/data/tc/tc_nnqq/validation/nnqq_21_uu_eL_pR.h5'
Reading file: file='/data/suehara/mldata/pfa/murata/data/tc/tc_nnqq/validation/nnqq_22_uu_eL_pR.h5'
Reading file: file='/data/suehara/mldata/pfa/murata/data/tc/tc_nnqq/validation/nnqq_45_uu_eR_pL.h5'
Reading file: file='/data/suehara/mldata/pfa/murata/data/tc/tc_nnqq/validation/nnqq_46_uu_eR_pL.h5'
Reading file: file='/data/suehara/mldata/pfa/murata/data/tc/tc_nnqq/validation/nnqq_47_uu_eR_pL.h5'
Reading file: file='/data/suehara/mldata/pfa/murata/data/tc/tc_nnqq/validation/nnqq_70_dd_eL_pR.h5'
Reading file: file='/data/suehara/mldata/pfa/murata/data/tc/tc_nnqq/validation/nnqq_71_dd_eL_pR.h5'
Reading file: file='/data/suehara/mldata/pfa/murata/data/tc/tc_nnqq/validation/nnqq_72_dd_eL_pR.h5'
Reading file: file='/data/suehara/mldata/pfa/murata/data/tc/tc_nnqq/validation/nnqq_95_dd_eR_pL.h5'
Reading file: file='/data/suehara/mldata/pfa/murata/data/tc/tc_nnqq/validation/nnqq_96_dd_eR_pL.h5'
Reading file: file='/data/suehara/mldata/pfa/murata/data/tc/tc_nnqq/validation/nnqq_97_dd_eR_pL.h5'
Making ak_feats...
Making ak_labels...
Training dataset size:  30400
Validating dataset size:  4800
Batch size:  120
Loading GravnetModel
Hello
restart period :  30
cuda:0
thetaphi at main: True
Loading dataset...
ILCDataset: path='/data/suehara/mldata/pfa/murata/data/tc/tc_nnqq/train'
filenames=['/data/suehara/mldata/pfa/murata/data/tc/tc_nnqq/train/nnqq_10_uu_eL_pR.h5', '/data/suehara/mldata/pfa/murata/data/tc/tc_nnqq/train/nnqq_11_uu_eL_pR.h5', '/data/suehara/mldata/pfa/murata/data/tc/tc_nnqq/train/nnqq_12_uu_eL_pR.h5', '/data/suehara/mldata/pfa/murata/data/tc/tc_nnqq/train/nnqq_13_uu_eL_pR.h5', '/data/suehara/mldata/pfa/murata/data/tc/tc_nnqq/train/nnqq_14_uu_eL_pR.h5', '/data/suehara/mldata/pfa/murata/data/tc/tc_nnqq/train/nnqq_15_uu_eL_pR.h5', '/data/suehara/mldata/pfa/murata/data/tc/tc_nnqq/train/nnqq_16_uu_eL_pR.h5', '/data/suehara/mldata/pfa/murata/data/tc/tc_nnqq/train/nnqq_17_uu_eL_pR.h5', '/data/suehara/mldata/pfa/murata/data/tc/tc_nnqq/train/nnqq_18_uu_eL_pR.h5', '/data/suehara/mldata/pfa/murata/data/tc/tc_nnqq/train/nnqq_19_uu_eL_pR.h5', '/data/suehara/mldata/pfa/murata/data/tc/tc_nnqq/train/nnqq_1_uu_eL_pR.h5', '/data/suehara/mldata/pfa/murata/data/tc/tc_nnqq/train/nnqq_26_uu_eR_pL.h5', '/data/suehara/mldata/pfa/murata/data/tc/tc_nnqq/train/nnqq_27_uu_eR_pL.h5', '/data/suehara/mldata/pfa/murata/data/tc/tc_nnqq/train/nnqq_28_uu_eR_pL.h5', '/data/suehara/mldata/pfa/murata/data/tc/tc_nnqq/train/nnqq_29_uu_eR_pL.h5', '/data/suehara/mldata/pfa/murata/data/tc/tc_nnqq/train/nnqq_2_uu_eL_pR.h5', '/data/suehara/mldata/pfa/murata/data/tc/tc_nnqq/train/nnqq_30_uu_eR_pL.h5', '/data/suehara/mldata/pfa/murata/data/tc/tc_nnqq/train/nnqq_31_uu_eR_pL.h5', '/data/suehara/mldata/pfa/murata/data/tc/tc_nnqq/train/nnqq_32_uu_eR_pL.h5', '/data/suehara/mldata/pfa/murata/data/tc/tc_nnqq/train/nnqq_33_uu_eR_pL.h5', '/data/suehara/mldata/pfa/murata/data/tc/tc_nnqq/train/nnqq_34_uu_eR_pL.h5', '/data/suehara/mldata/pfa/murata/data/tc/tc_nnqq/train/nnqq_35_uu_eR_pL.h5', '/data/suehara/mldata/pfa/murata/data/tc/tc_nnqq/train/nnqq_36_uu_eR_pL.h5', '/data/suehara/mldata/pfa/murata/data/tc/tc_nnqq/train/nnqq_37_uu_eR_pL.h5', '/data/suehara/mldata/pfa/murata/data/tc/tc_nnqq/train/nnqq_38_uu_eR_pL.h5', '/data/suehara/mldata/pfa/murata/data/tc/tc_nnqq/train/nnqq_39_uu_eR_pL.h5', '/data/suehara/mldata/pfa/murata/data/tc/tc_nnqq/train/nnqq_3_uu_eL_pR.h5', '/data/suehara/mldata/pfa/murata/data/tc/tc_nnqq/train/nnqq_40_uu_eR_pL.h5', '/data/suehara/mldata/pfa/murata/data/tc/tc_nnqq/train/nnqq_41_uu_eR_pL.h5', '/data/suehara/mldata/pfa/murata/data/tc/tc_nnqq/train/nnqq_42_uu_eR_pL.h5', '/data/suehara/mldata/pfa/murata/data/tc/tc_nnqq/train/nnqq_43_uu_eR_pL.h5', '/data/suehara/mldata/pfa/murata/data/tc/tc_nnqq/train/nnqq_44_uu_eR_pL.h5', '/data/suehara/mldata/pfa/murata/data/tc/tc_nnqq/train/nnqq_4_uu_eL_pR.h5', '/data/suehara/mldata/pfa/murata/data/tc/tc_nnqq/train/nnqq_51_dd_eL_pR.h5', '/data/suehara/mldata/pfa/murata/data/tc/tc_nnqq/train/nnqq_52_dd_eL_pR.h5', '/data/suehara/mldata/pfa/murata/data/tc/tc_nnqq/train/nnqq_53_dd_eL_pR.h5', '/data/suehara/mldata/pfa/murata/data/tc/tc_nnqq/train/nnqq_54_dd_eL_pR.h5', '/data/suehara/mldata/pfa/murata/data/tc/tc_nnqq/train/nnqq_55_dd_eL_pR.h5', '/data/suehara/mldata/pfa/murata/data/tc/tc_nnqq/train/nnqq_56_dd_eL_pR.h5', '/data/suehara/mldata/pfa/murata/data/tc/tc_nnqq/train/nnqq_57_dd_eL_pR.h5', '/data/suehara/mldata/pfa/murata/data/tc/tc_nnqq/train/nnqq_58_dd_eL_pR.h5', '/data/suehara/mldata/pfa/murata/data/tc/tc_nnqq/train/nnqq_59_dd_eL_pR.h5', '/data/suehara/mldata/pfa/murata/data/tc/tc_nnqq/train/nnqq_5_uu_eL_pR.h5', '/data/suehara/mldata/pfa/murata/data/tc/tc_nnqq/train/nnqq_60_dd_eL_pR.h5', '/data/suehara/mldata/pfa/murata/data/tc/tc_nnqq/train/nnqq_61_dd_eL_pR.h5', '/data/suehara/mldata/pfa/murata/data/tc/tc_nnqq/train/nnqq_62_dd_eL_pR.h5', '/data/suehara/mldata/pfa/murata/data/tc/tc_nnqq/train/nnqq_63_dd_eL_pR.h5', '/data/suehara/mldata/pfa/murata/data/tc/tc_nnqq/train/nnqq_64_dd_eL_pR.h5', '/data/suehara/mldata/pfa/murata/data/tc/tc_nnqq/train/nnqq_65_dd_eL_pR.h5', '/data/suehara/mldata/pfa/murata/data/tc/tc_nnqq/train/nnqq_66_dd_eL_pR.h5', '/data/suehara/mldata/pfa/murata/data/tc/tc_nnqq/train/nnqq_67_dd_eL_pR.h5', '/data/suehara/mldata/pfa/murata/data/tc/tc_nnqq/train/nnqq_68_dd_eL_pR.h5', '/data/suehara/mldata/pfa/murata/data/tc/tc_nnqq/train/nnqq_69_dd_eL_pR.h5', '/data/suehara/mldata/pfa/murata/data/tc/tc_nnqq/train/nnqq_6_uu_eL_pR.h5', '/data/suehara/mldata/pfa/murata/data/tc/tc_nnqq/train/nnqq_76_dd_eR_pL.h5', '/data/suehara/mldata/pfa/murata/data/tc/tc_nnqq/train/nnqq_77_dd_eR_pL.h5', '/data/suehara/mldata/pfa/murata/data/tc/tc_nnqq/train/nnqq_78_dd_eR_pL.h5', '/data/suehara/mldata/pfa/murata/data/tc/tc_nnqq/train/nnqq_79_dd_eR_pL.h5', '/data/suehara/mldata/pfa/murata/data/tc/tc_nnqq/train/nnqq_7_uu_eL_pR.h5', '/data/suehara/mldata/pfa/murata/data/tc/tc_nnqq/train/nnqq_80_dd_eR_pL.h5', '/data/suehara/mldata/pfa/murata/data/tc/tc_nnqq/train/nnqq_81_dd_eR_pL.h5', '/data/suehara/mldata/pfa/murata/data/tc/tc_nnqq/train/nnqq_82_dd_eR_pL.h5', '/data/suehara/mldata/pfa/murata/data/tc/tc_nnqq/train/nnqq_83_dd_eR_pL.h5', '/data/suehara/mldata/pfa/murata/data/tc/tc_nnqq/train/nnqq_84_dd_eR_pL.h5', '/data/suehara/mldata/pfa/murata/data/tc/tc_nnqq/train/nnqq_85_dd_eR_pL.h5', '/data/suehara/mldata/pfa/murata/data/tc/tc_nnqq/train/nnqq_86_dd_eR_pL.h5', '/data/suehara/mldata/pfa/murata/data/tc/tc_nnqq/train/nnqq_87_dd_eR_pL.h5', '/data/suehara/mldata/pfa/murata/data/tc/tc_nnqq/train/nnqq_88_dd_eR_pL.h5', '/data/suehara/mldata/pfa/murata/data/tc/tc_nnqq/train/nnqq_89_dd_eR_pL.h5', '/data/suehara/mldata/pfa/murata/data/tc/tc_nnqq/train/nnqq_8_uu_eL_pR.h5', '/data/suehara/mldata/pfa/murata/data/tc/tc_nnqq/train/nnqq_90_dd_eR_pL.h5', '/data/suehara/mldata/pfa/murata/data/tc/tc_nnqq/train/nnqq_91_dd_eR_pL.h5', '/data/suehara/mldata/pfa/murata/data/tc/tc_nnqq/train/nnqq_92_dd_eR_pL.h5', '/data/suehara/mldata/pfa/murata/data/tc/tc_nnqq/train/nnqq_93_dd_eR_pL.h5', '/data/suehara/mldata/pfa/murata/data/tc/tc_nnqq/train/nnqq_94_dd_eR_pL.h5', '/data/suehara/mldata/pfa/murata/data/tc/tc_nnqq/train/nnqq_9_uu_eL_pR.h5']
Reading file: file='/data/suehara/mldata/pfa/murata/data/tc/tc_nnqq/train/nnqq_10_uu_eL_pR.h5'
Reading file: file='/data/suehara/mldata/pfa/murata/data/tc/tc_nnqq/train/nnqq_11_uu_eL_pR.h5'
Reading file: file='/data/suehara/mldata/pfa/murata/data/tc/tc_nnqq/train/nnqq_12_uu_eL_pR.h5'
Reading file: file='/data/suehara/mldata/pfa/murata/data/tc/tc_nnqq/train/nnqq_13_uu_eL_pR.h5'
Reading file: file='/data/suehara/mldata/pfa/murata/data/tc/tc_nnqq/train/nnqq_14_uu_eL_pR.h5'
Reading file: file='/data/suehara/mldata/pfa/murata/data/tc/tc_nnqq/train/nnqq_15_uu_eL_pR.h5'
Reading file: file='/data/suehara/mldata/pfa/murata/data/tc/tc_nnqq/train/nnqq_16_uu_eL_pR.h5'
Reading file: file='/data/suehara/mldata/pfa/murata/data/tc/tc_nnqq/train/nnqq_17_uu_eL_pR.h5'
Reading file: file='/data/suehara/mldata/pfa/murata/data/tc/tc_nnqq/train/nnqq_18_uu_eL_pR.h5'
Reading file: file='/data/suehara/mldata/pfa/murata/data/tc/tc_nnqq/train/nnqq_19_uu_eL_pR.h5'
Reading file: file='/data/suehara/mldata/pfa/murata/data/tc/tc_nnqq/train/nnqq_1_uu_eL_pR.h5'
Reading file: file='/data/suehara/mldata/pfa/murata/data/tc/tc_nnqq/train/nnqq_26_uu_eR_pL.h5'
Reading file: file='/data/suehara/mldata/pfa/murata/data/tc/tc_nnqq/train/nnqq_27_uu_eR_pL.h5'
Reading file: file='/data/suehara/mldata/pfa/murata/data/tc/tc_nnqq/train/nnqq_28_uu_eR_pL.h5'
Reading file: file='/data/suehara/mldata/pfa/murata/data/tc/tc_nnqq/train/nnqq_29_uu_eR_pL.h5'
Reading file: file='/data/suehara/mldata/pfa/murata/data/tc/tc_nnqq/train/nnqq_2_uu_eL_pR.h5'
Reading file: file='/data/suehara/mldata/pfa/murata/data/tc/tc_nnqq/train/nnqq_30_uu_eR_pL.h5'
Reading file: file='/data/suehara/mldata/pfa/murata/data/tc/tc_nnqq/train/nnqq_31_uu_eR_pL.h5'
Reading file: file='/data/suehara/mldata/pfa/murata/data/tc/tc_nnqq/train/nnqq_32_uu_eR_pL.h5'
Reading file: file='/data/suehara/mldata/pfa/murata/data/tc/tc_nnqq/train/nnqq_33_uu_eR_pL.h5'
Reading file: file='/data/suehara/mldata/pfa/murata/data/tc/tc_nnqq/train/nnqq_34_uu_eR_pL.h5'
Reading file: file='/data/suehara/mldata/pfa/murata/data/tc/tc_nnqq/train/nnqq_35_uu_eR_pL.h5'
Reading file: file='/data/suehara/mldata/pfa/murata/data/tc/tc_nnqq/train/nnqq_36_uu_eR_pL.h5'
Reading file: file='/data/suehara/mldata/pfa/murata/data/tc/tc_nnqq/train/nnqq_37_uu_eR_pL.h5'
Reading file: file='/data/suehara/mldata/pfa/murata/data/tc/tc_nnqq/train/nnqq_38_uu_eR_pL.h5'
Reading file: file='/data/suehara/mldata/pfa/murata/data/tc/tc_nnqq/train/nnqq_39_uu_eR_pL.h5'
Reading file: file='/data/suehara/mldata/pfa/murata/data/tc/tc_nnqq/train/nnqq_3_uu_eL_pR.h5'
Reading file: file='/data/suehara/mldata/pfa/murata/data/tc/tc_nnqq/train/nnqq_40_uu_eR_pL.h5'
Reading file: file='/data/suehara/mldata/pfa/murata/data/tc/tc_nnqq/train/nnqq_41_uu_eR_pL.h5'
Reading file: file='/data/suehara/mldata/pfa/murata/data/tc/tc_nnqq/train/nnqq_42_uu_eR_pL.h5'
Reading file: file='/data/suehara/mldata/pfa/murata/data/tc/tc_nnqq/train/nnqq_43_uu_eR_pL.h5'
Reading file: file='/data/suehara/mldata/pfa/murata/data/tc/tc_nnqq/train/nnqq_44_uu_eR_pL.h5'
Reading file: file='/data/suehara/mldata/pfa/murata/data/tc/tc_nnqq/train/nnqq_4_uu_eL_pR.h5'
Reading file: file='/data/suehara/mldata/pfa/murata/data/tc/tc_nnqq/train/nnqq_51_dd_eL_pR.h5'
Reading file: file='/data/suehara/mldata/pfa/murata/data/tc/tc_nnqq/train/nnqq_52_dd_eL_pR.h5'
Reading file: file='/data/suehara/mldata/pfa/murata/data/tc/tc_nnqq/train/nnqq_53_dd_eL_pR.h5'
Reading file: file='/data/suehara/mldata/pfa/murata/data/tc/tc_nnqq/train/nnqq_54_dd_eL_pR.h5'
Reading file: file='/data/suehara/mldata/pfa/murata/data/tc/tc_nnqq/train/nnqq_55_dd_eL_pR.h5'
Reading file: file='/data/suehara/mldata/pfa/murata/data/tc/tc_nnqq/train/nnqq_56_dd_eL_pR.h5'
Reading file: file='/data/suehara/mldata/pfa/murata/data/tc/tc_nnqq/train/nnqq_57_dd_eL_pR.h5'
Reading file: file='/data/suehara/mldata/pfa/murata/data/tc/tc_nnqq/train/nnqq_58_dd_eL_pR.h5'
Reading file: file='/data/suehara/mldata/pfa/murata/data/tc/tc_nnqq/train/nnqq_59_dd_eL_pR.h5'
Reading file: file='/data/suehara/mldata/pfa/murata/data/tc/tc_nnqq/train/nnqq_5_uu_eL_pR.h5'
Reading file: file='/data/suehara/mldata/pfa/murata/data/tc/tc_nnqq/train/nnqq_60_dd_eL_pR.h5'
Reading file: file='/data/suehara/mldata/pfa/murata/data/tc/tc_nnqq/train/nnqq_61_dd_eL_pR.h5'
Reading file: file='/data/suehara/mldata/pfa/murata/data/tc/tc_nnqq/train/nnqq_62_dd_eL_pR.h5'
Reading file: file='/data/suehara/mldata/pfa/murata/data/tc/tc_nnqq/train/nnqq_63_dd_eL_pR.h5'
Reading file: file='/data/suehara/mldata/pfa/murata/data/tc/tc_nnqq/train/nnqq_64_dd_eL_pR.h5'
Reading file: file='/data/suehara/mldata/pfa/murata/data/tc/tc_nnqq/train/nnqq_65_dd_eL_pR.h5'
Reading file: file='/data/suehara/mldata/pfa/murata/data/tc/tc_nnqq/train/nnqq_66_dd_eL_pR.h5'
Reading file: file='/data/suehara/mldata/pfa/murata/data/tc/tc_nnqq/train/nnqq_67_dd_eL_pR.h5'
Reading file: file='/data/suehara/mldata/pfa/murata/data/tc/tc_nnqq/train/nnqq_68_dd_eL_pR.h5'
Reading file: file='/data/suehara/mldata/pfa/murata/data/tc/tc_nnqq/train/nnqq_69_dd_eL_pR.h5'
Reading file: file='/data/suehara/mldata/pfa/murata/data/tc/tc_nnqq/train/nnqq_6_uu_eL_pR.h5'
Reading file: file='/data/suehara/mldata/pfa/murata/data/tc/tc_nnqq/train/nnqq_76_dd_eR_pL.h5'
Reading file: file='/data/suehara/mldata/pfa/murata/data/tc/tc_nnqq/train/nnqq_77_dd_eR_pL.h5'
Reading file: file='/data/suehara/mldata/pfa/murata/data/tc/tc_nnqq/train/nnqq_78_dd_eR_pL.h5'
Reading file: file='/data/suehara/mldata/pfa/murata/data/tc/tc_nnqq/train/nnqq_79_dd_eR_pL.h5'
Reading file: file='/data/suehara/mldata/pfa/murata/data/tc/tc_nnqq/train/nnqq_7_uu_eL_pR.h5'
Reading file: file='/data/suehara/mldata/pfa/murata/data/tc/tc_nnqq/train/nnqq_80_dd_eR_pL.h5'
Reading file: file='/data/suehara/mldata/pfa/murata/data/tc/tc_nnqq/train/nnqq_81_dd_eR_pL.h5'
Reading file: file='/data/suehara/mldata/pfa/murata/data/tc/tc_nnqq/train/nnqq_82_dd_eR_pL.h5'
Reading file: file='/data/suehara/mldata/pfa/murata/data/tc/tc_nnqq/train/nnqq_83_dd_eR_pL.h5'
Reading file: file='/data/suehara/mldata/pfa/murata/data/tc/tc_nnqq/train/nnqq_84_dd_eR_pL.h5'
Reading file: file='/data/suehara/mldata/pfa/murata/data/tc/tc_nnqq/train/nnqq_85_dd_eR_pL.h5'
Reading file: file='/data/suehara/mldata/pfa/murata/data/tc/tc_nnqq/train/nnqq_86_dd_eR_pL.h5'
Reading file: file='/data/suehara/mldata/pfa/murata/data/tc/tc_nnqq/train/nnqq_87_dd_eR_pL.h5'
Reading file: file='/data/suehara/mldata/pfa/murata/data/tc/tc_nnqq/train/nnqq_88_dd_eR_pL.h5'
Reading file: file='/data/suehara/mldata/pfa/murata/data/tc/tc_nnqq/train/nnqq_89_dd_eR_pL.h5'
Reading file: file='/data/suehara/mldata/pfa/murata/data/tc/tc_nnqq/train/nnqq_8_uu_eL_pR.h5'
Reading file: file='/data/suehara/mldata/pfa/murata/data/tc/tc_nnqq/train/nnqq_90_dd_eR_pL.h5'
Reading file: file='/data/suehara/mldata/pfa/murata/data/tc/tc_nnqq/train/nnqq_91_dd_eR_pL.h5'
Reading file: file='/data/suehara/mldata/pfa/murata/data/tc/tc_nnqq/train/nnqq_92_dd_eR_pL.h5'
Reading file: file='/data/suehara/mldata/pfa/murata/data/tc/tc_nnqq/train/nnqq_93_dd_eR_pL.h5'
Reading file: file='/data/suehara/mldata/pfa/murata/data/tc/tc_nnqq/train/nnqq_94_dd_eR_pL.h5'
Reading file: file='/data/suehara/mldata/pfa/murata/data/tc/tc_nnqq/train/nnqq_9_uu_eL_pR.h5'
Making ak_feats...
Making ak_labels...
ILCDataset: path='/data/suehara/mldata/pfa/murata/data/tc/tc_nnqq/validation'
filenames=['/data/suehara/mldata/pfa/murata/data/tc/tc_nnqq/validation/nnqq_20_uu_eL_pR.h5', '/data/suehara/mldata/pfa/murata/data/tc/tc_nnqq/validation/nnqq_21_uu_eL_pR.h5', '/data/suehara/mldata/pfa/murata/data/tc/tc_nnqq/validation/nnqq_22_uu_eL_pR.h5', '/data/suehara/mldata/pfa/murata/data/tc/tc_nnqq/validation/nnqq_45_uu_eR_pL.h5', '/data/suehara/mldata/pfa/murata/data/tc/tc_nnqq/validation/nnqq_46_uu_eR_pL.h5', '/data/suehara/mldata/pfa/murata/data/tc/tc_nnqq/validation/nnqq_47_uu_eR_pL.h5', '/data/suehara/mldata/pfa/murata/data/tc/tc_nnqq/validation/nnqq_70_dd_eL_pR.h5', '/data/suehara/mldata/pfa/murata/data/tc/tc_nnqq/validation/nnqq_71_dd_eL_pR.h5', '/data/suehara/mldata/pfa/murata/data/tc/tc_nnqq/validation/nnqq_72_dd_eL_pR.h5', '/data/suehara/mldata/pfa/murata/data/tc/tc_nnqq/validation/nnqq_95_dd_eR_pL.h5', '/data/suehara/mldata/pfa/murata/data/tc/tc_nnqq/validation/nnqq_96_dd_eR_pL.h5', '/data/suehara/mldata/pfa/murata/data/tc/tc_nnqq/validation/nnqq_97_dd_eR_pL.h5']
Reading file: file='/data/suehara/mldata/pfa/murata/data/tc/tc_nnqq/validation/nnqq_20_uu_eL_pR.h5'
Reading file: file='/data/suehara/mldata/pfa/murata/data/tc/tc_nnqq/validation/nnqq_21_uu_eL_pR.h5'
Reading file: file='/data/suehara/mldata/pfa/murata/data/tc/tc_nnqq/validation/nnqq_22_uu_eL_pR.h5'
Reading file: file='/data/suehara/mldata/pfa/murata/data/tc/tc_nnqq/validation/nnqq_45_uu_eR_pL.h5'
Reading file: file='/data/suehara/mldata/pfa/murata/data/tc/tc_nnqq/validation/nnqq_46_uu_eR_pL.h5'
Reading file: file='/data/suehara/mldata/pfa/murata/data/tc/tc_nnqq/validation/nnqq_47_uu_eR_pL.h5'
Reading file: file='/data/suehara/mldata/pfa/murata/data/tc/tc_nnqq/validation/nnqq_70_dd_eL_pR.h5'
Reading file: file='/data/suehara/mldata/pfa/murata/data/tc/tc_nnqq/validation/nnqq_71_dd_eL_pR.h5'
Reading file: file='/data/suehara/mldata/pfa/murata/data/tc/tc_nnqq/validation/nnqq_72_dd_eL_pR.h5'
Reading file: file='/data/suehara/mldata/pfa/murata/data/tc/tc_nnqq/validation/nnqq_95_dd_eR_pL.h5'
Reading file: file='/data/suehara/mldata/pfa/murata/data/tc/tc_nnqq/validation/nnqq_96_dd_eR_pL.h5'
Reading file: file='/data/suehara/mldata/pfa/murata/data/tc/tc_nnqq/validation/nnqq_97_dd_eR_pL.h5'
Making ak_feats...
Making ak_labels...
Training dataset size:  30400
Validating dataset size:  4800
Batch size:  120
Loading GravnetModel
Hello
restart period :  30
Exception encountered: DataBatch(x=[122928, 7], y=[122928, 2], feat=[122928, 13], label=[122928, 9], batch=[122928], ptr=[41]) i: 0
