['train.py', '-i', '/data/suehara/mldata/pfa/murata/data/tc/tc_nnqq/train', '-ii', '/data/suehara/mldata/pfa/murata/data/tc/tc_nnqq/validation', '--no-split', '--thetaphi', '--cuda', 'cuda:2', '--epochs', '500', '--beta-track', '--force-track-alpha', '--batch-size', '20', '--output-dimension', '5', '--ckptdir', 'checkpoint/energy_regression/ckpts_gravnet_new02_2025_09_18_134646_outputD5', '--energy-regression', '--energy-regression-cluster', '--LE-track', 'alpha_tracker_diff_log_perCluster', '--LE-cluster', 'sum_log_perCluster', '--momentum', '--momentum-amp', '--qmin', '0.2', '--learning-rate', '1.25e-4', '--lr-policy', 'cosineReduce', '--clip-value', '10', '--l-beta-suppression', '--ddp']
cuda:2
thetaphi at main: True
Loading dataset...
ILCDataset: path='/data/suehara/mldata/pfa/murata/data/tc/tc_nnqq/train'
filenames=['/data/suehara/mldata/pfa/murata/data/tc/tc_nnqq/train/nnqq_10_uu_eL_pR.h5', '/data/suehara/mldata/pfa/murata/data/tc/tc_nnqq/train/nnqq_11_uu_eL_pR.h5', '/data/suehara/mldata/pfa/murata/data/tc/tc_nnqq/train/nnqq_12_uu_eL_pR.h5', '/data/suehara/mldata/pfa/murata/data/tc/tc_nnqq/train/nnqq_13_uu_eL_pR.h5', '/data/suehara/mldata/pfa/murata/data/tc/tc_nnqq/train/nnqq_14_uu_eL_pR.h5', '/data/suehara/mldata/pfa/murata/data/tc/tc_nnqq/train/nnqq_15_uu_eL_pR.h5', '/data/suehara/mldata/pfa/murata/data/tc/tc_nnqq/train/nnqq_16_uu_eL_pR.h5', '/data/suehara/mldata/pfa/murata/data/tc/tc_nnqq/train/nnqq_17_uu_eL_pR.h5', '/data/suehara/mldata/pfa/murata/data/tc/tc_nnqq/train/nnqq_18_uu_eL_pR.h5', '/data/suehara/mldata/pfa/murata/data/tc/tc_nnqq/train/nnqq_19_uu_eL_pR.h5', '/data/suehara/mldata/pfa/murata/data/tc/tc_nnqq/train/nnqq_1_uu_eL_pR.h5', '/data/suehara/mldata/pfa/murata/data/tc/tc_nnqq/train/nnqq_26_uu_eR_pL.h5', '/data/suehara/mldata/pfa/murata/data/tc/tc_nnqq/train/nnqq_27_uu_eR_pL.h5', '/data/suehara/mldata/pfa/murata/data/tc/tc_nnqq/train/nnqq_28_uu_eR_pL.h5', '/data/suehara/mldata/pfa/murata/data/tc/tc_nnqq/train/nnqq_29_uu_eR_pL.h5', '/data/suehara/mldata/pfa/murata/data/tc/tc_nnqq/train/nnqq_2_uu_eL_pR.h5', '/data/suehara/mldata/pfa/murata/data/tc/tc_nnqq/train/nnqq_30_uu_eR_pL.h5', '/data/suehara/mldata/pfa/murata/data/tc/tc_nnqq/train/nnqq_31_uu_eR_pL.h5', '/data/suehara/mldata/pfa/murata/data/tc/tc_nnqq/train/nnqq_32_uu_eR_pL.h5', '/data/suehara/mldata/pfa/murata/data/tc/tc_nnqq/train/nnqq_33_uu_eR_pL.h5', '/data/suehara/mldata/pfa/murata/data/tc/tc_nnqq/train/nnqq_34_uu_eR_pL.h5', '/data/suehara/mldata/pfa/murata/data/tc/tc_nnqq/train/nnqq_35_uu_eR_pL.h5', '/data/suehara/mldata/pfa/murata/data/tc/tc_nnqq/train/nnqq_36_uu_eR_pL.h5', '/data/suehara/mldata/pfa/murata/data/tc/tc_nnqq/train/nnqq_37_uu_eR_pL.h5', '/data/suehara/mldata/pfa/murata/data/tc/tc_nnqq/train/nnqq_38_uu_eR_pL.h5', '/data/suehara/mldata/pfa/murata/data/tc/tc_nnqq/train/nnqq_39_uu_eR_pL.h5', '/data/suehara/mldata/pfa/murata/data/tc/tc_nnqq/train/nnqq_3_uu_eL_pR.h5', '/data/suehara/mldata/pfa/murata/data/tc/tc_nnqq/train/nnqq_40_uu_eR_pL.h5', '/data/suehara/mldata/pfa/murata/data/tc/tc_nnqq/train/nnqq_41_uu_eR_pL.h5', '/data/suehara/mldata/pfa/murata/data/tc/tc_nnqq/train/nnqq_42_uu_eR_pL.h5', '/data/suehara/mldata/pfa/murata/data/tc/tc_nnqq/train/nnqq_43_uu_eR_pL.h5', '/data/suehara/mldata/pfa/murata/data/tc/tc_nnqq/train/nnqq_44_uu_eR_pL.h5', '/data/suehara/mldata/pfa/murata/data/tc/tc_nnqq/train/nnqq_4_uu_eL_pR.h5', '/data/suehara/mldata/pfa/murata/data/tc/tc_nnqq/train/nnqq_51_dd_eL_pR.h5', '/data/suehara/mldata/pfa/murata/data/tc/tc_nnqq/train/nnqq_52_dd_eL_pR.h5', '/data/suehara/mldata/pfa/murata/data/tc/tc_nnqq/train/nnqq_53_dd_eL_pR.h5', '/data/suehara/mldata/pfa/murata/data/tc/tc_nnqq/train/nnqq_54_dd_eL_pR.h5', '/data/suehara/mldata/pfa/murata/data/tc/tc_nnqq/train/nnqq_55_dd_eL_pR.h5', '/data/suehara/mldata/pfa/murata/data/tc/tc_nnqq/train/nnqq_56_dd_eL_pR.h5', '/data/suehara/mldata/pfa/murata/data/tc/tc_nnqq/train/nnqq_57_dd_eL_pR.h5', '/data/suehara/mldata/pfa/murata/data/tc/tc_nnqq/train/nnqq_58_dd_eL_pR.h5', '/data/suehara/mldata/pfa/murata/data/tc/tc_nnqq/train/nnqq_59_dd_eL_pR.h5', '/data/suehara/mldata/pfa/murata/data/tc/tc_nnqq/train/nnqq_5_uu_eL_pR.h5', '/data/suehara/mldata/pfa/murata/data/tc/tc_nnqq/train/nnqq_60_dd_eL_pR.h5', '/data/suehara/mldata/pfa/murata/data/tc/tc_nnqq/train/nnqq_61_dd_eL_pR.h5', '/data/suehara/mldata/pfa/murata/data/tc/tc_nnqq/train/nnqq_62_dd_eL_pR.h5', '/data/suehara/mldata/pfa/murata/data/tc/tc_nnqq/train/nnqq_63_dd_eL_pR.h5', '/data/suehara/mldata/pfa/murata/data/tc/tc_nnqq/train/nnqq_64_dd_eL_pR.h5', '/data/suehara/mldata/pfa/murata/data/tc/tc_nnqq/train/nnqq_65_dd_eL_pR.h5', '/data/suehara/mldata/pfa/murata/data/tc/tc_nnqq/train/nnqq_66_dd_eL_pR.h5', '/data/suehara/mldata/pfa/murata/data/tc/tc_nnqq/train/nnqq_67_dd_eL_pR.h5', '/data/suehara/mldata/pfa/murata/data/tc/tc_nnqq/train/nnqq_68_dd_eL_pR.h5', '/data/suehara/mldata/pfa/murata/data/tc/tc_nnqq/train/nnqq_69_dd_eL_pR.h5', '/data/suehara/mldata/pfa/murata/data/tc/tc_nnqq/train/nnqq_6_uu_eL_pR.h5', '/data/suehara/mldata/pfa/murata/data/tc/tc_nnqq/train/nnqq_76_dd_eR_pL.h5', '/data/suehara/mldata/pfa/murata/data/tc/tc_nnqq/train/nnqq_77_dd_eR_pL.h5', '/data/suehara/mldata/pfa/murata/data/tc/tc_nnqq/train/nnqq_78_dd_eR_pL.h5', '/data/suehara/mldata/pfa/murata/data/tc/tc_nnqq/train/nnqq_79_dd_eR_pL.h5', '/data/suehara/mldata/pfa/murata/data/tc/tc_nnqq/train/nnqq_7_uu_eL_pR.h5', '/data/suehara/mldata/pfa/murata/data/tc/tc_nnqq/train/nnqq_80_dd_eR_pL.h5', '/data/suehara/mldata/pfa/murata/data/tc/tc_nnqq/train/nnqq_81_dd_eR_pL.h5', '/data/suehara/mldata/pfa/murata/data/tc/tc_nnqq/train/nnqq_82_dd_eR_pL.h5', '/data/suehara/mldata/pfa/murata/data/tc/tc_nnqq/train/nnqq_83_dd_eR_pL.h5', '/data/suehara/mldata/pfa/murata/data/tc/tc_nnqq/train/nnqq_84_dd_eR_pL.h5', '/data/suehara/mldata/pfa/murata/data/tc/tc_nnqq/train/nnqq_85_dd_eR_pL.h5', '/data/suehara/mldata/pfa/murata/data/tc/tc_nnqq/train/nnqq_86_dd_eR_pL.h5', '/data/suehara/mldata/pfa/murata/data/tc/tc_nnqq/train/nnqq_87_dd_eR_pL.h5', '/data/suehara/mldata/pfa/murata/data/tc/tc_nnqq/train/nnqq_88_dd_eR_pL.h5', '/data/suehara/mldata/pfa/murata/data/tc/tc_nnqq/train/nnqq_89_dd_eR_pL.h5', '/data/suehara/mldata/pfa/murata/data/tc/tc_nnqq/train/nnqq_8_uu_eL_pR.h5', '/data/suehara/mldata/pfa/murata/data/tc/tc_nnqq/train/nnqq_90_dd_eR_pL.h5', '/data/suehara/mldata/pfa/murata/data/tc/tc_nnqq/train/nnqq_91_dd_eR_pL.h5', '/data/suehara/mldata/pfa/murata/data/tc/tc_nnqq/train/nnqq_92_dd_eR_pL.h5', '/data/suehara/mldata/pfa/murata/data/tc/tc_nnqq/train/nnqq_93_dd_eR_pL.h5', '/data/suehara/mldata/pfa/murata/data/tc/tc_nnqq/train/nnqq_94_dd_eR_pL.h5', '/data/suehara/mldata/pfa/murata/data/tc/tc_nnqq/train/nnqq_9_uu_eL_pR.h5']
Reading file: file='/data/suehara/mldata/pfa/murata/data/tc/tc_nnqq/train/nnqq_10_uu_eL_pR.h5'
Reading file: file='/data/suehara/mldata/pfa/murata/data/tc/tc_nnqq/train/nnqq_11_uu_eL_pR.h5'
Reading file: file='/data/suehara/mldata/pfa/murata/data/tc/tc_nnqq/train/nnqq_12_uu_eL_pR.h5'
Reading file: file='/data/suehara/mldata/pfa/murata/data/tc/tc_nnqq/train/nnqq_13_uu_eL_pR.h5'
Reading file: file='/data/suehara/mldata/pfa/murata/data/tc/tc_nnqq/train/nnqq_14_uu_eL_pR.h5'
Reading file: file='/data/suehara/mldata/pfa/murata/data/tc/tc_nnqq/train/nnqq_15_uu_eL_pR.h5'
Reading file: file='/data/suehara/mldata/pfa/murata/data/tc/tc_nnqq/train/nnqq_16_uu_eL_pR.h5'
Reading file: file='/data/suehara/mldata/pfa/murata/data/tc/tc_nnqq/train/nnqq_17_uu_eL_pR.h5'
Reading file: file='/data/suehara/mldata/pfa/murata/data/tc/tc_nnqq/train/nnqq_18_uu_eL_pR.h5'
Reading file: file='/data/suehara/mldata/pfa/murata/data/tc/tc_nnqq/train/nnqq_19_uu_eL_pR.h5'
Reading file: file='/data/suehara/mldata/pfa/murata/data/tc/tc_nnqq/train/nnqq_1_uu_eL_pR.h5'
Reading file: file='/data/suehara/mldata/pfa/murata/data/tc/tc_nnqq/train/nnqq_26_uu_eR_pL.h5'
Reading file: file='/data/suehara/mldata/pfa/murata/data/tc/tc_nnqq/train/nnqq_27_uu_eR_pL.h5'
Reading file: file='/data/suehara/mldata/pfa/murata/data/tc/tc_nnqq/train/nnqq_28_uu_eR_pL.h5'
Reading file: file='/data/suehara/mldata/pfa/murata/data/tc/tc_nnqq/train/nnqq_29_uu_eR_pL.h5'
Reading file: file='/data/suehara/mldata/pfa/murata/data/tc/tc_nnqq/train/nnqq_2_uu_eL_pR.h5'
Reading file: file='/data/suehara/mldata/pfa/murata/data/tc/tc_nnqq/train/nnqq_30_uu_eR_pL.h5'
Reading file: file='/data/suehara/mldata/pfa/murata/data/tc/tc_nnqq/train/nnqq_31_uu_eR_pL.h5'
Reading file: file='/data/suehara/mldata/pfa/murata/data/tc/tc_nnqq/train/nnqq_32_uu_eR_pL.h5'
Reading file: file='/data/suehara/mldata/pfa/murata/data/tc/tc_nnqq/train/nnqq_33_uu_eR_pL.h5'
Reading file: file='/data/suehara/mldata/pfa/murata/data/tc/tc_nnqq/train/nnqq_34_uu_eR_pL.h5'
Reading file: file='/data/suehara/mldata/pfa/murata/data/tc/tc_nnqq/train/nnqq_35_uu_eR_pL.h5'
Reading file: file='/data/suehara/mldata/pfa/murata/data/tc/tc_nnqq/train/nnqq_36_uu_eR_pL.h5'
Reading file: file='/data/suehara/mldata/pfa/murata/data/tc/tc_nnqq/train/nnqq_37_uu_eR_pL.h5'
Reading file: file='/data/suehara/mldata/pfa/murata/data/tc/tc_nnqq/train/nnqq_38_uu_eR_pL.h5'
Reading file: file='/data/suehara/mldata/pfa/murata/data/tc/tc_nnqq/train/nnqq_39_uu_eR_pL.h5'
Reading file: file='/data/suehara/mldata/pfa/murata/data/tc/tc_nnqq/train/nnqq_3_uu_eL_pR.h5'
Reading file: file='/data/suehara/mldata/pfa/murata/data/tc/tc_nnqq/train/nnqq_40_uu_eR_pL.h5'
Reading file: file='/data/suehara/mldata/pfa/murata/data/tc/tc_nnqq/train/nnqq_41_uu_eR_pL.h5'
Reading file: file='/data/suehara/mldata/pfa/murata/data/tc/tc_nnqq/train/nnqq_42_uu_eR_pL.h5'
Reading file: file='/data/suehara/mldata/pfa/murata/data/tc/tc_nnqq/train/nnqq_43_uu_eR_pL.h5'
Reading file: file='/data/suehara/mldata/pfa/murata/data/tc/tc_nnqq/train/nnqq_44_uu_eR_pL.h5'
Reading file: file='/data/suehara/mldata/pfa/murata/data/tc/tc_nnqq/train/nnqq_4_uu_eL_pR.h5'
Reading file: file='/data/suehara/mldata/pfa/murata/data/tc/tc_nnqq/train/nnqq_51_dd_eL_pR.h5'
Reading file: file='/data/suehara/mldata/pfa/murata/data/tc/tc_nnqq/train/nnqq_52_dd_eL_pR.h5'
Reading file: file='/data/suehara/mldata/pfa/murata/data/tc/tc_nnqq/train/nnqq_53_dd_eL_pR.h5'
Reading file: file='/data/suehara/mldata/pfa/murata/data/tc/tc_nnqq/train/nnqq_54_dd_eL_pR.h5'
Reading file: file='/data/suehara/mldata/pfa/murata/data/tc/tc_nnqq/train/nnqq_55_dd_eL_pR.h5'
Reading file: file='/data/suehara/mldata/pfa/murata/data/tc/tc_nnqq/train/nnqq_56_dd_eL_pR.h5'
Reading file: file='/data/suehara/mldata/pfa/murata/data/tc/tc_nnqq/train/nnqq_57_dd_eL_pR.h5'
Reading file: file='/data/suehara/mldata/pfa/murata/data/tc/tc_nnqq/train/nnqq_58_dd_eL_pR.h5'
Reading file: file='/data/suehara/mldata/pfa/murata/data/tc/tc_nnqq/train/nnqq_59_dd_eL_pR.h5'
Reading file: file='/data/suehara/mldata/pfa/murata/data/tc/tc_nnqq/train/nnqq_5_uu_eL_pR.h5'
Reading file: file='/data/suehara/mldata/pfa/murata/data/tc/tc_nnqq/train/nnqq_60_dd_eL_pR.h5'
Reading file: file='/data/suehara/mldata/pfa/murata/data/tc/tc_nnqq/train/nnqq_61_dd_eL_pR.h5'
Reading file: file='/data/suehara/mldata/pfa/murata/data/tc/tc_nnqq/train/nnqq_62_dd_eL_pR.h5'
Reading file: file='/data/suehara/mldata/pfa/murata/data/tc/tc_nnqq/train/nnqq_63_dd_eL_pR.h5'
Reading file: file='/data/suehara/mldata/pfa/murata/data/tc/tc_nnqq/train/nnqq_64_dd_eL_pR.h5'
Reading file: file='/data/suehara/mldata/pfa/murata/data/tc/tc_nnqq/train/nnqq_65_dd_eL_pR.h5'
Reading file: file='/data/suehara/mldata/pfa/murata/data/tc/tc_nnqq/train/nnqq_66_dd_eL_pR.h5'
Reading file: file='/data/suehara/mldata/pfa/murata/data/tc/tc_nnqq/train/nnqq_67_dd_eL_pR.h5'
Reading file: file='/data/suehara/mldata/pfa/murata/data/tc/tc_nnqq/train/nnqq_68_dd_eL_pR.h5'
Reading file: file='/data/suehara/mldata/pfa/murata/data/tc/tc_nnqq/train/nnqq_69_dd_eL_pR.h5'
Reading file: file='/data/suehara/mldata/pfa/murata/data/tc/tc_nnqq/train/nnqq_6_uu_eL_pR.h5'
Reading file: file='/data/suehara/mldata/pfa/murata/data/tc/tc_nnqq/train/nnqq_76_dd_eR_pL.h5'
Reading file: file='/data/suehara/mldata/pfa/murata/data/tc/tc_nnqq/train/nnqq_77_dd_eR_pL.h5'
Reading file: file='/data/suehara/mldata/pfa/murata/data/tc/tc_nnqq/train/nnqq_78_dd_eR_pL.h5'
Reading file: file='/data/suehara/mldata/pfa/murata/data/tc/tc_nnqq/train/nnqq_79_dd_eR_pL.h5'
Reading file: file='/data/suehara/mldata/pfa/murata/data/tc/tc_nnqq/train/nnqq_7_uu_eL_pR.h5'
Reading file: file='/data/suehara/mldata/pfa/murata/data/tc/tc_nnqq/train/nnqq_80_dd_eR_pL.h5'
Reading file: file='/data/suehara/mldata/pfa/murata/data/tc/tc_nnqq/train/nnqq_81_dd_eR_pL.h5'
Reading file: file='/data/suehara/mldata/pfa/murata/data/tc/tc_nnqq/train/nnqq_82_dd_eR_pL.h5'
Reading file: file='/data/suehara/mldata/pfa/murata/data/tc/tc_nnqq/train/nnqq_83_dd_eR_pL.h5'
Reading file: file='/data/suehara/mldata/pfa/murata/data/tc/tc_nnqq/train/nnqq_84_dd_eR_pL.h5'
Reading file: file='/data/suehara/mldata/pfa/murata/data/tc/tc_nnqq/train/nnqq_85_dd_eR_pL.h5'
Reading file: file='/data/suehara/mldata/pfa/murata/data/tc/tc_nnqq/train/nnqq_86_dd_eR_pL.h5'
Reading file: file='/data/suehara/mldata/pfa/murata/data/tc/tc_nnqq/train/nnqq_87_dd_eR_pL.h5'
Reading file: file='/data/suehara/mldata/pfa/murata/data/tc/tc_nnqq/train/nnqq_88_dd_eR_pL.h5'
Reading file: file='/data/suehara/mldata/pfa/murata/data/tc/tc_nnqq/train/nnqq_89_dd_eR_pL.h5'
Reading file: file='/data/suehara/mldata/pfa/murata/data/tc/tc_nnqq/train/nnqq_8_uu_eL_pR.h5'
Reading file: file='/data/suehara/mldata/pfa/murata/data/tc/tc_nnqq/train/nnqq_90_dd_eR_pL.h5'
Reading file: file='/data/suehara/mldata/pfa/murata/data/tc/tc_nnqq/train/nnqq_91_dd_eR_pL.h5'
Reading file: file='/data/suehara/mldata/pfa/murata/data/tc/tc_nnqq/train/nnqq_92_dd_eR_pL.h5'
Reading file: file='/data/suehara/mldata/pfa/murata/data/tc/tc_nnqq/train/nnqq_93_dd_eR_pL.h5'
Reading file: file='/data/suehara/mldata/pfa/murata/data/tc/tc_nnqq/train/nnqq_94_dd_eR_pL.h5'
Reading file: file='/data/suehara/mldata/pfa/murata/data/tc/tc_nnqq/train/nnqq_9_uu_eL_pR.h5'
Making ak_feats...
Making ak_labels...
ILCDataset: path='/data/suehara/mldata/pfa/murata/data/tc/tc_nnqq/validation'
filenames=['/data/suehara/mldata/pfa/murata/data/tc/tc_nnqq/validation/nnqq_20_uu_eL_pR.h5', '/data/suehara/mldata/pfa/murata/data/tc/tc_nnqq/validation/nnqq_21_uu_eL_pR.h5', '/data/suehara/mldata/pfa/murata/data/tc/tc_nnqq/validation/nnqq_22_uu_eL_pR.h5', '/data/suehara/mldata/pfa/murata/data/tc/tc_nnqq/validation/nnqq_45_uu_eR_pL.h5', '/data/suehara/mldata/pfa/murata/data/tc/tc_nnqq/validation/nnqq_46_uu_eR_pL.h5', '/data/suehara/mldata/pfa/murata/data/tc/tc_nnqq/validation/nnqq_47_uu_eR_pL.h5', '/data/suehara/mldata/pfa/murata/data/tc/tc_nnqq/validation/nnqq_70_dd_eL_pR.h5', '/data/suehara/mldata/pfa/murata/data/tc/tc_nnqq/validation/nnqq_71_dd_eL_pR.h5', '/data/suehara/mldata/pfa/murata/data/tc/tc_nnqq/validation/nnqq_72_dd_eL_pR.h5', '/data/suehara/mldata/pfa/murata/data/tc/tc_nnqq/validation/nnqq_95_dd_eR_pL.h5', '/data/suehara/mldata/pfa/murata/data/tc/tc_nnqq/validation/nnqq_96_dd_eR_pL.h5', '/data/suehara/mldata/pfa/murata/data/tc/tc_nnqq/validation/nnqq_97_dd_eR_pL.h5']
Reading file: file='/data/suehara/mldata/pfa/murata/data/tc/tc_nnqq/validation/nnqq_20_uu_eL_pR.h5'
Reading file: file='/data/suehara/mldata/pfa/murata/data/tc/tc_nnqq/validation/nnqq_21_uu_eL_pR.h5'
Reading file: file='/data/suehara/mldata/pfa/murata/data/tc/tc_nnqq/validation/nnqq_22_uu_eL_pR.h5'
Reading file: file='/data/suehara/mldata/pfa/murata/data/tc/tc_nnqq/validation/nnqq_45_uu_eR_pL.h5'
Reading file: file='/data/suehara/mldata/pfa/murata/data/tc/tc_nnqq/validation/nnqq_46_uu_eR_pL.h5'
Reading file: file='/data/suehara/mldata/pfa/murata/data/tc/tc_nnqq/validation/nnqq_47_uu_eR_pL.h5'
Reading file: file='/data/suehara/mldata/pfa/murata/data/tc/tc_nnqq/validation/nnqq_70_dd_eL_pR.h5'
Reading file: file='/data/suehara/mldata/pfa/murata/data/tc/tc_nnqq/validation/nnqq_71_dd_eL_pR.h5'
Reading file: file='/data/suehara/mldata/pfa/murata/data/tc/tc_nnqq/validation/nnqq_72_dd_eL_pR.h5'
Reading file: file='/data/suehara/mldata/pfa/murata/data/tc/tc_nnqq/validation/nnqq_95_dd_eR_pL.h5'
Reading file: file='/data/suehara/mldata/pfa/murata/data/tc/tc_nnqq/validation/nnqq_96_dd_eR_pL.h5'
Reading file: file='/data/suehara/mldata/pfa/murata/data/tc/tc_nnqq/validation/nnqq_97_dd_eR_pL.h5'
Making ak_feats...
Making ak_labels...
Training dataset size:  30400
Validating dataset size:  4800
Batch size:  60
Loading GravnetModel
Hello
restart period :  30
cuda:1
thetaphi at main: True
Loading dataset...
ILCDataset: path='/data/suehara/mldata/pfa/murata/data/tc/tc_nnqq/train'
filenames=['/data/suehara/mldata/pfa/murata/data/tc/tc_nnqq/train/nnqq_10_uu_eL_pR.h5', '/data/suehara/mldata/pfa/murata/data/tc/tc_nnqq/train/nnqq_11_uu_eL_pR.h5', '/data/suehara/mldata/pfa/murata/data/tc/tc_nnqq/train/nnqq_12_uu_eL_pR.h5', '/data/suehara/mldata/pfa/murata/data/tc/tc_nnqq/train/nnqq_13_uu_eL_pR.h5', '/data/suehara/mldata/pfa/murata/data/tc/tc_nnqq/train/nnqq_14_uu_eL_pR.h5', '/data/suehara/mldata/pfa/murata/data/tc/tc_nnqq/train/nnqq_15_uu_eL_pR.h5', '/data/suehara/mldata/pfa/murata/data/tc/tc_nnqq/train/nnqq_16_uu_eL_pR.h5', '/data/suehara/mldata/pfa/murata/data/tc/tc_nnqq/train/nnqq_17_uu_eL_pR.h5', '/data/suehara/mldata/pfa/murata/data/tc/tc_nnqq/train/nnqq_18_uu_eL_pR.h5', '/data/suehara/mldata/pfa/murata/data/tc/tc_nnqq/train/nnqq_19_uu_eL_pR.h5', '/data/suehara/mldata/pfa/murata/data/tc/tc_nnqq/train/nnqq_1_uu_eL_pR.h5', '/data/suehara/mldata/pfa/murata/data/tc/tc_nnqq/train/nnqq_26_uu_eR_pL.h5', '/data/suehara/mldata/pfa/murata/data/tc/tc_nnqq/train/nnqq_27_uu_eR_pL.h5', '/data/suehara/mldata/pfa/murata/data/tc/tc_nnqq/train/nnqq_28_uu_eR_pL.h5', '/data/suehara/mldata/pfa/murata/data/tc/tc_nnqq/train/nnqq_29_uu_eR_pL.h5', '/data/suehara/mldata/pfa/murata/data/tc/tc_nnqq/train/nnqq_2_uu_eL_pR.h5', '/data/suehara/mldata/pfa/murata/data/tc/tc_nnqq/train/nnqq_30_uu_eR_pL.h5', '/data/suehara/mldata/pfa/murata/data/tc/tc_nnqq/train/nnqq_31_uu_eR_pL.h5', '/data/suehara/mldata/pfa/murata/data/tc/tc_nnqq/train/nnqq_32_uu_eR_pL.h5', '/data/suehara/mldata/pfa/murata/data/tc/tc_nnqq/train/nnqq_33_uu_eR_pL.h5', '/data/suehara/mldata/pfa/murata/data/tc/tc_nnqq/train/nnqq_34_uu_eR_pL.h5', '/data/suehara/mldata/pfa/murata/data/tc/tc_nnqq/train/nnqq_35_uu_eR_pL.h5', '/data/suehara/mldata/pfa/murata/data/tc/tc_nnqq/train/nnqq_36_uu_eR_pL.h5', '/data/suehara/mldata/pfa/murata/data/tc/tc_nnqq/train/nnqq_37_uu_eR_pL.h5', '/data/suehara/mldata/pfa/murata/data/tc/tc_nnqq/train/nnqq_38_uu_eR_pL.h5', '/data/suehara/mldata/pfa/murata/data/tc/tc_nnqq/train/nnqq_39_uu_eR_pL.h5', '/data/suehara/mldata/pfa/murata/data/tc/tc_nnqq/train/nnqq_3_uu_eL_pR.h5', '/data/suehara/mldata/pfa/murata/data/tc/tc_nnqq/train/nnqq_40_uu_eR_pL.h5', '/data/suehara/mldata/pfa/murata/data/tc/tc_nnqq/train/nnqq_41_uu_eR_pL.h5', '/data/suehara/mldata/pfa/murata/data/tc/tc_nnqq/train/nnqq_42_uu_eR_pL.h5', '/data/suehara/mldata/pfa/murata/data/tc/tc_nnqq/train/nnqq_43_uu_eR_pL.h5', '/data/suehara/mldata/pfa/murata/data/tc/tc_nnqq/train/nnqq_44_uu_eR_pL.h5', '/data/suehara/mldata/pfa/murata/data/tc/tc_nnqq/train/nnqq_4_uu_eL_pR.h5', '/data/suehara/mldata/pfa/murata/data/tc/tc_nnqq/train/nnqq_51_dd_eL_pR.h5', '/data/suehara/mldata/pfa/murata/data/tc/tc_nnqq/train/nnqq_52_dd_eL_pR.h5', '/data/suehara/mldata/pfa/murata/data/tc/tc_nnqq/train/nnqq_53_dd_eL_pR.h5', '/data/suehara/mldata/pfa/murata/data/tc/tc_nnqq/train/nnqq_54_dd_eL_pR.h5', '/data/suehara/mldata/pfa/murata/data/tc/tc_nnqq/train/nnqq_55_dd_eL_pR.h5', '/data/suehara/mldata/pfa/murata/data/tc/tc_nnqq/train/nnqq_56_dd_eL_pR.h5', '/data/suehara/mldata/pfa/murata/data/tc/tc_nnqq/train/nnqq_57_dd_eL_pR.h5', '/data/suehara/mldata/pfa/murata/data/tc/tc_nnqq/train/nnqq_58_dd_eL_pR.h5', '/data/suehara/mldata/pfa/murata/data/tc/tc_nnqq/train/nnqq_59_dd_eL_pR.h5', '/data/suehara/mldata/pfa/murata/data/tc/tc_nnqq/train/nnqq_5_uu_eL_pR.h5', '/data/suehara/mldata/pfa/murata/data/tc/tc_nnqq/train/nnqq_60_dd_eL_pR.h5', '/data/suehara/mldata/pfa/murata/data/tc/tc_nnqq/train/nnqq_61_dd_eL_pR.h5', '/data/suehara/mldata/pfa/murata/data/tc/tc_nnqq/train/nnqq_62_dd_eL_pR.h5', '/data/suehara/mldata/pfa/murata/data/tc/tc_nnqq/train/nnqq_63_dd_eL_pR.h5', '/data/suehara/mldata/pfa/murata/data/tc/tc_nnqq/train/nnqq_64_dd_eL_pR.h5', '/data/suehara/mldata/pfa/murata/data/tc/tc_nnqq/train/nnqq_65_dd_eL_pR.h5', '/data/suehara/mldata/pfa/murata/data/tc/tc_nnqq/train/nnqq_66_dd_eL_pR.h5', '/data/suehara/mldata/pfa/murata/data/tc/tc_nnqq/train/nnqq_67_dd_eL_pR.h5', '/data/suehara/mldata/pfa/murata/data/tc/tc_nnqq/train/nnqq_68_dd_eL_pR.h5', '/data/suehara/mldata/pfa/murata/data/tc/tc_nnqq/train/nnqq_69_dd_eL_pR.h5', '/data/suehara/mldata/pfa/murata/data/tc/tc_nnqq/train/nnqq_6_uu_eL_pR.h5', '/data/suehara/mldata/pfa/murata/data/tc/tc_nnqq/train/nnqq_76_dd_eR_pL.h5', '/data/suehara/mldata/pfa/murata/data/tc/tc_nnqq/train/nnqq_77_dd_eR_pL.h5', '/data/suehara/mldata/pfa/murata/data/tc/tc_nnqq/train/nnqq_78_dd_eR_pL.h5', '/data/suehara/mldata/pfa/murata/data/tc/tc_nnqq/train/nnqq_79_dd_eR_pL.h5', '/data/suehara/mldata/pfa/murata/data/tc/tc_nnqq/train/nnqq_7_uu_eL_pR.h5', '/data/suehara/mldata/pfa/murata/data/tc/tc_nnqq/train/nnqq_80_dd_eR_pL.h5', '/data/suehara/mldata/pfa/murata/data/tc/tc_nnqq/train/nnqq_81_dd_eR_pL.h5', '/data/suehara/mldata/pfa/murata/data/tc/tc_nnqq/train/nnqq_82_dd_eR_pL.h5', '/data/suehara/mldata/pfa/murata/data/tc/tc_nnqq/train/nnqq_83_dd_eR_pL.h5', '/data/suehara/mldata/pfa/murata/data/tc/tc_nnqq/train/nnqq_84_dd_eR_pL.h5', '/data/suehara/mldata/pfa/murata/data/tc/tc_nnqq/train/nnqq_85_dd_eR_pL.h5', '/data/suehara/mldata/pfa/murata/data/tc/tc_nnqq/train/nnqq_86_dd_eR_pL.h5', '/data/suehara/mldata/pfa/murata/data/tc/tc_nnqq/train/nnqq_87_dd_eR_pL.h5', '/data/suehara/mldata/pfa/murata/data/tc/tc_nnqq/train/nnqq_88_dd_eR_pL.h5', '/data/suehara/mldata/pfa/murata/data/tc/tc_nnqq/train/nnqq_89_dd_eR_pL.h5', '/data/suehara/mldata/pfa/murata/data/tc/tc_nnqq/train/nnqq_8_uu_eL_pR.h5', '/data/suehara/mldata/pfa/murata/data/tc/tc_nnqq/train/nnqq_90_dd_eR_pL.h5', '/data/suehara/mldata/pfa/murata/data/tc/tc_nnqq/train/nnqq_91_dd_eR_pL.h5', '/data/suehara/mldata/pfa/murata/data/tc/tc_nnqq/train/nnqq_92_dd_eR_pL.h5', '/data/suehara/mldata/pfa/murata/data/tc/tc_nnqq/train/nnqq_93_dd_eR_pL.h5', '/data/suehara/mldata/pfa/murata/data/tc/tc_nnqq/train/nnqq_94_dd_eR_pL.h5', '/data/suehara/mldata/pfa/murata/data/tc/tc_nnqq/train/nnqq_9_uu_eL_pR.h5']
Reading file: file='/data/suehara/mldata/pfa/murata/data/tc/tc_nnqq/train/nnqq_10_uu_eL_pR.h5'
Reading file: file='/data/suehara/mldata/pfa/murata/data/tc/tc_nnqq/train/nnqq_11_uu_eL_pR.h5'
Reading file: file='/data/suehara/mldata/pfa/murata/data/tc/tc_nnqq/train/nnqq_12_uu_eL_pR.h5'
Reading file: file='/data/suehara/mldata/pfa/murata/data/tc/tc_nnqq/train/nnqq_13_uu_eL_pR.h5'
Reading file: file='/data/suehara/mldata/pfa/murata/data/tc/tc_nnqq/train/nnqq_14_uu_eL_pR.h5'
Reading file: file='/data/suehara/mldata/pfa/murata/data/tc/tc_nnqq/train/nnqq_15_uu_eL_pR.h5'
Reading file: file='/data/suehara/mldata/pfa/murata/data/tc/tc_nnqq/train/nnqq_16_uu_eL_pR.h5'
Reading file: file='/data/suehara/mldata/pfa/murata/data/tc/tc_nnqq/train/nnqq_17_uu_eL_pR.h5'
Reading file: file='/data/suehara/mldata/pfa/murata/data/tc/tc_nnqq/train/nnqq_18_uu_eL_pR.h5'
Reading file: file='/data/suehara/mldata/pfa/murata/data/tc/tc_nnqq/train/nnqq_19_uu_eL_pR.h5'
Reading file: file='/data/suehara/mldata/pfa/murata/data/tc/tc_nnqq/train/nnqq_1_uu_eL_pR.h5'
Reading file: file='/data/suehara/mldata/pfa/murata/data/tc/tc_nnqq/train/nnqq_26_uu_eR_pL.h5'
Reading file: file='/data/suehara/mldata/pfa/murata/data/tc/tc_nnqq/train/nnqq_27_uu_eR_pL.h5'
Reading file: file='/data/suehara/mldata/pfa/murata/data/tc/tc_nnqq/train/nnqq_28_uu_eR_pL.h5'
Reading file: file='/data/suehara/mldata/pfa/murata/data/tc/tc_nnqq/train/nnqq_29_uu_eR_pL.h5'
Reading file: file='/data/suehara/mldata/pfa/murata/data/tc/tc_nnqq/train/nnqq_2_uu_eL_pR.h5'
Reading file: file='/data/suehara/mldata/pfa/murata/data/tc/tc_nnqq/train/nnqq_30_uu_eR_pL.h5'
Reading file: file='/data/suehara/mldata/pfa/murata/data/tc/tc_nnqq/train/nnqq_31_uu_eR_pL.h5'
Reading file: file='/data/suehara/mldata/pfa/murata/data/tc/tc_nnqq/train/nnqq_32_uu_eR_pL.h5'
Reading file: file='/data/suehara/mldata/pfa/murata/data/tc/tc_nnqq/train/nnqq_33_uu_eR_pL.h5'
Reading file: file='/data/suehara/mldata/pfa/murata/data/tc/tc_nnqq/train/nnqq_34_uu_eR_pL.h5'
Reading file: file='/data/suehara/mldata/pfa/murata/data/tc/tc_nnqq/train/nnqq_35_uu_eR_pL.h5'
Reading file: file='/data/suehara/mldata/pfa/murata/data/tc/tc_nnqq/train/nnqq_36_uu_eR_pL.h5'
Reading file: file='/data/suehara/mldata/pfa/murata/data/tc/tc_nnqq/train/nnqq_37_uu_eR_pL.h5'
Reading file: file='/data/suehara/mldata/pfa/murata/data/tc/tc_nnqq/train/nnqq_38_uu_eR_pL.h5'
Reading file: file='/data/suehara/mldata/pfa/murata/data/tc/tc_nnqq/train/nnqq_39_uu_eR_pL.h5'
Reading file: file='/data/suehara/mldata/pfa/murata/data/tc/tc_nnqq/train/nnqq_3_uu_eL_pR.h5'
Reading file: file='/data/suehara/mldata/pfa/murata/data/tc/tc_nnqq/train/nnqq_40_uu_eR_pL.h5'
Reading file: file='/data/suehara/mldata/pfa/murata/data/tc/tc_nnqq/train/nnqq_41_uu_eR_pL.h5'
Reading file: file='/data/suehara/mldata/pfa/murata/data/tc/tc_nnqq/train/nnqq_42_uu_eR_pL.h5'
Reading file: file='/data/suehara/mldata/pfa/murata/data/tc/tc_nnqq/train/nnqq_43_uu_eR_pL.h5'
Reading file: file='/data/suehara/mldata/pfa/murata/data/tc/tc_nnqq/train/nnqq_44_uu_eR_pL.h5'
Reading file: file='/data/suehara/mldata/pfa/murata/data/tc/tc_nnqq/train/nnqq_4_uu_eL_pR.h5'
Reading file: file='/data/suehara/mldata/pfa/murata/data/tc/tc_nnqq/train/nnqq_51_dd_eL_pR.h5'
Reading file: file='/data/suehara/mldata/pfa/murata/data/tc/tc_nnqq/train/nnqq_52_dd_eL_pR.h5'
Reading file: file='/data/suehara/mldata/pfa/murata/data/tc/tc_nnqq/train/nnqq_53_dd_eL_pR.h5'
Reading file: file='/data/suehara/mldata/pfa/murata/data/tc/tc_nnqq/train/nnqq_54_dd_eL_pR.h5'
Reading file: file='/data/suehara/mldata/pfa/murata/data/tc/tc_nnqq/train/nnqq_55_dd_eL_pR.h5'
Reading file: file='/data/suehara/mldata/pfa/murata/data/tc/tc_nnqq/train/nnqq_56_dd_eL_pR.h5'
Reading file: file='/data/suehara/mldata/pfa/murata/data/tc/tc_nnqq/train/nnqq_57_dd_eL_pR.h5'
Reading file: file='/data/suehara/mldata/pfa/murata/data/tc/tc_nnqq/train/nnqq_58_dd_eL_pR.h5'
Reading file: file='/data/suehara/mldata/pfa/murata/data/tc/tc_nnqq/train/nnqq_59_dd_eL_pR.h5'
Reading file: file='/data/suehara/mldata/pfa/murata/data/tc/tc_nnqq/train/nnqq_5_uu_eL_pR.h5'
Reading file: file='/data/suehara/mldata/pfa/murata/data/tc/tc_nnqq/train/nnqq_60_dd_eL_pR.h5'
Reading file: file='/data/suehara/mldata/pfa/murata/data/tc/tc_nnqq/train/nnqq_61_dd_eL_pR.h5'
Reading file: file='/data/suehara/mldata/pfa/murata/data/tc/tc_nnqq/train/nnqq_62_dd_eL_pR.h5'
Reading file: file='/data/suehara/mldata/pfa/murata/data/tc/tc_nnqq/train/nnqq_63_dd_eL_pR.h5'
Reading file: file='/data/suehara/mldata/pfa/murata/data/tc/tc_nnqq/train/nnqq_64_dd_eL_pR.h5'
Reading file: file='/data/suehara/mldata/pfa/murata/data/tc/tc_nnqq/train/nnqq_65_dd_eL_pR.h5'
Reading file: file='/data/suehara/mldata/pfa/murata/data/tc/tc_nnqq/train/nnqq_66_dd_eL_pR.h5'
Reading file: file='/data/suehara/mldata/pfa/murata/data/tc/tc_nnqq/train/nnqq_67_dd_eL_pR.h5'
Reading file: file='/data/suehara/mldata/pfa/murata/data/tc/tc_nnqq/train/nnqq_68_dd_eL_pR.h5'
Reading file: file='/data/suehara/mldata/pfa/murata/data/tc/tc_nnqq/train/nnqq_69_dd_eL_pR.h5'
Reading file: file='/data/suehara/mldata/pfa/murata/data/tc/tc_nnqq/train/nnqq_6_uu_eL_pR.h5'
Reading file: file='/data/suehara/mldata/pfa/murata/data/tc/tc_nnqq/train/nnqq_76_dd_eR_pL.h5'
Reading file: file='/data/suehara/mldata/pfa/murata/data/tc/tc_nnqq/train/nnqq_77_dd_eR_pL.h5'
Reading file: file='/data/suehara/mldata/pfa/murata/data/tc/tc_nnqq/train/nnqq_78_dd_eR_pL.h5'
Reading file: file='/data/suehara/mldata/pfa/murata/data/tc/tc_nnqq/train/nnqq_79_dd_eR_pL.h5'
Reading file: file='/data/suehara/mldata/pfa/murata/data/tc/tc_nnqq/train/nnqq_7_uu_eL_pR.h5'
Reading file: file='/data/suehara/mldata/pfa/murata/data/tc/tc_nnqq/train/nnqq_80_dd_eR_pL.h5'
Reading file: file='/data/suehara/mldata/pfa/murata/data/tc/tc_nnqq/train/nnqq_81_dd_eR_pL.h5'
Reading file: file='/data/suehara/mldata/pfa/murata/data/tc/tc_nnqq/train/nnqq_82_dd_eR_pL.h5'
Reading file: file='/data/suehara/mldata/pfa/murata/data/tc/tc_nnqq/train/nnqq_83_dd_eR_pL.h5'
Reading file: file='/data/suehara/mldata/pfa/murata/data/tc/tc_nnqq/train/nnqq_84_dd_eR_pL.h5'
Reading file: file='/data/suehara/mldata/pfa/murata/data/tc/tc_nnqq/train/nnqq_85_dd_eR_pL.h5'
Reading file: file='/data/suehara/mldata/pfa/murata/data/tc/tc_nnqq/train/nnqq_86_dd_eR_pL.h5'
Reading file: file='/data/suehara/mldata/pfa/murata/data/tc/tc_nnqq/train/nnqq_87_dd_eR_pL.h5'
Reading file: file='/data/suehara/mldata/pfa/murata/data/tc/tc_nnqq/train/nnqq_88_dd_eR_pL.h5'
Reading file: file='/data/suehara/mldata/pfa/murata/data/tc/tc_nnqq/train/nnqq_89_dd_eR_pL.h5'
Reading file: file='/data/suehara/mldata/pfa/murata/data/tc/tc_nnqq/train/nnqq_8_uu_eL_pR.h5'
Reading file: file='/data/suehara/mldata/pfa/murata/data/tc/tc_nnqq/train/nnqq_90_dd_eR_pL.h5'
Reading file: file='/data/suehara/mldata/pfa/murata/data/tc/tc_nnqq/train/nnqq_91_dd_eR_pL.h5'
Reading file: file='/data/suehara/mldata/pfa/murata/data/tc/tc_nnqq/train/nnqq_92_dd_eR_pL.h5'
Reading file: file='/data/suehara/mldata/pfa/murata/data/tc/tc_nnqq/train/nnqq_93_dd_eR_pL.h5'
Reading file: file='/data/suehara/mldata/pfa/murata/data/tc/tc_nnqq/train/nnqq_94_dd_eR_pL.h5'
Reading file: file='/data/suehara/mldata/pfa/murata/data/tc/tc_nnqq/train/nnqq_9_uu_eL_pR.h5'
Making ak_feats...
Making ak_labels...
ILCDataset: path='/data/suehara/mldata/pfa/murata/data/tc/tc_nnqq/validation'
filenames=['/data/suehara/mldata/pfa/murata/data/tc/tc_nnqq/validation/nnqq_20_uu_eL_pR.h5', '/data/suehara/mldata/pfa/murata/data/tc/tc_nnqq/validation/nnqq_21_uu_eL_pR.h5', '/data/suehara/mldata/pfa/murata/data/tc/tc_nnqq/validation/nnqq_22_uu_eL_pR.h5', '/data/suehara/mldata/pfa/murata/data/tc/tc_nnqq/validation/nnqq_45_uu_eR_pL.h5', '/data/suehara/mldata/pfa/murata/data/tc/tc_nnqq/validation/nnqq_46_uu_eR_pL.h5', '/data/suehara/mldata/pfa/murata/data/tc/tc_nnqq/validation/nnqq_47_uu_eR_pL.h5', '/data/suehara/mldata/pfa/murata/data/tc/tc_nnqq/validation/nnqq_70_dd_eL_pR.h5', '/data/suehara/mldata/pfa/murata/data/tc/tc_nnqq/validation/nnqq_71_dd_eL_pR.h5', '/data/suehara/mldata/pfa/murata/data/tc/tc_nnqq/validation/nnqq_72_dd_eL_pR.h5', '/data/suehara/mldata/pfa/murata/data/tc/tc_nnqq/validation/nnqq_95_dd_eR_pL.h5', '/data/suehara/mldata/pfa/murata/data/tc/tc_nnqq/validation/nnqq_96_dd_eR_pL.h5', '/data/suehara/mldata/pfa/murata/data/tc/tc_nnqq/validation/nnqq_97_dd_eR_pL.h5']
Reading file: file='/data/suehara/mldata/pfa/murata/data/tc/tc_nnqq/validation/nnqq_20_uu_eL_pR.h5'
Reading file: file='/data/suehara/mldata/pfa/murata/data/tc/tc_nnqq/validation/nnqq_21_uu_eL_pR.h5'
Reading file: file='/data/suehara/mldata/pfa/murata/data/tc/tc_nnqq/validation/nnqq_22_uu_eL_pR.h5'
Reading file: file='/data/suehara/mldata/pfa/murata/data/tc/tc_nnqq/validation/nnqq_45_uu_eR_pL.h5'
Reading file: file='/data/suehara/mldata/pfa/murata/data/tc/tc_nnqq/validation/nnqq_46_uu_eR_pL.h5'
Reading file: file='/data/suehara/mldata/pfa/murata/data/tc/tc_nnqq/validation/nnqq_47_uu_eR_pL.h5'
Reading file: file='/data/suehara/mldata/pfa/murata/data/tc/tc_nnqq/validation/nnqq_70_dd_eL_pR.h5'
Reading file: file='/data/suehara/mldata/pfa/murata/data/tc/tc_nnqq/validation/nnqq_71_dd_eL_pR.h5'
Reading file: file='/data/suehara/mldata/pfa/murata/data/tc/tc_nnqq/validation/nnqq_72_dd_eL_pR.h5'
Reading file: file='/data/suehara/mldata/pfa/murata/data/tc/tc_nnqq/validation/nnqq_95_dd_eR_pL.h5'
Reading file: file='/data/suehara/mldata/pfa/murata/data/tc/tc_nnqq/validation/nnqq_96_dd_eR_pL.h5'
Reading file: file='/data/suehara/mldata/pfa/murata/data/tc/tc_nnqq/validation/nnqq_97_dd_eR_pL.h5'
Making ak_feats...
Making ak_labels...
Training dataset size:  30400
Validating dataset size:  4800
Batch size:  60
Loading GravnetModel
Hello
restart period :  30
cuda:0
thetaphi at main: True
Loading dataset...
ILCDataset: path='/data/suehara/mldata/pfa/murata/data/tc/tc_nnqq/train'
filenames=['/data/suehara/mldata/pfa/murata/data/tc/tc_nnqq/train/nnqq_10_uu_eL_pR.h5', '/data/suehara/mldata/pfa/murata/data/tc/tc_nnqq/train/nnqq_11_uu_eL_pR.h5', '/data/suehara/mldata/pfa/murata/data/tc/tc_nnqq/train/nnqq_12_uu_eL_pR.h5', '/data/suehara/mldata/pfa/murata/data/tc/tc_nnqq/train/nnqq_13_uu_eL_pR.h5', '/data/suehara/mldata/pfa/murata/data/tc/tc_nnqq/train/nnqq_14_uu_eL_pR.h5', '/data/suehara/mldata/pfa/murata/data/tc/tc_nnqq/train/nnqq_15_uu_eL_pR.h5', '/data/suehara/mldata/pfa/murata/data/tc/tc_nnqq/train/nnqq_16_uu_eL_pR.h5', '/data/suehara/mldata/pfa/murata/data/tc/tc_nnqq/train/nnqq_17_uu_eL_pR.h5', '/data/suehara/mldata/pfa/murata/data/tc/tc_nnqq/train/nnqq_18_uu_eL_pR.h5', '/data/suehara/mldata/pfa/murata/data/tc/tc_nnqq/train/nnqq_19_uu_eL_pR.h5', '/data/suehara/mldata/pfa/murata/data/tc/tc_nnqq/train/nnqq_1_uu_eL_pR.h5', '/data/suehara/mldata/pfa/murata/data/tc/tc_nnqq/train/nnqq_26_uu_eR_pL.h5', '/data/suehara/mldata/pfa/murata/data/tc/tc_nnqq/train/nnqq_27_uu_eR_pL.h5', '/data/suehara/mldata/pfa/murata/data/tc/tc_nnqq/train/nnqq_28_uu_eR_pL.h5', '/data/suehara/mldata/pfa/murata/data/tc/tc_nnqq/train/nnqq_29_uu_eR_pL.h5', '/data/suehara/mldata/pfa/murata/data/tc/tc_nnqq/train/nnqq_2_uu_eL_pR.h5', '/data/suehara/mldata/pfa/murata/data/tc/tc_nnqq/train/nnqq_30_uu_eR_pL.h5', '/data/suehara/mldata/pfa/murata/data/tc/tc_nnqq/train/nnqq_31_uu_eR_pL.h5', '/data/suehara/mldata/pfa/murata/data/tc/tc_nnqq/train/nnqq_32_uu_eR_pL.h5', '/data/suehara/mldata/pfa/murata/data/tc/tc_nnqq/train/nnqq_33_uu_eR_pL.h5', '/data/suehara/mldata/pfa/murata/data/tc/tc_nnqq/train/nnqq_34_uu_eR_pL.h5', '/data/suehara/mldata/pfa/murata/data/tc/tc_nnqq/train/nnqq_35_uu_eR_pL.h5', '/data/suehara/mldata/pfa/murata/data/tc/tc_nnqq/train/nnqq_36_uu_eR_pL.h5', '/data/suehara/mldata/pfa/murata/data/tc/tc_nnqq/train/nnqq_37_uu_eR_pL.h5', '/data/suehara/mldata/pfa/murata/data/tc/tc_nnqq/train/nnqq_38_uu_eR_pL.h5', '/data/suehara/mldata/pfa/murata/data/tc/tc_nnqq/train/nnqq_39_uu_eR_pL.h5', '/data/suehara/mldata/pfa/murata/data/tc/tc_nnqq/train/nnqq_3_uu_eL_pR.h5', '/data/suehara/mldata/pfa/murata/data/tc/tc_nnqq/train/nnqq_40_uu_eR_pL.h5', '/data/suehara/mldata/pfa/murata/data/tc/tc_nnqq/train/nnqq_41_uu_eR_pL.h5', '/data/suehara/mldata/pfa/murata/data/tc/tc_nnqq/train/nnqq_42_uu_eR_pL.h5', '/data/suehara/mldata/pfa/murata/data/tc/tc_nnqq/train/nnqq_43_uu_eR_pL.h5', '/data/suehara/mldata/pfa/murata/data/tc/tc_nnqq/train/nnqq_44_uu_eR_pL.h5', '/data/suehara/mldata/pfa/murata/data/tc/tc_nnqq/train/nnqq_4_uu_eL_pR.h5', '/data/suehara/mldata/pfa/murata/data/tc/tc_nnqq/train/nnqq_51_dd_eL_pR.h5', '/data/suehara/mldata/pfa/murata/data/tc/tc_nnqq/train/nnqq_52_dd_eL_pR.h5', '/data/suehara/mldata/pfa/murata/data/tc/tc_nnqq/train/nnqq_53_dd_eL_pR.h5', '/data/suehara/mldata/pfa/murata/data/tc/tc_nnqq/train/nnqq_54_dd_eL_pR.h5', '/data/suehara/mldata/pfa/murata/data/tc/tc_nnqq/train/nnqq_55_dd_eL_pR.h5', '/data/suehara/mldata/pfa/murata/data/tc/tc_nnqq/train/nnqq_56_dd_eL_pR.h5', '/data/suehara/mldata/pfa/murata/data/tc/tc_nnqq/train/nnqq_57_dd_eL_pR.h5', '/data/suehara/mldata/pfa/murata/data/tc/tc_nnqq/train/nnqq_58_dd_eL_pR.h5', '/data/suehara/mldata/pfa/murata/data/tc/tc_nnqq/train/nnqq_59_dd_eL_pR.h5', '/data/suehara/mldata/pfa/murata/data/tc/tc_nnqq/train/nnqq_5_uu_eL_pR.h5', '/data/suehara/mldata/pfa/murata/data/tc/tc_nnqq/train/nnqq_60_dd_eL_pR.h5', '/data/suehara/mldata/pfa/murata/data/tc/tc_nnqq/train/nnqq_61_dd_eL_pR.h5', '/data/suehara/mldata/pfa/murata/data/tc/tc_nnqq/train/nnqq_62_dd_eL_pR.h5', '/data/suehara/mldata/pfa/murata/data/tc/tc_nnqq/train/nnqq_63_dd_eL_pR.h5', '/data/suehara/mldata/pfa/murata/data/tc/tc_nnqq/train/nnqq_64_dd_eL_pR.h5', '/data/suehara/mldata/pfa/murata/data/tc/tc_nnqq/train/nnqq_65_dd_eL_pR.h5', '/data/suehara/mldata/pfa/murata/data/tc/tc_nnqq/train/nnqq_66_dd_eL_pR.h5', '/data/suehara/mldata/pfa/murata/data/tc/tc_nnqq/train/nnqq_67_dd_eL_pR.h5', '/data/suehara/mldata/pfa/murata/data/tc/tc_nnqq/train/nnqq_68_dd_eL_pR.h5', '/data/suehara/mldata/pfa/murata/data/tc/tc_nnqq/train/nnqq_69_dd_eL_pR.h5', '/data/suehara/mldata/pfa/murata/data/tc/tc_nnqq/train/nnqq_6_uu_eL_pR.h5', '/data/suehara/mldata/pfa/murata/data/tc/tc_nnqq/train/nnqq_76_dd_eR_pL.h5', '/data/suehara/mldata/pfa/murata/data/tc/tc_nnqq/train/nnqq_77_dd_eR_pL.h5', '/data/suehara/mldata/pfa/murata/data/tc/tc_nnqq/train/nnqq_78_dd_eR_pL.h5', '/data/suehara/mldata/pfa/murata/data/tc/tc_nnqq/train/nnqq_79_dd_eR_pL.h5', '/data/suehara/mldata/pfa/murata/data/tc/tc_nnqq/train/nnqq_7_uu_eL_pR.h5', '/data/suehara/mldata/pfa/murata/data/tc/tc_nnqq/train/nnqq_80_dd_eR_pL.h5', '/data/suehara/mldata/pfa/murata/data/tc/tc_nnqq/train/nnqq_81_dd_eR_pL.h5', '/data/suehara/mldata/pfa/murata/data/tc/tc_nnqq/train/nnqq_82_dd_eR_pL.h5', '/data/suehara/mldata/pfa/murata/data/tc/tc_nnqq/train/nnqq_83_dd_eR_pL.h5', '/data/suehara/mldata/pfa/murata/data/tc/tc_nnqq/train/nnqq_84_dd_eR_pL.h5', '/data/suehara/mldata/pfa/murata/data/tc/tc_nnqq/train/nnqq_85_dd_eR_pL.h5', '/data/suehara/mldata/pfa/murata/data/tc/tc_nnqq/train/nnqq_86_dd_eR_pL.h5', '/data/suehara/mldata/pfa/murata/data/tc/tc_nnqq/train/nnqq_87_dd_eR_pL.h5', '/data/suehara/mldata/pfa/murata/data/tc/tc_nnqq/train/nnqq_88_dd_eR_pL.h5', '/data/suehara/mldata/pfa/murata/data/tc/tc_nnqq/train/nnqq_89_dd_eR_pL.h5', '/data/suehara/mldata/pfa/murata/data/tc/tc_nnqq/train/nnqq_8_uu_eL_pR.h5', '/data/suehara/mldata/pfa/murata/data/tc/tc_nnqq/train/nnqq_90_dd_eR_pL.h5', '/data/suehara/mldata/pfa/murata/data/tc/tc_nnqq/train/nnqq_91_dd_eR_pL.h5', '/data/suehara/mldata/pfa/murata/data/tc/tc_nnqq/train/nnqq_92_dd_eR_pL.h5', '/data/suehara/mldata/pfa/murata/data/tc/tc_nnqq/train/nnqq_93_dd_eR_pL.h5', '/data/suehara/mldata/pfa/murata/data/tc/tc_nnqq/train/nnqq_94_dd_eR_pL.h5', '/data/suehara/mldata/pfa/murata/data/tc/tc_nnqq/train/nnqq_9_uu_eL_pR.h5']
Reading file: file='/data/suehara/mldata/pfa/murata/data/tc/tc_nnqq/train/nnqq_10_uu_eL_pR.h5'
Reading file: file='/data/suehara/mldata/pfa/murata/data/tc/tc_nnqq/train/nnqq_11_uu_eL_pR.h5'
Reading file: file='/data/suehara/mldata/pfa/murata/data/tc/tc_nnqq/train/nnqq_12_uu_eL_pR.h5'
Reading file: file='/data/suehara/mldata/pfa/murata/data/tc/tc_nnqq/train/nnqq_13_uu_eL_pR.h5'
Reading file: file='/data/suehara/mldata/pfa/murata/data/tc/tc_nnqq/train/nnqq_14_uu_eL_pR.h5'
Reading file: file='/data/suehara/mldata/pfa/murata/data/tc/tc_nnqq/train/nnqq_15_uu_eL_pR.h5'
Reading file: file='/data/suehara/mldata/pfa/murata/data/tc/tc_nnqq/train/nnqq_16_uu_eL_pR.h5'
Reading file: file='/data/suehara/mldata/pfa/murata/data/tc/tc_nnqq/train/nnqq_17_uu_eL_pR.h5'
Reading file: file='/data/suehara/mldata/pfa/murata/data/tc/tc_nnqq/train/nnqq_18_uu_eL_pR.h5'
Reading file: file='/data/suehara/mldata/pfa/murata/data/tc/tc_nnqq/train/nnqq_19_uu_eL_pR.h5'
Reading file: file='/data/suehara/mldata/pfa/murata/data/tc/tc_nnqq/train/nnqq_1_uu_eL_pR.h5'
Reading file: file='/data/suehara/mldata/pfa/murata/data/tc/tc_nnqq/train/nnqq_26_uu_eR_pL.h5'
Reading file: file='/data/suehara/mldata/pfa/murata/data/tc/tc_nnqq/train/nnqq_27_uu_eR_pL.h5'
Reading file: file='/data/suehara/mldata/pfa/murata/data/tc/tc_nnqq/train/nnqq_28_uu_eR_pL.h5'
Reading file: file='/data/suehara/mldata/pfa/murata/data/tc/tc_nnqq/train/nnqq_29_uu_eR_pL.h5'
Reading file: file='/data/suehara/mldata/pfa/murata/data/tc/tc_nnqq/train/nnqq_2_uu_eL_pR.h5'
Reading file: file='/data/suehara/mldata/pfa/murata/data/tc/tc_nnqq/train/nnqq_30_uu_eR_pL.h5'
Reading file: file='/data/suehara/mldata/pfa/murata/data/tc/tc_nnqq/train/nnqq_31_uu_eR_pL.h5'
Reading file: file='/data/suehara/mldata/pfa/murata/data/tc/tc_nnqq/train/nnqq_32_uu_eR_pL.h5'
Reading file: file='/data/suehara/mldata/pfa/murata/data/tc/tc_nnqq/train/nnqq_33_uu_eR_pL.h5'
Reading file: file='/data/suehara/mldata/pfa/murata/data/tc/tc_nnqq/train/nnqq_34_uu_eR_pL.h5'
Reading file: file='/data/suehara/mldata/pfa/murata/data/tc/tc_nnqq/train/nnqq_35_uu_eR_pL.h5'
Reading file: file='/data/suehara/mldata/pfa/murata/data/tc/tc_nnqq/train/nnqq_36_uu_eR_pL.h5'
Reading file: file='/data/suehara/mldata/pfa/murata/data/tc/tc_nnqq/train/nnqq_37_uu_eR_pL.h5'
Reading file: file='/data/suehara/mldata/pfa/murata/data/tc/tc_nnqq/train/nnqq_38_uu_eR_pL.h5'
Reading file: file='/data/suehara/mldata/pfa/murata/data/tc/tc_nnqq/train/nnqq_39_uu_eR_pL.h5'
Reading file: file='/data/suehara/mldata/pfa/murata/data/tc/tc_nnqq/train/nnqq_3_uu_eL_pR.h5'
Reading file: file='/data/suehara/mldata/pfa/murata/data/tc/tc_nnqq/train/nnqq_40_uu_eR_pL.h5'
Reading file: file='/data/suehara/mldata/pfa/murata/data/tc/tc_nnqq/train/nnqq_41_uu_eR_pL.h5'
Reading file: file='/data/suehara/mldata/pfa/murata/data/tc/tc_nnqq/train/nnqq_42_uu_eR_pL.h5'
Reading file: file='/data/suehara/mldata/pfa/murata/data/tc/tc_nnqq/train/nnqq_43_uu_eR_pL.h5'
Reading file: file='/data/suehara/mldata/pfa/murata/data/tc/tc_nnqq/train/nnqq_44_uu_eR_pL.h5'
Reading file: file='/data/suehara/mldata/pfa/murata/data/tc/tc_nnqq/train/nnqq_4_uu_eL_pR.h5'
Reading file: file='/data/suehara/mldata/pfa/murata/data/tc/tc_nnqq/train/nnqq_51_dd_eL_pR.h5'
Reading file: file='/data/suehara/mldata/pfa/murata/data/tc/tc_nnqq/train/nnqq_52_dd_eL_pR.h5'
Reading file: file='/data/suehara/mldata/pfa/murata/data/tc/tc_nnqq/train/nnqq_53_dd_eL_pR.h5'
Reading file: file='/data/suehara/mldata/pfa/murata/data/tc/tc_nnqq/train/nnqq_54_dd_eL_pR.h5'
Reading file: file='/data/suehara/mldata/pfa/murata/data/tc/tc_nnqq/train/nnqq_55_dd_eL_pR.h5'
Reading file: file='/data/suehara/mldata/pfa/murata/data/tc/tc_nnqq/train/nnqq_56_dd_eL_pR.h5'
Reading file: file='/data/suehara/mldata/pfa/murata/data/tc/tc_nnqq/train/nnqq_57_dd_eL_pR.h5'
Reading file: file='/data/suehara/mldata/pfa/murata/data/tc/tc_nnqq/train/nnqq_58_dd_eL_pR.h5'
Reading file: file='/data/suehara/mldata/pfa/murata/data/tc/tc_nnqq/train/nnqq_59_dd_eL_pR.h5'
Reading file: file='/data/suehara/mldata/pfa/murata/data/tc/tc_nnqq/train/nnqq_5_uu_eL_pR.h5'
Reading file: file='/data/suehara/mldata/pfa/murata/data/tc/tc_nnqq/train/nnqq_60_dd_eL_pR.h5'
Reading file: file='/data/suehara/mldata/pfa/murata/data/tc/tc_nnqq/train/nnqq_61_dd_eL_pR.h5'
Reading file: file='/data/suehara/mldata/pfa/murata/data/tc/tc_nnqq/train/nnqq_62_dd_eL_pR.h5'
Reading file: file='/data/suehara/mldata/pfa/murata/data/tc/tc_nnqq/train/nnqq_63_dd_eL_pR.h5'
Reading file: file='/data/suehara/mldata/pfa/murata/data/tc/tc_nnqq/train/nnqq_64_dd_eL_pR.h5'
Reading file: file='/data/suehara/mldata/pfa/murata/data/tc/tc_nnqq/train/nnqq_65_dd_eL_pR.h5'
Reading file: file='/data/suehara/mldata/pfa/murata/data/tc/tc_nnqq/train/nnqq_66_dd_eL_pR.h5'
Reading file: file='/data/suehara/mldata/pfa/murata/data/tc/tc_nnqq/train/nnqq_67_dd_eL_pR.h5'
Reading file: file='/data/suehara/mldata/pfa/murata/data/tc/tc_nnqq/train/nnqq_68_dd_eL_pR.h5'
Reading file: file='/data/suehara/mldata/pfa/murata/data/tc/tc_nnqq/train/nnqq_69_dd_eL_pR.h5'
Reading file: file='/data/suehara/mldata/pfa/murata/data/tc/tc_nnqq/train/nnqq_6_uu_eL_pR.h5'
Reading file: file='/data/suehara/mldata/pfa/murata/data/tc/tc_nnqq/train/nnqq_76_dd_eR_pL.h5'
Reading file: file='/data/suehara/mldata/pfa/murata/data/tc/tc_nnqq/train/nnqq_77_dd_eR_pL.h5'
Reading file: file='/data/suehara/mldata/pfa/murata/data/tc/tc_nnqq/train/nnqq_78_dd_eR_pL.h5'
Reading file: file='/data/suehara/mldata/pfa/murata/data/tc/tc_nnqq/train/nnqq_79_dd_eR_pL.h5'
Reading file: file='/data/suehara/mldata/pfa/murata/data/tc/tc_nnqq/train/nnqq_7_uu_eL_pR.h5'
Reading file: file='/data/suehara/mldata/pfa/murata/data/tc/tc_nnqq/train/nnqq_80_dd_eR_pL.h5'
Reading file: file='/data/suehara/mldata/pfa/murata/data/tc/tc_nnqq/train/nnqq_81_dd_eR_pL.h5'
Reading file: file='/data/suehara/mldata/pfa/murata/data/tc/tc_nnqq/train/nnqq_82_dd_eR_pL.h5'
Reading file: file='/data/suehara/mldata/pfa/murata/data/tc/tc_nnqq/train/nnqq_83_dd_eR_pL.h5'
Reading file: file='/data/suehara/mldata/pfa/murata/data/tc/tc_nnqq/train/nnqq_84_dd_eR_pL.h5'
Reading file: file='/data/suehara/mldata/pfa/murata/data/tc/tc_nnqq/train/nnqq_85_dd_eR_pL.h5'
Reading file: file='/data/suehara/mldata/pfa/murata/data/tc/tc_nnqq/train/nnqq_86_dd_eR_pL.h5'
Reading file: file='/data/suehara/mldata/pfa/murata/data/tc/tc_nnqq/train/nnqq_87_dd_eR_pL.h5'
Reading file: file='/data/suehara/mldata/pfa/murata/data/tc/tc_nnqq/train/nnqq_88_dd_eR_pL.h5'
Reading file: file='/data/suehara/mldata/pfa/murata/data/tc/tc_nnqq/train/nnqq_89_dd_eR_pL.h5'
Reading file: file='/data/suehara/mldata/pfa/murata/data/tc/tc_nnqq/train/nnqq_8_uu_eL_pR.h5'
Reading file: file='/data/suehara/mldata/pfa/murata/data/tc/tc_nnqq/train/nnqq_90_dd_eR_pL.h5'
Reading file: file='/data/suehara/mldata/pfa/murata/data/tc/tc_nnqq/train/nnqq_91_dd_eR_pL.h5'
Reading file: file='/data/suehara/mldata/pfa/murata/data/tc/tc_nnqq/train/nnqq_92_dd_eR_pL.h5'
Reading file: file='/data/suehara/mldata/pfa/murata/data/tc/tc_nnqq/train/nnqq_93_dd_eR_pL.h5'
Reading file: file='/data/suehara/mldata/pfa/murata/data/tc/tc_nnqq/train/nnqq_94_dd_eR_pL.h5'
Reading file: file='/data/suehara/mldata/pfa/murata/data/tc/tc_nnqq/train/nnqq_9_uu_eL_pR.h5'
Making ak_feats...
Making ak_labels...
ILCDataset: path='/data/suehara/mldata/pfa/murata/data/tc/tc_nnqq/validation'
filenames=['/data/suehara/mldata/pfa/murata/data/tc/tc_nnqq/validation/nnqq_20_uu_eL_pR.h5', '/data/suehara/mldata/pfa/murata/data/tc/tc_nnqq/validation/nnqq_21_uu_eL_pR.h5', '/data/suehara/mldata/pfa/murata/data/tc/tc_nnqq/validation/nnqq_22_uu_eL_pR.h5', '/data/suehara/mldata/pfa/murata/data/tc/tc_nnqq/validation/nnqq_45_uu_eR_pL.h5', '/data/suehara/mldata/pfa/murata/data/tc/tc_nnqq/validation/nnqq_46_uu_eR_pL.h5', '/data/suehara/mldata/pfa/murata/data/tc/tc_nnqq/validation/nnqq_47_uu_eR_pL.h5', '/data/suehara/mldata/pfa/murata/data/tc/tc_nnqq/validation/nnqq_70_dd_eL_pR.h5', '/data/suehara/mldata/pfa/murata/data/tc/tc_nnqq/validation/nnqq_71_dd_eL_pR.h5', '/data/suehara/mldata/pfa/murata/data/tc/tc_nnqq/validation/nnqq_72_dd_eL_pR.h5', '/data/suehara/mldata/pfa/murata/data/tc/tc_nnqq/validation/nnqq_95_dd_eR_pL.h5', '/data/suehara/mldata/pfa/murata/data/tc/tc_nnqq/validation/nnqq_96_dd_eR_pL.h5', '/data/suehara/mldata/pfa/murata/data/tc/tc_nnqq/validation/nnqq_97_dd_eR_pL.h5']
Reading file: file='/data/suehara/mldata/pfa/murata/data/tc/tc_nnqq/validation/nnqq_20_uu_eL_pR.h5'
Reading file: file='/data/suehara/mldata/pfa/murata/data/tc/tc_nnqq/validation/nnqq_21_uu_eL_pR.h5'
Reading file: file='/data/suehara/mldata/pfa/murata/data/tc/tc_nnqq/validation/nnqq_22_uu_eL_pR.h5'
Reading file: file='/data/suehara/mldata/pfa/murata/data/tc/tc_nnqq/validation/nnqq_45_uu_eR_pL.h5'
Reading file: file='/data/suehara/mldata/pfa/murata/data/tc/tc_nnqq/validation/nnqq_46_uu_eR_pL.h5'
Reading file: file='/data/suehara/mldata/pfa/murata/data/tc/tc_nnqq/validation/nnqq_47_uu_eR_pL.h5'
Reading file: file='/data/suehara/mldata/pfa/murata/data/tc/tc_nnqq/validation/nnqq_70_dd_eL_pR.h5'
Reading file: file='/data/suehara/mldata/pfa/murata/data/tc/tc_nnqq/validation/nnqq_71_dd_eL_pR.h5'
Reading file: file='/data/suehara/mldata/pfa/murata/data/tc/tc_nnqq/validation/nnqq_72_dd_eL_pR.h5'
Reading file: file='/data/suehara/mldata/pfa/murata/data/tc/tc_nnqq/validation/nnqq_95_dd_eR_pL.h5'
Reading file: file='/data/suehara/mldata/pfa/murata/data/tc/tc_nnqq/validation/nnqq_96_dd_eR_pL.h5'
Reading file: file='/data/suehara/mldata/pfa/murata/data/tc/tc_nnqq/validation/nnqq_97_dd_eR_pL.h5'
Making ak_feats...
Making ak_labels...
Training dataset size:  30400
Validating dataset size:  4800
Batch size:  60
Loading GravnetModel
Hello
restart period :  30
Training epoch 0
[4.76125192e-02 8.37334679e-04 6.54704275e-01 1.94551502e-03
 3.83299967e-01 1.44019060e-08 3.26235431e-01 3.26641160e-03
 8.79136231e-01 1.14841526e-08 4.01752468e-02 1.03131651e-02
 6.44783274e-01 1.78496531e-02 3.13063861e-02 9.81669855e-03
 5.96330027e-01 1.67457070e-02 8.88276153e-01 7.63424748e-03
 2.49697568e-02 6.81271316e-03 5.73920635e-02 1.65650800e-09
 1.26558565e-01 4.56950321e-03 4.45947032e-01 1.05751292e-08
 2.14462952e-02 6.29161999e-03 3.51982555e-01 1.06383497e-02
 1.95596881e-02 6.92065384e-03 3.76344789e-01 1.15526282e-02
 6.30023243e-01 6.20694862e-03 1.86432803e-02 6.44928390e-03
 3.24581717e-02 1.07913236e-09 9.07701394e-02 3.07261615e-03
 3.19419618e-01 6.67062108e-09 1.55077473e-02 4.46110605e-03
 2.59257561e-01 7.67878895e-03 1.44243003e-02 5.15721026e-03
 2.81838656e-01 8.58282439e-03 4.69278099e-01 4.58879295e-03
 1.51450576e-02 6.33573293e-03 2.69978258e-02 6.58837535e-10
 6.02198269e-02 1.81794154e-03 2.15300856e-01 4.25665379e-09
 1.00136394e-02 2.71032731e-03 1.73204495e-01 4.54629265e-03
 9.88601483e-03 3.05811466e-03 1.90435257e-01 5.17832802e-03
 3.18847320e-01 2.97679206e-03 1.05342603e-02 6.05128464e-03
 7.22091032e-01 2.10149822e-02 2.11239295e-02 1.21935213e-02
 3.89566512e-01 2.02084999e-02 1.80215825e-02 9.86708288e-03
 3.27528820e-01 1.65517682e-02 1.58507145e-02 8.90871293e-03
 2.85325873e-01 1.49928442e-02 3.38203116e-02 4.82291214e-02
 3.07995872e-01 7.89242013e-02 5.23728837e-01 2.09404376e-01
 9.11289772e-01 4.61110207e-01]
train  L_V                   = +0.6289 (8.5%)
 train    L_V_attractive      = +0.0868 (1.2%)
 train      L_V_attractive_charged      = +0.0479 (0.6%)
 train      L_V_attractive_neutral      = +0.0389 (0.5%)
 train    L_V_repulsive       = +0.5421 (7.3%)
 train      L_V_repulsive_charged       = +0.2402 (3.2%)
 train      L_V_repulsive_neutral       = +0.3018 (4.1%)
 train    L_charged_cluster   = +0.0000 (0.0%)
 train  L_beta              = +2.7983 (37.6%)
 train    L_beta_noise        = +0.0000 (0.0%)
 train    L_beta_sig          = +1.8312 (24.6%)
 train    L_beta_suppress     = +1.3607 (18.3%)
 train    L_beta_track        = +0.9671 (13.0%)
 train      L_beta_norms_term   = -0.0259 (-0.3%)
 train      L_beta_logbeta_term = +0.4964 (6.7%)
 train  L_E   = +4.0084 (53.9%)
 train    L_E_charge = +0.0000 (0.0%)
 train    L_E_cond = +0.9459 (12.7%)
 train    L_E_cluster = +3.0625 (41.2%)
learning rate :  [0.0003739731292867828]
train loss :  1.6288692951202393
test   L_V                   = +0.1366 (2.2%)
    L_V_attractive      = +0.0650 (1.1%)
      L_V_attractive_charged      = +0.0297 (0.5%)
      L_V_attractive_neutral      = +0.0353 (0.6%)
    L_V_repulsive       = +0.0716 (1.2%)
      L_V_repulsive_charged       = +0.0323 (0.5%)
      L_V_repulsive_neutral       = +0.0393 (0.6%)
    L_charged_cluster   = +0.0000 (0.0%)
  L_beta              = +1.7009 (28.0%)
    L_beta_noise        = +0.0000 (0.0%)
    L_beta_sig          = +0.7186 (11.8%)
    L_beta_suppress     = +0.1049 (1.7%)
    L_beta_track        = +0.9823 (16.2%)
      L_beta_norms_term   = -0.0051 (-0.1%)
      L_beta_logbeta_term = +0.6187 (10.2%)
  L_E   = +4.2430 (69.8%)
    L_E_charge = +0.0000 (0.0%)
    L_E_cond = +1.0109 (16.6%)
    L_E_cluster = +3.2321 (53.2%)
Returning 7.0804572105407715
Training epoch 1
[7.00252416e-03 1.23193044e-04 1.29904847e-01 2.90145461e-04
 6.37404714e-02 4.85180734e-09 6.97422998e-02 5.07864507e-04
 1.72384343e-01 3.25290086e-09 5.72910337e-03 1.16971681e-03
 8.42296052e-02 2.00968435e-03 3.52133400e-03 1.09420332e-03
 6.65440659e-02 1.87162932e-03 9.56737972e-02 9.72966768e-04
 2.82356843e-03 8.74415942e-04 4.87773217e-03 2.61311048e-10
 1.61247208e-02 3.89947469e-04 4.89768839e-02 1.88387266e-09
 2.43806289e-03 7.87827976e-04 4.20229527e-02 1.35361511e-03
 2.31072017e-03 9.02998345e-04 4.59278103e-02 1.54846403e-03
 7.89719111e-02 8.80860696e-04 2.58307592e-03 8.45649388e-04
 5.50266155e-03 2.12593979e-10 1.44872796e-02 3.01691807e-04
 4.56797684e-02 1.41226317e-09 2.33037851e-03 7.52795485e-04
 4.04132368e-02 1.28656098e-03 2.34527157e-03 8.70223934e-04
 4.55541471e-02 1.46387564e-03 7.34775824e-02 7.65239926e-04
 2.61058782e-03 8.67649960e-04 8.28961708e-03 4.71305919e-10
 1.37238852e-02 3.64989746e-04 4.43667280e-02 1.13015660e-09
 1.71434863e-03 3.87281749e-04 2.71145135e-02 6.64831612e-04
 1.36878204e-03 4.67225806e-04 2.59702480e-02 7.85541617e-04
 3.99795072e-02 3.43713330e-04 1.32056898e-03 8.33814089e-04
 9.06135701e-02 2.83352997e-03 2.91856719e-03 1.84087622e-03
 5.40600245e-02 3.04649501e-03 2.59030456e-03 1.48267042e-03
 4.86851649e-02 2.40945973e-03 2.23657180e-03 1.28495726e-03
 4.21760202e-02 1.99523699e-03 2.60512910e-03 1.53186350e-03
 3.20587427e-02 1.97757714e-03 2.70394529e-02 2.28505208e-03
 2.85794743e-02 2.50104347e-03]
train  L_V                   = +0.1176 (1.9%)
 train    L_V_attractive      = +0.0625 (1.0%)
 train      L_V_attractive_charged      = +0.0300 (0.5%)
 train      L_V_attractive_neutral      = +0.0325 (0.5%)
 train    L_V_repulsive       = +0.0551 (0.9%)
 train      L_V_repulsive_charged       = +0.0250 (0.4%)
 train      L_V_repulsive_neutral       = +0.0301 (0.5%)
 train    L_charged_cluster   = +0.0000 (0.0%)
 train  L_beta              = +1.7385 (28.2%)
 train    L_beta_noise        = +0.0000 (0.0%)
 train    L_beta_sig          = +0.7507 (12.2%)
 train    L_beta_suppress     = +0.0542 (0.9%)
 train    L_beta_track        = +0.9878 (16.0%)
 train      L_beta_norms_term   = -0.0035 (-0.1%)
 train      L_beta_logbeta_term = +0.7000 (11.4%)
 train  L_E   = +4.3052 (69.9%)
 train    L_E_charge = +0.0000 (0.0%)
 train    L_E_cond = +1.0450 (17.0%)
 train    L_E_cluster = +3.2601 (52.9%)
learning rate :  [0.0003739731292867828, 0.0003709037677575519]
train loss :  1.1176447868347168
test   L_V                   = +0.1058 (1.7%)
    L_V_attractive      = +0.0582 (0.9%)
      L_V_attractive_charged      = +0.0287 (0.5%)
      L_V_attractive_neutral      = +0.0295 (0.5%)
    L_V_repulsive       = +0.0476 (0.8%)
      L_V_repulsive_charged       = +0.0218 (0.4%)
      L_V_repulsive_neutral       = +0.0257 (0.4%)
    L_charged_cluster   = +0.0000 (0.0%)
  L_beta              = +1.7738 (28.6%)
    L_beta_noise        = +0.0000 (0.0%)
    L_beta_sig          = +0.7834 (12.6%)
    L_beta_suppress     = +0.0288 (0.5%)
    L_beta_track        = +0.9904 (16.0%)
      L_beta_norms_term   = -0.0026 (-0.0%)
      L_beta_logbeta_term = +0.7573 (12.2%)
  L_E   = +4.3254 (69.7%)
    L_E_charge = +0.0000 (0.0%)
    L_E_cond = +1.0671 (17.2%)
    L_E_cluster = +3.2583 (52.5%)
Returning 7.204914093017578
Training epoch 2
[6.01164065e-03 1.09354478e-04 1.12954509e-01 2.71267223e-04
 4.84807734e-02 3.92102845e-09 5.98248972e-02 4.85692504e-04
 1.53203743e-01 4.08065942e-09 4.93581229e-03 9.39023976e-04
 6.86261959e-02 1.62185671e-03 2.82106864e-03 8.72389528e-04
 5.29626292e-02 1.52361299e-03 7.43322976e-02 8.11330924e-04
 2.25313443e-03 5.99694279e-04 4.74177788e-03 2.75591374e-10
 1.31056330e-02 2.90220056e-04 3.91406370e-02 2.12612357e-09
 2.00572988e-03 6.35822519e-04 3.35110777e-02 1.08915747e-03
 1.79189911e-03 7.14990590e-04 3.56118256e-02 1.23233374e-03
 6.05757187e-02 7.32886743e-04 2.13857205e-03 5.80722177e-04
 5.34299949e-03 2.40963537e-10 1.19202280e-02 2.34191980e-04
 3.84276254e-02 1.60811730e-09 1.99529257e-03 6.47334020e-04
 3.37362194e-02 1.10830426e-03 1.92963180e-03 7.40597965e-04
 3.83729730e-02 1.25970860e-03 6.06248922e-02 6.12233061e-04
 2.20406817e-03 6.25484442e-04 1.40555248e-02 6.81555664e-10
 1.05219467e-02 4.19113029e-04 3.55579874e-02 9.37616867e-10
 1.30053746e-03 2.89782605e-04 1.99985932e-02 4.92252848e-04
 1.02726506e-03 3.46810664e-04 1.92979002e-02 5.87819806e-04
 2.93732223e-02 2.20694283e-04 9.83531549e-04 5.74246402e-04
 6.64074150e-02 1.93671026e-03 2.44521437e-03 1.30835029e-03
 4.48084852e-02 2.17341162e-03 2.34476062e-03 1.19359898e-03
 4.46530743e-02 1.93477560e-03 2.20300685e-03 1.17038303e-03
 4.08891367e-02 1.80558905e-03 2.40577943e-03 1.33377316e-03
 3.03586257e-02 1.56053523e-03 2.43704401e-02 1.59846555e-03
 2.29051657e-02 7.10881163e-04]
train  L_V                   = +0.0985 (1.6%)
 train    L_V_attractive      = +0.0570 (0.9%)
 train      L_V_attractive_charged      = +0.0288 (0.5%)
 train      L_V_attractive_neutral      = +0.0281 (0.4%)
 train    L_V_repulsive       = +0.0415 (0.7%)
 train      L_V_repulsive_charged       = +0.0196 (0.3%)
 train      L_V_repulsive_neutral       = +0.0220 (0.4%)
 train    L_charged_cluster   = +0.0000 (0.0%)
 train  L_beta              = +1.8068 (28.9%)
 train    L_beta_noise        = +0.0000 (0.0%)
 train    L_beta_sig          = +0.8152 (13.0%)
 train    L_beta_suppress     = +0.0188 (0.3%)
 train    L_beta_track        = +0.9915 (15.8%)
 train      L_beta_norms_term   = -0.0021 (-0.0%)
 train      L_beta_logbeta_term = +0.7985 (12.8%)
 train  L_E   = +4.3559 (69.6%)
 train    L_E_charge = +0.0000 (0.0%)
 train    L_E_cond = +1.0836 (17.3%)
 train    L_E_cluster = +3.2723 (52.3%)
learning rate :  [0.0003739731292867828, 0.0003709037677575519, 0.00036582554397952653]
train loss :  1.0985301733016968
test   L_V                   = +0.0933 (1.5%)
    L_V_attractive      = +0.0532 (0.8%)
      L_V_attractive_charged      = +0.0275 (0.4%)
      L_V_attractive_neutral      = +0.0257 (0.4%)
    L_V_repulsive       = +0.0401 (0.6%)
      L_V_repulsive_charged       = +0.0189 (0.3%)
      L_V_repulsive_neutral       = +0.0212 (0.3%)
    L_charged_cluster   = +0.0000 (0.0%)
  L_beta              = +1.8353 (29.2%)
    L_beta_noise        = +0.0000 (0.0%)
    L_beta_sig          = +0.8425 (13.4%)
    L_beta_suppress     = +0.0134 (0.2%)
    L_beta_track        = +0.9928 (15.8%)
      L_beta_norms_term   = -0.0019 (-0.0%)
      L_beta_logbeta_term = +0.8311 (13.2%)
  L_E   = +4.3603 (69.3%)
    L_E_charge = +0.0000 (0.0%)
    L_E_cond = +1.0907 (17.3%)
    L_E_cluster = +3.2696 (52.0%)
Returning 7.28890323638916
Training epoch 3
[7.12699182e-03 1.29249159e-04 1.37612803e-01 3.30622322e-04
 4.66475452e-02 4.43504859e-09 7.18333389e-02 5.96963381e-04
 1.96437927e-01 6.97117758e-09 6.32640484e-03 1.22951349e-03
 8.89821541e-02 2.11042799e-03 3.55416200e-03 1.15775349e-03
 6.78728465e-02 1.99268897e-03 9.52943737e-02 1.07027342e-03
 2.91424910e-03 5.95963748e-04 7.12044742e-03 3.63782589e-10
 1.69707105e-02 3.52665353e-04 5.21939787e-02 3.67488912e-09
 2.66528111e-03 8.39946230e-04 4.48859904e-02 1.44625552e-03
 2.36821143e-03 9.37494331e-04 4.60327195e-02 1.59149058e-03
 7.65482972e-02 9.46212295e-04 2.76365347e-03 5.75498646e-04
 8.12921905e-03 4.51058521e-10 1.58163684e-02 2.99328606e-04
 5.08549156e-02 2.59163224e-09 2.55304099e-03 8.00051254e-04
 4.25705378e-02 1.36577736e-03 2.35783966e-03 9.30504870e-04
 4.59443033e-02 1.56744097e-03 6.97745312e-02 6.83385256e-04
 2.46950538e-03 6.21942440e-04 2.09181276e-02 9.39831088e-10
 1.12695785e-02 4.41302392e-04 3.66291524e-02 9.84080629e-10
 1.44070529e-03 3.28376536e-04 2.21155366e-02 5.60645662e-04
 1.17009917e-03 3.96399060e-04 2.16717432e-02 6.67572411e-04
 3.42132139e-02 2.15996639e-04 1.03417854e-03 5.71320192e-04
 7.14115135e-02 1.88970037e-03 2.49658661e-03 1.24710518e-03
 4.66708346e-02 2.04410210e-03 2.56402961e-03 1.19804182e-03
 4.86255986e-02 1.94268605e-03 2.49275909e-03 1.13729534e-03
 4.43549477e-02 1.75524515e-03 2.36240987e-03 1.31534333e-03
 3.04848200e-02 1.53019638e-03 2.37619692e-02 1.45363132e-03
 2.14377170e-02 3.66209300e-04]
train  L_V                   = +0.0869 (1.4%)
 train    L_V_attractive      = +0.0516 (0.8%)
 train      L_V_attractive_charged      = +0.0279 (0.4%)
 train      L_V_attractive_neutral      = +0.0237 (0.4%)
 train    L_V_repulsive       = +0.0353 (0.6%)
 train      L_V_repulsive_charged       = +0.0162 (0.3%)
 train      L_V_repulsive_neutral       = +0.0191 (0.3%)
 train    L_charged_cluster   = +0.0000 (0.0%)
 train  L_beta              = +1.8827 (29.5%)
 train    L_beta_noise        = +0.0000 (0.0%)
 train    L_beta_sig          = +0.8894 (14.0%)
 train    L_beta_suppress     = +0.0087 (0.1%)
 train    L_beta_track        = +0.9933 (15.6%)
 train      L_beta_norms_term   = -0.0015 (-0.0%)
 train      L_beta_logbeta_term = +0.8822 (13.8%)
 train  L_E   = +4.4021 (69.1%)
 train    L_E_charge = +0.0000 (0.0%)
 train    L_E_cond = +1.1105 (17.4%)
 train    L_E_cluster = +3.2916 (51.7%)
learning rate :  [0.0003739731292867828, 0.0003709037677575519, 0.00036582554397952653, 0.0003587940960351055]
train loss :  1.0869063138961792
test   L_V                   = +0.0800 (1.3%)
    L_V_attractive      = +0.0470 (0.7%)
      L_V_attractive_charged      = +0.0258 (0.4%)
      L_V_attractive_neutral      = +0.0212 (0.3%)
    L_V_repulsive       = +0.0330 (0.5%)
      L_V_repulsive_charged       = +0.0147 (0.2%)
      L_V_repulsive_neutral       = +0.0183 (0.3%)
    L_charged_cluster   = +0.0000 (0.0%)
  L_beta              = +1.9098 (29.9%)
    L_beta_noise        = +0.0000 (0.0%)
    L_beta_sig          = +0.9161 (14.3%)
    L_beta_suppress     = +0.0059 (0.1%)
    L_beta_track        = +0.9937 (15.5%)
      L_beta_norms_term   = -0.0013 (-0.0%)
      L_beta_logbeta_term = +0.9114 (14.3%)
  L_E   = +4.4035 (68.9%)
    L_E_charge = +0.0000 (0.0%)
    L_E_cond = +1.1114 (17.4%)
    L_E_cluster = +3.2921 (51.5%)
Returning 7.393365383148193
